NC_003071.7:19527918-19528860	NC_003071.7	100.000	943	0	0	1	943	19527918	19528860	0.0	1742
NC_003071.7:19527918-19528860	NC_003071.7	93.955	397	8	7	8	389	8854356	8854751	3.05e-166	586
NC_003071.7:19527918-19528860	NC_003071.7	93.668	379	8	8	24	389	10351572	10351947	3.09e-156	553
NC_003071.7:19527918-19528860	NC_003071.7	93.140	379	13	7	23	389	11556303	11555926	1.86e-153	544
NC_003071.7:19527918-19528860	NC_003071.7	92.703	370	19	4	572	941	10352109	10352470	1.87e-148	527
NC_003071.7:19527918-19528860	NC_003071.7	94.706	340	14	4	594	932	241588	241924	6.74e-148	525
NC_003071.7:19527918-19528860	NC_003071.7	92.391	368	25	3	575	940	11555759	11555393	8.71e-147	521
NC_003071.7:19527918-19528860	NC_003071.7	91.914	371	18	8	572	941	8854912	8855271	6.78e-143	508
NC_003071.7:19527918-19528860	NC_003071.7	95.860	314	12	1	77	389	241106	241419	2.44e-142	507
NC_003071.7:19527918-19528860	NC_003071.7	87.848	395	12	11	24	389	5607444	5607831	1.51e-119	431
NC_003071.7:19527918-19528860	NC_003071.7	90.164	305	21	5	598	900	4085861	4085564	9.22e-107	388
NC_003071.7:19527918-19528860	NC_003071.7	92.095	253	17	3	590	840	1678915	1678664	3.36e-96	353
NC_003071.7:19527918-19528860	NC_003071.7	89.850	266	12	8	23	274	240845	241109	2.04e-88	327
NC_003071.7:19527918-19528860	NC_003071.7	90.306	196	14	3	389	579	1260427	1260232	1.26e-65	252
NC_003071.7:19527918-19528860	NC_003071.7	87.730	163	4	2	242	388	4086199	4086037	7.81e-43	176
NC_003071.7:19527918-19528860	NC_003071.7	84.472	161	5	4	242	387	10683312	10683467	2.85e-32	141
NC_003071.7:19527918-19528860	NC_003075.7	95.805	882	18	3	60	941	10870833	10871695	0.0	1406
NC_003071.7:19527918-19528860	NC_003075.7	92.365	406	13	12	1	389	16055501	16055097	5.13e-159	562
NC_003071.7:19527918-19528860	NC_003075.7	93.158	380	12	8	23	389	6912413	6912035	5.17e-154	545
NC_003071.7:19527918-19528860	NC_003075.7	96.519	316	9	2	63	377	11979551	11979237	8.71e-147	521
NC_003071.7:19527918-19528860	NC_003075.7	91.123	383	14	12	22	389	1777274	1777651	1.14e-140	501
NC_003071.7:19527918-19528860	NC_003075.7	91.484	364	24	6	572	932	1777813	1778172	1.90e-138	494
NC_003071.7:19527918-19528860	NC_003075.7	91.033	368	24	4	575	941	6911868	6911509	8.84e-137	488
NC_003071.7:19527918-19528860	NC_003075.7	91.011	356	16	4	581	935	11979058	11978718	4.14e-130	466
NC_003071.7:19527918-19528860	NC_003075.7	93.443	305	18	2	598	900	18250468	18250164	1.16e-125	451
NC_003071.7:19527918-19528860	NC_003075.7	92.857	308	18	4	589	895	6064687	6064991	1.94e-123	444
NC_003071.7:19527918-19528860	NC_003075.7	89.404	302	24	4	601	900	6756926	6757221	2.58e-102	374
NC_003071.7:19527918-19528860	NC_003075.7	96.535	202	7	0	188	389	1302680	1302479	1.22e-90	335
NC_003071.7:19527918-19528860	NC_003075.7	94.872	195	6	4	594	787	16054929	16054738	1.24e-80	302
NC_003071.7:19527918-19528860	NC_003075.7	89.113	248	13	8	23	257	7235160	7235406	5.75e-79	296
NC_003071.7:19527918-19528860	NC_003075.7	91.444	187	13	3	589	774	7235723	7235907	3.51e-66	254
NC_003071.7:19527918-19528860	NC_003075.7	96.732	153	2	3	63	214	18251460	18251310	1.26e-65	252
NC_003071.7:19527918-19528860	NC_003075.7	88.415	164	2	2	242	388	18250817	18250654	1.68e-44	182
NC_003071.7:19527918-19528860	NC_003075.7	86.286	175	10	9	18	179	18251656	18251483	2.17e-43	178
NC_003071.7:19527918-19528860	NC_003075.7	96.552	87	3	0	159	245	18251226	18251140	2.20e-33	145
NC_003071.7:19527918-19528860	NC_003075.7	97.619	42	1	0	900	941	7236630	7236671	1.05e-11	73.1
NC_003071.7:19527918-19528860	NC_003076.8	94.474	380	7	6	23	389	17276000	17275622	2.37e-162	573
NC_003071.7:19527918-19528860	NC_003076.8	95.304	362	14	3	581	941	24436061	24435702	8.53e-162	571
NC_003071.7:19527918-19528860	NC_003076.8	93.557	388	12	7	14	389	7833865	7834251	3.97e-160	566
NC_003071.7:19527918-19528860	NC_003076.8	93.931	379	9	6	24	389	18554307	18554684	1.85e-158	560
NC_003071.7:19527918-19528860	NC_003076.8	93.490	384	12	5	18	389	24436614	24436232	6.64e-158	558
NC_003071.7:19527918-19528860	NC_003076.8	93.883	376	9	6	27	389	5063612	5063238	8.59e-157	555
NC_003071.7:19527918-19528860	NC_003076.8	93.421	380	10	8	24	389	19080548	19080926	4.00e-155	549
NC_003071.7:19527918-19528860	NC_003076.8	93.939	363	18	4	581	941	17275493	17275133	5.17e-154	545
NC_003071.7:19527918-19528860	NC_003076.8	92.651	381	11	9	6	370	6073193	6073572	4.03e-150	532
NC_003071.7:19527918-19528860	NC_003076.8	92.183	371	27	2	572	941	7834414	7834783	2.42e-147	523
NC_003071.7:19527918-19528860	NC_003076.8	93.353	346	21	2	597	941	5062707	5062363	1.89e-143	510
NC_003071.7:19527918-19528860	NC_003076.8	93.084	347	22	2	589	934	18556120	18556465	2.44e-142	507
NC_003071.7:19527918-19528860	NC_003076.8	93.294	343	19	4	594	935	19081093	19081432	3.16e-141	503
NC_003071.7:19527918-19528860	NC_003076.8	91.404	349	26	4	594	941	6072886	6072541	6.88e-133	475
NC_003071.7:19527918-19528860	NC_003076.8	88.221	416	15	16	4	389	7075318	7075729	4.14e-130	466
NC_003071.7:19527918-19528860	NC_003076.8	91.837	343	10	4	63	389	12091617	12091277	5.36e-129	462
NC_003071.7:19527918-19528860	NC_003076.8	92.971	313	19	3	589	900	12091109	12090799	3.22e-126	453
NC_003071.7:19527918-19528860	NC_003076.8	96.216	185	7	0	205	389	5063067	5062883	3.44e-81	303
NC_003071.7:19527918-19528860	NC_003076.8	95.862	145	6	0	245	389	18555809	18555953	1.27e-60	235
NC_003071.7:19527918-19528860	NC_003076.8	84.713	157	13	5	242	388	9754558	9754713	6.13e-34	147
NC_003071.7:19527918-19528860	NC_003076.8	83.439	157	14	5	242	387	10269974	10269819	1.33e-30	135
NC_003071.7:19527918-19528860	NC_003076.8	98.214	56	1	0	205	260	18554858	18554913	1.74e-19	99.0
NC_003071.7:19527918-19528860	NC_003074.8	96.677	331	9	2	60	389	20875646	20875975	4.00e-155	549
NC_003071.7:19527918-19528860	NC_003074.8	92.950	383	12	7	21	389	15978137	15977756	1.86e-153	544
NC_003071.7:19527918-19528860	NC_003074.8	92.708	384	12	7	21	389	5792494	5792876	2.41e-152	540
NC_003071.7:19527918-19528860	NC_003074.8	94.783	345	17	1	581	924	5793046	5793390	3.11e-151	536
NC_003071.7:19527918-19528860	NC_003074.8	92.371	367	26	2	575	940	5379695	5379330	8.71e-147	521
NC_003071.7:19527918-19528860	NC_003074.8	93.750	352	15	7	594	943	20876145	20876491	8.71e-147	521
NC_003071.7:19527918-19528860	NC_003074.8	90.674	386	15	11	16	389	5380238	5379862	1.90e-138	494
NC_003071.7:19527918-19528860	NC_003074.8	91.643	347	10	5	60	389	17033359	17033703	5.36e-129	462
NC_003071.7:19527918-19528860	NC_003074.8	92.652	313	20	3	589	900	17033871	17034181	1.50e-124	448
NC_003071.7:19527918-19528860	NC_003074.8	90.208	337	23	7	571	900	15977620	15977287	1.51e-119	431
NC_003071.7:19527918-19528860	NC_003074.8	91.374	313	24	3	590	900	14286172	14286483	7.03e-118	425
NC_003071.7:19527918-19528860	NC_003074.8	89.735	302	23	4	601	900	10842573	10842868	5.55e-104	379
NC_003071.7:19527918-19528860	NC_003074.8	89.370	254	10	9	7	245	14272641	14272892	3.44e-81	303
NC_003071.7:19527918-19528860	NC_003074.8	95.676	185	5	3	63	245	7921737	7921554	2.07e-78	294
NC_003071.7:19527918-19528860	NC_003074.8	93.467	199	9	4	597	793	7921178	7920982	7.44e-78	292
NC_003071.7:19527918-19528860	NC_003074.8	92.500	200	9	3	389	582	21609082	21608883	1.61e-74	281
NC_003071.7:19527918-19528860	NC_003074.8	93.048	187	8	4	60	245	10841736	10841918	1.25e-70	268
NC_003071.7:19527918-19528860	NC_003074.8	88.500	200	19	2	384	579	8644481	8644680	9.83e-62	239
NC_003071.7:19527918-19528860	NC_003074.8	87.117	163	5	2	242	388	10842240	10842402	3.64e-41	171
NC_003071.7:19527918-19528860	NC_003074.8	86.503	163	6	2	242	388	14285833	14285995	1.69e-39	165
NC_003071.7:19527918-19528860	NC_003074.8	85.806	155	12	10	242	389	10642947	10642796	1.02e-36	156
NC_003071.7:19527918-19528860	NC_003074.8	90.909	66	6	0	179	244	14285443	14285508	1.05e-16	89.8
NC_003071.7:19527918-19528860	NC_003070.9	96.061	330	12	1	60	389	13407476	13407804	3.11e-151	536
NC_003071.7:19527918-19528860	NC_003070.9	92.632	380	10	10	24	389	21260146	21260521	1.45e-149	531
NC_003071.7:19527918-19528860	NC_003070.9	91.067	403	16	12	1	389	11352425	11352029	1.87e-148	527
NC_003071.7:19527918-19528860	NC_003070.9	90.566	371	23	7	575	943	11351864	11351504	1.48e-134	481
NC_003071.7:19527918-19528860	NC_003070.9	91.667	348	23	5	589	933	21260688	21261032	1.91e-133	477
NC_003071.7:19527918-19528860	NC_003070.9	92.971	313	19	3	589	900	5658764	5658454	3.22e-126	453
NC_003071.7:19527918-19528860	NC_003070.9	91.411	326	18	6	572	896	13407940	13408256	9.03e-122	438
NC_003071.7:19527918-19528860	NC_003070.9	90.625	288	23	4	586	870	13156002	13156288	5.55e-104	379
NC_003071.7:19527918-19528860	NC_003070.9	91.000	200	14	2	384	579	22592623	22592822	4.51e-70	267
NC_003071.7:19527918-19528860	NC_003070.9	89.950	199	15	3	385	579	16163788	16163985	1.26e-65	252
NC_003071.7:19527918-19528860	NC_003070.9	89.163	203	7	1	202	389	5659134	5658932	9.83e-62	239
NC_003071.7:19527918-19528860	NC_003070.9	83.415	205	15	9	382	582	15857019	15856830	1.01e-41	172
NC_003071.7:19527918-19528860	NC_003070.9	85.535	159	11	7	242	389	14297191	14297034	1.02e-36	156
NC_003071.7:19527918-19528860	NC_003070.9	83.951	162	15	7	238	389	17110893	17111053	2.20e-33	145
NC_003071.7:19527918-19528860	NC_003070.9	84.459	148	15	4	242	389	17108082	17108221	1.03e-31	139
NC_003071.7:19527918-19528860	NC_003070.9	94.805	77	2	2	313	389	16317439	16317513	1.34e-25	119
NC_003071.7:19527918-19528860	NC_003070.9	88.095	84	4	3	242	324	17102823	17102901	2.25e-18	95.3
NC_003071.7:19527918-19528860	NC_003070.9	87.356	87	5	2	242	328	17405357	17405277	2.25e-18	95.3
NC_003071.7:19527918-19528860	NC_003070.9	95.238	42	2	0	242	283	17405795	17405754	4.91e-10	67.6
NC_003074.8:685704-686158	NC_003074.8	100.000	455	0	0	1	455	686158	685704	0.0	841
NC_003074.8:685704-686158	NC_003074.8	86.079	431	51	3	31	452	683710	683280	4.20e-127	455
NC_003074.8:685704-686158	NC_003074.8	78.112	466	76	19	1	455	21801359	21800909	4.54e-72	272
NC_003074.8:685704-686158	NC_003074.8	76.037	434	89	9	36	455	21781737	21782169	1.00e-53	211
NC_003074.8:685704-686158	NC_003074.8	76.364	440	75	16	41	455	21778537	21778972	3.61e-53	209
NC_003074.8:685704-686158	NC_003076.8	78.360	439	79	9	29	453	15374609	15374173	1.63e-71	270
NC_003074.8:1602086-1602674	NC_003074.8	100.000	589	0	0	1	589	1602086	1602674	0.0	1088
NC_003074.8:1602086-1602674	NC_003074.8	93.356	587	35	4	1	586	1283712	1283129	0.0	865
NC_003074.8:1602086-1602674	NC_003074.8	94.150	547	31	1	1	546	9664957	9665503	0.0	832
NC_003074.8:1602086-1602674	NC_003074.8	91.840	576	44	3	1	574	10066555	10067129	0.0	800
NC_003074.8:1602086-1602674	NC_003074.8	94.372	231	12	1	1	231	16878078	16877849	2.07e-96	353
NC_003074.8:1602086-1602674	NC_003074.8	82.353	153	20	6	437	587	17116850	17116703	4.90e-28	126
NC_003074.8:1602086-1602674	NC_003071.7	93.027	588	36	5	1	586	795061	795645	0.0	854
NC_003074.8:1602086-1602674	NC_003071.7	88.215	577	60	8	1	571	5646002	5646576	0.0	682
NC_003074.8:1602086-1602674	NC_003071.7	85.690	580	60	10	1	577	716221	715662	1.45e-167	590
NC_003074.8:1602086-1602674	NC_003071.7	91.892	407	30	3	169	574	4451132	4451536	2.44e-160	566
NC_003074.8:1602086-1602674	NC_003071.7	84.132	605	64	12	1	585	2058655	2058063	1.47e-157	556
NC_003074.8:1602086-1602674	NC_003076.8	93.043	575	37	3	1	574	16017083	16016511	0.0	837
NC_003074.8:1602086-1602674	NC_003076.8	90.361	581	51	4	1	581	9363209	9363784	0.0	758
NC_003074.8:1602086-1602674	NC_003076.8	90.459	545	48	3	1	545	15887067	15886527	0.0	715
NC_003074.8:1602086-1602674	NC_003075.7	91.115	574	45	4	1	574	14978604	14978037	0.0	773
NC_003074.8:1602086-1602674	NC_003075.7	86.828	577	60	5	1	574	5280617	5281180	8.52e-180	630
NC_003074.8:1602086-1602674	NC_003075.7	84.359	601	56	12	1	583	6158934	6159514	5.27e-157	555
NC_003074.8:1602086-1602674	NC_003075.7	94.634	205	11	0	1	205	13537873	13537669	7.53e-86	318
NC_003074.8:1602086-1602674	NC_003075.7	78.007	291	49	11	299	577	18426044	18425757	8.03e-41	169
NC_003074.8:1602086-1602674	NC_003070.9	91.667	516	36	4	1	515	6404776	6405285	0.0	708
NC_003074.8:1602086-1602674	NC_003070.9	91.471	469	30	5	111	578	4966560	4967019	0.0	636
NC_003074.8:1602086-1602674	NC_003070.9	84.797	592	66	11	1	589	19055038	19055608	1.46e-162	573
NC_003074.8:1602086-1602674	NC_003070.9	85.662	551	54	13	4	551	17685919	17685391	1.47e-157	556
NC_003074.8:1571381-1572137	NC_003074.8	100.000	757	0	0	1	757	1571381	1572137	0.0	1399
NC_003074.8:1571381-1572137	NC_003074.8	91.425	793	22	8	1	748	17299939	17299148	0.0	1046
NC_003074.8:1571381-1572137	NC_003074.8	89.009	646	22	12	1	600	18412155	18412797	0.0	754
NC_003074.8:1571381-1572137	NC_003074.8	88.700	646	24	13	1	600	18018782	18019424	0.0	743
NC_003074.8:1571381-1572137	NC_003074.8	88.372	645	29	9	1	600	13327435	13328078	0.0	734
NC_003074.8:1571381-1572137	NC_003074.8	89.198	611	26	12	27	600	3965037	3965644	0.0	726
NC_003074.8:1571381-1572137	NC_003074.8	93.891	311	12	2	27	330	11503725	11503415	4.27e-129	462
NC_003074.8:1571381-1572137	NC_003074.8	92.605	311	15	3	27	330	17729976	17730285	2.00e-122	440
NC_003074.8:1571381-1572137	NC_003074.8	90.230	348	16	5	1	330	15485749	15485402	7.20e-122	438
NC_003074.8:1571381-1572137	NC_003074.8	92.105	304	17	2	27	324	16419180	16419482	7.25e-117	422
NC_003074.8:1571381-1572137	NC_003074.8	89.306	346	21	4	1	330	10557345	10557000	2.61e-116	420
NC_003074.8:1571381-1572137	NC_003074.8	91.346	312	19	3	27	330	17776806	17777117	2.61e-116	420
NC_003074.8:1571381-1572137	NC_003074.8	92.123	292	19	4	42	330	10575502	10575212	5.64e-113	409
NC_003074.8:1571381-1572137	NC_003074.8	90.850	306	22	1	26	325	11967688	11967993	7.30e-112	405
NC_003074.8:1571381-1572137	NC_003074.8	90.645	310	18	4	27	330	9767593	9767289	9.44e-111	401
NC_003074.8:1571381-1572137	NC_003074.8	89.273	289	15	2	343	615	11503252	11502964	1.25e-94	348
NC_003074.8:1571381-1572137	NC_003074.8	96.277	188	7	0	143	330	15938226	15938413	5.89e-83	309
NC_003074.8:1571381-1572137	NC_003074.8	95.767	189	7	1	143	330	10820486	10820298	2.74e-81	303
NC_003074.8:1571381-1572137	NC_003074.8	86.760	287	9	7	343	600	17777280	17777566	5.93e-78	292
NC_003074.8:1571381-1572137	NC_003074.8	93.782	193	9	3	140	330	17300342	17300151	2.76e-76	287
NC_003074.8:1571381-1572137	NC_003074.8	92.537	201	6	4	131	330	9384863	9384671	4.62e-74	279
NC_003074.8:1571381-1572137	NC_003074.8	84.566	311	17	6	27	330	10320448	10320734	4.62e-74	279
NC_003074.8:1571381-1572137	NC_003074.8	85.714	287	12	8	343	600	10320897	10321183	5.97e-73	276
NC_003074.8:1571381-1572137	NC_003074.8	84.768	302	17	6	343	615	10820135	10819834	5.97e-73	276
NC_003074.8:1571381-1572137	NC_003074.8	85.417	288	12	5	343	600	16451803	16452090	7.72e-72	272
NC_003074.8:1571381-1572137	NC_003074.8	84.488	303	17	3	343	615	17276531	17276229	7.72e-72	272
NC_003074.8:1571381-1572137	NC_003074.8	88.462	234	12	4	397	615	10556850	10556617	9.99e-71	268
NC_003074.8:1571381-1572137	NC_003074.8	93.122	189	4	4	143	330	16562477	16562657	9.99e-71	268
NC_003074.8:1571381-1572137	NC_003074.8	91.000	200	10	3	131	330	17276885	17276694	4.65e-69	263
NC_003074.8:1571381-1572137	NC_003074.8	84.722	288	14	5	343	600	15938576	15938863	1.67e-68	261
NC_003074.8:1571381-1572137	NC_003074.8	83.553	304	19	5	343	615	7995595	7995292	7.78e-67	255
NC_003074.8:1571381-1572137	NC_003074.8	92.308	182	6	3	143	324	11536758	11536931	1.01e-65	252
NC_003074.8:1571381-1572137	NC_003074.8	92.308	182	6	3	143	324	15452557	15452384	1.01e-65	252
NC_003074.8:1571381-1572137	NC_003074.8	91.209	182	8	3	143	324	5744998	5744825	2.18e-62	241
NC_003074.8:1571381-1572137	NC_003074.8	90.710	183	9	3	143	325	20787323	20787497	2.82e-61	237
NC_003074.8:1571381-1572137	NC_003074.8	88.060	201	14	5	131	330	22119520	22119711	4.71e-59	230
NC_003074.8:1571381-1572137	NC_003074.8	82.986	288	14	7	343	600	20787664	20787946	1.70e-58	228
NC_003074.8:1571381-1572137	NC_003074.8	84.082	245	27	10	521	756	3965917	3966158	6.10e-58	226
NC_003074.8:1571381-1572137	NC_003074.8	83.830	235	31	5	521	749	17142677	17142444	3.67e-55	217
NC_003074.8:1571381-1572137	NC_003074.8	97.581	124	3	0	623	746	18019804	18019927	4.75e-54	213
NC_003074.8:1571381-1572137	NC_003074.8	87.629	194	9	1	343	521	16562820	16563013	1.71e-53	211
NC_003074.8:1571381-1572137	NC_003074.8	82.716	243	33	5	521	756	13328352	13328592	2.21e-52	207
NC_003074.8:1571381-1572137	NC_003074.8	80.757	317	17	15	343	615	17143247	17142931	2.21e-52	207
NC_003074.8:1571381-1572137	NC_003074.8	88.525	183	5	5	143	325	17143580	17143414	2.21e-52	207
NC_003074.8:1571381-1572137	NC_003074.8	82.833	233	33	5	521	747	16563357	16563588	1.03e-50	202
NC_003074.8:1571381-1572137	NC_003074.8	95.968	124	5	0	623	746	17061509	17061386	1.03e-50	202
NC_003074.8:1571381-1572137	NC_003074.8	94.030	134	6	2	623	755	17275865	17275733	1.03e-50	202
NC_003074.8:1571381-1572137	NC_003074.8	95.041	121	4	2	630	749	10321325	10321444	8.00e-47	189
NC_003074.8:1571381-1572137	NC_003074.8	80.198	303	15	13	343	600	11537098	11537400	1.04e-45	185
NC_003074.8:1571381-1572137	NC_003074.8	91.111	135	12	0	623	757	10574474	10574340	3.72e-45	183
NC_003074.8:1571381-1572137	NC_003074.8	87.283	173	7	3	343	500	11968159	11968331	3.72e-45	183
NC_003074.8:1571381-1572137	NC_003074.8	85.465	172	10	3	343	499	5744658	5744487	1.35e-39	165
NC_003074.8:1571381-1572137	NC_003074.8	88.372	129	12	3	623	748	11132619	11132747	1.05e-35	152
NC_003074.8:1571381-1572137	NC_003074.8	91.837	98	7	1	519	615	9384346	9384249	1.06e-30	135
NC_003074.8:1571381-1572137	NC_003074.8	85.938	128	13	4	623	746	8645213	8645339	1.37e-29	132
NC_003074.8:1571381-1572137	NC_003074.8	84.211	133	15	4	623	749	15939242	15939374	2.29e-27	124
NC_003074.8:1571381-1572137	NC_003074.8	83.824	136	15	6	623	751	16234790	16234655	8.23e-27	122
NC_003074.8:1571381-1572137	NC_003074.8	83.846	130	18	3	623	749	6729051	6728922	2.96e-26	121
NC_003074.8:1571381-1572137	NC_003074.8	82.707	133	18	5	623	750	16405624	16405756	4.95e-24	113
NC_003074.8:1571381-1572137	NC_003074.8	83.465	127	6	1	343	454	9384508	9384382	2.98e-21	104
NC_003074.8:1571381-1572137	NC_003074.8	81.600	125	17	4	623	747	10681509	10681391	1.39e-19	99.0
NC_003074.8:1571381-1572137	NC_003074.8	96.154	52	0	1	276	325	16451587	16451638	3.88e-15	84.2
NC_003074.8:1571381-1572137	NC_003074.8	97.674	43	1	0	288	330	7995800	7995758	2.34e-12	75.0
NC_003074.8:1571381-1572137	NC_003074.8	97.674	43	1	0	288	330	17062368	17062326	2.34e-12	75.0
NC_003074.8:1571381-1572137	NC_003074.8	89.362	47	2	3	702	746	4274975	4274930	8.47e-07	56.5
NC_003074.8:1571381-1572137	NC_003071.7	91.136	801	23	10	1	756	4024202	4024999	0.0	1042
NC_003074.8:1571381-1572137	NC_003071.7	91.088	763	28	12	26	750	980582	979822	0.0	996
NC_003074.8:1571381-1572137	NC_003071.7	88.820	644	27	10	1	600	7111785	7112427	0.0	749
NC_003074.8:1571381-1572137	NC_003071.7	88.934	497	24	6	148	615	6101214	6100720	8.73e-166	584
NC_003074.8:1571381-1572137	NC_003071.7	91.176	306	21	1	26	325	7959826	7960131	1.57e-113	411
NC_003074.8:1571381-1572137	NC_003071.7	87.246	345	22	4	1	330	7814690	7814353	2.06e-102	374
NC_003074.8:1571381-1572137	NC_003071.7	90.987	233	16	1	27	254	3564418	3564650	5.89e-83	309
NC_003074.8:1571381-1572137	NC_003071.7	86.942	291	19	6	343	615	6924068	6923779	5.89e-83	309
NC_003074.8:1571381-1572137	NC_003071.7	96.277	188	7	0	143	330	6924418	6924231	5.89e-83	309
NC_003074.8:1571381-1572137	NC_003071.7	96.277	188	7	0	143	330	13267871	13268058	5.89e-83	309
NC_003074.8:1571381-1572137	NC_003071.7	96.216	185	6	1	143	326	12801954	12802138	9.85e-81	302
NC_003074.8:1571381-1572137	NC_003071.7	88.168	262	16	2	1	247	3213353	3213092	1.27e-79	298
NC_003074.8:1571381-1572137	NC_003071.7	86.047	301	10	5	345	615	6803611	6803909	1.65e-78	294
NC_003074.8:1571381-1572137	NC_003071.7	89.912	228	17	2	27	248	6660997	6661224	7.67e-77	289
NC_003074.8:1571381-1572137	NC_003071.7	85.382	301	14	9	345	615	13336610	13336310	9.92e-76	285
NC_003074.8:1571381-1572137	NC_003071.7	85.197	304	13	7	343	615	14334864	14335166	3.57e-75	283
NC_003074.8:1571381-1572137	NC_003071.7	85.764	288	11	5	343	600	543388	543675	1.66e-73	278
NC_003074.8:1571381-1572137	NC_003071.7	84.488	303	17	8	343	615	395373	395071	7.72e-72	272
NC_003074.8:1571381-1572137	NC_003071.7	84.314	306	18	4	343	618	11285855	11285550	7.72e-72	272
NC_003074.8:1571381-1572137	NC_003071.7	84.539	304	15	5	343	615	17253948	17253646	7.72e-72	272
NC_003074.8:1571381-1572137	NC_003071.7	85.417	288	11	11	343	600	13268221	13268507	2.78e-71	270
NC_003074.8:1571381-1572137	NC_003071.7	91.000	200	9	4	131	330	395726	395536	1.67e-68	261
NC_003074.8:1571381-1572137	NC_003071.7	83.882	304	17	9	343	615	12093156	12092854	1.67e-68	261
NC_003074.8:1571381-1572137	NC_003071.7	83.828	303	19	9	343	615	13907456	13907154	1.67e-68	261
NC_003074.8:1571381-1572137	NC_003071.7	92.896	183	5	3	143	325	17254287	17254113	6.01e-68	259
NC_003074.8:1571381-1572137	NC_003071.7	92.063	189	6	4	143	330	11286196	11286016	2.16e-67	257
NC_003074.8:1571381-1572137	NC_003071.7	90.244	205	9	6	127	330	13337152	13336958	2.16e-67	257
NC_003074.8:1571381-1572137	NC_003071.7	92.350	183	6	3	143	325	13907797	13907623	2.80e-66	254
NC_003074.8:1571381-1572137	NC_003071.7	90.674	193	8	5	140	330	500923	501107	1.30e-64	248
NC_003074.8:1571381-1572137	NC_003071.7	85.106	235	24	9	521	748	7112700	7112930	4.71e-59	230
NC_003074.8:1571381-1572137	NC_003071.7	84.848	231	26	5	521	744	13906897	13906669	2.19e-57	224
NC_003074.8:1571381-1572137	NC_003071.7	84.100	239	27	7	521	751	6663892	6664127	2.84e-56	220
NC_003074.8:1571381-1572137	NC_003071.7	97.600	125	2	1	200	324	12093447	12093324	4.75e-54	213
NC_003074.8:1571381-1572137	NC_003071.7	94.815	135	6	1	623	756	11285238	11285104	6.14e-53	209
NC_003074.8:1571381-1572137	NC_003071.7	83.117	231	33	5	521	746	3212554	3212325	7.95e-52	206
NC_003074.8:1571381-1572137	NC_003071.7	96.000	125	5	0	623	747	544042	544166	2.86e-51	204
NC_003074.8:1571381-1572137	NC_003071.7	92.800	125	7	1	623	747	7961441	7961563	4.82e-44	180
NC_003074.8:1571381-1572137	NC_003071.7	96.774	93	1	2	240	330	6663080	6663172	2.92e-36	154
NC_003074.8:1571381-1572137	NC_003071.7	86.364	132	11	5	623	747	15134642	15134773	2.94e-31	137
NC_003074.8:1571381-1572137	NC_003071.7	86.614	127	14	3	623	746	19623520	19623646	2.94e-31	137
NC_003074.8:1571381-1572137	NC_003071.7	84.173	139	17	5	623	757	1038174	1038037	4.92e-29	130
NC_003074.8:1571381-1572137	NC_003071.7	85.039	127	15	3	623	746	13102235	13102360	6.36e-28	126
NC_003074.8:1571381-1572137	NC_003071.7	84.496	129	16	4	623	747	2139258	2139386	2.29e-27	124
NC_003074.8:1571381-1572137	NC_003071.7	91.209	91	8	0	143	233	7153795	7153705	2.29e-27	124
NC_003074.8:1571381-1572137	NC_003071.7	84.252	127	17	3	623	746	6206721	6206595	2.96e-26	121
NC_003074.8:1571381-1572137	NC_003071.7	84.000	125	5	1	343	452	708716	708840	8.29e-22	106
NC_003074.8:1571381-1572137	NC_003071.7	80.741	135	20	5	623	754	7340818	7340949	3.86e-20	100
NC_003074.8:1571381-1572137	NC_003071.7	86.170	94	9	3	662	754	9585273	9585363	1.39e-19	99.0
NC_003074.8:1571381-1572137	NC_003071.7	95.082	61	3	0	131	191	6101274	6101214	4.99e-19	97.1
NC_003074.8:1571381-1572137	NC_003071.7	81.250	128	17	5	623	749	8907878	8907999	4.99e-19	97.1
NC_003074.8:1571381-1572137	NC_003071.7	94.444	54	3	0	343	396	13336796	13336743	3.88e-15	84.2
NC_003074.8:1571381-1572137	NC_003071.7	95.745	47	0	1	283	327	543175	543221	2.34e-12	75.0
NC_003074.8:1571381-1572137	NC_003071.7	97.561	41	1	0	285	325	14334657	14334697	3.02e-11	71.3
NC_003074.8:1571381-1572137	NC_003071.7	89.796	49	2	2	699	746	7177636	7177590	6.55e-08	60.2
NC_003074.8:1571381-1572137	NC_003070.9	91.797	768	22	10	27	756	22992686	22991922	0.0	1031
NC_003074.8:1571381-1572137	NC_003070.9	90.500	800	28	9	1	754	30251767	30250970	0.0	1013
NC_003074.8:1571381-1572137	NC_003070.9	89.900	802	34	13	1	757	12328714	12327915	0.0	989
NC_003074.8:1571381-1572137	NC_003070.9	90.390	770	33	12	27	757	22621345	22620578	0.0	974
NC_003074.8:1571381-1572137	NC_003070.9	89.833	600	24	6	38	602	23876173	23876770	0.0	736
NC_003074.8:1571381-1572137	NC_003070.9	91.667	312	17	5	27	330	28161071	28161381	2.01e-117	424
NC_003074.8:1571381-1572137	NC_003070.9	91.776	304	19	1	27	324	3413589	3413892	9.37e-116	418
NC_003074.8:1571381-1572137	NC_003070.9	82.510	526	41	17	132	615	19063589	19064105	1.21e-114	414
NC_003074.8:1571381-1572137	NC_003070.9	89.118	340	20	3	1	325	12876927	12876590	2.03e-112	407
NC_003074.8:1571381-1572137	NC_003070.9	97.409	193	5	0	132	324	16998396	16998204	4.52e-89	329
NC_003074.8:1571381-1572137	NC_003070.9	97.340	188	5	0	143	330	9817151	9817338	2.72e-86	320
NC_003074.8:1571381-1572137	NC_003070.9	88.768	276	12	6	343	600	26170172	26169898	2.72e-86	320
NC_003074.8:1571381-1572137	NC_003070.9	96.277	188	7	0	143	330	26170521	26170334	5.89e-83	309
NC_003074.8:1571381-1572137	NC_003070.9	95.238	189	7	2	143	330	9866468	9866281	1.27e-79	298
NC_003074.8:1571381-1572137	NC_003070.9	95.213	188	8	1	143	330	13059763	13059949	4.58e-79	296
NC_003074.8:1571381-1572137	NC_003070.9	95.652	184	7	1	143	325	17900819	17901002	1.65e-78	294
NC_003074.8:1571381-1572137	NC_003070.9	95.604	182	7	1	143	324	30254567	30254387	2.13e-77	291
NC_003074.8:1571381-1572137	NC_003070.9	94.149	188	11	0	143	330	19328311	19328124	2.76e-76	287
NC_003074.8:1571381-1572137	NC_003070.9	85.149	303	15	5	343	615	19465868	19465566	3.57e-75	283
NC_003074.8:1571381-1572137	NC_003070.9	85.197	304	14	5	343	615	30254220	30253917	3.57e-75	283
NC_003074.8:1571381-1572137	NC_003070.9	94.022	184	11	0	143	326	7036148	7036331	4.62e-74	279
NC_003074.8:1571381-1572137	NC_003070.9	93.617	188	11	1	143	330	30252166	30251980	4.62e-74	279
NC_003074.8:1571381-1572137	NC_003070.9	84.868	304	14	8	343	615	11700940	11701242	1.66e-73	278
NC_003074.8:1571381-1572137	NC_003070.9	85.764	288	11	5	343	600	12365214	12365501	1.66e-73	278
NC_003074.8:1571381-1572137	NC_003070.9	84.818	303	16	5	343	615	13016625	13016323	1.66e-73	278
NC_003074.8:1571381-1572137	NC_003070.9	85.764	288	11	6	343	600	16905074	16905361	1.66e-73	278
NC_003074.8:1571381-1572137	NC_003070.9	84.868	304	15	5	343	615	16998037	16997734	1.66e-73	278
NC_003074.8:1571381-1572137	NC_003070.9	93.122	189	11	2	143	330	12329113	12328926	5.97e-73	276
NC_003074.8:1571381-1572137	NC_003070.9	93.122	189	11	2	143	330	22621779	22621592	5.97e-73	276
NC_003074.8:1571381-1572137	NC_003070.9	93.122	189	11	2	143	330	22993120	22992933	5.97e-73	276
NC_003074.8:1571381-1572137	NC_003070.9	85.664	286	11	5	345	600	23214744	23215029	2.15e-72	274
NC_003074.8:1571381-1572137	NC_003070.9	85.417	288	12	5	343	600	4786465	4786752	7.72e-72	272
NC_003074.8:1571381-1572137	NC_003070.9	85.417	288	12	5	343	600	16326523	16326810	7.72e-72	272
NC_003074.8:1571381-1572137	NC_003070.9	84.539	304	15	7	343	615	18792075	18792377	7.72e-72	272
NC_003074.8:1571381-1572137	NC_003070.9	84.488	303	14	8	343	615	12563003	12562704	9.99e-71	268
NC_003074.8:1571381-1572137	NC_003070.9	93.122	189	4	4	143	330	16904733	16904913	9.99e-71	268
NC_003074.8:1571381-1572137	NC_003070.9	91.000	200	10	3	131	330	13016979	13016788	4.65e-69	263
NC_003074.8:1571381-1572137	NC_003070.9	83.934	305	15	8	343	615	13060111	13060413	1.67e-68	261
NC_003074.8:1571381-1572137	NC_003070.9	83.828	303	19	7	343	615	19994468	19994166	1.67e-68	261
NC_003074.8:1571381-1572137	NC_003070.9	83.607	305	18	7	343	615	12876423	12876119	2.16e-67	257
NC_003074.8:1571381-1572137	NC_003070.9	91.237	194	9	3	131	324	15940039	15940224	2.16e-67	257
NC_003074.8:1571381-1572137	NC_003070.9	84.375	288	15	5	343	600	16825594	16825881	7.78e-67	255
NC_003074.8:1571381-1572137	NC_003070.9	90.500	200	10	4	131	330	22450867	22451057	7.78e-67	255
NC_003074.8:1571381-1572137	NC_003070.9	90.050	201	11	4	131	330	500456	500264	1.01e-65	252
NC_003074.8:1571381-1572137	NC_003070.9	90.722	194	8	4	139	330	11700592	11700777	3.62e-65	250
NC_003074.8:1571381-1572137	NC_003070.9	91.803	183	7	3	143	325	8115710	8115884	1.30e-64	248
NC_003074.8:1571381-1572137	NC_003070.9	91.803	183	7	3	143	325	11736466	11736292	1.30e-64	248
NC_003074.8:1571381-1572137	NC_003070.9	91.257	183	8	3	143	325	19994809	19994635	6.06e-63	243
NC_003074.8:1571381-1572137	NC_003070.9	83.505	291	15	5	343	600	7036498	7036788	2.18e-62	241
NC_003074.8:1571381-1572137	NC_003070.9	86.522	230	12	6	1	215	18790104	18790329	1.01e-60	235
NC_003074.8:1571381-1572137	NC_003070.9	83.681	288	8	12	343	600	28161544	28161822	1.01e-60	235
NC_003074.8:1571381-1572137	NC_003070.9	92.814	167	3	4	165	330	18791754	18791912	3.64e-60	233
NC_003074.8:1571381-1572137	NC_003070.9	84.549	233	27	6	521	746	16826140	16826370	7.89e-57	222
NC_003074.8:1571381-1572137	NC_003070.9	95.588	136	5	1	623	757	19465213	19465078	3.67e-55	217
NC_003074.8:1571381-1572137	NC_003070.9	84.581	227	23	7	521	746	13016066	13015851	1.32e-54	215
NC_003074.8:1571381-1572137	NC_003070.9	80.818	318	16	14	343	615	11736125	11735808	2.21e-52	207
NC_003074.8:1571381-1572137	NC_003070.9	96.774	124	4	0	623	746	16327180	16327303	2.21e-52	207
NC_003074.8:1571381-1572137	NC_003070.9	96.032	126	4	1	623	748	8489536	8489412	2.86e-51	204
NC_003074.8:1571381-1572137	NC_003070.9	82.906	234	32	5	521	747	18792633	18792865	2.86e-51	204
NC_003074.8:1571381-1572137	NC_003070.9	82.449	245	31	7	521	756	22451776	22452017	2.86e-51	204
NC_003074.8:1571381-1572137	NC_003070.9	82.906	234	30	6	521	746	19064361	19064592	1.03e-50	202
NC_003074.8:1571381-1572137	NC_003070.9	95.238	126	6	0	623	748	7037167	7037292	3.70e-50	200
NC_003074.8:1571381-1572137	NC_003070.9	95.968	124	4	1	623	746	23553913	23553791	3.70e-50	200
NC_003074.8:1571381-1572137	NC_003070.9	94.531	128	6	1	623	750	14308886	14308760	4.78e-49	196
NC_003074.8:1571381-1572137	NC_003070.9	92.481	133	10	0	623	755	12562352	12562220	2.22e-47	191
NC_003074.8:1571381-1572137	NC_003070.9	92.424	132	7	3	623	753	25962587	25962458	1.04e-45	185
NC_003074.8:1571381-1572137	NC_003070.9	93.548	124	6	1	623	746	11701606	11701727	3.72e-45	183
NC_003074.8:1571381-1572137	NC_003070.9	86.719	128	13	4	623	746	21739203	21739076	8.17e-32	139
NC_003074.8:1571381-1572137	NC_003070.9	91.837	98	6	2	235	330	19769039	19768942	1.06e-30	135
NC_003074.8:1571381-1572137	NC_003070.9	84.127	126	18	2	623	746	4770240	4770115	2.96e-26	121
NC_003074.8:1571381-1572137	NC_003070.9	82.099	162	8	11	1	147	16998954	16998799	1.06e-25	119
NC_003074.8:1571381-1572137	NC_003070.9	83.077	130	18	4	623	749	9918578	9918450	1.38e-24	115
NC_003074.8:1571381-1572137	NC_003070.9	83.465	127	17	4	623	746	10021539	10021414	1.38e-24	115
NC_003074.8:1571381-1572137	NC_003070.9	79.845	129	21	5	625	749	20166795	20166668	8.35e-17	89.8
NC_003074.8:1571381-1572137	NC_003070.9	80.000	125	18	5	623	746	16858750	16858632	1.08e-15	86.1
NC_003074.8:1571381-1572137	NC_003070.9	79.675	123	18	5	623	744	26307387	26307503	1.40e-14	82.4
NC_003074.8:1571381-1572137	NC_003070.9	100.000	43	0	0	288	330	12365009	12365051	5.02e-14	80.5
NC_003074.8:1571381-1572137	NC_003070.9	100.000	40	0	0	291	330	19466071	19466032	2.34e-12	75.0
NC_003074.8:1571381-1572137	NC_003070.9	94.000	50	0	2	283	330	16326311	16326359	8.41e-12	73.1
NC_003074.8:1571381-1572137	NC_003070.9	100.000	38	0	0	288	325	12563207	12563170	3.02e-11	71.3
NC_003074.8:1571381-1572137	NC_003070.9	95.455	44	0	1	283	324	23214532	23214575	1.09e-10	69.4
NC_003074.8:1571381-1572137	NC_003070.9	85.455	55	6	2	694	747	21103407	21103354	8.47e-07	56.5
NC_003074.8:1571381-1572137	NC_003076.8	90.806	794	24	10	1	748	9591748	9592538	0.0	1016
NC_003074.8:1571381-1572137	NC_003076.8	90.168	773	28	9	1	727	20280646	20279876	0.0	963
NC_003074.8:1571381-1572137	NC_003076.8	90.507	611	26	6	143	723	17617744	17617136	0.0	778
NC_003074.8:1571381-1572137	NC_003076.8	90.462	346	17	3	1	330	5978052	5977707	5.56e-123	442
NC_003074.8:1571381-1572137	NC_003076.8	92.283	311	18	5	26	330	8354475	8354165	2.59e-121	436
NC_003074.8:1571381-1572137	NC_003076.8	90.173	346	18	3	1	330	24476590	24476245	2.59e-121	436
NC_003074.8:1571381-1572137	NC_003076.8	90.588	340	15	4	1	324	15043427	15043089	9.31e-121	435
NC_003074.8:1571381-1572137	NC_003076.8	91.935	310	18	3	27	330	22232228	22231920	1.56e-118	427
NC_003074.8:1571381-1572137	NC_003076.8	91.290	310	20	2	27	330	9133989	9134297	3.37e-115	416
NC_003074.8:1571381-1572137	NC_003076.8	91.503	306	20	1	27	326	15577389	15577084	3.37e-115	416
NC_003074.8:1571381-1572137	NC_003076.8	82.567	522	41	17	135	615	15605668	15605156	1.21e-114	414
NC_003074.8:1571381-1572137	NC_003076.8	89.150	341	22	2	1	326	21777031	21776691	1.57e-113	411
NC_003074.8:1571381-1572137	NC_003076.8	89.677	310	24	3	27	330	10714460	10714767	7.35e-107	388
NC_003074.8:1571381-1572137	NC_003076.8	96.277	188	6	1	143	330	8745759	8745573	2.12e-82	307
NC_003074.8:1571381-1572137	NC_003076.8	95.238	189	8	1	143	330	5429094	5428906	1.27e-79	298
NC_003074.8:1571381-1572137	NC_003076.8	95.238	189	8	1	143	330	8766666	8766854	1.27e-79	298
NC_003074.8:1571381-1572137	NC_003076.8	95.213	188	9	0	143	330	14150343	14150156	1.27e-79	298
NC_003074.8:1571381-1572137	NC_003076.8	95.213	188	8	1	143	330	4313474	4313660	4.58e-79	296
NC_003074.8:1571381-1572137	NC_003076.8	95.628	183	8	0	143	325	19741654	19741472	1.65e-78	294
NC_003074.8:1571381-1572137	NC_003076.8	94.681	188	9	1	143	330	4781290	4781104	2.13e-77	291
NC_003074.8:1571381-1572137	NC_003076.8	85.479	303	14	7	343	615	15042922	15042620	7.67e-77	289
NC_003074.8:1571381-1572137	NC_003076.8	85.526	304	12	7	343	615	24476081	24475779	7.67e-77	289
NC_003074.8:1571381-1572137	NC_003076.8	94.180	189	10	1	143	330	17365983	17366171	2.76e-76	287
NC_003074.8:1571381-1572137	NC_003076.8	94.180	189	9	2	143	330	20281045	20280858	2.76e-76	287
NC_003074.8:1571381-1572137	NC_003076.8	94.149	188	11	0	143	330	20681453	20681266	2.76e-76	287
NC_003074.8:1571381-1572137	NC_003076.8	86.111	288	9	6	343	600	8767017	8767303	1.28e-74	281
NC_003074.8:1571381-1572137	NC_003076.8	83.481	339	18	11	343	650	18855128	18855459	1.28e-74	281
NC_003074.8:1571381-1572137	NC_003076.8	93.617	188	11	1	143	330	9591350	9591536	4.62e-74	279
NC_003074.8:1571381-1572137	NC_003076.8	94.022	184	11	0	143	326	11026281	11026464	4.62e-74	279
NC_003074.8:1571381-1572137	NC_003076.8	90.233	215	19	2	42	254	25904787	25905001	4.62e-74	279
NC_003074.8:1571381-1572137	NC_003076.8	84.868	304	14	6	343	615	14081554	14081252	1.66e-73	278
NC_003074.8:1571381-1572137	NC_003076.8	84.818	303	15	6	343	615	20681103	20680802	5.97e-73	276
NC_003074.8:1571381-1572137	NC_003076.8	93.956	182	3	2	143	324	9558551	9558378	9.99e-71	268
NC_003074.8:1571381-1572137	NC_003076.8	84.211	304	16	6	343	615	9963736	9963434	3.59e-70	267
NC_003074.8:1571381-1572137	NC_003076.8	84.106	302	19	5	343	615	5428743	5428442	1.29e-69	265
NC_003074.8:1571381-1572137	NC_003076.8	84.211	304	15	9	343	615	8745411	8745110	1.29e-69	265
NC_003074.8:1571381-1572137	NC_003076.8	84.158	303	16	10	343	615	24186612	24186312	1.29e-69	265
NC_003074.8:1571381-1572137	NC_003076.8	84.965	286	13	3	345	600	11027112	11027397	4.65e-69	263
NC_003074.8:1571381-1572137	NC_003076.8	85.821	268	11	4	343	595	15576918	15576663	6.01e-68	259
NC_003074.8:1571381-1572137	NC_003076.8	92.021	188	7	3	143	330	1897707	1897528	2.16e-67	257
NC_003074.8:1571381-1572137	NC_003076.8	84.375	288	15	5	343	600	16357755	16358042	7.78e-67	255
NC_003074.8:1571381-1572137	NC_003076.8	92.350	183	6	3	143	325	9964077	9963903	2.80e-66	254
NC_003074.8:1571381-1572137	NC_003076.8	85.075	268	13	4	343	595	21776524	21776269	1.30e-64	248
NC_003074.8:1571381-1572137	NC_003076.8	89.552	201	11	5	131	330	17776658	17776849	4.68e-64	246
NC_003074.8:1571381-1572137	NC_003076.8	85.283	265	10	5	343	578	21531157	21531421	4.68e-64	246
NC_003074.8:1571381-1572137	NC_003076.8	90.576	191	9	4	135	325	16357407	16357588	1.68e-63	244
NC_003074.8:1571381-1572137	NC_003076.8	83.681	288	17	5	343	600	17777012	17777299	1.68e-63	244
NC_003074.8:1571381-1572137	NC_003076.8	82.566	304	20	8	343	615	4314079	4314380	2.82e-61	237
NC_003074.8:1571381-1572137	NC_003076.8	89.947	189	10	4	143	330	14081897	14081717	1.01e-60	235
NC_003074.8:1571381-1572137	NC_003076.8	84.188	234	27	6	521	746	15604900	15604669	1.02e-55	219
NC_003074.8:1571381-1572137	NC_003076.8	83.898	236	28	6	521	749	15042363	15042131	3.67e-55	217
NC_003074.8:1571381-1572137	NC_003076.8	95.556	135	5	1	623	756	7153307	7153173	1.32e-54	215
NC_003074.8:1571381-1572137	NC_003076.8	83.262	233	29	6	521	746	4314637	4314866	7.95e-52	206
NC_003074.8:1571381-1572137	NC_003076.8	96.000	125	4	1	623	747	17796260	17796137	1.03e-50	202
NC_003074.8:1571381-1572137	NC_003076.8	95.935	123	5	0	625	747	24475412	24475290	3.70e-50	200
NC_003074.8:1571381-1572137	NC_003076.8	95.161	124	4	2	626	749	8744743	8744622	1.72e-48	195
NC_003074.8:1571381-1572137	NC_003076.8	82.328	232	34	5	521	746	16358314	16358544	1.72e-48	195
NC_003074.8:1571381-1572137	NC_003076.8	82.203	236	31	10	521	748	17777572	17777804	6.19e-48	193
NC_003074.8:1571381-1572137	NC_003076.8	93.701	127	8	0	623	749	24185948	24185822	2.22e-47	191
NC_003074.8:1571381-1572137	NC_003076.8	92.366	131	9	1	626	756	14143814	14143685	1.04e-45	185
NC_003074.8:1571381-1572137	NC_003076.8	93.548	124	7	1	623	746	5428078	5427956	3.72e-45	183
NC_003074.8:1571381-1572137	NC_003076.8	92.742	124	9	0	623	746	10715499	10715622	4.82e-44	180
NC_003074.8:1571381-1572137	NC_003076.8	91.129	124	9	2	623	746	21775908	21775787	3.75e-40	167
NC_003074.8:1571381-1572137	NC_003076.8	89.231	130	8	4	625	748	25265210	25265339	2.26e-37	158
NC_003074.8:1571381-1572137	NC_003076.8	92.523	107	7	1	510	615	7153778	7153672	1.05e-35	152
NC_003074.8:1571381-1572137	NC_003076.8	87.402	127	13	3	623	746	17043775	17043901	6.32e-33	143
NC_003074.8:1571381-1572137	NC_003076.8	85.714	133	14	5	623	750	22621306	22621174	1.06e-30	135
NC_003074.8:1571381-1572137	NC_003076.8	85.271	129	16	3	623	748	14810699	14810827	4.92e-29	130
NC_003074.8:1571381-1572137	NC_003076.8	83.824	136	18	4	623	755	9557785	9557651	6.36e-28	126
NC_003074.8:1571381-1572137	NC_003076.8	98.507	67	1	0	264	330	18854901	18854967	1.06e-25	119
NC_003074.8:1571381-1572137	NC_003076.8	82.734	139	18	6	623	757	26787231	26787095	1.06e-25	119
NC_003074.8:1571381-1572137	NC_003076.8	96.970	66	2	0	265	330	21530929	21530994	1.78e-23	111
NC_003074.8:1571381-1572137	NC_003076.8	81.250	128	17	5	623	749	10041930	10041809	4.99e-19	97.1
NC_003074.8:1571381-1572137	NC_003076.8	84.884	86	12	1	663	747	15882682	15882767	1.08e-15	86.1
NC_003074.8:1571381-1572137	NC_003076.8	100.000	45	0	0	286	330	4313874	4313918	3.88e-15	84.2
NC_003074.8:1571381-1572137	NC_003075.7	90.164	610	23	10	27	600	683249	683857	0.0	760
NC_003074.8:1571381-1572137	NC_003075.7	91.150	339	13	4	3	325	11193567	11193230	1.55e-123	444
NC_003074.8:1571381-1572137	NC_003075.7	91.961	311	18	3	26	330	965764	965455	4.33e-119	429
NC_003074.8:1571381-1572137	NC_003075.7	91.318	311	20	5	27	330	6166428	6166118	9.37e-116	418
NC_003074.8:1571381-1572137	NC_003075.7	89.017	346	22	4	1	330	372085	371740	1.21e-114	414
NC_003074.8:1571381-1572137	NC_003075.7	96.809	188	6	0	143	330	10396429	10396242	1.27e-84	315
NC_003074.8:1571381-1572137	NC_003075.7	96.721	183	5	1	143	325	1001051	1000870	2.74e-81	303
NC_003074.8:1571381-1572137	NC_003075.7	94.681	188	10	0	143	330	8064563	8064750	5.93e-78	292
NC_003074.8:1571381-1572137	NC_003075.7	80.988	405	31	21	343	712	11362155	11362548	4.62e-74	279
NC_003074.8:1571381-1572137	NC_003075.7	84.868	304	14	7	343	615	1000703	1000401	1.66e-73	278
NC_003074.8:1571381-1572137	NC_003075.7	85.764	288	11	9	343	600	8064914	8065201	1.66e-73	278
NC_003074.8:1571381-1572137	NC_003075.7	84.818	303	16	7	343	615	8729187	8728885	1.66e-73	278
NC_003074.8:1571381-1572137	NC_003075.7	88.085	235	16	3	26	254	8802167	8802395	9.99e-71	268
NC_003074.8:1571381-1572137	NC_003075.7	84.333	300	18	2	345	615	5540105	5539806	3.59e-70	267
NC_003074.8:1571381-1572137	NC_003075.7	84.158	303	18	3	343	615	16864053	16863751	3.59e-70	267
NC_003074.8:1571381-1572137	NC_003075.7	92.593	189	5	4	143	330	5540448	5540268	4.65e-69	263
NC_003074.8:1571381-1572137	NC_003075.7	91.257	183	8	3	143	325	8729528	8729354	6.06e-63	243
NC_003074.8:1571381-1572137	NC_003075.7	90.426	188	10	3	143	330	1350526	1350705	2.18e-62	241
NC_003074.8:1571381-1572137	NC_003075.7	89.055	201	13	4	131	330	11361800	11361992	2.18e-62	241
NC_003074.8:1571381-1572137	NC_003075.7	88.889	189	6	5	143	330	4147065	4147239	1.02e-55	219
NC_003074.8:1571381-1572137	NC_003075.7	83.544	237	30	8	521	751	684130	684363	4.75e-54	213
NC_003074.8:1571381-1572137	NC_003075.7	95.455	132	6	0	623	754	11192398	11192267	1.71e-53	211
NC_003074.8:1571381-1572137	NC_003075.7	95.349	129	6	0	623	751	370911	370783	7.95e-52	206
NC_003074.8:1571381-1572137	NC_003075.7	96.032	126	5	0	623	748	8065581	8065706	7.95e-52	206
NC_003074.8:1571381-1572137	NC_003075.7	96.000	125	4	1	623	746	4148058	4148182	1.03e-50	202
NC_003074.8:1571381-1572137	NC_003075.7	81.545	233	38	3	521	748	16863493	16863261	2.88e-46	187
NC_003074.8:1571381-1572137	NC_003075.7	94.792	96	5	0	653	748	14390355	14390260	3.78e-35	150
NC_003074.8:1571381-1572137	NC_003075.7	86.614	127	14	2	623	746	15441777	15441651	2.94e-31	137
NC_003074.8:1571381-1572137	NC_003075.7	82.443	131	6	4	1	115	2520885	2521014	1.39e-19	99.0
NC_003074.8:1571381-1572137	NC_003075.7	82.051	117	14	7	634	746	963976	963863	6.45e-18	93.5
NC_003074.8:1571381-1572137	NC_003075.7	97.959	49	1	0	282	330	16864262	16864214	1.08e-15	86.1
NC_003074.8:1571381-1572137	NC_003075.7	89.583	48	4	1	700	746	3359187	3359234	6.55e-08	60.2
NC_003074.8:2360591-2362775	NC_003074.8	100.000	2185	0	0	1	2185	2362775	2360591	0.0	4036
NC_003074.8:2360591-2362775	NC_003074.8	99.086	2187	17	3	1	2185	22570734	22568549	0.0	3925
NC_003074.8:2360591-2362775	NC_003074.8	79.696	724	97	28	2	684	12981845	12981131	4.50e-133	477
NC_003074.8:2360591-2362775	NC_003076.8	98.947	2184	21	2	1	2184	19542719	19544900	0.0	3904
NC_003074.8:2360591-2362775	NC_003076.8	95.349	86	4	0	2	87	18113642	18113727	8.68e-31	137
NC_003074.8:2360591-2362775	NC_003075.7	95.538	493	17	2	686	1173	10897725	10898217	0.0	784
NC_003074.8:2360591-2362775	NC_003075.7	96.403	278	9	1	1239	1516	10898372	10898648	5.86e-127	457
NC_003074.8:2360591-2362775	NC_003075.7	94.097	288	14	1	1520	1804	10898692	10898979	2.75e-120	435
NC_003074.8:2360591-2362775	NC_003071.7	78.151	238	47	5	440	675	6965059	6965293	1.44e-33	147
NC_003074.8:3987678-3988438	NC_003074.8	100.000	761	0	0	1	761	3988438	3987678	0.0	1406
NC_003074.8:3987678-3988438	NC_003074.8	92.839	768	32	4	13	760	3873826	3874590	0.0	1092
NC_003074.8:3987678-3988438	NC_003074.8	90.339	766	49	7	2	744	4217121	4216358	0.0	981
NC_003074.8:3987678-3988438	NC_003074.8	90.992	655	32	8	128	760	7291814	7291165	0.0	857
NC_003074.8:3987678-3988438	NC_003075.7	96.592	763	21	5	1	760	12845051	12844291	0.0	1260
NC_003074.8:3987678-3988438	NC_003075.7	93.528	788	22	6	1	760	7403991	7404777	0.0	1146
NC_003074.8:3987678-3988438	NC_003075.7	93.112	784	26	7	2	760	8769326	8768546	0.0	1123
NC_003074.8:3987678-3988438	NC_003075.7	90.924	628	31	8	139	744	418080	417457	0.0	821
NC_003074.8:3987678-3988438	NC_003075.7	90.769	130	8	3	26	153	418145	418018	2.91e-41	171
NC_003074.8:3987678-3988438	NC_003075.7	85.526	76	7	2	690	761	8598380	8598455	6.54e-13	76.8
NC_003074.8:3987678-3988438	NC_003071.7	93.878	784	22	5	2	760	15371880	15371098	0.0	1158
NC_003074.8:3987678-3988438	NC_003071.7	92.474	784	33	6	2	760	1902863	1903645	0.0	1098
NC_003074.8:3987678-3988438	NC_003071.7	91.233	787	39	8	1	760	6297989	6297206	0.0	1044
NC_003074.8:3987678-3988438	NC_003071.7	90.572	647	34	7	139	760	17300066	17299422	0.0	832
NC_003074.8:3987678-3988438	NC_003070.9	92.949	780	29	7	2	760	3771816	3771042	0.0	1112
NC_003074.8:3987678-3988438	NC_003070.9	89.586	797	37	17	1	761	6234721	6233935	0.0	970
NC_003074.8:3987678-3988438	NC_003070.9	93.624	643	21	2	139	761	12874279	12873637	0.0	942
NC_003074.8:3987678-3988438	NC_003070.9	91.086	359	25	6	2	356	6235099	6234744	4.26e-134	479
NC_003074.8:3987678-3988438	NC_003070.9	95.502	289	11	2	327	614	16341565	16341278	1.54e-128	460
NC_003074.8:3987678-3988438	NC_003070.9	93.448	290	16	3	327	614	16339845	16339557	1.57e-118	427
NC_003074.8:3987678-3988438	NC_003070.9	93.174	293	15	5	2	292	16342970	16342681	5.63e-118	425
NC_003074.8:3987678-3988438	NC_003070.9	92.949	156	6	4	1	153	12874369	12874216	7.93e-57	222
NC_003074.8:3987678-3988438	NC_003070.9	82.857	140	13	9	2	140	12875588	12875459	1.38e-24	115
NC_003074.8:3987678-3988438	NC_003076.8	90.530	792	39	15	2	760	347804	347016	0.0	1014
NC_003074.8:3987678-3988438	NC_003076.8	92.730	674	26	5	2	653	7352033	7352705	0.0	952
NC_003074.8:3987678-3988438	NC_003076.8	92.835	642	25	3	139	760	15715035	15715675	0.0	911
NC_003074.8:3987678-3988438	NC_003076.8	89.822	619	30	7	2	589	24345544	24344928	0.0	763
NC_003074.8:3987678-3988438	NC_003076.8	94.292	438	21	3	327	761	24344525	24344089	0.0	667
NC_003074.8:3987678-3988438	NC_003076.8	93.704	270	10	2	327	589	24344861	24344592	1.23e-109	398
NC_003074.8:3987678-3988438	NC_003076.8	91.667	156	8	4	1	153	15714945	15715098	1.72e-53	211
NC_003074.8:3080020-3080595	NC_003074.8	100.000	576	0	0	1	576	3080595	3080020	0.0	1064
NC_003074.8:3080020-3080595	NC_003074.8	92.513	561	40	2	11	571	16723678	16723120	0.0	802
NC_003074.8:3080020-3080595	NC_003074.8	88.792	571	57	6	3	571	10405394	10405959	0.0	693
NC_003074.8:3080020-3080595	NC_003074.8	88.482	573	55	10	1	571	23085527	23086090	0.0	682
NC_003074.8:3080020-3080595	NC_003074.8	87.952	581	52	12	7	574	6729497	6728922	0.0	669
NC_003074.8:3080020-3080595	NC_003074.8	88.070	570	61	6	4	571	14057123	14057687	0.0	669
NC_003074.8:3080020-3080595	NC_003074.8	88.266	571	50	10	5	571	21552658	21552101	0.0	667
NC_003074.8:3080020-3080595	NC_003074.8	87.986	566	61	7	8	571	11091000	11090440	0.0	662
NC_003074.8:3080020-3080595	NC_003074.8	87.587	572	60	9	4	572	16485870	16485307	0.0	652
NC_003074.8:3080020-3080595	NC_003074.8	87.762	572	48	7	5	571	10708625	10709179	0.0	649
NC_003074.8:3080020-3080595	NC_003074.8	87.652	575	47	14	5	575	7980633	7980079	0.0	647
NC_003074.8:3080020-3080595	NC_003074.8	87.368	570	65	6	5	572	19436871	19437435	0.0	647
NC_003074.8:3080020-3080595	NC_003074.8	87.814	558	59	7	17	572	18634492	18633942	0.0	645
NC_003074.8:3080020-3080595	NC_003074.8	87.631	574	45	16	2	573	11132198	11132747	0.0	643
NC_003074.8:3080020-3080595	NC_003074.8	87.676	568	43	13	5	571	4584756	4585297	0.0	636
NC_003074.8:3080020-3080595	NC_003074.8	86.934	574	64	9	3	571	5865862	5866429	0.0	634
NC_003074.8:3080020-3080595	NC_003074.8	86.700	594	48	12	3	572	19739755	19740341	8.32e-180	630
NC_003074.8:3080020-3080595	NC_003074.8	86.403	581	55	11	1	574	16405192	16405755	8.38e-175	614
NC_003074.8:3080020-3080595	NC_003074.8	86.106	583	61	9	5	571	10758580	10758002	1.08e-173	610
NC_003074.8:3080020-3080595	NC_003074.8	86.364	572	57	11	5	571	7766062	7766617	5.04e-172	604
NC_003074.8:3080020-3080595	NC_003074.8	87.477	543	41	12	5	547	423197	422682	6.53e-171	601
NC_003074.8:3080020-3080595	NC_003074.8	85.714	574	55	14	1	572	11315004	11315552	8.50e-165	580
NC_003074.8:3080020-3080595	NC_003074.8	87.980	391	41	4	188	576	15814110	15814496	1.49e-127	457
NC_003074.8:3080020-3080595	NC_003074.8	87.792	385	43	3	5	388	4579237	4579618	9.00e-125	448
NC_003074.8:3080020-3080595	NC_003074.8	89.212	241	23	3	336	574	11588873	11588634	9.59e-80	298
NC_003074.8:3080020-3080595	NC_003074.8	88.525	244	23	4	335	576	6940833	6940593	1.60e-77	291
NC_003074.8:3080020-3080595	NC_003074.8	87.967	241	25	4	336	574	10901411	10901649	9.66e-75	281
NC_003074.8:3080020-3080595	NC_003074.8	88.136	236	24	4	336	569	18495382	18495149	1.25e-73	278
NC_003074.8:3080020-3080595	NC_003074.8	89.252	214	20	3	335	547	18171178	18170967	9.72e-70	265
NC_003074.8:3080020-3080595	NC_003074.8	85.714	252	22	3	320	571	18885861	18885624	2.10e-66	254
NC_003074.8:3080020-3080595	NC_003074.8	88.942	208	18	5	336	540	16534644	16534439	7.57e-66	252
NC_003074.8:3080020-3080595	NC_003074.8	86.404	228	19	4	335	562	8329279	8329494	5.89e-62	239
NC_003074.8:3080020-3080595	NC_003074.8	88.000	175	18	3	399	572	7659106	7658934	2.15e-51	204
NC_003074.8:3080020-3080595	NC_003074.8	82.979	235	25	4	336	569	16902979	16903199	1.00e-49	198
NC_003074.8:3080020-3080595	NC_003074.8	86.857	175	21	2	148	322	18887431	18887259	1.29e-48	195
NC_003074.8:3080020-3080595	NC_003074.8	88.660	97	10	1	3	99	14285455	14285360	2.88e-25	117
NC_003074.8:3080020-3080595	NC_003074.8	84.158	101	14	2	1	99	15918695	15918595	3.75e-19	97.1
NC_003074.8:3080020-3080595	NC_003074.8	91.304	46	4	0	2	47	19537819	19537774	3.81e-09	63.9
NC_003074.8:3080020-3080595	NC_003071.7	94.930	572	27	2	5	576	2138820	2139389	0.0	894
NC_003074.8:3080020-3080595	NC_003071.7	93.855	537	28	2	5	540	4025413	4025945	0.0	804
NC_003074.8:3080020-3080595	NC_003071.7	89.123	570	56	5	5	573	5037751	5038315	0.0	704
NC_003074.8:3080020-3080595	NC_003071.7	88.174	575	48	10	3	575	13101808	13102364	0.0	667
NC_003074.8:3080020-3080595	NC_003071.7	87.884	586	37	10	6	573	1409588	1410157	0.0	658
NC_003074.8:3080020-3080595	NC_003071.7	87.368	570	64	5	3	571	1596917	1597479	0.0	647
NC_003074.8:3080020-3080595	NC_003071.7	87.478	575	50	12	5	576	12556654	12557209	0.0	643
NC_003074.8:3080020-3080595	NC_003071.7	87.413	572	47	15	2	572	1670337	1669790	0.0	634
NC_003074.8:3080020-3080595	NC_003071.7	87.260	573	46	10	1	571	9229184	9228637	2.99e-179	628
NC_003074.8:3080020-3080595	NC_003071.7	87.411	564	49	11	5	566	13885931	13886474	2.99e-179	628
NC_003074.8:3080020-3080595	NC_003071.7	86.403	581	70	7	1	576	5010656	5010080	1.08e-178	627
NC_003074.8:3080020-3080595	NC_003071.7	86.934	574	55	9	3	571	6207153	6206595	1.08e-178	627
NC_003074.8:3080020-3080595	NC_003071.7	86.783	575	53	16	4	575	9226026	9225472	1.80e-176	619
NC_003074.8:3080020-3080595	NC_003071.7	86.458	576	63	12	1	571	7340377	7340942	6.48e-176	617
NC_003074.8:3080020-3080595	NC_003071.7	88.224	518	49	9	23	534	17147641	17147130	3.90e-173	608
NC_003074.8:3080020-3080595	NC_003071.7	88.664	494	50	5	4	494	19172669	19172179	8.44e-170	597
NC_003074.8:3080020-3080595	NC_003071.7	85.989	571	54	15	3	571	19623100	19623646	5.08e-167	588
NC_003074.8:3080020-3080595	NC_003071.7	85.515	573	56	11	4	572	15134224	15134773	1.42e-162	573
NC_003074.8:3080020-3080595	NC_003071.7	86.719	512	46	11	3	514	19243137	19242648	2.40e-155	549
NC_003074.8:3080020-3080595	NC_003071.7	89.256	242	20	5	337	574	1383789	1383550	9.59e-80	298
NC_003074.8:3080020-3080595	NC_003071.7	89.121	239	23	3	336	572	1322206	1321969	1.24e-78	294
NC_003074.8:3080020-3080595	NC_003071.7	87.866	239	25	4	336	572	3197853	3197617	1.25e-73	278
NC_003074.8:3080020-3080595	NC_003071.7	87.892	223	24	3	2	223	9433088	9433308	4.52e-68	259
NC_003074.8:3080020-3080595	NC_003071.7	83.846	260	19	9	335	572	7351290	7351548	4.59e-58	226
NC_003074.8:3080020-3080595	NC_003071.7	91.837	147	10	2	425	571	9311474	9311618	2.15e-51	204
NC_003074.8:3080020-3080595	NC_003071.7	92.199	141	8	3	334	472	8173487	8173626	3.60e-49	196
NC_003074.8:3080020-3080595	NC_003071.7	84.507	213	17	5	336	547	9455967	9456164	3.60e-49	196
NC_003074.8:3080020-3080595	NC_003071.7	86.207	174	21	3	401	571	826101	826274	7.79e-46	185
NC_003074.8:3080020-3080595	NC_003071.7	90.780	141	9	3	334	472	10070312	10070174	7.79e-46	185
NC_003074.8:3080020-3080595	NC_003071.7	100.000	39	0	0	335	373	9311420	9311458	6.33e-12	73.1
NC_003074.8:3080020-3080595	NC_003070.9	94.097	576	30	2	1	576	5862946	5863517	0.0	872
NC_003074.8:3080020-3080595	NC_003070.9	92.416	567	28	2	5	571	20205905	20205354	0.0	795
NC_003074.8:3080020-3080595	NC_003070.9	90.669	568	50	2	5	571	21739641	21739076	0.0	752
NC_003074.8:3080020-3080595	NC_003070.9	90.104	576	49	6	5	576	13495989	13495418	0.0	741
NC_003074.8:3080020-3080595	NC_003070.9	90.334	569	47	8	5	571	23125693	23125131	0.0	739
NC_003074.8:3080020-3080595	NC_003070.9	88.928	569	54	8	5	571	12097456	12098017	0.0	693
NC_003074.8:3080020-3080595	NC_003070.9	89.312	552	51	5	24	571	25779690	25780237	0.0	686
NC_003074.8:3080020-3080595	NC_003070.9	88.462	572	50	11	3	571	26511228	26510670	0.0	676
NC_003074.8:3080020-3080595	NC_003070.9	88.848	547	55	3	2	547	4582995	4583536	0.0	667
NC_003074.8:3080020-3080595	NC_003070.9	88.462	572	41	10	1	571	29244138	29244685	0.0	667
NC_003074.8:3080020-3080595	NC_003070.9	87.801	582	52	11	6	572	17502231	17502808	0.0	664
NC_003074.8:3080020-3080595	NC_003070.9	87.762	572	49	9	4	573	19769023	19769575	0.0	649
NC_003074.8:3080020-3080595	NC_003070.9	87.873	569	44	8	5	571	22192007	22192552	0.0	645
NC_003074.8:3080020-3080595	NC_003070.9	87.478	575	52	9	2	571	27240716	27241275	0.0	645
NC_003074.8:3080020-3080595	NC_003070.9	88.014	559	45	14	4	547	6219141	6218590	0.0	641
NC_003074.8:3080020-3080595	NC_003070.9	87.324	568	54	8	5	571	4770665	4770115	0.0	634
NC_003074.8:3080020-3080595	NC_003070.9	87.215	571	53	12	3	571	21918432	21918984	2.31e-180	632
NC_003074.8:3080020-3080595	NC_003070.9	87.063	572	53	12	5	574	5899755	5899203	1.08e-178	627
NC_003074.8:3080020-3080595	NC_003070.9	86.482	577	55	9	1	571	540992	540433	3.01e-174	612
NC_003074.8:3080020-3080595	NC_003070.9	86.538	572	56	11	5	571	26880721	26881276	1.08e-173	610
NC_003074.8:3080020-3080595	NC_003070.9	86.467	569	55	12	5	571	10021962	10021414	5.04e-172	604
NC_003074.8:3080020-3080595	NC_003070.9	85.913	575	72	6	3	574	13811468	13810900	5.04e-172	604
NC_003074.8:3080020-3080595	NC_003070.9	85.938	576	60	13	2	574	11804098	11803541	3.04e-169	595
NC_003074.8:3080020-3080595	NC_003070.9	85.320	579	63	13	1	574	11732348	11732909	3.06e-164	579
NC_003074.8:3080020-3080595	NC_003070.9	84.708	582	61	14	1	574	10591986	10591425	1.43e-157	556
NC_003074.8:3080020-3080595	NC_003070.9	84.790	572	67	12	3	572	28891932	28891379	1.43e-157	556
NC_003074.8:3080020-3080595	NC_003070.9	87.680	487	41	10	84	569	10931002	10931470	2.40e-155	549
NC_003074.8:3080020-3080595	NC_003070.9	85.343	539	67	9	5	539	588027	587497	8.62e-155	547
NC_003074.8:3080020-3080595	NC_003070.9	84.041	589	54	20	2	571	24718471	24719038	8.68e-150	531
NC_003074.8:3080020-3080595	NC_003070.9	88.409	440	46	4	6	442	2587832	2587395	4.04e-148	525
NC_003074.8:3080020-3080595	NC_003070.9	84.055	577	57	11	4	573	24645518	24646066	1.45e-147	523
NC_003074.8:3080020-3080595	NC_003070.9	87.638	453	50	5	3	453	2986894	2986446	5.23e-147	521
NC_003074.8:3080020-3080595	NC_003070.9	83.421	573	54	20	5	573	10853200	10852665	1.14e-138	494
NC_003074.8:3080020-3080595	NC_003070.9	89.121	239	23	3	336	572	10579905	10580142	1.24e-78	294
NC_003074.8:3080020-3080595	NC_003070.9	88.750	240	24	3	335	572	8622993	8622755	1.60e-77	291
NC_003074.8:3080020-3080595	NC_003070.9	88.655	238	24	3	336	571	11669593	11669357	2.08e-76	287
NC_003074.8:3080020-3080595	NC_003070.9	88.430	242	21	5	335	571	20514334	20514573	7.46e-76	285
NC_003074.8:3080020-3080595	NC_003070.9	87.866	239	24	5	336	572	21128636	21128871	4.49e-73	276
NC_003074.8:3080020-3080595	NC_003070.9	89.720	214	19	3	336	547	3762754	3762966	2.09e-71	270
NC_003074.8:3080020-3080595	NC_003070.9	87.395	238	26	4	336	571	9418298	9418063	2.09e-71	270
NC_003074.8:3080020-3080595	NC_003070.9	86.561	253	18	7	326	576	2473131	2472893	9.72e-70	265
NC_003074.8:3080020-3080595	NC_003070.9	85.950	242	22	5	335	576	3251255	3251484	9.79e-65	248
NC_003074.8:3080020-3080595	NC_003070.9	85.957	235	28	5	3	234	12240503	12240735	3.52e-64	246
NC_003074.8:3080020-3080595	NC_003070.9	89.691	194	17	3	335	527	14013608	14013417	1.27e-63	244
NC_003074.8:3080020-3080595	NC_003070.9	89.773	176	15	3	400	574	14012982	14012809	5.94e-57	222
NC_003074.8:3080020-3080595	NC_003070.9	89.143	175	15	4	401	572	19741712	19741539	9.93e-55	215
NC_003074.8:3080020-3080595	NC_003075.7	92.537	536	36	3	5	540	824053	823522	0.0	765
NC_003074.8:3080020-3080595	NC_003075.7	89.878	573	51	6	3	573	5392285	5391718	0.0	730
NC_003074.8:3080020-3080595	NC_003075.7	88.792	571	56	7	3	571	1521255	1521819	0.0	693
NC_003074.8:3080020-3080595	NC_003075.7	88.831	573	44	5	4	574	6340023	6339469	0.0	686
NC_003074.8:3080020-3080595	NC_003075.7	88.246	570	59	7	5	572	6115341	6115904	0.0	675
NC_003074.8:3080020-3080595	NC_003075.7	91.278	493	40	2	3	494	6660985	6661475	0.0	669
NC_003074.8:3080020-3080595	NC_003075.7	88.091	571	48	10	4	572	9112131	9111579	0.0	660
NC_003074.8:3080020-3080595	NC_003075.7	87.018	570	66	6	4	571	572760	572197	0.0	636
NC_003074.8:3080020-3080595	NC_003075.7	87.346	569	49	12	3	571	15442196	15441651	8.32e-180	630
NC_003074.8:3080020-3080595	NC_003075.7	87.346	569	46	9	5	572	7034793	7034250	2.99e-179	628
NC_003074.8:3080020-3080595	NC_003075.7	86.426	582	55	14	5	572	12607047	12606476	2.33e-175	616
NC_003074.8:3080020-3080595	NC_003075.7	86.364	572	51	11	5	574	12365606	12365060	2.35e-170	599
NC_003074.8:3080020-3080595	NC_003075.7	88.121	463	50	4	5	466	8947760	8947302	3.10e-154	545
NC_003074.8:3080020-3080595	NC_003075.7	89.902	307	28	2	263	569	2553644	2553947	4.28e-108	392
NC_003074.8:3080020-3080595	NC_003075.7	89.388	245	20	5	336	576	8899727	8899969	2.06e-81	303
NC_003074.8:3080020-3080595	NC_003075.7	89.916	238	17	7	335	571	9193137	9193368	2.67e-80	300
NC_003074.8:3080020-3080595	NC_003075.7	89.167	240	22	4	335	573	6243585	6243821	3.45e-79	296
NC_003074.8:3080020-3080595	NC_003075.7	86.975	238	27	4	335	571	17501972	17502206	9.72e-70	265
NC_003074.8:3080020-3080595	NC_003075.7	88.660	194	19	3	336	527	8820042	8819850	2.74e-60	233
NC_003074.8:3080020-3080595	NC_003075.7	84.519	239	32	4	336	572	7231369	7231604	9.86e-60	231
NC_003074.8:3080020-3080595	NC_003075.7	86.550	171	20	3	402	571	6895116	6894948	7.79e-46	185
NC_003074.8:3080020-3080595	NC_003075.7	90.714	140	10	2	334	472	12699151	12699288	2.80e-45	183
NC_003074.8:3080020-3080595	NC_003075.7	85.616	146	11	8	401	545	12968056	12967920	1.32e-33	145
NC_003074.8:3080020-3080595	NC_003075.7	92.000	75	4	2	335	408	1100910	1100983	2.24e-21	104
NC_003074.8:3080020-3080595	NC_003075.7	83.871	93	15	0	2	94	7905768	7905860	6.28e-17	89.8
NC_003074.8:3080020-3080595	NC_003075.7	82.759	87	9	6	4	87	16377873	16377956	6.33e-12	73.1
NC_003074.8:3080020-3080595	NC_003075.7	84.615	65	7	3	2	65	9192540	9192602	1.37e-08	62.1
NC_003074.8:3080020-3080595	NC_003076.8	90.909	572	46	4	4	574	22621741	22621175	0.0	763
NC_003074.8:3080020-3080595	NC_003076.8	90.261	575	46	8	3	572	3566348	3566917	0.0	743
NC_003074.8:3080020-3080595	NC_003076.8	90.070	574	51	3	5	575	9068735	9068165	0.0	739
NC_003074.8:3080020-3080595	NC_003076.8	89.631	569	52	6	5	571	17726422	17726985	0.0	717
NC_003074.8:3080020-3080595	NC_003076.8	89.455	569	53	6	5	571	24448812	24449375	0.0	712
NC_003074.8:3080020-3080595	NC_003076.8	87.692	585	53	12	5	574	7417331	7417911	0.0	664
NC_003074.8:3080020-3080595	NC_003076.8	87.741	571	62	7	3	571	5625056	5625620	0.0	660
NC_003074.8:3080020-3080595	NC_003076.8	87.805	574	47	13	2	572	26787658	26787105	0.0	651
NC_003074.8:3080020-3080595	NC_003076.8	87.654	567	47	13	5	571	17043358	17043901	0.0	638
NC_003074.8:3080020-3080595	NC_003076.8	87.175	577	53	11	2	572	16870919	16871480	0.0	636
NC_003074.8:3080020-3080595	NC_003076.8	87.108	574	55	9	4	572	9558217	9557658	2.31e-180	632
NC_003074.8:3080020-3080595	NC_003076.8	87.108	574	54	10	1	572	19101554	19102109	2.31e-180	632
NC_003074.8:3080020-3080595	NC_003076.8	87.170	569	48	9	4	571	7701182	7700638	1.39e-177	623
NC_003074.8:3080020-3080595	NC_003076.8	86.701	579	54	12	4	576	14810270	14810831	5.01e-177	621
NC_003074.8:3080020-3080595	NC_003076.8	86.736	573	53	12	4	572	6420379	6419826	2.33e-175	616
NC_003074.8:3080020-3080595	NC_003076.8	86.949	567	48	16	4	569	16712850	16713391	8.38e-175	614
NC_003074.8:3080020-3080595	NC_003076.8	85.570	596	56	11	3	571	24117958	24118550	8.44e-170	597
NC_003074.8:3080020-3080595	NC_003076.8	87.833	526	43	14	31	541	26015332	26015851	8.44e-170	597
NC_003074.8:3080020-3080595	NC_003076.8	86.116	569	54	11	5	571	8748925	8749470	1.41e-167	590
NC_003074.8:3080020-3080595	NC_003076.8	85.590	576	55	10	1	574	14104212	14103663	3.06e-164	579
NC_003074.8:3080020-3080595	NC_003076.8	85.140	572	60	13	4	573	9854345	9854893	3.08e-159	562
NC_003074.8:3080020-3080595	NC_003076.8	85.088	570	47	15	5	571	15580807	15581341	8.62e-155	547
NC_003074.8:3080020-3080595	NC_003076.8	90.864	405	34	3	4	407	4936960	4937362	1.44e-152	540
NC_003074.8:3080020-3080595	NC_003076.8	84.615	572	48	20	1	571	7069985	7070517	2.41e-150	532
NC_003074.8:3080020-3080595	NC_003076.8	85.409	514	55	11	5	515	22335576	22335080	2.43e-145	516
NC_003074.8:3080020-3080595	NC_003076.8	90.537	391	34	3	5	394	706997	706609	8.74e-145	514
NC_003074.8:3080020-3080595	NC_003076.8	88.221	399	43	3	2	399	15882290	15882685	1.48e-132	473
NC_003074.8:3080020-3080595	NC_003076.8	90.845	284	23	3	291	574	6702204	6701924	1.20e-103	377
NC_003074.8:3080020-3080595	NC_003076.8	85.792	366	29	9	213	575	14395374	14395029	2.59e-100	366
NC_003074.8:3080020-3080595	NC_003076.8	85.792	366	29	9	213	575	14454673	14454328	2.59e-100	366
NC_003074.8:3080020-3080595	NC_003076.8	90.756	238	20	1	208	445	13678951	13678716	2.65e-85	316
NC_003074.8:3080020-3080595	NC_003076.8	90.795	239	18	4	335	572	20278848	20278613	2.65e-85	316
NC_003074.8:3080020-3080595	NC_003076.8	90.336	238	20	3	335	571	8602054	8601819	4.43e-83	309
NC_003074.8:3080020-3080595	NC_003076.8	90.254	236	18	5	335	569	13734261	13734492	2.06e-81	303
NC_003074.8:3080020-3080595	NC_003076.8	88.703	239	23	4	335	572	14080068	14080303	5.77e-77	289
NC_003074.8:3080020-3080595	NC_003076.8	87.764	237	25	4	336	569	7488328	7488093	1.62e-72	274
NC_003074.8:3080020-3080595	NC_003076.8	90.385	208	17	3	366	572	23129545	23129340	2.09e-71	270
NC_003074.8:3080020-3080595	NC_003076.8	87.554	233	25	4	4	234	13231668	13231898	2.70e-70	267
NC_003074.8:3080020-3080595	NC_003076.8	88.785	214	20	4	336	547	15535363	15535152	4.52e-68	259
NC_003074.8:3080020-3080595	NC_003076.8	86.307	241	30	3	336	574	22021624	22021863	4.52e-68	259
NC_003074.8:3080020-3080595	NC_003076.8	88.372	215	17	3	79	293	17885897	17885691	7.57e-66	252
NC_003074.8:3080020-3080595	NC_003076.8	84.307	274	20	8	299	571	24586805	24587056	3.52e-64	246
NC_003074.8:3080020-3080595	NC_003076.8	87.143	210	24	3	7	214	14395843	14395635	7.62e-61	235
NC_003074.8:3080020-3080595	NC_003076.8	87.143	210	24	3	7	214	14455142	14454934	7.62e-61	235
NC_003074.8:3080020-3080595	NC_003076.8	84.585	253	21	6	336	572	15031163	15030913	7.62e-61	235
NC_003074.8:3080020-3080595	NC_003076.8	85.909	220	27	4	1	218	6702422	6702205	9.86e-60	231
NC_003074.8:3080020-3080595	NC_003076.8	88.360	189	17	5	391	575	17481863	17482050	5.94e-57	222
NC_003074.8:3080020-3080595	NC_003076.8	83.122	237	22	6	335	570	19408598	19408379	2.78e-50	200
NC_003074.8:3080020-3080595	NC_003076.8	88.372	172	10	8	401	571	19114743	19114581	1.00e-49	198
NC_003074.8:3080020-3080595	NC_003076.8	92.199	141	8	3	334	472	9867494	9867633	3.60e-49	196
NC_003074.8:3080020-3080595	NC_003076.8	91.429	140	11	1	334	472	26893186	26893325	1.67e-47	191
NC_003074.8:3080020-3080595	NC_003076.8	90.000	140	11	3	1	138	20119597	20119735	1.30e-43	178
NC_003074.8:3080020-3080595	NC_003076.8	91.892	74	4	2	335	408	17955911	17955840	8.07e-21	102
NC_003074.8:3080020-3080595	NC_003076.8	80.537	149	7	8	335	461	26892275	26892423	1.35e-18	95.3
NC_003074.8:3080020-3080595	NC_003076.8	91.111	45	4	0	1	45	15536016	15535972	1.37e-08	62.1
NC_003074.8:3286456-3286816	NC_003074.8	100.000	361	0	0	1	361	3286456	3286816	0.0	667
NC_003074.8:3286456-3286816	NC_003074.8	82.086	374	45	14	1	361	8616129	8616493	1.63e-80	300
NC_003074.8:3536125-3537336	NC_003074.8	100.000	1212	0	0	1	1212	3537336	3536125	0.0	2239
NC_003074.8:3536125-3537336	NC_003074.8	92.683	82	6	0	605	686	3539965	3539884	1.73e-25	119
NC_003074.8:3536125-3537336	NC_003071.7	75.750	1266	228	48	1	1212	8342208	8340968	1.84e-159	564
NC_003074.8:5743841-5745577	NC_003074.8	100.000	1737	0	0	1	1737	5745577	5743841	0.0	3208
NC_003074.8:5743841-5745577	NC_003074.8	96.433	1710	45	2	1	1709	11536179	11537873	0.0	2806
NC_003074.8:5743841-5745577	NC_003074.8	95.570	1738	49	10	1	1735	17144159	17142447	0.0	2758
NC_003074.8:5743841-5745577	NC_003074.8	97.804	1093	18	2	1	1092	20786744	20787831	0.0	1881
NC_003074.8:5743841-5745577	NC_003074.8	92.799	1111	60	10	1	1091	17277470	17276360	0.0	1591
NC_003074.8:5743841-5745577	NC_003074.8	91.786	1120	60	11	1	1091	15937631	15938747	0.0	1530
NC_003074.8:5743841-5745577	NC_003074.8	91.213	1138	52	11	1	1091	10821101	10819965	0.0	1504
NC_003074.8:5743841-5745577	NC_003074.8	91.806	1074	64	12	39	1091	22118975	22120045	0.0	1474
NC_003074.8:5743841-5745577	NC_003074.8	92.008	1001	45	9	1	972	17300934	17299940	0.0	1373
NC_003074.8:5743841-5745577	NC_003074.8	93.213	943	42	9	170	1091	16562050	16562991	0.0	1367
NC_003074.8:5743841-5745577	NC_003074.8	93.891	753	20	10	340	1092	15452797	15452071	0.0	1112
NC_003074.8:5743841-5745577	NC_003074.8	97.072	649	16	3	1092	1737	15452101	15451453	0.0	1090
NC_003074.8:5743841-5745577	NC_003074.8	96.754	647	18	3	1092	1735	20787801	20788447	0.0	1075
NC_003074.8:5743841-5745577	NC_003074.8	94.308	650	32	5	1092	1737	17276389	17275741	0.0	990
NC_003074.8:5743841-5745577	NC_003074.8	93.683	649	36	5	1092	1735	18412651	18413299	0.0	966
NC_003074.8:5743841-5745577	NC_003074.8	93.653	646	35	6	1095	1736	10556774	10556131	0.0	961
NC_003074.8:5743841-5745577	NC_003074.8	93.653	646	32	7	1094	1735	9766997	9766357	0.0	957
NC_003074.8:5743841-5745577	NC_003074.8	93.231	650	38	6	1092	1735	18019278	18019927	0.0	952
NC_003074.8:5743841-5745577	NC_003074.8	93.231	650	35	9	1094	1735	13327934	13328582	0.0	948
NC_003074.8:5743841-5745577	NC_003074.8	93.034	646	41	4	1092	1733	17730585	17731230	0.0	941
NC_003074.8:5743841-5745577	NC_003074.8	92.627	651	36	8	1092	1737	22120016	22120659	0.0	926
NC_003074.8:5743841-5745577	NC_003074.8	92.604	649	30	8	1092	1735	16451945	16452580	0.0	917
NC_003074.8:5743841-5745577	NC_003074.8	92.438	648	33	11	1092	1735	17062021	17061386	0.0	911
NC_003074.8:5743841-5745577	NC_003074.8	92.012	651	44	8	1092	1736	3965500	3966148	0.0	907
NC_003074.8:5743841-5745577	NC_003074.8	93.193	617	34	6	1124	1736	9384377	9383765	0.0	900
NC_003074.8:5743841-5745577	NC_003074.8	91.467	668	30	12	1092	1733	16419786	16420452	0.0	893
NC_003074.8:5743841-5745577	NC_003074.8	91.538	650	47	7	1092	1737	17777422	17778067	0.0	889
NC_003074.8:5743841-5745577	NC_003074.8	91.796	646	40	11	1095	1736	10574986	10574350	0.0	887
NC_003074.8:5743841-5745577	NC_003074.8	92.369	629	38	10	1092	1711	10819994	10819367	0.0	887
NC_003074.8:5743841-5745577	NC_003074.8	92.628	624	28	6	441	1046	9385005	9384382	0.0	881
NC_003074.8:5743841-5745577	NC_003074.8	92.775	609	39	5	1092	1696	15938718	15939325	0.0	876
NC_003074.8:5743841-5745577	NC_003074.8	91.473	645	35	4	1095	1736	15485155	15484528	0.0	869
NC_003074.8:5743841-5745577	NC_003074.8	90.769	650	31	9	1091	1735	7995454	7994829	0.0	841
NC_003074.8:5743841-5745577	NC_003074.8	89.692	650	39	11	1092	1736	16562962	16563588	0.0	804
NC_003074.8:5743841-5745577	NC_003074.8	93.690	523	22	5	580	1091	11503603	11503081	0.0	773
NC_003074.8:5743841-5745577	NC_003074.8	92.308	533	33	2	580	1104	11967811	11968343	0.0	750
NC_003074.8:5743841-5745577	NC_003074.8	90.311	578	35	5	1	559	16880053	16880628	0.0	737
NC_003074.8:5743841-5745577	NC_003074.8	92.131	521	27	7	580	1092	16419302	16419816	0.0	723
NC_003074.8:5743841-5745577	NC_003074.8	94.816	463	21	3	1	460	9386003	9385541	0.0	719
NC_003074.8:5743841-5745577	NC_003074.8	89.810	579	34	9	1	559	18746534	18747107	0.0	719
NC_003074.8:5743841-5745577	NC_003074.8	89.273	578	40	6	1	559	9559435	9558861	0.0	704
NC_003074.8:5743841-5745577	NC_003074.8	91.221	524	34	3	580	1091	17776928	17777451	0.0	702
NC_003074.8:5743841-5745577	NC_003074.8	91.396	523	28	5	580	1091	17730098	17730614	0.0	701
NC_003074.8:5743841-5745577	NC_003074.8	93.534	464	29	1	1	463	16451130	16451593	0.0	689
NC_003074.8:5743841-5745577	NC_003074.8	93.404	470	19	4	633	1091	10320599	10321067	0.0	686
NC_003074.8:5743841-5745577	NC_003074.8	88.754	578	39	10	1	559	5622277	5622847	0.0	684
NC_003074.8:5743841-5745577	NC_003074.8	88.581	578	43	7	1	559	2629779	2629206	0.0	680
NC_003074.8:5743841-5745577	NC_003074.8	88.601	579	40	9	1	559	20484893	20484321	0.0	680
NC_003074.8:5743841-5745577	NC_003074.8	91.734	496	21	4	1	477	17062898	17062404	0.0	671
NC_003074.8:5743841-5745577	NC_003074.8	87.986	591	37	15	1	559	9890351	9890939	0.0	667
NC_003074.8:5743841-5745577	NC_003074.8	89.827	521	30	7	580	1091	9767475	9766969	0.0	647
NC_003074.8:5743841-5745577	NC_003074.8	88.587	552	36	11	34	559	16172928	16172378	0.0	645
NC_003074.8:5743841-5745577	NC_003074.8	86.172	593	49	12	1	563	3716591	3717180	3.37e-173	610
NC_003074.8:5743841-5745577	NC_003074.8	95.128	390	14	3	705	1091	16451587	16451974	3.37e-173	610
NC_003074.8:5743841-5745577	NC_003074.8	85.838	579	44	15	1	559	1370929	1370369	2.64e-164	580
NC_003074.8:5743841-5745577	NC_003074.8	94.430	377	19	1	717	1091	7995800	7995424	9.51e-164	579
NC_003074.8:5743841-5745577	NC_003074.8	93.369	377	23	1	717	1091	17062368	17061992	4.45e-157	556
NC_003074.8:5743841-5745577	NC_003074.8	88.916	415	29	7	1095	1506	11503107	11502707	9.85e-139	496
NC_003074.8:5743841-5745577	NC_003074.8	84.774	486	35	25	1	477	7996291	7995836	2.16e-125	451
NC_003074.8:5743841-5745577	NC_003074.8	94.792	288	14	1	1450	1736	11968331	11968618	2.80e-124	448
NC_003074.8:5743841-5745577	NC_003074.8	92.949	312	10	2	580	879	15485591	15485280	3.62e-123	444
NC_003074.8:5743841-5745577	NC_003074.8	91.503	306	15	2	580	874	10557188	10556883	3.67e-113	411
NC_003074.8:5743841-5745577	NC_003074.8	93.985	266	14	2	1092	1355	10321038	10321303	2.21e-110	401
NC_003074.8:5743841-5745577	NC_003074.8	86.423	383	31	9	196	559	10404825	10405205	7.94e-110	399
NC_003074.8:5743841-5745577	NC_003074.8	89.873	316	20	3	580	884	10575400	10575086	1.03e-108	396
NC_003074.8:5743841-5745577	NC_003074.8	95.652	230	10	0	1471	1700	11200951	11201180	6.23e-101	370
NC_003074.8:5743841-5745577	NC_003074.8	90.514	253	11	4	1495	1735	8757570	8757821	1.77e-86	322
NC_003074.8:5743841-5745577	NC_003074.8	94.318	176	9	1	343	518	9385008	9385182	2.34e-70	268
NC_003074.8:5743841-5745577	NC_003074.8	93.605	172	11	0	920	1091	17299583	17299412	5.06e-67	257
NC_003074.8:5743841-5745577	NC_003074.8	93.605	172	11	0	920	1091	18019136	18019307	5.06e-67	257
NC_003074.8:5743841-5745577	NC_003074.8	93.605	172	11	0	920	1091	18412509	18412680	5.06e-67	257
NC_003074.8:5743841-5745577	NC_003074.8	93.605	172	10	1	920	1091	3965358	3965528	1.82e-66	255
NC_003074.8:5743841-5745577	NC_003074.8	93.064	173	10	2	920	1091	13327791	13327962	2.35e-65	252
NC_003074.8:5743841-5745577	NC_003074.8	91.444	187	7	2	580	757	13327592	13327778	3.04e-64	248
NC_003074.8:5743841-5745577	NC_003074.8	94.304	158	7	2	1095	1251	17299438	17299282	5.09e-62	241
NC_003074.8:5743841-5745577	NC_003074.8	85.465	172	10	3	920	1091	1571723	1571879	3.15e-39	165
NC_003074.8:5743841-5745577	NC_003074.8	92.308	104	6	2	1149	1251	1571893	1571995	1.14e-33	147
NC_003074.8:5743841-5745577	NC_003074.8	80.909	110	8	8	1206	1314	15667806	15667709	5.47e-12	75.0
NC_003074.8:5743841-5745577	NC_003074.8	97.436	39	1	0	1	39	17397053	17397015	9.15e-10	67.6
NC_003074.8:5743841-5745577	NC_003074.8	100.000	29	0	0	1	29	22118948	22118976	7.12e-06	54.7
NC_003074.8:5743841-5745577	NC_003070.9	95.673	1479	45	6	1	1476	11737046	11735584	0.0	2359
NC_003074.8:5743841-5745577	NC_003070.9	92.019	1441	59	29	316	1735	15939773	15941178	0.0	1973
NC_003074.8:5743841-5745577	NC_003070.9	96.618	1094	35	2	1	1092	19995389	19994296	0.0	1814
NC_003074.8:5743841-5745577	NC_003070.9	94.065	1112	45	8	1	1092	8115114	8116224	0.0	1668
NC_003074.8:5743841-5745577	NC_003070.9	93.094	1115	55	12	1	1094	13017563	13016450	0.0	1613
NC_003074.8:5743841-5745577	NC_003070.9	93.069	1111	49	9	1	1085	13059168	13060276	0.0	1600
NC_003074.8:5743841-5745577	NC_003070.9	92.540	1126	48	10	1	1092	16904123	16905246	0.0	1581
NC_003074.8:5743841-5745577	NC_003070.9	92.838	1103	52	6	1	1076	9816555	9817657	0.0	1574
NC_003074.8:5743841-5745577	NC_003070.9	92.799	1097	47	8	1	1091	11700041	11701111	0.0	1559
NC_003074.8:5743841-5745577	NC_003070.9	92.218	1118	55	14	1	1091	22450276	22451388	0.0	1554
NC_003074.8:5743841-5745577	NC_003070.9	91.439	1133	52	12	1	1091	30255178	30254049	0.0	1513
NC_003074.8:5743841-5745577	NC_003070.9	92.301	1078	51	11	1	1057	501030	499964	0.0	1502
NC_003074.8:5743841-5745577	NC_003070.9	91.013	1135	57	11	1	1091	7035536	7036669	0.0	1489
NC_003074.8:5743841-5745577	NC_003070.9	90.933	1136	45	17	1	1091	26171135	26170013	0.0	1474
NC_003074.8:5743841-5745577	NC_003070.9	90.129	1165	67	21	582	1735	3413713	3414840	0.0	1471
NC_003074.8:5743841-5745577	NC_003070.9	90.731	1122	56	13	1	1076	17900208	17901327	0.0	1452
NC_003074.8:5743841-5745577	NC_003070.9	90.285	1122	61	13	1	1076	9867079	9865960	0.0	1424
NC_003074.8:5743841-5745577	NC_003070.9	92.308	1001	42	10	1	972	30252762	30251768	0.0	1389
NC_003074.8:5743841-5745577	NC_003070.9	92.208	1001	43	10	1	972	22993716	22992722	0.0	1384
NC_003074.8:5743841-5745577	NC_003070.9	92.108	1001	44	12	1	972	12329709	12328715	0.0	1378
NC_003074.8:5743841-5745577	NC_003070.9	92.423	937	44	18	169	1091	18791323	18792246	0.0	1312
NC_003074.8:5743841-5745577	NC_003070.9	91.027	925	36	17	1	881	19328921	19328000	0.0	1205
NC_003074.8:5743841-5745577	NC_003070.9	93.430	761	33	4	1	744	19063004	19063764	0.0	1112
NC_003074.8:5743841-5745577	NC_003070.9	96.764	649	17	4	1092	1737	19994326	19993679	0.0	1079
NC_003074.8:5743841-5745577	NC_003070.9	94.582	646	30	5	1095	1735	19768635	19767990	0.0	994
NC_003074.8:5743841-5745577	NC_003070.9	94.145	649	32	6	1092	1735	19063945	19064592	0.0	983
NC_003074.8:5743841-5745577	NC_003070.9	94.136	648	33	5	1092	1736	23876624	23877269	0.0	981
NC_003074.8:5743841-5745577	NC_003070.9	93.991	649	31	7	1092	1735	11701082	11701727	0.0	976
NC_003074.8:5743841-5745577	NC_003070.9	93.731	654	32	7	1092	1737	7036640	7037292	0.0	972
NC_003074.8:5743841-5745577	NC_003070.9	93.837	649	35	5	1092	1736	22451359	22452006	0.0	972
NC_003074.8:5743841-5745577	NC_003070.9	93.712	652	34	7	1092	1737	4786607	4787257	0.0	970
NC_003074.8:5743841-5745577	NC_003070.9	94.551	624	30	4	1092	1711	8116194	8116817	0.0	961
NC_003074.8:5743841-5745577	NC_003070.9	94.006	634	33	5	1107	1736	9817643	9818275	0.0	955
NC_003074.8:5743841-5745577	NC_003070.9	89.354	789	41	17	580	1355	12876772	12876014	0.0	952
NC_003074.8:5743841-5745577	NC_003070.9	93.220	649	34	9	1092	1735	13060253	13060896	0.0	946
NC_003074.8:5743841-5745577	NC_003070.9	92.923	650	40	6	1092	1736	18792217	18792865	0.0	941
NC_003074.8:5743841-5745577	NC_003070.9	92.912	649	41	5	1092	1735	16905216	16905864	0.0	939
NC_003074.8:5743841-5745577	NC_003070.9	93.574	638	28	11	1107	1737	17901313	17901944	0.0	939
NC_003074.8:5743841-5745577	NC_003070.9	92.923	650	38	7	1092	1735	26170042	26169395	0.0	939
NC_003074.8:5743841-5745577	NC_003070.9	93.407	637	32	9	1107	1737	9865974	9865342	0.0	935
NC_003074.8:5743841-5745577	NC_003070.9	92.769	650	30	8	1092	1736	19465726	19465089	0.0	924
NC_003074.8:5743841-5745577	NC_003070.9	92.593	648	39	9	1092	1735	19327879	19327237	0.0	922
NC_003074.8:5743841-5745577	NC_003070.9	92.627	651	29	8	1092	1735	16326665	16327303	0.0	918
NC_003074.8:5743841-5745577	NC_003070.9	92.473	651	33	11	1090	1737	12562864	12562227	0.0	917
NC_003074.8:5743841-5745577	NC_003070.9	92.473	651	32	8	1092	1737	12365356	12365994	0.0	915
NC_003074.8:5743841-5745577	NC_003070.9	93.990	599	23	9	1143	1737	499960	499371	0.0	894
NC_003074.8:5743841-5745577	NC_003070.9	92.093	645	36	6	1094	1735	16825738	16826370	0.0	894
NC_003074.8:5743841-5745577	NC_003070.9	91.859	651	35	9	1092	1737	23214884	23215521	0.0	893
NC_003074.8:5743841-5745577	NC_003070.9	92.138	636	36	7	1113	1736	14309396	14308763	0.0	885
NC_003074.8:5743841-5745577	NC_003070.9	91.680	649	33	10	1092	1735	13016483	13015851	0.0	880
NC_003074.8:5743841-5745577	NC_003070.9	91.512	648	42	8	1092	1735	28161684	28162322	0.0	880
NC_003074.8:5743841-5745577	NC_003070.9	94.474	561	29	2	1	559	19062310	19062870	0.0	863
NC_003074.8:5743841-5745577	NC_003070.9	92.989	542	30	8	1202	1737	8489951	8489412	0.0	784
NC_003074.8:5743841-5745577	NC_003070.9	93.654	520	25	1	580	1091	16998385	16997866	0.0	771
NC_003074.8:5743841-5745577	NC_003070.9	92.066	542	35	7	1202	1736	25963004	25962464	0.0	756
NC_003074.8:5743841-5745577	NC_003070.9	89.965	578	36	6	1	559	17552751	17552177	0.0	726
NC_003074.8:5743841-5745577	NC_003070.9	90.035	572	36	5	7	559	1976911	1976342	0.0	721
NC_003074.8:5743841-5745577	NC_003070.9	94.397	464	25	1	1	463	4785791	4786254	0.0	712
NC_003074.8:5743841-5745577	NC_003070.9	89.273	578	40	12	1	559	19085332	19085906	0.0	704
NC_003074.8:5743841-5745577	NC_003070.9	89.273	578	40	10	1	559	19173571	19172997	0.0	704
NC_003074.8:5743841-5745577	NC_003070.9	91.221	524	29	8	1216	1735	18790338	18790848	0.0	697
NC_003074.8:5743841-5745577	NC_003070.9	88.927	578	41	7	1	559	29320483	29319910	0.0	691
NC_003074.8:5743841-5745577	NC_003070.9	91.103	517	32	5	580	1085	28161194	28161707	0.0	688
NC_003074.8:5743841-5745577	NC_003070.9	92.339	496	17	6	1	477	12364480	12364973	0.0	686
NC_003074.8:5743841-5745577	NC_003070.9	88.754	578	41	8	1	559	14299595	14299023	0.0	686
NC_003074.8:5743841-5745577	NC_003070.9	88.428	579	43	8	1	559	3074476	3073902	0.0	676
NC_003074.8:5743841-5745577	NC_003070.9	88.235	578	46	6	1	559	6736112	6736686	0.0	671
NC_003074.8:5743841-5745577	NC_003070.9	88.276	580	41	11	1	559	17477	18050	0.0	669
NC_003074.8:5743841-5745577	NC_003070.9	91.532	496	22	9	1	477	12563737	12563243	0.0	665
NC_003074.8:5743841-5745577	NC_003070.9	88.235	578	38	11	1	559	12855760	12855194	0.0	664
NC_003074.8:5743841-5745577	NC_003070.9	87.889	578	48	6	1	559	8291338	8290764	0.0	660
NC_003074.8:5743841-5745577	NC_003070.9	91.383	499	17	8	1	477	19466603	19466109	0.0	660
NC_003074.8:5743841-5745577	NC_003070.9	91.331	496	18	7	1	477	16824863	16825352	0.0	654
NC_003074.8:5743841-5745577	NC_003070.9	90.982	499	18	10	1	477	23214011	23214504	0.0	647
NC_003074.8:5743841-5745577	NC_003070.9	90.782	499	20	8	1	477	16325789	16326283	0.0	643
NC_003074.8:5743841-5745577	NC_003070.9	88.931	533	39	4	1	514	2234920	2234389	0.0	640
NC_003074.8:5743841-5745577	NC_003070.9	93.240	429	24	5	1092	1516	30254078	30253651	3.35e-178	627
NC_003074.8:5743841-5745577	NC_003070.9	86.441	590	47	12	1	559	16807332	16807919	7.25e-175	616
NC_003074.8:5743841-5745577	NC_003070.9	92.290	428	25	8	1312	1735	23554214	23553791	2.03e-170	601
NC_003074.8:5743841-5745577	NC_003070.9	94.960	377	17	2	717	1092	12563207	12562832	4.39e-167	590
NC_003074.8:5743841-5745577	NC_003070.9	94.517	383	17	2	711	1091	4786256	4786636	1.58e-166	588
NC_003074.8:5743841-5745577	NC_003070.9	93.069	404	24	2	691	1091	19769011	19768609	1.58e-166	588
NC_003074.8:5743841-5745577	NC_003070.9	94.241	382	20	1	712	1091	23214532	23214913	7.35e-165	582
NC_003074.8:5743841-5745577	NC_003070.9	94.010	384	19	3	712	1091	16326311	16326694	9.51e-164	579
NC_003074.8:5743841-5745577	NC_003070.9	94.444	378	17	3	717	1091	16825388	16825764	9.51e-164	579
NC_003074.8:5743841-5745577	NC_003070.9	93.899	377	21	1	717	1091	12365009	12365385	2.06e-160	568
NC_003074.8:5743841-5745577	NC_003070.9	91.080	426	22	5	558	972	22621801	22621381	9.57e-159	562
NC_003074.8:5743841-5745577	NC_003070.9	93.067	375	23	2	720	1091	19466071	19465697	9.64e-154	545
NC_003074.8:5743841-5745577	NC_003070.9	86.345	498	36	13	1	467	16806487	16806983	2.72e-144	514
NC_003074.8:5743841-5745577	NC_003070.9	84.444	495	43	16	1	466	13261863	13261374	4.65e-127	457
NC_003074.8:5743841-5745577	NC_003070.9	87.404	389	27	6	190	559	23174140	23174525	3.64e-118	427
NC_003074.8:5743841-5745577	NC_003070.9	92.282	298	22	1	1	298	18746801	18746505	1.70e-116	422
NC_003074.8:5743841-5745577	NC_003070.9	95.076	264	10	3	1095	1355	16997892	16997629	1.02e-113	412
NC_003074.8:5743841-5745577	NC_003070.9	91.729	266	19	3	296	559	18746460	18746196	8.06e-100	366
NC_003074.8:5743841-5745577	NC_003070.9	96.413	223	7	1	1514	1735	30253364	30253142	8.06e-100	366
NC_003074.8:5743841-5745577	NC_003070.9	95.135	185	8	1	911	1094	19063794	19063978	4.99e-77	291
NC_003074.8:5743841-5745577	NC_003070.9	84.326	319	18	15	920	1237	22621025	22620738	8.35e-75	283
NC_003074.8:5743841-5745577	NC_003070.9	94.767	172	9	0	920	1091	22992366	22992195	2.34e-70	268
NC_003074.8:5743841-5745577	NC_003070.9	93.605	172	11	0	920	1091	12328360	12328189	5.06e-67	257
NC_003074.8:5743841-5745577	NC_003070.9	92.442	172	13	0	920	1091	23876482	23876653	1.10e-63	246
NC_003074.8:5743841-5745577	NC_003070.9	92.442	172	13	0	920	1091	30251412	30251241	1.10e-63	246
NC_003074.8:5743841-5745577	NC_003070.9	91.758	182	7	1	580	753	30251610	30251429	1.10e-63	246
NC_003074.8:5743841-5745577	NC_003070.9	92.453	159	9	3	1095	1251	22992221	22992064	5.13e-57	224
NC_003074.8:5743841-5745577	NC_003070.9	93.878	147	7	2	1094	1239	12328217	12328072	6.64e-56	220
NC_003074.8:5743841-5745577	NC_003070.9	95.161	124	6	0	1	124	22621961	22621838	1.12e-48	196
NC_003074.8:5743841-5745577	NC_003070.9	95.690	116	5	0	1	116	15939668	15939783	6.73e-46	187
NC_003074.8:5743841-5745577	NC_003070.9	98.438	64	1	0	1	64	18791271	18791334	1.16e-23	113
NC_003074.8:5743841-5745577	NC_003070.9	89.041	73	7	1	580	652	18790258	18790329	1.95e-16	89.8
NC_003074.8:5743841-5745577	NC_003075.7	96.986	1095	29	4	1	1092	8730108	8729015	0.0	1836
NC_003074.8:5743841-5745577	NC_003075.7	93.435	1112	52	9	1	1092	1349930	1351040	0.0	1629
NC_003074.8:5743841-5745577	NC_003075.7	93.255	1112	54	11	1	1091	11361215	11362326	0.0	1618
NC_003074.8:5743841-5745577	NC_003075.7	92.986	1112	54	9	1	1091	5541044	5539936	0.0	1600
NC_003074.8:5743841-5745577	NC_003075.7	92.439	1111	46	9	1	1091	4146470	4147562	0.0	1552
NC_003074.8:5743841-5745577	NC_003075.7	91.549	1136	46	17	1	1091	8063955	8065085	0.0	1520
NC_003074.8:5743841-5745577	NC_003075.7	90.829	1134	58	12	1	1091	1001662	1000532	0.0	1476
NC_003074.8:5743841-5745577	NC_003075.7	89.761	1172	73	22	580	1735	6166306	6165166	0.0	1456
NC_003074.8:5743841-5745577	NC_003075.7	89.438	1174	75	25	580	1736	371928	370787	0.0	1435
NC_003074.8:5743841-5745577	NC_003075.7	91.234	924	34	9	1	879	10397041	10396120	0.0	1214
NC_003074.8:5743841-5745577	NC_003075.7	97.059	646	16	3	1092	1735	8729045	8728401	0.0	1085
NC_003074.8:5743841-5745577	NC_003075.7	94.769	650	27	7	1092	1736	1351010	1351657	0.0	1005
NC_003074.8:5743841-5745577	NC_003075.7	94.769	650	27	6	1092	1735	5539965	5539317	0.0	1005
NC_003074.8:5743841-5745577	NC_003075.7	94.272	646	32	5	1095	1736	11192918	11192274	0.0	983
NC_003074.8:5743841-5745577	NC_003075.7	94.000	650	32	7	1092	1736	683712	684359	0.0	977
NC_003074.8:5743841-5745577	NC_003075.7	93.856	651	35	5	1092	1737	8065056	8065706	0.0	976
NC_003074.8:5743841-5745577	NC_003075.7	93.702	651	36	5	1092	1737	16863911	16863261	0.0	970
NC_003074.8:5743841-5745577	NC_003075.7	93.538	650	36	6	1092	1735	10395998	10395349	0.0	963
NC_003074.8:5743841-5745577	NC_003075.7	93.548	651	35	6	1092	1736	11362297	11362946	0.0	963
NC_003074.8:5743841-5745577	NC_003075.7	93.088	651	37	8	1092	1735	4147533	4148182	0.0	946
NC_003074.8:5743841-5745577	NC_003075.7	91.796	646	40	8	1094	1733	1000560	999922	0.0	887
NC_003074.8:5743841-5745577	NC_003075.7	93.474	521	25	2	580	1091	11193412	11192892	0.0	765
NC_003074.8:5743841-5745577	NC_003075.7	89.792	578	37	9	1	559	314036	313462	0.0	721
NC_003074.8:5743841-5745577	NC_003075.7	94.397	464	25	1	1	463	16864727	16864264	0.0	712
NC_003074.8:5743841-5745577	NC_003075.7	90.824	534	31	12	1212	1737	14390783	14390260	0.0	699
NC_003074.8:5743841-5745577	NC_003075.7	88.774	579	43	10	1	559	9439018	9439594	0.0	689
NC_003074.8:5743841-5745577	NC_003075.7	92.952	454	29	3	1095	1546	964858	964406	0.0	658
NC_003074.8:5743841-5745577	NC_003075.7	86.678	578	50	9	1	559	2621663	2621094	7.25e-175	616
NC_003074.8:5743841-5745577	NC_003075.7	94.832	387	15	3	711	1094	16864262	16863878	7.30e-170	599
NC_003074.8:5743841-5745577	NC_003075.7	91.383	441	17	9	1	423	9763469	9763032	2.04e-165	584
NC_003074.8:5743841-5745577	NC_003075.7	90.498	442	19	10	1	423	9842263	9841826	9.57e-159	562
NC_003074.8:5743841-5745577	NC_003075.7	88.778	401	27	11	1312	1708	7853308	7852922	1.28e-132	475
NC_003074.8:5743841-5745577	NC_003075.7	93.624	298	17	2	1	298	6279246	6279541	3.62e-123	444
NC_003074.8:5743841-5745577	NC_003075.7	92.929	297	20	1	1	297	6178694	6178989	2.82e-119	431
NC_003074.8:5743841-5745577	NC_003075.7	91.318	311	17	3	577	878	965643	965334	7.89e-115	416
NC_003074.8:5743841-5745577	NC_003075.7	93.478	230	14	1	863	1091	965061	964832	4.88e-92	340
NC_003074.8:5743841-5745577	NC_003075.7	88.327	257	27	3	296	550	3893999	3893744	1.78e-81	305
NC_003074.8:5743841-5745577	NC_003075.7	75.762	623	109	29	1092	1707	7572252	7572839	1.40e-72	276
NC_003074.8:5743841-5745577	NC_003075.7	77.407	509	77	28	1156	1651	7593705	7593222	2.34e-70	268
NC_003074.8:5743841-5745577	NC_003075.7	91.623	191	14	2	1546	1735	963863	963674	1.09e-68	263
NC_003074.8:5743841-5745577	NC_003075.7	93.605	172	11	0	920	1091	683570	683741	5.06e-67	257
NC_003074.8:5743841-5745577	NC_003075.7	75.216	464	86	20	1247	1703	2262877	2262436	1.45e-47	193
NC_003074.8:5743841-5745577	NC_003075.7	78.201	289	49	14	1454	1735	12335549	12335830	1.89e-41	172
NC_003074.8:5743841-5745577	NC_003075.7	93.043	115	8	0	580	694	8802284	8802398	2.44e-40	169
NC_003074.8:5743841-5745577	NC_003075.7	93.684	95	4	1	1140	1232	8802411	8802505	5.32e-32	141
NC_003074.8:5743841-5745577	NC_003075.7	92.553	94	7	0	345	438	6280372	6280465	2.47e-30	135
NC_003074.8:5743841-5745577	NC_003075.7	97.500	40	1	0	580	619	14390831	14390792	2.54e-10	69.4
NC_003074.8:5743841-5745577	NC_003071.7	96.889	1093	33	1	1	1092	13908376	13907284	0.0	1829
NC_003074.8:5743841-5745577	NC_003071.7	93.268	1114	52	9	1	1092	500330	501442	0.0	1620
NC_003074.8:5743841-5745577	NC_003071.7	93.069	1111	55	12	1	1091	396310	395202	0.0	1605
NC_003074.8:5743841-5745577	NC_003071.7	93.004	1115	53	10	1	1092	11286795	11285683	0.0	1604
NC_003074.8:5743841-5745577	NC_003071.7	92.902	1113	55	8	1	1091	17254887	17253777	0.0	1596
NC_003074.8:5743841-5745577	NC_003071.7	91.894	1135	47	10	1	1091	13267258	13268391	0.0	1544
NC_003074.8:5743841-5745577	NC_003071.7	93.133	1034	46	14	1	1012	13337734	13336704	0.0	1493
NC_003074.8:5743841-5745577	NC_003071.7	90.535	1141	56	18	1	1091	12801339	12802477	0.0	1461
NC_003074.8:5743841-5745577	NC_003071.7	90.877	1118	52	10	1	1091	12094079	12092985	0.0	1454
NC_003074.8:5743841-5745577	NC_003071.7	90.405	1136	52	15	1	1091	6925032	6923909	0.0	1441
NC_003074.8:5743841-5745577	NC_003071.7	91.268	1065	58	15	1	1043	707788	708839	0.0	1419
NC_003074.8:5743841-5745577	NC_003071.7	91.193	1056	50	23	691	1737	6663102	6664123	0.0	1395
NC_003074.8:5743841-5745577	NC_003071.7	89.544	899	47	25	850	1736	7960700	7961563	0.0	1096
NC_003074.8:5743841-5745577	NC_003071.7	97.214	646	14	4	1092	1733	13907314	13906669	0.0	1090
NC_003074.8:5743841-5745577	NC_003071.7	94.946	653	28	5	1088	1735	501408	502060	0.0	1018
NC_003074.8:5743841-5745577	NC_003071.7	94.607	649	28	7	1092	1735	13336470	13335824	0.0	998
NC_003074.8:5743841-5745577	NC_003071.7	93.683	649	34	7	1092	1735	12802448	12803094	0.0	965
NC_003074.8:5743841-5745577	NC_003071.7	93.548	651	35	7	1092	1737	7112282	7112930	0.0	963
NC_003074.8:5743841-5745577	NC_003071.7	93.529	649	37	5	1092	1735	17253806	17253158	0.0	961
NC_003074.8:5743841-5745577	NC_003071.7	93.498	646	36	6	1095	1735	6100876	6100232	0.0	955
NC_003074.8:5743841-5745577	NC_003071.7	93.220	649	38	6	1092	1735	6923938	6923291	0.0	950
NC_003074.8:5743841-5745577	NC_003071.7	92.912	649	35	9	1092	1733	709427	710071	0.0	933
NC_003074.8:5743841-5745577	NC_003071.7	91.557	687	41	7	1	670	7154391	7153705	0.0	931
NC_003074.8:5743841-5745577	NC_003071.7	92.627	651	41	7	1092	1737	395231	394583	0.0	929
NC_003074.8:5743841-5745577	NC_003071.7	92.758	649	37	9	1092	1735	13268362	13269005	0.0	929
NC_003074.8:5743841-5745577	NC_003071.7	93.974	614	33	4	1092	1702	12093014	12092402	0.0	926
NC_003074.8:5743841-5745577	NC_003071.7	92.615	650	30	9	1092	1736	543530	544166	0.0	918
NC_003074.8:5743841-5745577	NC_003071.7	92.272	647	43	7	1095	1735	7814047	7813402	0.0	911
NC_003074.8:5743841-5745577	NC_003071.7	92.271	634	43	6	1092	1722	6803751	6804381	0.0	894
NC_003074.8:5743841-5745577	NC_003071.7	91.808	647	42	9	1095	1735	3212966	3212325	0.0	891
NC_003074.8:5743841-5745577	NC_003071.7	91.628	645	49	5	1095	1735	7168873	7168230	0.0	887
NC_003074.8:5743841-5745577	NC_003071.7	91.948	621	36	5	1092	1710	14335006	14335614	0.0	857
NC_003074.8:5743841-5745577	NC_003071.7	93.411	516	28	5	580	1091	7814534	7814021	0.0	760
NC_003074.8:5743841-5745577	NC_003071.7	90.311	578	35	5	1	559	12555959	12555384	0.0	737
NC_003074.8:5743841-5745577	NC_003071.7	89.619	578	38	6	1	559	5466772	5466198	0.0	715
NC_003074.8:5743841-5745577	NC_003071.7	89.637	579	37	7	1	559	10468840	10468265	0.0	715
NC_003074.8:5743841-5745577	NC_003071.7	91.363	521	36	3	580	1091	7169367	7168847	0.0	704
NC_003074.8:5743841-5745577	NC_003071.7	89.119	579	40	7	1	559	1460678	1460103	0.0	699
NC_003074.8:5743841-5745577	NC_003071.7	92.339	496	18	5	1	477	14334130	14334624	0.0	688
NC_003074.8:5743841-5745577	NC_003071.7	93.377	453	25	5	1092	1540	11285713	11285262	0.0	665
NC_003074.8:5743841-5745577	NC_003071.7	92.358	458	30	5	1140	1593	3564666	3565122	0.0	647
NC_003074.8:5743841-5745577	NC_003071.7	88.931	533	39	4	1	514	19196510	19195979	0.0	640
NC_003074.8:5743841-5745577	NC_003071.7	90.381	499	22	10	1	477	542653	543147	7.19e-180	632
NC_003074.8:5743841-5745577	NC_003071.7	94.723	379	19	1	714	1091	14334657	14335035	1.58e-166	588
NC_003074.8:5743841-5745577	NC_003071.7	93.506	385	20	3	712	1091	543175	543559	2.06e-160	568
NC_003074.8:5743841-5745577	NC_003071.7	86.578	529	45	21	1	522	11399130	11398621	3.44e-158	560
NC_003074.8:5743841-5745577	NC_003071.7	94.101	356	19	1	738	1091	6803425	6803780	4.49e-152	540
NC_003074.8:5743841-5745577	NC_003071.7	88.503	461	32	6	1	443	6099775	6100232	1.61e-151	538
NC_003074.8:5743841-5745577	NC_003071.7	94.697	264	14	0	828	1091	13336704	13336441	3.67e-113	411
NC_003074.8:5743841-5745577	NC_003071.7	95.294	255	12	0	1452	1706	3565124	3565378	1.71e-111	405
NC_003074.8:5743841-5745577	NC_003071.7	92.171	281	20	2	1456	1735	2962573	2962294	1.03e-108	396
NC_003074.8:5743841-5745577	NC_003071.7	90.602	266	22	3	296	559	6383668	6383404	8.11e-95	350
NC_003074.8:5743841-5745577	NC_003071.7	94.767	172	9	0	920	1091	4024558	4024729	2.34e-70	268
NC_003074.8:5743841-5745577	NC_003071.7	94.767	172	9	0	920	1091	7112140	7112311	2.34e-70	268
NC_003074.8:5743841-5745577	NC_003071.7	96.855	159	4	1	1578	1735	11285273	11285115	3.02e-69	265
NC_003074.8:5743841-5745577	NC_003071.7	93.605	172	11	0	920	1091	980261	980090	5.06e-67	257
NC_003074.8:5743841-5745577	NC_003071.7	93.567	171	10	1	920	1090	6101020	6100851	6.54e-66	254
NC_003074.8:5743841-5745577	NC_003071.7	93.168	161	9	2	1092	1251	4024700	4024859	2.37e-60	235
NC_003074.8:5743841-5745577	NC_003071.7	91.824	159	10	3	1095	1251	980116	979959	2.39e-55	219
NC_003074.8:5743841-5745577	NC_003071.7	93.525	139	8	1	1	138	5843728	5843590	1.86e-51	206
NC_003074.8:5743841-5745577	NC_003071.7	92.453	106	8	0	580	685	6661119	6661224	2.46e-35	152
NC_003074.8:5743841-5745577	NC_003076.8	93.959	1109	48	6	1	1091	9964672	9963565	0.0	1659
NC_003074.8:5743841-5745577	NC_003076.8	93.429	1111	51	8	1	1091	14082491	14081383	0.0	1628
NC_003074.8:5743841-5745577	NC_003076.8	93.076	1112	54	10	1	1092	1898301	1897193	0.0	1605
NC_003074.8:5743841-5745577	NC_003076.8	93.165	1112	46	11	1	1085	8746354	8745246	0.0	1605
NC_003074.8:5743841-5745577	NC_003076.8	93.069	1111	55	13	1	1091	16356818	16357926	0.0	1605
NC_003074.8:5743841-5745577	NC_003076.8	92.870	1108	57	11	1	1087	17776073	17777179	0.0	1589
NC_003074.8:5743841-5745577	NC_003076.8	92.165	1136	43	11	1	1091	8766053	8767187	0.0	1563
NC_003074.8:5743841-5745577	NC_003076.8	91.901	1136	47	11	1	1092	5429706	5428572	0.0	1546
NC_003074.8:5743841-5745577	NC_003076.8	91.806	1135	48	10	1	1091	20682066	20680933	0.0	1539
NC_003074.8:5743841-5745577	NC_003076.8	91.125	1138	53	13	1	1091	17365370	17366506	0.0	1498
NC_003074.8:5743841-5745577	NC_003076.8	90.957	1139	55	10	1	1091	19742272	19741134	0.0	1489
NC_003074.8:5743841-5745577	NC_003076.8	91.021	1136	51	19	1	1092	24187568	24186440	0.0	1485
NC_003074.8:5743841-5745577	NC_003076.8	90.749	1135	53	11	1	1091	14150949	14149823	0.0	1467
NC_003074.8:5743841-5745577	NC_003076.8	92.308	1001	41	13	1	972	20281640	20280647	0.0	1389
NC_003074.8:5743841-5745577	NC_003076.8	92.806	973	39	17	1	947	9559152	9558185	0.0	1380
NC_003074.8:5743841-5745577	NC_003076.8	92.316	976	45	11	1	949	4312878	4313850	0.0	1360
NC_003074.8:5743841-5745577	NC_003076.8	91.700	1000	48	11	1	972	9590755	9591747	0.0	1354
NC_003074.8:5743841-5745577	NC_003076.8	91.247	914	40	15	1	879	4781890	4780982	0.0	1208
NC_003074.8:5743841-5745577	NC_003076.8	93.693	761	31	4	1	744	15606256	15605496	0.0	1123
NC_003074.8:5743841-5745577	NC_003076.8	92.545	778	33	5	1	753	17618340	17617563	0.0	1092
NC_003074.8:5743841-5745577	NC_003076.8	89.774	841	37	11	1	793	11025667	11026506	0.0	1031
NC_003074.8:5743841-5745577	NC_003076.8	94.599	648	28	7	1095	1737	15042777	15042132	0.0	996
NC_003074.8:5743841-5745577	NC_003076.8	94.000	650	33	6	1092	1736	9963594	9962946	0.0	979
NC_003074.8:5743841-5745577	NC_003076.8	94.000	650	33	6	1092	1737	24186470	24185823	0.0	979
NC_003074.8:5743841-5745577	NC_003076.8	94.000	650	31	8	1092	1735	1897223	1896576	0.0	977
NC_003074.8:5743841-5745577	NC_003076.8	93.837	649	35	5	1092	1735	19741163	19740515	0.0	972
NC_003074.8:5743841-5745577	NC_003076.8	93.692	650	34	6	1092	1737	11027252	11027898	0.0	966
NC_003074.8:5743841-5745577	NC_003076.8	93.683	649	36	5	1092	1736	20680962	20680315	0.0	966
NC_003074.8:5743841-5745577	NC_003076.8	93.673	648	35	6	1092	1735	4314221	4314866	0.0	965
NC_003074.8:5743841-5745577	NC_003076.8	93.519	648	35	7	1092	1735	8745269	8744625	0.0	957
NC_003074.8:5743841-5745577	NC_003076.8	93.385	650	36	7	1092	1736	17366477	17367124	0.0	955
NC_003074.8:5743841-5745577	NC_003076.8	93.364	648	38	5	1092	1735	5428602	5427956	0.0	953
NC_003074.8:5743841-5745577	NC_003076.8	93.364	648	38	5	1092	1735	15605315	15604669	0.0	953
NC_003074.8:5743841-5745577	NC_003076.8	93.231	650	38	6	1092	1735	4780859	4780210	0.0	952
NC_003074.8:5743841-5745577	NC_003076.8	93.220	649	38	6	1092	1735	16357897	16358544	0.0	950
NC_003074.8:5743841-5745577	NC_003076.8	93.098	652	38	7	1092	1737	17777154	17777804	0.0	948
NC_003074.8:5743841-5745577	NC_003076.8	94.355	620	31	4	1092	1707	18855270	18855889	0.0	948
NC_003074.8:5743841-5745577	NC_003076.8	93.045	647	40	5	1095	1736	24475936	24475290	0.0	941
NC_003074.8:5743841-5745577	NC_003076.8	92.587	661	31	9	1095	1737	22231610	22230950	0.0	933
NC_003074.8:5743841-5745577	NC_003076.8	92.581	647	42	6	1095	1735	14081409	14080763	0.0	924
NC_003074.8:5743841-5745577	NC_003076.8	92.450	649	41	8	1092	1735	8767158	8767803	0.0	920
NC_003074.8:5743841-5745577	NC_003076.8	93.781	611	34	3	1095	1701	5977396	5976786	0.0	915
NC_003074.8:5743841-5745577	NC_003076.8	94.595	592	27	5	1149	1735	7153775	7153184	0.0	911
NC_003074.8:5743841-5745577	NC_003076.8	94.681	564	25	3	1	559	18854310	18854873	0.0	870
NC_003074.8:5743841-5745577	NC_003076.8	92.691	602	39	5	1140	1737	25905017	25905617	0.0	863
NC_003074.8:5743841-5745577	NC_003076.8	90.107	657	49	11	1095	1735	8353857	8353201	0.0	839
NC_003074.8:5743841-5745577	NC_003076.8	94.231	520	22	1	580	1091	15043270	15042751	0.0	787
NC_003074.8:5743841-5745577	NC_003076.8	92.963	540	33	5	1092	1627	14149852	14149314	0.0	782
NC_003074.8:5743841-5745577	NC_003076.8	89.009	646	34	12	1092	1735	21531298	21531908	0.0	765
NC_003074.8:5743841-5745577	NC_003076.8	92.776	526	24	4	580	1091	5977895	5977370	0.0	749
NC_003074.8:5743841-5745577	NC_003076.8	92.529	522	29	3	580	1091	8354352	8353831	0.0	739
NC_003074.8:5743841-5745577	NC_003076.8	92.692	520	27	3	582	1091	15577265	15576747	0.0	739
NC_003074.8:5743841-5745577	NC_003076.8	92.514	521	27	4	582	1091	21776872	21776353	0.0	736
NC_003074.8:5743841-5745577	NC_003076.8	92.366	524	27	4	580	1091	22232106	22231584	0.0	734
NC_003074.8:5743841-5745577	NC_003076.8	92.176	524	29	3	580	1091	24476433	24475910	0.0	730
NC_003074.8:5743841-5745577	NC_003076.8	89.792	578	37	6	1	559	8683227	8683801	0.0	721
NC_003074.8:5743841-5745577	NC_003076.8	89.255	577	41	6	1	559	7711381	7711954	0.0	702
NC_003074.8:5743841-5745577	NC_003076.8	89.100	578	41	6	1	559	14760936	14760362	0.0	699
NC_003074.8:5743841-5745577	NC_003076.8	92.137	496	18	5	1	477	21530435	21530928	0.0	680
NC_003074.8:5743841-5745577	NC_003076.8	91.633	490	36	5	1249	1735	15576667	15576180	0.0	673
NC_003074.8:5743841-5745577	NC_003076.8	88.083	579	45	8	1	559	15342451	15341877	0.0	665
NC_003074.8:5743841-5745577	NC_003076.8	88.014	584	42	11	1	563	19670997	19671573	0.0	665
NC_003074.8:5743841-5745577	NC_003076.8	87.931	580	46	8	1	559	13918549	13917973	0.0	662
NC_003074.8:5743841-5745577	NC_003076.8	91.242	491	35	8	1249	1735	21776273	21775787	0.0	662
NC_003074.8:5743841-5745577	NC_003076.8	96.010	401	12	2	687	1085	18854895	18855293	0.0	649
NC_003074.8:5743841-5745577	NC_003076.8	87.608	581	40	8	1	559	354373	354943	0.0	645
NC_003074.8:5743841-5745577	NC_003076.8	88.931	533	39	4	1	514	19931311	19930780	0.0	640
NC_003074.8:5743841-5745577	NC_003076.8	88.368	533	41	5	1	514	5129588	5129058	1.56e-176	621
NC_003074.8:5743841-5745577	NC_003076.8	86.395	588	48	12	1	559	9612928	9613512	2.61e-174	614
NC_003074.8:5743841-5745577	NC_003076.8	88.910	523	24	14	580	1091	10714580	10715079	2.61e-174	614
NC_003074.8:5743841-5745577	NC_003076.8	94.500	400	19	2	694	1091	21530929	21531327	2.61e-174	614
NC_003074.8:5743841-5745577	NC_003076.8	91.855	442	26	6	1297	1735	9134290	9134724	1.21e-172	608
NC_003074.8:5743841-5745577	NC_003076.8	91.647	431	24	12	1312	1736	17796561	17796137	5.68e-166	586
NC_003074.8:5743841-5745577	NC_003076.8	90.758	422	34	5	1319	1736	21584595	21584175	1.24e-157	558
NC_003074.8:5743841-5745577	NC_003076.8	91.133	406	30	6	1092	1494	10715050	10715452	9.64e-154	545
NC_003074.8:5743841-5745577	NC_003076.8	92.761	373	23	2	715	1085	4313874	4314244	5.80e-151	536
NC_003074.8:5743841-5745577	NC_003076.8	96.262	321	10	2	1	320	7154094	7153775	1.26e-147	525
NC_003074.8:5743841-5745577	NC_003076.8	95.130	308	15	0	784	1091	11026974	11027281	5.93e-136	486
NC_003074.8:5743841-5745577	NC_003076.8	89.572	374	27	10	1374	1737	25264968	25265339	2.78e-129	464
NC_003074.8:5743841-5745577	NC_003076.8	91.353	266	20	3	296	559	3019805	3019541	3.75e-98	361
NC_003074.8:5743841-5745577	NC_003076.8	91.165	249	19	3	313	559	20398316	20398563	2.27e-90	335
NC_003074.8:5743841-5745577	NC_003076.8	94.475	181	10	0	911	1091	15605466	15605286	1.08e-73	279
NC_003074.8:5743841-5745577	NC_003076.8	93.605	172	11	0	920	1091	9592102	9592273	5.06e-67	257
NC_003074.8:5743841-5745577	NC_003076.8	93.605	172	11	0	920	1091	17617546	17617375	5.06e-67	257
NC_003074.8:5743841-5745577	NC_003076.8	93.023	172	12	0	920	1091	20280291	20280120	2.35e-65	252
NC_003074.8:5743841-5745577	NC_003076.8	94.040	151	9	0	941	1091	4780980	4780830	1.10e-58	230
NC_003074.8:5743841-5745577	NC_003076.8	95.205	146	6	1	1092	1237	9592244	9592388	1.10e-58	230
NC_003074.8:5743841-5745577	NC_003076.8	94.483	145	7	1	1095	1239	20280146	20280003	1.85e-56	222
NC_003074.8:5743841-5745577	NC_003076.8	96.581	117	4	0	1	117	3019948	3019832	4.02e-48	195
NC_003074.8:5743841-5745577	NC_003076.8	100.000	54	0	0	1179	1232	15576716	15576663	9.02e-20	100
NC_003074.8:5743841-5745577	NC_003076.8	96.296	54	2	0	1179	1232	21776322	21776269	1.95e-16	89.8
