NC_003070.9:21428159-21428756	NC_003070.9	100.000	598	0	0	1	598	21428756	21428159	0.0	1105
NC_003070.9:21428159-21428756	NC_003070.9	85.827	635	48	21	1	596	11987777	11988408	0.0	636
NC_003070.9:21428159-21428756	NC_003070.9	84.301	637	44	21	2	598	13624552	13623932	5.32e-162	571
NC_003070.9:21428159-21428756	NC_003070.9	83.902	615	52	21	1	575	26551573	26552180	1.16e-153	544
NC_003070.9:21428159-21428756	NC_003070.9	82.701	659	52	31	1	598	22828616	22829273	3.25e-149	529
NC_003070.9:21428159-21428756	NC_003070.9	86.349	315	25	10	8	306	16477700	16478012	1.27e-88	327
NC_003070.9:21428159-21428756	NC_003071.7	88.455	615	52	10	1	598	3191789	3191177	0.0	725
NC_003070.9:21428159-21428756	NC_003071.7	91.991	462	31	5	1	459	10256048	10255590	0.0	643
NC_003070.9:21428159-21428756	NC_003071.7	83.767	653	49	9	1	598	2297111	2297761	2.48e-160	566
NC_003070.9:21428159-21428756	NC_003071.7	83.664	655	48	31	1	598	2241232	2240580	3.20e-159	562
NC_003070.9:21428159-21428756	NC_003071.7	83.914	603	58	19	1	570	8302943	8302347	1.50e-152	540
NC_003070.9:21428159-21428756	NC_003071.7	82.822	652	51	25	1	598	3598086	3598730	1.17e-148	527
NC_003070.9:21428159-21428756	NC_003071.7	84.369	499	37	18	1	459	2961261	2961758	7.23e-126	451
NC_003070.9:21428159-21428756	NC_003071.7	91.437	327	24	4	5	330	8078202	8077879	3.36e-124	446
NC_003070.9:21428159-21428756	NC_003071.7	78.440	654	71	40	5	596	686441	687086	3.49e-99	363
NC_003070.9:21428159-21428756	NC_003071.7	85.902	305	28	6	307	596	1281173	1280869	1.28e-83	311
NC_003070.9:21428159-21428756	NC_003076.8	86.321	636	45	20	1	598	18919592	18920223	0.0	654
NC_003070.9:21428159-21428756	NC_003076.8	83.994	656	45	23	1	598	13829286	13828633	4.11e-163	575
NC_003070.9:21428159-21428756	NC_003076.8	85.270	482	42	12	1	459	12547098	12547573	2.00e-131	470
NC_003070.9:21428159-21428756	NC_003076.8	82.872	397	29	16	240	598	14956468	14956073	2.13e-86	320
NC_003070.9:21428159-21428756	NC_003076.8	84.039	307	45	4	1	307	22620858	22621160	4.64e-78	292
NC_003070.9:21428159-21428756	NC_003076.8	87.097	186	23	1	1	186	13905552	13905736	4.81e-53	209
NC_003070.9:21428159-21428756	NC_003074.8	85.692	636	47	20	5	598	10049547	10048914	8.66e-180	630
NC_003070.9:21428159-21428756	NC_003074.8	84.483	638	56	19	1	598	22215960	22215326	1.47e-167	590
NC_003070.9:21428159-21428756	NC_003074.8	83.467	623	52	22	8	597	15188376	15188980	2.51e-150	532
NC_003070.9:21428159-21428756	NC_003074.8	86.983	484	37	12	1	459	14127409	14127891	5.43e-147	521
NC_003070.9:21428159-21428756	NC_003074.8	86.983	484	37	12	1	459	14142998	14143480	5.43e-147	521
NC_003070.9:21428159-21428756	NC_003074.8	81.970	599	56	24	1	562	16267222	16266639	1.20e-128	460
NC_003070.9:21428159-21428756	NC_003074.8	79.248	612	92	21	1	590	17150761	17150163	1.24e-108	394
NC_003070.9:21428159-21428756	NC_003074.8	94.444	54	2	1	58	110	15188374	15188321	1.09e-14	82.4
NC_003070.9:21428159-21428756	NC_003075.7	85.580	638	49	22	1	598	6506269	6505635	3.11e-179	628
NC_003070.9:21428159-21428756	NC_003075.7	85.512	635	53	16	1	598	15816687	15816055	1.12e-178	627
NC_003070.9:21428159-21428756	NC_003075.7	84.977	639	51	22	1	598	8837147	8836513	1.46e-172	606
NC_003070.9:21428159-21428756	NC_003075.7	84.967	612	48	21	24	598	6173473	6172869	8.84e-165	580
NC_003070.9:21428159-21428756	NC_003075.7	79.092	617	89	21	1	598	7838347	7838942	5.75e-107	388
NC_003070.9:21428159-21428756	NC_003075.7	86.943	314	24	11	61	360	2521893	2521583	2.11e-91	337
NC_003070.9:21428159-21428756	NC_003075.7	84.365	307	44	4	1	307	6339152	6339454	9.97e-80	298
NC_003070.9:21428159-21428756	NC_003075.7	88.550	131	15	0	1	131	9079468	9079338	4.91e-38	159
NC_003070.9:21428159-21428756	NC_003075.7	88.800	125	14	0	1	125	6140445	6140569	2.28e-36	154
NC_003071.7:6678450-6680830	NC_003071.7	100.000	2381	0	0	1	2381	6680830	6678450	0.0	4397
NC_003071.7:6678450-6680830	NC_003071.7	96.732	2387	67	8	2	2380	10018073	10020456	0.0	3965
NC_003071.7:6678450-6680830	NC_003071.7	96.773	2386	57	5	1	2380	6855037	6852666	0.0	3962
NC_003071.7:6678450-6680830	NC_003071.7	96.465	2376	60	7	2	2357	8420556	8422927	0.0	3901
NC_003071.7:6678450-6680830	NC_003071.7	92.117	1535	62	19	78	1602	5872085	5870600	0.0	2109
NC_003071.7:6678450-6680830	NC_003071.7	84.000	1375	142	34	176	1509	3196026	3197363	0.0	1249
NC_003071.7:6678450-6680830	NC_003071.7	88.089	722	64	15	173	883	6205738	6206448	0.0	837
NC_003071.7:6678450-6680830	NC_003071.7	96.134	388	14	1	1994	2381	5869810	5869424	9.90e-180	632
NC_003071.7:6678450-6680830	NC_003071.7	95.143	350	16	1	1804	2153	6853410	6853062	2.85e-155	551
NC_003071.7:6678450-6680830	NC_003071.7	94.618	353	18	1	1633	1984	6679030	6678678	1.33e-153	545
NC_003071.7:6678450-6680830	NC_003071.7	94.618	353	18	1	1801	2153	6679198	6678847	1.33e-153	545
NC_003071.7:6678450-6680830	NC_003071.7	94.857	350	17	1	1801	2150	8422203	8422551	1.33e-153	545
NC_003071.7:6678450-6680830	NC_003071.7	94.286	350	19	1	1801	2150	10019709	10020057	2.87e-150	534
NC_003071.7:6678450-6680830	NC_003071.7	93.484	353	22	1	1633	1984	6853245	6852893	6.22e-147	523
NC_003071.7:6678450-6680830	NC_003071.7	93.714	350	21	1	1633	1981	8422371	8422720	6.22e-147	523
NC_003071.7:6678450-6680830	NC_003071.7	93.429	350	22	1	1633	1981	10019877	10020226	2.89e-145	518
NC_003071.7:6678450-6680830	NC_003071.7	96.610	236	8	0	1740	1975	5870587	5870352	1.83e-107	392
NC_003071.7:6678450-6680830	NC_003071.7	95.339	236	11	0	1909	2144	5870587	5870352	1.84e-102	375
NC_003071.7:6678450-6680830	NC_003071.7	88.476	269	24	7	761	1024	3197042	3197308	3.15e-85	318
NC_003071.7:6678450-6680830	NC_003071.7	97.516	161	4	0	508	668	7153706	7153546	1.92e-72	276
NC_003071.7:6678450-6680830	NC_003071.7	93.923	181	10	1	1973	2153	6853410	6853231	2.49e-71	272
NC_003071.7:6678450-6680830	NC_003071.7	93.370	181	11	1	1970	2150	8422203	8422382	1.16e-69	267
NC_003071.7:6678450-6680830	NC_003071.7	92.818	181	12	1	1970	2150	10019709	10019888	5.38e-68	261
NC_003071.7:6678450-6680830	NC_003071.7	91.713	181	14	1	1636	1815	6678858	6678678	1.17e-64	250
NC_003071.7:6678450-6680830	NC_003071.7	91.713	181	14	1	1973	2153	6679195	6679016	1.17e-64	250
NC_003071.7:6678450-6680830	NC_003071.7	91.713	181	14	1	1633	1812	8422540	8422720	1.17e-64	250
NC_003071.7:6678450-6680830	NC_003071.7	94.375	160	9	0	1825	1984	5869810	5869651	1.51e-63	246
NC_003071.7:6678450-6680830	NC_003071.7	86.638	232	20	9	475	704	5871167	5870945	1.51e-63	246
NC_003071.7:6678450-6680830	NC_003071.7	91.160	181	15	1	1633	1812	10020046	10020226	5.42e-63	244
NC_003071.7:6678450-6680830	NC_003071.7	85.897	234	23	10	475	704	3196870	3197097	7.01e-62	241
NC_003071.7:6678450-6680830	NC_003071.7	90.608	181	16	1	1636	1815	6853073	6852893	2.52e-61	239
NC_003071.7:6678450-6680830	NC_003071.7	89.714	175	17	1	1633	1806	5870526	5870352	2.54e-56	222
NC_003071.7:6678450-6680830	NC_003071.7	90.625	160	14	1	1657	1815	5869810	5869651	5.50e-53	211
NC_003071.7:6678450-6680830	NC_003071.7	86.154	195	23	2	1034	1224	6206035	6206229	7.11e-52	207
NC_003071.7:6678450-6680830	NC_003071.7	89.683	126	9	4	903	1024	6207325	6207200	7.27e-37	158
NC_003071.7:6678450-6680830	NC_003071.7	88.710	124	9	5	905	1024	4099142	4099020	1.57e-33	147
NC_003071.7:6678450-6680830	NC_003071.7	93.421	76	5	0	2078	2153	5870587	5870512	1.60e-23	113
NC_003071.7:6678450-6680830	NC_003076.8	97.818	2383	44	4	5	2380	26485402	26483021	0.0	4106
NC_003071.7:6678450-6680830	NC_003076.8	97.657	2390	45	8	1	2381	2603152	2605539	0.0	4093
NC_003071.7:6678450-6680830	NC_003076.8	96.556	2381	67	7	2	2381	3116667	3114301	0.0	3928
NC_003071.7:6678450-6680830	NC_003076.8	96.702	2365	64	9	23	2380	2189193	2186836	0.0	3923
NC_003071.7:6678450-6680830	NC_003076.8	96.106	2388	75	10	2	2380	13621995	13619617	0.0	3879
NC_003071.7:6678450-6680830	NC_003076.8	96.638	1993	50	10	2	1981	14846589	14848577	0.0	3293
NC_003071.7:6678450-6680830	NC_003076.8	93.827	1620	58	22	1	1602	14002783	14004378	0.0	2399
NC_003071.7:6678450-6680830	NC_003076.8	93.606	1611	68	21	3	1602	15387839	15386253	0.0	2372
NC_003071.7:6678450-6680830	NC_003076.8	93.536	1609	68	13	1	1602	13547010	13548589	0.0	2362
NC_003071.7:6678450-6680830	NC_003076.8	97.083	1234	26	4	1149	2381	19419668	19420892	0.0	2071
NC_003071.7:6678450-6680830	NC_003076.8	90.408	1053	46	26	1	1024	19418947	19419973	0.0	1334
NC_003071.7:6678450-6680830	NC_003076.8	93.251	889	27	11	1	877	10210111	10210978	0.0	1279
NC_003071.7:6678450-6680830	NC_003076.8	96.406	640	23	0	1740	2379	10211397	10212036	0.0	1055
NC_003071.7:6678450-6680830	NC_003076.8	96.112	643	25	0	1738	2380	15386242	15385600	0.0	1050
NC_003071.7:6678450-6680830	NC_003076.8	95.632	641	28	0	1740	2380	13548602	13549242	0.0	1029
NC_003071.7:6678450-6680830	NC_003076.8	93.448	641	32	2	1740	2380	14004391	14005021	0.0	942
NC_003071.7:6678450-6680830	NC_003076.8	95.361	582	23	4	1801	2380	14848227	14848806	0.0	922
NC_003071.7:6678450-6680830	NC_003076.8	87.538	650	61	13	191	828	13608020	13607379	0.0	734
NC_003071.7:6678450-6680830	NC_003076.8	83.258	663	68	26	187	839	9827928	9827299	7.88e-161	569
NC_003071.7:6678450-6680830	NC_003076.8	96.232	345	10	2	1801	2145	2187579	2187238	1.32e-158	562
NC_003071.7:6678450-6680830	NC_003076.8	94.944	356	17	1	1248	1602	10211029	10211384	6.13e-157	556
NC_003071.7:6678450-6680830	NC_003076.8	93.889	360	21	1	1633	1991	2604959	2605318	1.72e-152	542
NC_003071.7:6678450-6680830	NC_003076.8	94.571	350	18	1	1633	1981	19420313	19420662	6.18e-152	540
NC_003071.7:6678450-6680830	NC_003076.8	94.085	355	20	1	1799	2153	3115051	3114698	2.22e-151	538
NC_003071.7:6678450-6680830	NC_003076.8	94.286	350	19	1	1801	2150	2604791	2605139	2.87e-150	534
NC_003071.7:6678450-6680830	NC_003076.8	94.051	353	20	1	1801	2153	13620363	13620012	2.87e-150	534
NC_003071.7:6678450-6680830	NC_003076.8	93.484	353	22	1	1633	1984	3114881	3114529	6.22e-147	523
NC_003071.7:6678450-6680830	NC_003076.8	93.484	353	22	1	1801	2153	26483768	26483417	6.22e-147	523
NC_003071.7:6678450-6680830	NC_003076.8	93.714	350	14	2	1801	2150	19420152	19420493	2.89e-145	518
NC_003071.7:6678450-6680830	NC_003076.8	93.201	353	23	1	1633	1984	26483600	26483248	2.89e-145	518
NC_003071.7:6678450-6680830	NC_003076.8	92.635	353	24	2	1633	1984	13620195	13619844	6.26e-142	507
NC_003071.7:6678450-6680830	NC_003076.8	92.571	350	25	1	1633	1981	10211458	10211807	2.91e-140	501
NC_003071.7:6678450-6680830	NC_003076.8	91.785	353	28	1	1633	1984	15386179	15385827	6.31e-137	490
NC_003071.7:6678450-6680830	NC_003076.8	91.501	353	25	4	1633	1984	2187411	2187063	3.80e-134	481
NC_003071.7:6678450-6680830	NC_003076.8	90.113	354	34	1	1633	1985	14004452	14004805	1.78e-127	459
NC_003071.7:6678450-6680830	NC_003076.8	90.286	350	33	1	1633	1981	13548663	13549012	6.40e-127	457
NC_003071.7:6678450-6680830	NC_003076.8	97.143	245	7	0	1909	2153	10211397	10211641	3.91e-114	414
NC_003071.7:6678450-6680830	NC_003076.8	96.356	247	9	0	1907	2153	15386242	15385996	6.53e-112	407
NC_003071.7:6678450-6680830	NC_003076.8	95.510	245	11	0	1909	2153	13548602	13548846	1.83e-107	392
NC_003071.7:6678450-6680830	NC_003076.8	93.878	245	15	0	1909	2153	14004391	14004635	8.57e-101	370
NC_003071.7:6678450-6680830	NC_003076.8	96.552	174	5	1	1973	2146	2187576	2187404	8.88e-76	287
NC_003071.7:6678450-6680830	NC_003076.8	92.896	183	10	3	1970	2150	14848227	14848408	1.50e-68	263
NC_003071.7:6678450-6680830	NC_003076.8	92.818	181	12	1	1973	2153	13620360	13620181	5.38e-68	261
NC_003071.7:6678450-6680830	NC_003076.8	92.265	181	13	1	1970	2150	2604791	2604970	2.50e-66	255
NC_003071.7:6678450-6680830	NC_003076.8	92.265	181	13	1	1633	1812	10211627	10211807	2.50e-66	255
NC_003071.7:6678450-6680830	NC_003076.8	90.576	191	17	1	1633	1822	2605128	2605318	3.24e-65	252
NC_003071.7:6678450-6680830	NC_003076.8	91.351	185	15	1	1633	1816	14004621	14004805	3.24e-65	252
NC_003071.7:6678450-6680830	NC_003076.8	90.710	183	17	0	1633	1815	13620026	13619844	5.42e-63	244
NC_003071.7:6678450-6680830	NC_003076.8	91.160	181	15	1	1633	1812	14848397	14848577	5.42e-63	244
NC_003071.7:6678450-6680830	NC_003076.8	90.761	184	16	1	1633	1815	26483431	26483248	5.42e-63	244
NC_003071.7:6678450-6680830	NC_003076.8	90.217	184	17	1	1633	1815	3114712	3114529	2.52e-61	239
NC_003071.7:6678450-6680830	NC_003076.8	85.306	245	21	12	466	704	13548005	13548240	2.52e-61	239
NC_003071.7:6678450-6680830	NC_003076.8	90.217	184	17	1	1633	1815	15386010	15385827	2.52e-61	239
NC_003071.7:6678450-6680830	NC_003076.8	90.608	181	16	1	1633	1812	19420482	19420662	2.52e-61	239
NC_003071.7:6678450-6680830	NC_003076.8	88.442	199	17	4	475	672	15386824	15386631	3.26e-60	235
NC_003071.7:6678450-6680830	NC_003076.8	90.055	181	17	1	1973	2153	26483765	26483586	1.17e-59	233
NC_003071.7:6678450-6680830	NC_003076.8	89.503	181	18	1	1633	1812	13548832	13549012	5.46e-58	228
NC_003071.7:6678450-6680830	NC_003076.8	89.714	175	16	2	1643	1815	2187237	2187063	2.54e-56	222
NC_003071.7:6678450-6680830	NC_003076.8	89.503	181	11	2	1970	2150	19420152	19420324	2.54e-56	222
NC_003071.7:6678450-6680830	NC_003076.8	89.683	126	9	4	903	1024	14658553	14658428	7.27e-37	158
NC_003071.7:6678450-6680830	NC_003076.8	97.403	77	1	1	2078	2153	10211397	10211473	1.58e-28	130
NC_003071.7:6678450-6680830	NC_003076.8	96.154	78	3	0	2076	2153	15386242	15386165	5.70e-28	128
NC_003071.7:6678450-6680830	NC_003076.8	97.260	73	2	0	2078	2150	13548602	13548674	7.37e-27	124
NC_003071.7:6678450-6680830	NC_003076.8	97.260	73	2	0	2078	2150	14004391	14004463	7.37e-27	124
NC_003071.7:6678450-6680830	NC_003074.8	97.653	2386	46	6	2	2380	12661999	12659617	0.0	4087
NC_003071.7:6678450-6680830	NC_003074.8	94.045	1612	55	16	1	1602	10509519	10511099	0.0	2407
NC_003071.7:6678450-6680830	NC_003074.8	87.645	1894	118	47	1	1815	17070823	17068967	0.0	2095
NC_003071.7:6678450-6680830	NC_003074.8	96.636	981	25	5	1	974	16213448	16212469	0.0	1622
NC_003071.7:6678450-6680830	NC_003074.8	95.801	643	25	1	1740	2380	10511112	10511754	0.0	1037
NC_003071.7:6678450-6680830	NC_003074.8	92.271	414	23	5	1973	2380	17069146	17068736	1.31e-163	579
NC_003071.7:6678450-6680830	NC_003074.8	95.184	353	16	1	1801	2153	12660363	12660012	6.13e-157	556
NC_003071.7:6678450-6680830	NC_003074.8	93.768	353	21	1	1633	1984	12660195	12659843	1.34e-148	529
NC_003071.7:6678450-6680830	NC_003074.8	91.143	350	30	1	1633	1981	10511173	10511522	6.35e-132	473
NC_003071.7:6678450-6680830	NC_003074.8	97.551	245	6	0	1909	2153	10511112	10511356	8.39e-116	420
NC_003071.7:6678450-6680830	NC_003074.8	94.022	184	10	1	1801	1984	17069149	17068967	5.35e-73	278
NC_003071.7:6678450-6680830	NC_003074.8	93.370	181	11	1	1973	2153	12660360	12660181	1.16e-69	267
NC_003071.7:6678450-6680830	NC_003074.8	91.304	184	15	1	1633	1815	12660026	12659843	1.17e-64	250
NC_003071.7:6678450-6680830	NC_003074.8	84.959	246	24	11	462	704	10510518	10510753	9.07e-61	237
NC_003071.7:6678450-6680830	NC_003074.8	95.833	120	5	0	2	121	4289110	4288991	5.54e-48	195
NC_003071.7:6678450-6680830	NC_003074.8	98.630	73	1	0	2078	2150	10511112	10511184	1.58e-28	130
NC_003071.7:6678450-6680830	NC_003070.9	97.234	2386	56	7	3	2381	11706451	11708833	0.0	4032
NC_003071.7:6678450-6680830	NC_003070.9	96.730	2385	70	4	2	2380	16593135	16590753	0.0	3965
NC_003071.7:6678450-6680830	NC_003070.9	96.527	2390	47	8	1	2381	7281721	7284083	0.0	3921
NC_003071.7:6678450-6680830	NC_003070.9	96.988	2158	48	9	2	2153	11410300	11408154	0.0	3609
NC_003071.7:6678450-6680830	NC_003070.9	95.960	2005	52	9	1	1981	20972072	20974071	0.0	3227
NC_003071.7:6678450-6680830	NC_003070.9	93.583	1605	57	19	2	1602	16968238	16966676	0.0	2351
NC_003071.7:6678450-6680830	NC_003070.9	88.287	2032	135	54	2	1979	16987734	16989716	0.0	2338
NC_003071.7:6678450-6680830	NC_003070.9	97.174	1203	25	3	1149	2349	759310	760505	0.0	2025
NC_003071.7:6678450-6680830	NC_003070.9	95.495	888	26	11	1	877	26781148	26780264	0.0	1406
NC_003071.7:6678450-6680830	NC_003070.9	90.209	1052	49	25	2	1024	758590	759616	0.0	1323
NC_003071.7:6678450-6680830	NC_003070.9	96.533	750	24	2	1633	2381	11408506	11407758	0.0	1240
NC_003071.7:6678450-6680830	NC_003070.9	86.861	997	58	35	526	1457	16261098	16262086	0.0	1048
NC_003071.7:6678450-6680830	NC_003070.9	96.094	640	25	0	1740	2379	16966663	16966024	0.0	1044
NC_003071.7:6678450-6680830	NC_003070.9	97.059	578	14	2	1801	2378	20973725	20974299	0.0	970
NC_003071.7:6678450-6680830	NC_003070.9	94.492	581	32	0	1801	2381	16989369	16989949	0.0	896
NC_003071.7:6678450-6680830	NC_003070.9	93.506	462	30	0	1920	2381	26779719	26779258	0.0	688
NC_003071.7:6678450-6680830	NC_003070.9	93.052	403	27	1	1978	2380	16262152	16262553	2.17e-166	588
NC_003071.7:6678450-6680830	NC_003070.9	96.034	353	13	1	1801	2153	11408674	11408323	6.09e-162	573
NC_003071.7:6678450-6680830	NC_003070.9	86.729	535	43	12	1	534	16259817	16260324	7.88e-161	569
NC_003071.7:6678450-6680830	NC_003070.9	95.429	350	15	1	1801	2150	7283335	7283683	6.13e-157	556
NC_003071.7:6678450-6680830	NC_003070.9	94.134	358	18	3	1248	1602	26780214	26779857	1.72e-152	542
NC_003071.7:6678450-6680830	NC_003070.9	94.571	350	11	2	1801	2150	759795	760136	2.87e-150	534
NC_003071.7:6678450-6680830	NC_003070.9	94.286	350	19	1	1633	1981	7283503	7283852	2.87e-150	534
NC_003071.7:6678450-6680830	NC_003070.9	94.000	350	20	1	1633	1981	759956	760305	1.34e-148	529
NC_003071.7:6678450-6680830	NC_003070.9	93.768	353	21	1	1633	1984	11408337	11407985	1.34e-148	529
NC_003071.7:6678450-6680830	NC_003070.9	94.000	350	20	1	1633	1981	11708253	11708602	1.34e-148	529
NC_003071.7:6678450-6680830	NC_003070.9	94.000	350	20	1	1804	2153	16591497	16591149	1.34e-148	529
NC_003071.7:6678450-6680830	NC_003070.9	93.714	350	21	1	1801	2150	11708085	11708433	6.22e-147	523
NC_003071.7:6678450-6680830	NC_003070.9	92.918	353	24	1	1633	1984	16591332	16590980	1.35e-143	512
NC_003071.7:6678450-6680830	NC_003070.9	90.935	353	31	1	1633	1984	16966602	16966250	6.35e-132	473
NC_003071.7:6678450-6680830	NC_003070.9	92.236	322	22	3	1	322	16699391	16699073	8.28e-126	453
NC_003071.7:6678450-6680830	NC_003070.9	96.735	245	8	0	1909	2153	16966663	16966419	1.82e-112	409
NC_003071.7:6678450-6680830	NC_003070.9	92.797	236	17	0	1749	1984	26779721	26779486	1.87e-92	342
NC_003071.7:6678450-6680830	NC_003070.9	96.045	177	6	1	1970	2146	20973725	20973900	8.88e-76	287
NC_003071.7:6678450-6680830	NC_003070.9	94.565	184	10	0	1970	2153	16989369	16989552	3.19e-75	285
NC_003071.7:6678450-6680830	NC_003070.9	94.475	181	9	1	1973	2153	11408671	11408492	5.35e-73	278
NC_003071.7:6678450-6680830	NC_003070.9	87.045	247	22	5	1575	1812	16262079	16262324	8.95e-71	270
NC_003071.7:6678450-6680830	NC_003070.9	92.265	181	14	0	1801	1981	16262144	16262324	6.96e-67	257
NC_003071.7:6678450-6680830	NC_003070.9	92.265	181	13	1	1970	2150	7283335	7283514	2.50e-66	255
NC_003071.7:6678450-6680830	NC_003070.9	92.265	181	13	1	1633	1812	11708422	11708602	2.50e-66	255
NC_003071.7:6678450-6680830	NC_003070.9	92.265	181	13	1	1973	2153	16591497	16591318	2.50e-66	255
NC_003071.7:6678450-6680830	NC_003070.9	91.160	181	15	1	1633	1812	7283672	7283852	5.42e-63	244
NC_003071.7:6678450-6680830	NC_003070.9	90.761	184	16	1	1633	1815	16591163	16590980	5.42e-63	244
NC_003071.7:6678450-6680830	NC_003070.9	90.761	184	16	1	1633	1815	16966433	16966250	5.42e-63	244
NC_003071.7:6678450-6680830	NC_003070.9	90.608	181	9	2	1970	2150	759795	759967	1.17e-59	233
NC_003071.7:6678450-6680830	NC_003070.9	90.055	181	17	1	1633	1812	760125	760305	1.17e-59	233
NC_003071.7:6678450-6680830	NC_003070.9	89.130	184	19	1	1633	1815	26779669	26779486	5.46e-58	228
NC_003071.7:6678450-6680830	NC_003070.9	84.979	233	23	10	475	704	16967249	16967026	1.96e-57	226
NC_003071.7:6678450-6680830	NC_003070.9	87.500	200	16	6	475	672	16988743	16988935	2.54e-56	222
NC_003071.7:6678450-6680830	NC_003070.9	88.950	181	17	3	1633	1812	20973893	20974071	9.14e-56	220
NC_003071.7:6678450-6680830	NC_003070.9	95.035	141	6	1	1743	1882	26779841	26779701	9.14e-56	220
NC_003071.7:6678450-6680830	NC_003070.9	88.827	179	19	1	1633	1810	16989538	16989716	3.29e-55	219
NC_003071.7:6678450-6680830	NC_003070.9	94.326	141	7	1	1912	2051	26779841	26779701	4.25e-54	215
NC_003071.7:6678450-6680830	NC_003070.9	89.831	118	11	1	1867	1984	16690105	16689989	1.22e-34	150
NC_003071.7:6678450-6680830	NC_003070.9	97.368	76	2	0	2078	2153	16966663	16966588	1.58e-28	130
NC_003071.7:6678450-6680830	NC_003070.9	96.923	65	2	0	2089	2153	26779719	26779655	2.06e-22	110
NC_003071.7:6678450-6680830	NC_003070.9	93.243	74	4	1	2081	2153	26779841	26779768	7.42e-22	108
NC_003071.7:6678450-6680830	NC_003075.7	96.402	2390	73	9	2	2381	1280625	1283011	0.0	3925
NC_003071.7:6678450-6680830	NC_003075.7	85.447	1814	156	53	4	1744	5443569	5441791	0.0	1788
NC_003071.7:6678450-6680830	NC_003075.7	87.544	851	78	21	173	1013	4696063	4695231	0.0	959
NC_003071.7:6678450-6680830	NC_003075.7	87.279	849	74	19	173	1015	4663787	4662967	0.0	939
NC_003071.7:6678450-6680830	NC_003075.7	87.184	554	49	17	173	720	5936887	5936350	4.64e-173	610
NC_003071.7:6678450-6680830	NC_003075.7	94.857	350	17	1	1801	2150	1282263	1282611	1.33e-153	545
NC_003071.7:6678450-6680830	NC_003075.7	93.429	350	22	1	1633	1981	1282431	1282780	2.89e-145	518
NC_003071.7:6678450-6680830	NC_003075.7	77.893	769	115	43	273	1025	4500303	4501032	5.02e-118	427
NC_003071.7:6678450-6680830	NC_003075.7	90.055	181	17	1	1633	1812	1282600	1282780	1.17e-59	233
NC_003071.7:6678450-6680830	NC_003075.7	86.458	192	21	4	1037	1224	5936590	5936400	2.56e-51	206
NC_003071.7:6678450-6680830	NC_003075.7	85.827	127	12	6	903	1024	4904890	4904765	1.58e-28	130
NC_003071.7:6657486-6658465	NC_003071.7	100.000	980	0	0	1	980	6657486	6658465	0.0	1810
NC_003071.7:6657486-6658465	NC_003071.7	93.869	995	35	13	3	979	1789906	1788920	0.0	1476
NC_003071.7:6657486-6658465	NC_003071.7	93.367	995	40	14	3	980	9091138	9092123	0.0	1448
NC_003071.7:6657486-6658465	NC_003071.7	81.549	607	54	25	380	958	5760570	5759994	1.56e-124	448
NC_003071.7:6657486-6658465	NC_003071.7	80.236	592	78	24	390	960	5558790	5558217	7.36e-113	409
NC_003071.7:6657486-6658465	NC_003071.7	86.859	312	30	10	380	686	5347594	5347899	9.80e-92	339
NC_003071.7:6657486-6658465	NC_003071.7	88.265	196	11	7	196	383	5559025	5558834	2.86e-57	224
NC_003071.7:6657486-6658465	NC_003071.7	86.911	191	22	3	3	191	5761056	5760867	2.23e-53	211
NC_003071.7:6657486-6658465	NC_003071.7	81.560	282	24	16	721	980	1552305	1552030	2.88e-52	207
NC_003071.7:6657486-6658465	NC_003071.7	85.572	201	21	5	189	383	5347359	5347557	3.73e-51	204
NC_003071.7:6657486-6658465	NC_003071.7	82.949	217	12	8	189	383	5760820	5760607	1.05e-41	172
NC_003071.7:6657486-6658465	NC_003071.7	89.130	92	8	2	3	94	7567625	7567536	6.47e-24	113
NC_003071.7:6657486-6658465	NC_003071.7	92.308	65	5	0	30	94	4352609	4352545	8.42e-18	93.5
NC_003071.7:6657486-6658465	NC_003076.8	93.964	994	37	14	3	980	9368944	9369930	0.0	1482
NC_003071.7:6657486-6658465	NC_003076.8	79.330	716	76	46	312	980	13815179	13815869	3.38e-121	436
NC_003071.7:6657486-6658465	NC_003075.7	88.900	991	66	22	3	974	16377874	16378839	0.0	1181
NC_003071.7:6657486-6658465	NC_003075.7	95.181	83	3	1	3	85	1956611	1956692	6.42e-29	130
NC_003071.7:6657486-6658465	NC_003075.7	84.783	92	13	1	3	94	793142	793052	3.03e-17	91.6
NC_003071.7:6657486-6658465	NC_003074.8	91.611	453	24	6	1	452	11539905	11539466	1.45e-174	614
NC_003071.7:6657486-6658465	NC_003074.8	86.806	576	31	23	449	980	11535845	11535271	1.13e-170	601
NC_003071.7:6657486-6658465	NC_003074.8	84.762	630	58	24	380	980	16728043	16728663	1.46e-169	597
NC_003071.7:6657486-6658465	NC_003074.8	88.947	190	20	1	2	191	16553355	16553543	4.76e-60	233
NC_003071.7:6657486-6658465	NC_003074.8	88.060	201	15	5	189	383	16727809	16728006	6.15e-59	230
NC_003071.7:6657486-6658465	NC_003074.8	86.070	201	20	3	189	383	16553589	16553787	8.02e-53	209
NC_003071.7:6657486-6658465	NC_003074.8	85.930	199	18	7	2	191	16727566	16727763	3.73e-51	204
NC_003071.7:6657486-6658465	NC_003074.8	88.043	92	10	1	3	94	16276875	16276785	3.01e-22	108
NC_003071.7:6657486-6658465	NC_003070.9	88.947	190	20	1	2	191	13981809	13981621	4.76e-60	233
NC_003071.7:6657486-6658465	NC_003070.9	86.070	201	20	3	189	383	13981575	13981377	8.02e-53	209
NC_003071.7:6657486-6658465	NC_003070.9	93.182	88	6	0	7	94	24533332	24533419	6.42e-29	130
NC_003071.7:6657486-6658465	NC_003070.9	91.304	92	6	2	3	94	9836508	9836597	2.99e-27	124
NC_003071.7:6657486-6658465	NC_003070.9	88.764	89	10	0	6	94	20167553	20167465	8.36e-23	110
NC_003071.7:6657486-6658465	NC_003070.9	91.026	78	6	1	3	80	12618638	12618714	3.89e-21	104
NC_003071.7:6629271-6629876	NC_003071.7	100.000	606	0	0	1	606	6629876	6629271	0.0	1120
NC_003071.7:6629271-6629876	NC_003071.7	82.448	621	88	19	1	606	3191791	3191177	1.53e-147	523
NC_003071.7:6629271-6629876	NC_003071.7	82.609	529	71	14	2	516	10256049	10255528	9.49e-125	448
NC_003071.7:6629271-6629876	NC_003071.7	80.092	653	79	26	3	606	2297111	2297761	5.71e-122	438
NC_003071.7:6629271-6629876	NC_003071.7	78.234	657	86	31	3	606	2241232	2240580	7.60e-101	368
NC_003071.7:6629271-6629876	NC_003071.7	79.152	566	65	23	2	518	2961260	2961821	4.61e-93	342
NC_003071.7:6629271-6629876	NC_003071.7	87.129	303	35	4	7	307	8078202	8077902	1.66e-92	340
NC_003071.7:6629271-6629876	NC_003071.7	77.551	637	85	32	4	587	4471815	4472446	9.97e-90	331
NC_003071.7:6629271-6629876	NC_003071.7	82.663	323	35	4	1	304	6288840	6288520	2.85e-70	267
NC_003071.7:6629271-6629876	NC_003071.7	92.105	152	12	0	2	153	1076409	1076258	1.05e-54	215
NC_003071.7:6629271-6629876	NC_003071.7	96.429	56	2	0	1	56	8236259	8236314	5.12e-18	93.5
NC_003071.7:6629271-6629876	NC_003071.7	96.296	54	2	0	3	56	1988687	1988740	6.62e-17	89.8
NC_003071.7:6629271-6629876	NC_003071.7	96.296	54	2	0	3	56	2139932	2139879	6.62e-17	89.8
NC_003071.7:6629271-6629876	NC_003071.7	94.643	56	3	0	1	56	4355714	4355659	2.38e-16	87.9
NC_003071.7:6629271-6629876	NC_003074.8	92.496	613	36	6	2	606	13823339	13823949	0.0	869
NC_003071.7:6629271-6629876	NC_003074.8	89.508	610	42	9	3	606	11167394	11166801	0.0	752
NC_003071.7:6629271-6629876	NC_003074.8	89.344	610	44	12	3	600	17150761	17150161	0.0	747
NC_003071.7:6629271-6629876	NC_003074.8	80.515	621	82	26	3	588	22215960	22215344	1.59e-122	440
NC_003071.7:6629271-6629876	NC_003074.8	79.937	638	86	27	7	606	10049547	10048914	9.55e-120	431
NC_003071.7:6629271-6629876	NC_003074.8	79.412	578	87	26	10	567	15188376	15188941	3.51e-104	379
NC_003071.7:6629271-6629876	NC_003074.8	80.980	510	63	22	1	478	14127407	14127914	1.63e-102	374
NC_003071.7:6629271-6629876	NC_003074.8	80.980	510	63	22	1	478	14142996	14143503	1.63e-102	374
NC_003071.7:6629271-6629876	NC_003074.8	93.392	227	15	0	1	227	8492132	8491906	2.14e-91	337
NC_003071.7:6629271-6629876	NC_003074.8	77.872	235	38	10	3	229	10201567	10201339	3.02e-30	134
NC_003071.7:6629271-6629876	NC_003074.8	94.643	56	3	0	1	56	10997807	10997752	2.38e-16	87.9
NC_003071.7:6629271-6629876	NC_003074.8	94.545	55	3	0	2	56	11864306	11864252	8.57e-16	86.1
NC_003071.7:6629271-6629876	NC_003074.8	96.154	52	2	0	2	53	12061956	12062007	8.57e-16	86.1
NC_003071.7:6629271-6629876	NC_003074.8	89.286	56	4	2	2	56	14559079	14559133	8.63e-11	69.4
NC_003071.7:6629271-6629876	NC_003074.8	89.286	56	4	2	1	55	15874739	15874685	8.63e-11	69.4
NC_003071.7:6629271-6629876	NC_003070.9	92.170	613	37	7	2	606	9862693	9863302	0.0	856
NC_003071.7:6629271-6629876	NC_003070.9	91.843	613	42	5	1	606	3343056	3342445	0.0	848
NC_003071.7:6629271-6629876	NC_003070.9	91.489	611	44	5	3	606	18633797	18633188	0.0	833
NC_003071.7:6629271-6629876	NC_003070.9	89.180	610	44	9	3	606	10867733	10867140	0.0	741
NC_003071.7:6629271-6629876	NC_003070.9	80.844	616	73	29	2	581	26551572	26552178	4.41e-123	442
NC_003071.7:6629271-6629876	NC_003070.9	79.874	636	80	33	4	606	13624552	13623932	5.75e-117	422
NC_003071.7:6629271-6629876	NC_003070.9	89.362	329	20	9	1	319	6403874	6404197	2.69e-110	399
NC_003071.7:6629271-6629876	NC_003070.9	82.581	310	33	14	10	301	16477700	16478006	2.22e-66	254
NC_003071.7:6629271-6629876	NC_003070.9	79.498	239	31	13	133	360	13356321	13356552	2.32e-36	154
NC_003071.7:6629271-6629876	NC_003070.9	94.444	54	3	0	3	56	19054421	19054474	3.08e-15	84.2
NC_003071.7:6629271-6629876	NC_003070.9	92.982	57	2	1	2	56	11298494	11298550	1.11e-14	82.4
NC_003071.7:6629271-6629876	NC_003070.9	91.071	56	3	2	1	55	9138321	9138267	1.85e-12	75.0
NC_003071.7:6629271-6629876	NC_003075.7	89.525	611	42	13	3	606	7838347	7838942	0.0	754
NC_003071.7:6629271-6629876	NC_003075.7	88.924	632	39	8	3	606	9368715	9369343	0.0	750
NC_003071.7:6629271-6629876	NC_003075.7	81.406	640	78	27	3	606	8837147	8836513	7.23e-136	484
NC_003071.7:6629271-6629876	NC_003075.7	81.319	637	82	25	3	606	15816687	15816055	2.60e-135	483
NC_003071.7:6629271-6629876	NC_003075.7	93.272	327	19	2	2	327	6339151	6339475	3.36e-134	479
NC_003071.7:6629271-6629876	NC_003075.7	79.052	654	83	27	3	606	9283767	9284416	2.69e-110	399
NC_003071.7:6629271-6629876	NC_003075.7	86.622	299	27	7	320	606	6340012	6340309	7.76e-86	318
NC_003071.7:6629271-6629876	NC_003075.7	90.909	132	12	0	2	133	9079469	9079338	1.37e-43	178
NC_003071.7:6629271-6629876	NC_003075.7	90.400	125	12	0	3	127	6140445	6140569	1.07e-39	165
NC_003071.7:6629271-6629876	NC_003075.7	98.182	55	1	0	2	56	5280340	5280286	3.96e-19	97.1
NC_003071.7:6629271-6629876	NC_003075.7	96.364	55	2	0	2	56	18426670	18426616	1.84e-17	91.6
NC_003071.7:6629271-6629876	NC_003075.7	94.643	56	3	0	1	56	6157517	6157572	2.38e-16	87.9
NC_003071.7:6629271-6629876	NC_003075.7	94.444	54	3	0	3	56	5604459	5604512	3.08e-15	84.2
NC_003071.7:6629271-6629876	NC_003075.7	94.444	54	3	0	3	56	11224159	11224212	3.08e-15	84.2
NC_003071.7:6629271-6629876	NC_003076.8	92.638	326	21	2	3	327	22620858	22621181	2.62e-130	466
NC_003071.7:6629271-6629876	NC_003076.8	82.290	559	63	14	3	531	12547098	12547650	7.33e-126	451
NC_003071.7:6629271-6629876	NC_003076.8	78.723	658	82	29	3	606	13829286	13828633	2.10e-106	387
NC_003071.7:6629271-6629876	NC_003076.8	98.182	55	1	0	2	56	10271035	10270981	3.96e-19	97.1
NC_003071.7:6629271-6629876	NC_003076.8	98.148	54	1	0	3	56	9616973	9616920	1.42e-18	95.3
NC_003071.7:6629271-6629876	NC_003076.8	98.113	53	1	0	3	55	11641110	11641058	5.12e-18	93.5
NC_003071.7:6629271-6629876	NC_003076.8	96.296	54	2	0	3	56	10369950	10370003	6.62e-17	89.8
NC_003071.7:6629271-6629876	NC_003076.8	96.296	54	2	0	3	56	18554907	18554960	6.62e-17	89.8
NC_003071.7:6629271-6629876	NC_003076.8	94.643	56	3	0	1	56	3903103	3903158	2.38e-16	87.9
NC_003071.7:6629271-6629876	NC_003076.8	90.909	55	3	2	3	56	17360102	17360049	6.67e-12	73.1
NC_003071.7:8907450-8908017	NC_003071.7	100.000	568	0	0	1	568	8907450	8908017	0.0	1050
NC_003071.7:8907450-8908017	NC_003071.7	94.404	554	28	3	6	557	17993084	17992532	0.0	848
NC_003071.7:8907450-8908017	NC_003071.7	96.538	491	15	2	58	547	9891735	9891246	0.0	811
NC_003071.7:8907450-8908017	NC_003071.7	88.725	408	35	6	149	547	2299260	2299665	5.22e-137	488
NC_003071.7:8907450-8908017	NC_003071.7	88.434	415	34	8	143	548	4758509	4758100	5.22e-137	488
NC_003071.7:8907450-8908017	NC_003071.7	87.153	288	26	6	271	547	825987	826274	2.61e-85	316
NC_003071.7:8907450-8908017	NC_003071.7	88.764	178	13	5	382	552	1038221	1038044	1.27e-53	211
NC_003071.7:8907450-8908017	NC_003071.7	88.068	176	13	5	383	551	13102190	13102364	7.62e-51	202
NC_003071.7:8907450-8908017	NC_003071.7	86.813	182	14	6	383	555	2139213	2139393	1.28e-48	195
NC_003071.7:8907450-8908017	NC_003071.7	87.861	173	12	5	383	547	19623475	19623646	1.28e-48	195
NC_003071.7:8907450-8908017	NC_003071.7	85.955	178	12	3	383	548	15134597	15134773	1.28e-43	178
NC_003071.7:8907450-8908017	NC_003071.7	87.671	146	10	5	410	547	6206740	6206595	3.60e-39	163
NC_003071.7:8907450-8908017	NC_003071.7	84.571	175	15	7	382	547	7340771	7340942	3.60e-39	163
NC_003071.7:8907450-8908017	NC_003071.7	81.287	171	15	4	383	552	9585206	9585360	6.10e-27	122
NC_003071.7:8907450-8908017	NC_003071.7	82.734	139	17	4	418	550	11285249	11285112	2.84e-25	117
NC_003071.7:8907450-8908017	NC_003071.7	83.077	130	15	7	426	549	6663995	6664123	1.32e-23	111
NC_003071.7:8907450-8908017	NC_003071.7	82.946	129	15	5	425	547	3212452	3212325	4.75e-23	110
NC_003071.7:8907450-8908017	NC_003071.7	83.333	126	14	5	426	545	13906793	13906669	4.75e-23	110
NC_003071.7:8907450-8908017	NC_003071.7	82.677	127	15	5	428	548	544041	544166	6.15e-22	106
NC_003071.7:8907450-8908017	NC_003071.7	82.171	129	17	6	426	549	7112803	7112930	6.15e-22	106
NC_003071.7:8907450-8908017	NC_003071.7	81.395	129	15	6	426	548	7961438	7961563	3.70e-19	97.1
NC_003071.7:8907450-8908017	NC_003071.7	86.842	76	8	2	474	548	4024917	4024991	2.88e-15	84.2
NC_003071.7:8907450-8908017	NC_003071.7	89.796	49	1	4	500	547	7177635	7177590	4.85e-08	60.2
NC_003071.7:8907450-8908017	NC_003070.9	96.344	547	20	0	1	547	16859178	16858632	0.0	900
NC_003071.7:8907450-8908017	NC_003070.9	95.780	545	21	2	2	545	26306960	26307503	0.0	878
NC_003071.7:8907450-8908017	NC_003070.9	91.587	416	22	7	143	548	11174397	11174809	3.03e-159	562
NC_003071.7:8907450-8908017	NC_003070.9	90.714	420	29	6	143	553	14013223	14012805	6.57e-156	551
NC_003071.7:8907450-8908017	NC_003070.9	87.838	444	24	12	127	559	21336114	21336538	1.12e-138	494
NC_003071.7:8907450-8908017	NC_003070.9	86.925	413	45	7	149	553	3498157	3497746	5.30e-127	455
NC_003071.7:8907450-8908017	NC_003070.9	88.205	390	34	8	177	558	9918829	9918444	5.30e-127	455
NC_003071.7:8907450-8908017	NC_003070.9	88.372	172	12	3	383	547	4770285	4770115	2.74e-50	200
NC_003071.7:8907450-8908017	NC_003070.9	87.574	169	13	5	386	547	10021581	10021414	5.93e-47	189
NC_003071.7:8907450-8908017	NC_003070.9	86.667	180	11	6	385	553	13495594	13495417	2.13e-46	187
NC_003071.7:8907450-8908017	NC_003070.9	90.210	143	12	2	2	144	25357824	25357964	7.67e-46	185
NC_003071.7:8907450-8908017	NC_003070.9	86.628	172	15	4	385	549	24645896	24646066	2.76e-45	183
NC_003071.7:8907450-8908017	NC_003070.9	84.831	178	16	7	383	551	20166842	20166667	7.73e-41	169
NC_003071.7:8907450-8908017	NC_003070.9	85.294	170	15	7	387	547	21739244	21739076	2.78e-40	167
NC_003071.7:8907450-8908017	NC_003070.9	84.496	129	13	5	428	550	12562353	12562226	2.20e-26	121
NC_003071.7:8907450-8908017	NC_003070.9	83.088	136	17	6	418	548	14308897	14308763	7.89e-26	119
NC_003071.7:8907450-8908017	NC_003070.9	82.836	134	13	6	426	552	8489539	8489409	1.32e-23	111
NC_003071.7:8907450-8908017	NC_003070.9	83.465	127	14	5	428	548	19465214	19465089	1.32e-23	111
NC_003071.7:8907450-8908017	NC_003070.9	83.333	126	14	5	428	547	16327179	16327303	4.75e-23	110
NC_003071.7:8907450-8908017	NC_003070.9	83.333	126	14	5	428	547	16826246	16826370	4.75e-23	110
NC_003071.7:8907450-8908017	NC_003070.9	93.151	73	5	0	2	74	13869873	13869945	1.71e-22	108
NC_003071.7:8907450-8908017	NC_003070.9	82.677	127	16	3	426	547	23553916	23553791	1.71e-22	108
NC_003071.7:8907450-8908017	NC_003070.9	82.308	130	12	7	426	547	19064466	19064592	7.95e-21	102
NC_003071.7:8907450-8908017	NC_003070.9	85.567	97	13	1	1	97	540988	540893	2.86e-20	100
NC_003071.7:8907450-8908017	NC_003070.9	81.538	130	17	5	426	549	7037164	7037292	2.86e-20	100
NC_003071.7:8907450-8908017	NC_003070.9	81.159	138	15	7	431	560	13015971	13015837	2.86e-20	100
NC_003071.7:8907450-8908017	NC_003070.9	81.203	133	17	6	426	552	18792738	18792868	2.86e-20	100
NC_003071.7:8907450-8908017	NC_003070.9	81.538	130	14	6	426	548	22451880	22452006	1.03e-19	99.0
NC_003071.7:8907450-8908017	NC_003070.9	80.142	141	18	7	429	562	30251102	30250965	3.70e-19	97.1
NC_003071.7:8907450-8908017	NC_003070.9	81.250	128	15	6	426	547	11701603	11701727	1.33e-18	95.3
NC_003071.7:8907450-8908017	NC_003070.9	81.102	127	16	5	429	548	12328051	12327926	1.33e-18	95.3
NC_003071.7:8907450-8908017	NC_003070.9	80.597	134	16	8	429	553	22992056	22991924	1.33e-18	95.3
NC_003071.7:8907450-8908017	NC_003070.9	81.250	128	14	6	428	548	25962588	25962464	1.33e-18	95.3
NC_003071.7:8907450-8908017	NC_003070.9	80.315	127	17	6	429	548	22620714	22620589	6.19e-17	89.8
NC_003071.7:8907450-8908017	NC_003070.9	87.302	63	8	0	1	63	3498958	3498896	6.23e-12	73.1
NC_003071.7:8907450-8908017	NC_003070.9	100.000	29	0	0	520	548	21103382	21103354	2.26e-06	54.7
NC_003071.7:8907450-8908017	NC_003076.8	95.956	544	21	1	5	548	22463661	22464203	0.0	881
NC_003071.7:8907450-8908017	NC_003076.8	92.958	568	21	6	2	551	10042374	10041808	0.0	809
NC_003071.7:8907450-8908017	NC_003076.8	94.891	411	20	1	138	547	19114991	19114581	0.0	641
NC_003071.7:8907450-8908017	NC_003076.8	87.893	413	39	6	147	550	14873647	14874057	4.07e-133	475
NC_003071.7:8907450-8908017	NC_003076.8	86.650	412	44	8	143	545	9545922	9546331	3.19e-124	446
NC_003071.7:8907450-8908017	NC_003076.8	83.902	410	34	15	148	548	23662389	23662003	3.30e-99	363
NC_003071.7:8907450-8908017	NC_003076.8	89.944	179	6	7	386	553	22621348	22621171	2.10e-56	220
NC_003071.7:8907450-8908017	NC_003076.8	90.173	173	8	5	383	547	17043730	17043901	2.72e-55	217
NC_003071.7:8907450-8908017	NC_003076.8	87.135	171	14	4	385	548	26787274	26787105	2.13e-46	187
NC_003071.7:8907450-8908017	NC_003076.8	89.116	147	8	2	410	548	9557804	9557658	4.62e-43	176
NC_003071.7:8907450-8908017	NC_003076.8	87.179	156	11	3	407	553	14810677	14810832	7.73e-41	169
NC_003071.7:8907450-8908017	NC_003076.8	84.564	149	13	7	385	524	15535298	15535151	6.06e-32	139
NC_003071.7:8907450-8908017	NC_003076.8	83.448	145	22	1	2	144	349810	349954	2.82e-30	134
NC_003071.7:8907450-8908017	NC_003076.8	90.323	93	6	3	457	548	15882677	15882767	7.89e-26	119
NC_003071.7:8907450-8908017	NC_003076.8	90.909	88	7	1	254	341	9979009	9978923	2.84e-25	117
NC_003071.7:8907450-8908017	NC_003076.8	83.465	127	15	6	426	547	4314741	4314866	3.67e-24	113
NC_003071.7:8907450-8908017	NC_003076.8	83.721	129	11	7	426	547	5428081	5427956	3.67e-24	113
NC_003071.7:8907450-8908017	NC_003076.8	83.594	128	14	6	426	547	15604795	15604669	3.67e-24	113
NC_003071.7:8907450-8908017	NC_003076.8	82.270	141	15	7	426	559	21775911	21775774	3.67e-24	113
NC_003071.7:8907450-8908017	NC_003076.8	89.773	88	7	2	254	341	9545900	9545985	1.32e-23	111
NC_003071.7:8907450-8908017	NC_003076.8	89.773	88	8	1	254	341	14873620	14873706	1.32e-23	111
NC_003071.7:8907450-8908017	NC_003076.8	82.270	141	14	7	426	559	17796263	17796127	1.32e-23	111
NC_003071.7:8907450-8908017	NC_003076.8	82.222	135	16	6	426	553	24185951	24185818	4.75e-23	110
NC_003071.7:8907450-8908017	NC_003076.8	82.090	134	16	6	427	553	7153309	7153177	1.71e-22	108
NC_003071.7:8907450-8908017	NC_003076.8	82.443	131	16	5	426	550	15042260	15042131	1.71e-22	108
NC_003071.7:8907450-8908017	NC_003076.8	82.677	127	16	4	426	547	16358419	16358544	1.71e-22	108
NC_003071.7:8907450-8908017	NC_003076.8	93.151	73	5	0	2	74	17726422	17726494	1.71e-22	108
NC_003071.7:8907450-8908017	NC_003076.8	82.171	129	18	5	426	550	8744749	8744622	6.15e-22	106
NC_003071.7:8907450-8908017	NC_003076.8	82.090	134	13	8	432	557	14143814	14143684	2.21e-21	104
NC_003071.7:8907450-8908017	NC_003076.8	81.429	140	14	8	418	549	17777669	17777804	2.21e-21	104
NC_003071.7:8907450-8908017	NC_003076.8	82.090	134	11	12	428	549	25265207	25265339	7.95e-21	102
NC_003071.7:8907450-8908017	NC_003076.8	81.395	129	17	5	426	548	24475417	24475290	1.03e-19	99.0
NC_003071.7:8907450-8908017	NC_003076.8	86.517	89	10	2	253	341	23662417	23662331	3.70e-19	97.1
NC_003071.7:8907450-8908017	NC_003076.8	85.263	95	11	3	4	97	14395843	14395751	1.33e-18	95.3
NC_003071.7:8907450-8908017	NC_003076.8	85.263	95	11	3	4	97	14455142	14455050	1.33e-18	95.3
NC_003071.7:8907450-8908017	NC_003076.8	91.045	67	6	0	2	68	4970259	4970325	1.72e-17	91.6
NC_003071.7:8907450-8908017	NC_003076.8	80.769	130	14	8	426	547	10715496	10715622	1.72e-17	91.6
NC_003071.7:8907450-8908017	NC_003076.8	84.444	90	11	3	2	90	16031387	16031300	8.01e-16	86.1
NC_003071.7:8907450-8908017	NC_003076.8	89.062	64	6	1	2	65	16372999	16373061	1.34e-13	78.7
NC_003071.7:8907450-8908017	NC_003075.7	95.247	547	25	1	1	547	964408	963863	0.0	865
NC_003071.7:8907450-8908017	NC_003075.7	95.611	524	21	2	2	525	12968438	12967917	0.0	839
NC_003071.7:8907450-8908017	NC_003075.7	92.233	412	23	2	143	547	6895357	6894948	3.90e-163	575
NC_003071.7:8907450-8908017	NC_003075.7	89.679	436	21	10	127	553	13124283	13123863	6.61e-151	534
NC_003071.7:8907450-8908017	NC_003075.7	87.469	407	27	9	148	547	9146634	9147023	8.86e-125	448
NC_003071.7:8907450-8908017	NC_003075.7	85.539	408	29	14	148	547	8725464	8725079	2.52e-110	399
NC_003071.7:8907450-8908017	NC_003075.7	87.861	173	12	5	383	547	15441822	15441651	1.28e-48	195
NC_003071.7:8907450-8908017	NC_003075.7	83.846	130	14	5	426	549	8065578	8065706	2.84e-25	117
NC_003071.7:8907450-8908017	NC_003075.7	89.888	89	7	2	253	341	8725492	8725406	3.67e-24	113
NC_003071.7:8907450-8908017	NC_003075.7	82.143	140	16	7	426	558	4148055	4148192	1.32e-23	111
NC_003071.7:8907450-8908017	NC_003075.7	89.773	88	8	1	254	341	9146606	9146692	1.32e-23	111
NC_003071.7:8907450-8908017	NC_003075.7	82.946	129	15	4	426	548	370914	370787	4.75e-23	110
NC_003071.7:8907450-8908017	NC_003075.7	88.636	88	9	1	254	341	6895380	6895294	6.15e-22	106
NC_003071.7:8907450-8908017	NC_003075.7	82.031	128	17	6	426	548	684233	684359	2.21e-21	104
NC_003071.7:8907450-8908017	NC_003075.7	82.171	129	16	5	426	548	11192401	11192274	2.21e-21	104
NC_003071.7:8907450-8908017	NC_003075.7	81.203	133	18	4	426	552	16863389	16863258	2.86e-20	100
NC_003071.7:8907450-8908017	NC_003075.7	80.952	126	18	6	426	549	14390381	14390260	1.33e-18	95.3
NC_003071.7:8907450-8908017	NC_003075.7	87.755	49	4	2	500	547	3359187	3359234	6.28e-07	56.5
NC_003071.7:8907450-8908017	NC_003075.7	100.000	29	0	0	2	30	10653134	10653106	2.26e-06	54.7
NC_003071.7:8907450-8908017	NC_003074.8	91.858	565	25	8	2	548	10681952	10681391	0.0	769
NC_003071.7:8907450-8908017	NC_003074.8	91.886	493	20	7	82	555	18172757	18172266	0.0	671
NC_003071.7:8907450-8908017	NC_003074.8	88.578	429	36	9	148	568	8644935	8645358	4.01e-143	508
NC_003071.7:8907450-8908017	NC_003074.8	89.655	174	9	5	384	549	11132575	11132747	3.52e-54	213
NC_003071.7:8907450-8908017	NC_003074.8	89.655	174	9	5	383	548	11315380	11315552	3.52e-54	213
NC_003071.7:8907450-8908017	NC_003074.8	86.813	182	13	7	381	553	6729097	6728918	4.59e-48	193
NC_003071.7:8907450-8908017	NC_003074.8	85.354	198	14	9	383	568	16234835	16234641	1.65e-47	191
NC_003071.7:8907450-8908017	NC_003074.8	88.079	151	8	6	410	550	16405605	16405755	2.15e-41	171
NC_003071.7:8907450-8908017	NC_003074.8	86.806	144	19	0	1	144	8644741	8644884	1.29e-38	161
NC_003071.7:8907450-8908017	NC_003074.8	92.045	88	6	1	254	341	8644907	8644993	6.10e-27	122
NC_003071.7:8907450-8908017	NC_003074.8	84.127	126	13	5	428	547	17061510	17061386	1.02e-24	115
NC_003071.7:8907450-8908017	NC_003074.8	82.963	135	15	6	426	553	17142573	17142440	1.02e-24	115
NC_003071.7:8907450-8908017	NC_003074.8	82.857	140	12	7	426	558	17275868	17275734	1.02e-24	115
NC_003071.7:8907450-8908017	NC_003074.8	83.594	128	14	5	426	547	13328456	13328582	3.67e-24	113
NC_003071.7:8907450-8908017	NC_003074.8	83.465	127	14	5	427	547	18019802	18019927	1.32e-23	111
NC_003071.7:8907450-8908017	NC_003074.8	81.022	137	17	7	426	555	16563461	16563595	2.86e-20	100
NC_003071.7:8907450-8908017	NC_003074.8	82.400	125	11	8	436	552	10321325	10321446	1.03e-19	99.0
NC_003071.7:8907450-8908017	NC_003074.8	81.250	128	17	5	429	550	1572003	1572129	3.70e-19	97.1
NC_003071.7:8907450-8908017	NC_003074.8	81.250	128	16	6	429	549	17299274	17299148	3.70e-19	97.1
NC_003071.7:8907450-8908017	NC_003074.8	80.769	130	18	5	425	548	3966020	3966148	1.33e-18	95.3
NC_003071.7:8907450-8908017	NC_003074.8	91.045	67	6	0	2	68	4551549	4551615	1.72e-17	91.6
NC_003071.7:8907450-8908017	NC_003074.8	89.041	73	8	0	2	74	10708625	10708697	1.72e-17	91.6
NC_003071.7:8907450-8908017	NC_003074.8	80.000	130	17	6	426	548	10574477	10574350	2.23e-16	87.9
NC_003071.7:8907450-8908017	NC_003074.8	77.241	145	21	10	426	559	15939239	15939382	1.73e-12	75.0
NC_003071.7:8907450-8908017	NC_003074.8	100.000	29	0	0	519	547	4274958	4274930	2.26e-06	54.7
NC_003071.7:9492847-9493885	NC_003071.7	100.000	1039	0	0	1	1039	9492847	9493885	0.0	1919
NC_003071.7:9492847-9493885	NC_003071.7	95.969	1042	27	5	1	1039	1000696	1001725	0.0	1677
NC_003071.7:9433078-9433574	NC_003071.7	100.000	497	0	0	1	497	9433078	9433574	0.0	918
NC_003071.7:9433078-9433574	NC_003071.7	90.845	284	12	2	223	492	5038030	5038313	6.17e-101	368
NC_003071.7:9433078-9433574	NC_003071.7	95.556	225	7	3	5	228	5037743	5037965	1.34e-97	357
NC_003071.7:9433078-9433574	NC_003071.7	89.716	282	22	4	223	497	6206871	6206590	1.73e-96	353
NC_003071.7:9433078-9433574	NC_003071.7	94.977	219	9	2	14	231	9226025	9225808	3.74e-93	342
NC_003071.7:9433078-9433574	NC_003071.7	93.151	219	14	1	14	231	9860514	9860296	1.75e-86	320
NC_003071.7:9433078-9433574	NC_003071.7	93.151	219	11	3	11	228	7340378	7340593	6.30e-86	318
NC_003071.7:9433078-9433574	NC_003071.7	92.694	219	15	1	14	231	6207151	6206933	8.15e-85	315
NC_003071.7:9433078-9433574	NC_003071.7	87.456	287	19	5	223	493	13102076	13102361	8.15e-85	315
NC_003071.7:9433078-9433574	NC_003071.7	90.558	233	18	3	3	231	5010666	5010434	4.91e-82	305
NC_003071.7:9433078-9433574	NC_003071.7	86.833	281	21	9	229	493	5010366	5010086	2.28e-80	300
NC_003071.7:9433078-9433574	NC_003071.7	87.037	270	27	5	225	493	9228898	9228636	8.21e-80	298
NC_003071.7:9433078-9433574	NC_003071.7	86.364	286	22	7	223	492	12556920	12557204	2.95e-79	296
NC_003071.7:9433078-9433574	NC_003071.7	87.313	268	16	7	242	493	7340678	7340943	1.37e-77	291
NC_003071.7:9433078-9433574	NC_003071.7	90.498	221	19	2	14	232	9229179	9228959	1.37e-77	291
NC_003071.7:9433078-9433574	NC_003071.7	89.823	226	19	3	7	228	1596909	1597134	1.78e-76	287
NC_003071.7:9433078-9433574	NC_003071.7	86.121	281	20	7	223	487	13886197	13886474	6.39e-76	285
NC_003071.7:9433078-9433574	NC_003071.7	85.766	274	28	9	223	490	9225746	9225478	2.97e-74	279
NC_003071.7:9433078-9433574	NC_003071.7	91.707	205	12	2	32	231	17147641	17147437	2.97e-74	279
NC_003071.7:9433078-9433574	NC_003071.7	89.815	216	21	1	14	228	13101810	13102025	3.85e-73	276
NC_003071.7:9433078-9433574	NC_003071.7	85.036	274	38	3	223	494	19623376	19623648	3.85e-73	276
NC_003071.7:9433078-9433574	NC_003071.7	84.615	286	27	7	223	492	4306006	4306290	6.44e-71	268
NC_003071.7:9433078-9433574	NC_003071.7	88.940	217	23	1	13	228	13885930	13886146	2.32e-70	267
NC_003071.7:9433078-9433574	NC_003071.7	88.444	225	18	2	8	231	1670340	1670123	8.33e-70	265
NC_003071.7:9433078-9433574	NC_003071.7	88.889	216	16	3	17	231	19243132	19242924	3.87e-68	259
NC_003071.7:9433078-9433574	NC_003071.7	83.755	277	36	6	223	492	15134498	15134772	1.80e-66	254
NC_003071.7:9433078-9433574	NC_003071.7	83.516	273	40	4	223	492	1670061	1669791	2.33e-65	250
NC_003071.7:9433078-9433574	NC_003071.7	85.830	247	20	5	223	455	17147375	17147130	8.39e-65	248
NC_003071.7:9433078-9433574	NC_003071.7	86.636	217	19	5	14	228	15134225	15134433	8.45e-60	231
NC_003071.7:9433078-9433574	NC_003071.7	87.264	212	16	5	14	222	19623102	19623305	8.45e-60	231
NC_003071.7:9433078-9433574	NC_003071.7	85.849	212	14	5	223	418	19172388	19172177	1.10e-53	211
NC_003071.7:9433078-9433574	NC_003071.7	79.725	291	37	11	223	497	9860234	9859950	1.43e-47	191
NC_003071.7:9433078-9433574	NC_003071.7	88.742	151	14	3	345	493	2299517	2299666	8.63e-45	182
NC_003071.7:9433078-9433574	NC_003071.7	91.262	103	7	2	14	114	1552862	1552760	5.27e-32	139
NC_003071.7:9433078-9433574	NC_003071.7	90.099	101	7	3	10	108	7439726	7439627	1.14e-28	128
NC_003071.7:9433078-9433574	NC_003071.7	93.902	82	5	0	7	88	6411142	6411223	1.47e-27	124
NC_003071.7:9433078-9433574	NC_003071.7	89.474	95	10	0	14	108	8046269	8046175	1.91e-26	121
NC_003071.7:9433078-9433574	NC_003071.7	89.247	93	8	2	18	108	7178423	7178515	8.87e-25	115
NC_003071.7:9433078-9433574	NC_003071.7	87.255	102	11	2	9	108	17993094	17992993	8.87e-25	115
NC_003071.7:9433078-9433574	NC_003071.7	93.333	75	5	0	14	88	2262405	2262331	1.15e-23	111
NC_003071.7:9433078-9433574	NC_003071.7	88.764	89	8	2	13	99	1303114	1303026	1.49e-22	108
NC_003071.7:9433078-9433574	NC_003071.7	89.041	73	7	1	6	77	1955461	1955533	5.38e-17	89.8
NC_003071.7:9433078-9433574	NC_003071.7	90.625	64	5	1	14	77	6901191	6901253	2.50e-15	84.2
NC_003071.7:9433078-9433574	NC_003071.7	90.625	64	5	1	14	77	9029807	9029869	2.50e-15	84.2
NC_003071.7:9433078-9433574	NC_003071.7	89.062	64	6	1	14	77	10070964	10070902	1.16e-13	78.7
NC_003071.7:9433078-9433574	NC_003071.7	84.615	78	10	2	1	77	2320048	2320124	4.19e-13	76.8
NC_003071.7:9433078-9433574	NC_003071.7	87.879	66	7	1	13	78	3198503	3198439	4.19e-13	76.8
NC_003071.7:9433078-9433574	NC_003071.7	87.692	65	7	1	14	78	1322856	1322793	1.51e-12	75.0
NC_003071.7:9433078-9433574	NC_003071.7	87.500	64	7	1	14	77	11909720	11909658	5.42e-12	73.1
NC_003071.7:9433078-9433574	NC_003076.8	91.434	502	30	2	4	492	6702428	6701927	0.0	676
NC_003071.7:9433078-9433574	NC_003076.8	90.942	276	19	5	223	492	14810550	14810825	2.22e-100	366
NC_003071.7:9433078-9433574	NC_003076.8	89.437	284	17	2	223	493	5625338	5625621	2.89e-94	346
NC_003071.7:9433078-9433574	NC_003076.8	89.437	284	16	2	223	492	17726702	17726985	2.89e-94	346
NC_003071.7:9433078-9433574	NC_003076.8	90.074	272	18	4	223	493	14103929	14103666	1.04e-93	344
NC_003071.7:9433078-9433574	NC_003076.8	94.977	219	10	1	14	231	13892686	13892468	3.74e-93	342
NC_003071.7:9433078-9433574	NC_003076.8	94.977	219	10	1	14	231	14104208	14103990	3.74e-93	342
NC_003071.7:9433078-9433574	NC_003076.8	94.222	225	12	1	5	228	17726413	17726637	3.74e-93	342
NC_003071.7:9433078-9433574	NC_003076.8	88.968	281	22	7	223	497	14395303	14395026	4.84e-92	339
NC_003071.7:9433078-9433574	NC_003076.8	88.968	281	22	7	223	497	14454602	14454325	4.84e-92	339
NC_003071.7:9433078-9433574	NC_003076.8	89.416	274	22	7	223	493	15581073	15581342	4.84e-92	339
NC_003071.7:9433078-9433574	NC_003076.8	89.170	277	23	4	223	492	16871203	16871479	4.84e-92	339
NC_003071.7:9433078-9433574	NC_003076.8	94.521	219	11	1	14	231	9558216	9557998	1.74e-91	337
NC_003071.7:9433078-9433574	NC_003076.8	94.907	216	9	2	14	228	14810271	14810485	1.74e-91	337
NC_003071.7:9433078-9433574	NC_003076.8	88.849	278	23	4	223	492	9557936	9557659	6.26e-91	335
NC_003071.7:9433078-9433574	NC_003076.8	88.235	289	20	3	223	497	24449092	24449380	2.25e-90	333
NC_003071.7:9433078-9433574	NC_003076.8	94.444	216	11	1	14	228	7417331	7417546	8.09e-90	331
NC_003071.7:9433078-9433574	NC_003076.8	94.419	215	12	0	14	228	13231669	13231883	8.09e-90	331
NC_003071.7:9433078-9433574	NC_003076.8	88.448	277	25	4	223	492	13892406	13892130	1.05e-88	327
NC_003071.7:9433078-9433574	NC_003076.8	88.339	283	20	4	223	492	19101826	19102108	1.05e-88	327
NC_003071.7:9433078-9433574	NC_003076.8	93.981	216	12	1	14	228	16870923	16871138	3.77e-88	326
NC_003071.7:9433078-9433574	NC_003076.8	94.009	217	10	3	14	228	24448812	24449027	3.77e-88	326
NC_003071.7:9433078-9433574	NC_003076.8	93.182	220	14	1	10	228	15882289	15882508	4.87e-87	322
NC_003071.7:9433078-9433574	NC_003076.8	92.411	224	15	2	7	228	24117952	24118175	6.30e-86	318
NC_003071.7:9433078-9433574	NC_003076.8	87.633	283	21	9	223	493	8749191	8749471	2.27e-85	316
NC_003071.7:9433078-9433574	NC_003076.8	93.056	216	14	1	14	228	5625058	5625273	8.15e-85	315
NC_003071.7:9433078-9433574	NC_003076.8	89.412	255	20	4	240	493	7700885	7700637	8.15e-85	315
NC_003071.7:9433078-9433574	NC_003076.8	87.368	285	19	5	223	492	26787388	26787106	1.05e-83	311
NC_003071.7:9433078-9433574	NC_003076.8	93.301	209	13	1	16	223	14395843	14395635	1.36e-82	307
NC_003071.7:9433078-9433574	NC_003076.8	93.301	209	13	1	16	223	14455142	14454934	1.36e-82	307
NC_003071.7:9433078-9433574	NC_003076.8	90.541	222	17	4	14	232	7701181	7700961	1.37e-77	291
NC_003071.7:9433078-9433574	NC_003076.8	90.323	217	19	2	14	228	15580807	15581023	2.30e-75	283
NC_003071.7:9433078-9433574	NC_003076.8	85.348	273	35	4	223	492	17043631	17043901	1.07e-73	278
NC_003071.7:9433078-9433574	NC_003076.8	89.450	218	22	1	12	228	8748923	8749140	1.38e-72	274
NC_003071.7:9433078-9433574	NC_003076.8	88.393	224	21	4	12	231	3566346	3566568	8.33e-70	265
NC_003071.7:9433078-9433574	NC_003076.8	88.235	221	24	2	13	231	706998	706778	2.99e-69	263
NC_003071.7:9433078-9433574	NC_003076.8	88.889	216	16	3	14	228	17043358	17043566	3.87e-68	259
NC_003071.7:9433078-9433574	NC_003076.8	87.773	229	14	2	223	437	22335308	22335080	5.01e-67	255
NC_003071.7:9433078-9433574	NC_003076.8	87.273	220	26	2	14	231	4936961	4937180	2.33e-65	250
NC_003071.7:9433078-9433574	NC_003076.8	83.566	286	25	8	223	492	9854612	9854891	8.39e-65	248
NC_003071.7:9433078-9433574	NC_003076.8	87.963	216	17	3	14	228	16712851	16713058	3.02e-64	246
NC_003071.7:9433078-9433574	NC_003076.8	82.886	298	23	10	223	492	7417611	7417908	3.90e-63	243
NC_003071.7:9433078-9433574	NC_003076.8	86.486	222	27	3	13	232	9068736	9068516	1.40e-62	241
NC_003071.7:9433078-9433574	NC_003076.8	86.784	227	17	2	3	228	19101547	19101761	1.40e-62	241
NC_003071.7:9433078-9433574	NC_003076.8	91.477	176	13	2	11	185	24586628	24586802	1.40e-62	241
NC_003071.7:9433078-9433574	NC_003076.8	85.532	235	18	4	273	492	20278847	20278614	8.45e-60	231
NC_003071.7:9433078-9433574	NC_003076.8	86.758	219	16	5	14	231	22335576	22335370	8.45e-60	231
NC_003071.7:9433078-9433574	NC_003076.8	94.595	148	6	2	346	492	13231927	13232073	1.09e-58	228
NC_003071.7:9433078-9433574	NC_003076.8	85.520	221	29	3	14	232	22621740	22621521	1.09e-58	228
NC_003071.7:9433078-9433574	NC_003076.8	84.979	233	18	5	273	490	13734262	13734492	1.83e-56	220
NC_003071.7:9433078-9433574	NC_003076.8	89.933	149	14	1	345	492	17481898	17482046	1.43e-47	191
NC_003071.7:9433078-9433574	NC_003076.8	83.562	219	19	4	273	476	5648113	5647897	5.16e-47	189
NC_003071.7:9433078-9433574	NC_003076.8	90.345	145	11	2	223	365	24118240	24118383	1.85e-46	187
NC_003071.7:9433078-9433574	NC_003076.8	90.625	96	8	1	14	108	14880216	14880311	4.10e-28	126
NC_003071.7:9433078-9433574	NC_003076.8	93.023	86	4	2	14	98	15659431	15659347	1.47e-27	124
NC_003071.7:9433078-9433574	NC_003076.8	92.135	89	3	4	14	99	9763120	9763033	5.30e-27	122
NC_003071.7:9433078-9433574	NC_003076.8	89.474	95	9	1	14	108	9979173	9979080	6.86e-26	119
NC_003071.7:9433078-9433574	NC_003076.8	90.805	87	6	2	406	492	15882682	15882766	8.87e-25	115
NC_003071.7:9433078-9433574	NC_003076.8	90.588	85	7	1	14	98	14216354	14216271	1.15e-23	111
NC_003071.7:9433078-9433574	NC_003076.8	88.889	90	9	1	6	94	10873653	10873742	4.13e-23	110
NC_003071.7:9433078-9433574	NC_003076.8	87.368	95	12	0	14	108	20674822	20674728	4.13e-23	110
NC_003071.7:9433078-9433574	NC_003076.8	88.172	93	10	1	17	108	22463661	22463753	4.13e-23	110
NC_003071.7:9433078-9433574	NC_003076.8	90.411	73	6	1	273	344	9298769	9298841	1.16e-18	95.3
NC_003071.7:9433078-9433574	NC_003076.8	92.308	65	4	1	14	78	9866841	9866904	1.50e-17	91.6
NC_003071.7:9433078-9433574	NC_003076.8	90.769	65	5	1	14	78	15162255	15162318	6.96e-16	86.1
NC_003071.7:9433078-9433574	NC_003076.8	85.366	82	10	2	14	94	19153746	19153666	2.50e-15	84.2
NC_003071.7:9433078-9433574	NC_003076.8	86.667	75	9	1	4	78	15536022	15535949	9.00e-15	82.4
NC_003071.7:9433078-9433574	NC_003076.8	89.231	65	6	1	14	78	7488977	7488914	3.24e-14	80.5
NC_003071.7:9433078-9433574	NC_003076.8	87.500	64	8	0	14	77	8280718	8280781	1.51e-12	75.0
NC_003071.7:9433078-9433574	NC_003076.8	87.500	64	7	1	14	77	17481151	17481213	5.42e-12	73.1
NC_003071.7:9433078-9433574	NC_003076.8	84.848	66	9	1	13	78	22020972	22021036	9.06e-10	65.8
NC_003071.7:9433078-9433574	NC_003070.9	92.251	271	19	2	223	492	5899475	5899206	2.20e-105	383
NC_003071.7:9433078-9433574	NC_003070.9	91.822	269	20	2	223	490	10931203	10931470	1.33e-102	374
NC_003071.7:9433078-9433574	NC_003070.9	89.789	284	15	2	223	492	12097734	12098017	6.21e-96	351
NC_003071.7:9433078-9433574	NC_003070.9	95.434	219	9	1	14	231	5899755	5899537	8.04e-95	348
NC_003071.7:9433078-9433574	NC_003070.9	89.493	276	24	4	223	493	16400723	16400448	1.04e-93	344
NC_003071.7:9433078-9433574	NC_003070.9	89.531	277	22	5	223	492	27240999	27241275	1.04e-93	344
NC_003071.7:9433078-9433574	NC_003070.9	89.209	278	23	5	223	493	26881000	26881277	1.34e-92	340
NC_003071.7:9433078-9433574	NC_003070.9	94.521	219	12	0	13	231	23125694	23125476	4.84e-92	339
NC_003071.7:9433078-9433574	NC_003070.9	94.521	219	11	1	14	231	16401003	16400785	1.74e-91	337
NC_003071.7:9433078-9433574	NC_003070.9	90.000	260	23	3	236	492	540692	540433	2.25e-90	333
NC_003071.7:9433078-9433574	NC_003070.9	94.064	219	12	1	14	231	540987	540769	8.09e-90	331
NC_003071.7:9433078-9433574	NC_003070.9	88.380	284	19	3	223	492	21918701	21918984	2.91e-89	329
NC_003071.7:9433078-9433574	NC_003070.9	88.421	285	17	4	223	492	23125414	23125131	2.91e-89	329
NC_003071.7:9433078-9433574	NC_003070.9	88.380	284	19	5	223	492	25779954	25780237	2.91e-89	329
NC_003071.7:9433078-9433574	NC_003070.9	92.857	224	14	2	7	228	27240711	27240934	1.35e-87	324
NC_003071.7:9433078-9433574	NC_003070.9	93.519	216	12	2	14	228	26880721	26880935	1.75e-86	320
NC_003071.7:9433078-9433574	NC_003070.9	87.633	283	20	4	225	493	4770395	4770114	8.15e-85	315
NC_003071.7:9433078-9433574	NC_003070.9	88.346	266	26	4	236	497	10591687	10591423	8.15e-85	315
NC_003071.7:9433078-9433574	NC_003070.9	93.056	216	12	3	14	228	12097456	12097669	2.93e-84	313
NC_003071.7:9433078-9433574	NC_003070.9	90.987	233	18	3	263	492	2473131	2472899	1.05e-83	311
NC_003071.7:9433078-9433574	NC_003070.9	87.823	271	24	6	225	492	22192288	22192552	3.79e-83	309
NC_003071.7:9433078-9433574	NC_003070.9	92.202	218	15	1	14	231	6219140	6218925	1.36e-82	307
NC_003071.7:9433078-9433574	NC_003070.9	87.063	286	20	6	223	492	10021698	10021414	1.36e-82	307
NC_003071.7:9433078-9433574	NC_003070.9	86.441	295	22	6	214	492	19769281	19769573	1.36e-82	307
NC_003071.7:9433078-9433574	NC_003070.9	90.517	232	21	1	1	231	10591995	10591764	4.91e-82	305
NC_003071.7:9433078-9433574	NC_003070.9	92.130	216	16	1	14	228	11732352	11732567	1.76e-81	303
NC_003071.7:9433078-9433574	NC_003070.9	92.130	216	16	1	14	228	12240505	12240720	1.76e-81	303
NC_003071.7:9433078-9433574	NC_003070.9	91.324	219	16	2	14	231	10853200	10852984	2.95e-79	296
NC_003071.7:9433078-9433574	NC_003070.9	86.364	286	22	8	223	492	28891664	28891380	2.95e-79	296
NC_003071.7:9433078-9433574	NC_003070.9	90.868	219	18	2	15	231	2587832	2587614	3.82e-78	292
NC_003071.7:9433078-9433574	NC_003070.9	90.868	219	19	1	14	231	13313923	13313705	3.82e-78	292
NC_003071.7:9433078-9433574	NC_003070.9	89.362	235	21	4	1	232	22191994	22192227	3.82e-78	292
NC_003071.7:9433078-9433574	NC_003070.9	90.498	221	19	2	14	232	29244142	29244362	1.37e-77	291
NC_003071.7:9433078-9433574	NC_003070.9	90.741	216	19	1	17	231	2986889	2986674	1.78e-76	287
NC_003071.7:9433078-9433574	NC_003070.9	85.374	294	23	9	216	492	11803834	11803544	1.78e-76	287
NC_003071.7:9433078-9433574	NC_003070.9	90.455	220	11	4	14	231	26511226	26511015	8.27e-75	281
NC_003071.7:9433078-9433574	NC_003070.9	85.348	273	35	4	223	492	24718768	24719038	1.07e-73	278
NC_003071.7:9433078-9433574	NC_003070.9	84.965	286	26	5	229	497	5863233	5863518	1.38e-72	274
NC_003071.7:9433078-9433574	NC_003070.9	85.874	269	23	7	223	490	10852922	10852668	4.98e-72	272
NC_003071.7:9433078-9433574	NC_003070.9	86.667	255	20	5	223	463	587748	587494	1.79e-71	270
NC_003071.7:9433078-9433574	NC_003070.9	88.636	220	23	2	14	231	13495989	13495770	2.32e-70	267
NC_003071.7:9433078-9433574	NC_003070.9	88.889	216	23	1	14	228	19769024	19769239	8.33e-70	265
NC_003071.7:9433078-9433574	NC_003070.9	85.240	271	24	7	238	492	21739346	21739076	8.33e-70	265
NC_003071.7:9433078-9433574	NC_003070.9	88.288	222	24	2	12	231	21739643	21739422	8.33e-70	265
NC_003071.7:9433078-9433574	NC_003070.9	89.767	215	10	2	14	228	21918434	21918636	8.33e-70	265
NC_003071.7:9433078-9433574	NC_003070.9	93.642	173	9	2	14	185	2473307	2473136	1.39e-67	257
NC_003071.7:9433078-9433574	NC_003070.9	88.128	219	23	3	14	231	13811466	13811250	1.39e-67	257
NC_003071.7:9433078-9433574	NC_003070.9	88.341	223	12	3	10	231	4770668	4770459	5.01e-67	255
NC_003071.7:9433078-9433574	NC_003070.9	86.864	236	15	4	273	493	21615530	21615296	2.33e-65	250
NC_003071.7:9433078-9433574	NC_003070.9	87.054	224	24	4	10	231	588030	587810	8.39e-65	248
NC_003071.7:9433078-9433574	NC_003070.9	89.394	198	18	3	33	228	25779690	25779886	3.02e-64	246
NC_003071.7:9433078-9433574	NC_003070.9	86.667	225	25	5	11	232	4582995	4583217	1.08e-63	244
NC_003071.7:9433078-9433574	NC_003070.9	82.623	305	23	11	221	495	17502507	17502811	3.90e-63	243
NC_003071.7:9433078-9433574	NC_003070.9	86.818	220	26	3	14	231	20205905	20205687	3.90e-63	243
NC_003071.7:9433078-9433574	NC_003070.9	84.766	256	22	7	229	467	4583280	4583535	1.40e-62	241
NC_003071.7:9433078-9433574	NC_003070.9	86.878	221	21	2	9	228	24718469	24718682	1.40e-62	241
NC_003071.7:9433078-9433574	NC_003070.9	86.301	219	29	1	14	231	28891930	28891712	1.82e-61	237
NC_003071.7:9433078-9433574	NC_003070.9	95.302	149	6	1	81	228	10930990	10931138	6.53e-61	235
NC_003071.7:9433078-9433574	NC_003070.9	94.595	148	6	2	346	492	12240764	12240910	1.09e-58	228
NC_003071.7:9433078-9433574	NC_003070.9	82.609	276	20	9	223	470	6218863	6218588	6.58e-56	219
NC_003071.7:9433078-9433574	NC_003070.9	85.648	216	12	4	14	222	24645519	24645722	3.96e-53	209
NC_003071.7:9433078-9433574	NC_003070.9	91.946	149	11	1	346	493	13313664	13313516	1.42e-52	207
NC_003071.7:9433078-9433574	NC_003070.9	83.402	241	23	4	273	496	20559836	20559596	1.42e-52	207
NC_003071.7:9433078-9433574	NC_003070.9	79.866	298	26	14	223	492	13870153	13870444	1.85e-46	187
NC_003071.7:9433078-9433574	NC_003070.9	88.966	145	13	3	223	365	2587552	2587409	4.01e-43	176
NC_003071.7:9433078-9433574	NC_003070.9	91.667	96	7	1	13	107	1160223	1160318	8.81e-30	132
NC_003071.7:9433078-9433574	NC_003070.9	90.816	98	8	1	12	108	9919334	9919237	3.17e-29	130
NC_003071.7:9433078-9433574	NC_003070.9	90.625	96	8	1	14	108	11174210	11174305	4.10e-28	126
NC_003071.7:9433078-9433574	NC_003070.9	89.216	102	10	1	8	108	26306954	26307055	4.10e-28	126
NC_003071.7:9433078-9433574	NC_003070.9	98.551	69	1	0	20	88	12525587	12525655	5.30e-27	122
NC_003071.7:9433078-9433574	NC_003070.9	89.583	96	9	1	14	108	8189961	8190056	1.91e-26	121
NC_003071.7:9433078-9433574	NC_003070.9	91.860	86	7	0	10	95	10929422	10929507	1.91e-26	121
NC_003071.7:9433078-9433574	NC_003070.9	89.583	96	9	1	14	108	16859177	16859082	1.91e-26	121
NC_003071.7:9433078-9433574	NC_003070.9	89.362	94	10	0	15	108	14013409	14013316	6.86e-26	119
NC_003071.7:9433078-9433574	NC_003070.9	91.765	85	7	0	14	98	19742138	19742054	6.86e-26	119
NC_003071.7:9433078-9433574	NC_003070.9	88.660	97	8	3	14	108	12993595	12993500	8.87e-25	115
NC_003071.7:9433078-9433574	NC_003070.9	87.755	98	10	2	12	108	12183993	12183897	3.19e-24	113
NC_003071.7:9433078-9433574	NC_003070.9	87.368	95	10	2	14	107	9367448	9367541	1.49e-22	108
NC_003071.7:9433078-9433574	NC_003070.9	88.636	88	8	2	14	99	18766618	18766531	5.34e-22	106
NC_003071.7:9433078-9433574	NC_003070.9	86.316	95	13	0	14	108	17605550	17605644	1.92e-21	104
NC_003071.7:9433078-9433574	NC_003070.9	86.458	96	11	2	14	108	20509422	20509328	1.92e-21	104
NC_003071.7:9433078-9433574	NC_003070.9	90.141	71	6	1	7	77	18301149	18301080	1.50e-17	91.6
NC_003071.7:9433078-9433574	NC_003070.9	90.909	66	5	1	12	77	9385035	9384971	1.93e-16	87.9
NC_003071.7:9433078-9433574	NC_003070.9	90.769	65	5	1	14	78	6514476	6514539	6.96e-16	86.1
NC_003071.7:9433078-9433574	NC_003070.9	89.231	65	7	0	14	78	12618638	12618702	9.00e-15	82.4
NC_003071.7:9433078-9433574	NC_003070.9	86.765	68	7	2	8	75	10579419	10579484	1.51e-12	75.0
NC_003071.7:9433078-9433574	NC_003070.9	87.500	64	7	1	11	73	13548429	13548492	5.42e-12	73.1
NC_003071.7:9433078-9433574	NC_003074.8	91.544	272	22	1	223	493	10718064	10717793	1.33e-102	374
NC_003071.7:9433078-9433574	NC_003074.8	91.954	261	18	3	236	493	10708920	10709180	2.87e-99	363
NC_003071.7:9433078-9433574	NC_003074.8	96.279	215	8	0	14	228	19739757	19739971	1.73e-96	353
NC_003071.7:9433078-9433574	NC_003074.8	94.714	227	8	3	14	236	10405396	10405622	2.23e-95	350
NC_003071.7:9433078-9433574	NC_003074.8	95.853	217	8	1	13	228	10708624	10708840	2.23e-95	350
NC_003071.7:9433078-9433574	NC_003074.8	89.170	277	23	5	223	492	16405476	16405752	4.84e-92	339
NC_003071.7:9433078-9433574	NC_003074.8	93.103	232	13	2	3	231	10758592	10758361	1.74e-91	337
NC_003071.7:9433078-9433574	NC_003074.8	88.542	288	19	5	223	497	23085809	23086095	1.74e-91	337
NC_003071.7:9433078-9433574	NC_003074.8	94.521	219	9	3	11	228	23085528	23085744	6.26e-91	335
NC_003071.7:9433078-9433574	NC_003074.8	94.091	220	11	2	14	231	10718345	10718126	2.25e-90	333
NC_003071.7:9433078-9433574	NC_003074.8	88.235	289	20	2	223	497	11090723	11090435	2.25e-90	333
NC_003071.7:9433078-9433574	NC_003074.8	93.981	216	11	2	14	228	7766062	7766276	3.77e-88	326
NC_003071.7:9433078-9433574	NC_003074.8	88.070	285	20	5	223	493	10405676	10405960	3.77e-88	326
NC_003071.7:9433078-9433574	NC_003074.8	93.981	216	12	1	14	228	14057124	14057339	3.77e-88	326
NC_003071.7:9433078-9433574	NC_003074.8	88.889	270	21	7	225	492	4585035	4585297	1.35e-87	324
NC_003071.7:9433078-9433574	NC_003074.8	87.762	286	18	5	223	492	7980367	7980083	6.30e-86	318
NC_003071.7:9433078-9433574	NC_003074.8	87.119	295	21	5	216	495	16485597	16485305	6.30e-86	318
NC_003071.7:9433078-9433574	NC_003074.8	93.119	218	14	1	14	231	16485869	16485653	6.30e-86	318
NC_003071.7:9433078-9433574	NC_003074.8	87.676	284	21	2	223	492	17402284	17402001	6.30e-86	318
NC_003071.7:9433078-9433574	NC_003074.8	94.608	204	10	1	26	228	18634492	18634289	8.15e-85	315
NC_003071.7:9433078-9433574	NC_003074.8	86.689	293	21	6	223	497	6729212	6728920	3.79e-83	309
NC_003071.7:9433078-9433574	NC_003074.8	92.593	216	15	1	17	231	11091000	11090785	3.79e-83	309
NC_003071.7:9433078-9433574	NC_003074.8	86.897	290	21	6	225	497	21552385	21552096	3.79e-83	309
NC_003071.7:9433078-9433574	NC_003074.8	92.130	216	16	1	14	228	19436871	19437086	1.76e-81	303
NC_003071.7:9433078-9433574	NC_003074.8	91.324	219	18	1	11	228	16405193	16405411	8.21e-80	298
NC_003071.7:9433078-9433574	NC_003074.8	91.071	224	12	2	16	231	6729497	6729274	2.95e-79	296
NC_003071.7:9433078-9433574	NC_003074.8	91.204	216	12	4	14	228	11315007	11315216	1.78e-76	287
NC_003071.7:9433078-9433574	NC_003074.8	84.982	273	36	4	223	492	11132475	11132745	4.98e-72	272
NC_003071.7:9433078-9433574	NC_003074.8	91.753	194	13	3	12	203	15812959	15813151	2.32e-70	267
NC_003071.7:9433078-9433574	NC_003074.8	88.182	220	23	3	14	231	3080591	3080373	3.87e-68	259
NC_003071.7:9433078-9433574	NC_003074.8	84.116	277	35	5	223	492	16234934	16234660	3.87e-68	259
NC_003071.7:9433078-9433574	NC_003074.8	87.719	228	19	4	5	231	423205	422986	1.39e-67	257
NC_003071.7:9433078-9433574	NC_003074.8	87.838	222	23	4	13	232	4584755	4584974	1.39e-67	257
NC_003071.7:9433078-9433574	NC_003074.8	87.838	222	24	3	12	231	7980635	7980415	1.39e-67	257
NC_003071.7:9433078-9433574	NC_003074.8	87.111	225	18	5	7	228	11132194	11132410	1.08e-63	244
NC_003071.7:9433078-9433574	NC_003074.8	82.943	299	21	8	223	492	10758299	10758002	3.90e-63	243
NC_003071.7:9433078-9433574	NC_003074.8	84.553	246	29	7	223	464	422925	422685	6.53e-61	235
NC_003071.7:9433078-9433574	NC_003074.8	86.111	216	25	5	20	232	16723678	16723465	1.09e-58	228
NC_003071.7:9433078-9433574	NC_003074.8	84.681	235	20	4	273	492	6940832	6940599	1.83e-56	220
NC_003071.7:9433078-9433574	NC_003074.8	94.595	111	6	0	10	120	7274656	7274766	5.19e-42	172
NC_003071.7:9433078-9433574	NC_003074.8	92.233	103	8	0	223	325	4579516	4579618	3.15e-34	147
NC_003071.7:9433078-9433574	NC_003074.8	94.118	85	5	0	14	98	15918691	15918607	3.17e-29	130
NC_003071.7:9433078-9433574	NC_003074.8	98.462	65	1	0	15	79	16235708	16235644	8.87e-25	115
NC_003071.7:9433078-9433574	NC_003074.8	88.542	96	8	3	14	107	7659521	7659427	3.19e-24	113
NC_003071.7:9433078-9433574	NC_003074.8	93.506	77	3	2	14	89	10082828	10082753	3.19e-24	113
NC_003071.7:9433078-9433574	NC_003074.8	92.308	78	6	0	11	88	7318499	7318576	1.15e-23	111
NC_003071.7:9433078-9433574	NC_003074.8	90.588	85	7	1	14	98	9186736	9186653	1.15e-23	111
NC_003071.7:9433078-9433574	NC_003074.8	91.139	79	7	0	153	231	18887435	18887357	1.49e-22	108
NC_003071.7:9433078-9433574	NC_003074.8	88.000	75	7	2	4	78	16535303	16535231	1.93e-16	87.9
NC_003071.7:9433078-9433574	NC_003074.8	90.625	64	5	1	14	77	8596967	8596905	2.50e-15	84.2
NC_003071.7:9433078-9433574	NC_003074.8	85.366	82	10	2	14	94	19537816	19537736	2.50e-15	84.2
NC_003071.7:9433078-9433574	NC_003074.8	90.625	64	4	2	55	116	21694228	21694291	2.50e-15	84.2
NC_003071.7:9433078-9433574	NC_003074.8	89.394	66	6	1	12	77	19529021	19529085	9.00e-15	82.4
NC_003071.7:9433078-9433574	NC_003074.8	89.231	65	6	1	14	78	16677616	16677679	3.24e-14	80.5
NC_003071.7:9433078-9433574	NC_003074.8	90.323	62	5	1	14	75	16902332	16902392	3.24e-14	80.5
NC_003071.7:9433078-9433574	NC_003074.8	89.062	64	6	1	14	77	20770464	20770402	1.16e-13	78.7
NC_003071.7:9433078-9433574	NC_003074.8	86.567	67	8	1	12	78	10900760	10900825	5.42e-12	73.1
NC_003071.7:9433078-9433574	NC_003074.8	100.000	38	0	0	9	46	9540454	9540491	1.95e-11	71.3
NC_003071.7:9433078-9433574	NC_003074.8	100.000	29	0	0	14	42	18172792	18172764	1.96e-06	54.7
NC_003071.7:9433078-9433574	NC_003075.7	95.370	216	9	1	14	228	1521257	1521472	3.74e-93	342
NC_003071.7:9433078-9433574	NC_003075.7	94.064	219	12	1	14	231	572759	572541	8.09e-90	331
NC_003071.7:9433078-9433574	NC_003075.7	93.363	226	12	3	4	228	6115333	6115556	8.09e-90	331
NC_003071.7:9433078-9433574	NC_003075.7	87.838	296	17	9	216	493	1521526	1521820	2.91e-89	329
NC_003071.7:9433078-9433574	NC_003075.7	94.037	218	12	1	15	231	14458283	14458066	2.91e-89	329
NC_003071.7:9433078-9433574	NC_003075.7	87.797	295	17	9	216	492	6115610	6115903	1.05e-88	327
NC_003071.7:9433078-9433574	NC_003075.7	88.129	278	27	5	225	497	6339743	6339467	3.77e-88	326
NC_003071.7:9433078-9433574	NC_003075.7	92.511	227	15	2	7	231	8947768	8947542	1.35e-87	324
NC_003071.7:9433078-9433574	NC_003075.7	93.213	221	14	1	12	231	12607049	12606829	1.35e-87	324
NC_003071.7:9433078-9433574	NC_003075.7	88.476	269	24	4	225	492	7034513	7034251	6.30e-86	318
NC_003071.7:9433078-9433574	NC_003075.7	87.762	286	18	4	223	492	9111864	9111580	6.30e-86	318
NC_003071.7:9433078-9433574	NC_003075.7	86.207	290	25	5	223	497	572480	572191	2.28e-80	300
NC_003071.7:9433078-9433574	NC_003075.7	86.268	284	24	3	225	494	2553669	2553951	1.06e-78	294
NC_003071.7:9433078-9433574	NC_003075.7	90.583	223	18	3	273	492	1198935	1198713	3.82e-78	292
NC_003071.7:9433078-9433574	NC_003075.7	90.000	220	20	2	14	231	6660987	6661206	2.30e-75	283
NC_003071.7:9433078-9433574	NC_003075.7	90.179	224	13	4	9	231	12365611	12365396	2.30e-75	283
NC_003071.7:9433078-9433574	NC_003075.7	88.158	228	24	3	7	231	5392291	5392064	6.44e-71	268
NC_003071.7:9433078-9433574	NC_003075.7	88.584	219	24	1	14	231	9112130	9111912	8.33e-70	265
NC_003071.7:9433078-9433574	NC_003075.7	84.053	301	21	8	223	496	14458007	14457707	8.33e-70	265
NC_003071.7:9433078-9433574	NC_003075.7	89.041	219	16	2	14	231	15442194	15441983	8.33e-70	265
NC_003071.7:9433078-9433574	NC_003075.7	83.942	274	39	4	223	493	12365334	12365063	1.39e-67	257
NC_003071.7:9433078-9433574	NC_003075.7	83.942	274	39	4	223	493	15441921	15441650	1.39e-67	257
NC_003071.7:9433078-9433574	NC_003075.7	85.887	248	19	5	229	461	823768	823522	2.33e-65	250
NC_003071.7:9433078-9433574	NC_003075.7	86.425	221	26	4	14	232	6340022	6339804	5.05e-62	239
NC_003071.7:9433078-9433574	NC_003075.7	82.051	273	38	9	223	493	8947480	8947217	5.08e-57	222
NC_003071.7:9433078-9433574	NC_003075.7	79.461	297	28	13	223	492	12606767	12606477	3.10e-44	180
NC_003071.7:9433078-9433574	NC_003075.7	91.089	101	8	1	9	108	7154774	7154874	6.81e-31	135
NC_003071.7:9433078-9433574	NC_003075.7	91.579	95	8	0	14	108	9146443	9146537	8.81e-30	132
NC_003071.7:9433078-9433574	NC_003075.7	93.902	82	5	0	14	95	2553548	2553629	1.47e-27	124
NC_003071.7:9433078-9433574	NC_003075.7	89.109	101	9	2	9	108	7830146	7830245	1.47e-27	124
NC_003071.7:9433078-9433574	NC_003075.7	89.583	96	9	1	14	108	6427216	6427121	1.91e-26	121
NC_003071.7:9433078-9433574	NC_003075.7	91.111	90	7	1	9	98	6638800	6638888	1.91e-26	121
NC_003071.7:9433078-9433574	NC_003075.7	89.583	96	8	2	14	108	7652564	7652658	1.91e-26	121
NC_003071.7:9433078-9433574	NC_003075.7	89.474	95	9	1	14	107	2040107	2040201	6.86e-26	119
NC_003071.7:9433078-9433574	NC_003075.7	90.909	88	8	0	11	98	7905768	7905855	6.86e-26	119
NC_003071.7:9433078-9433574	NC_003075.7	92.683	82	5	1	14	94	13537670	13537589	2.47e-25	117
NC_003071.7:9433078-9433574	NC_003075.7	87.629	97	10	2	13	108	12968439	12968344	1.15e-23	111
NC_003071.7:9433078-9433574	NC_003075.7	88.636	88	7	3	14	99	2987147	2987233	1.92e-21	104
NC_003071.7:9433078-9433574	NC_003075.7	90.541	74	7	0	14	87	3897172	3897245	8.94e-20	99.0
NC_003071.7:9433078-9433574	NC_003075.7	89.062	64	6	1	14	77	6169229	6169167	1.16e-13	78.7
NC_003071.7:9433078-9433574	NC_003075.7	88.060	67	7	1	11	77	9192540	9192605	1.16e-13	78.7
NC_003071.7:9433078-9433574	NC_003075.7	87.692	65	7	1	14	78	1199585	1199522	1.51e-12	75.0
NC_003071.7:9433078-9433574	NC_003075.7	87.500	64	8	0	14	77	5431587	5431524	1.51e-12	75.0
NC_003071.7:9433078-9433574	NC_003075.7	87.500	64	7	1	14	77	7384282	7384220	5.42e-12	73.1
NC_003071.7:9433078-9433574	NC_003075.7	86.154	65	9	0	14	78	8899077	8899141	1.95e-11	71.3
NC_003071.7:9433078-9433574	NC_003075.7	86.154	65	8	1	14	78	7230735	7230798	7.01e-11	69.4
NC_003071.7:8893527-8895166	NC_003071.7	100.000	1640	0	0	1	1640	8895166	8893527	0.0	3029
NC_003071.7:8893527-8895166	NC_003071.7	93.402	682	19	5	1	668	15566812	15567481	0.0	987
NC_003071.7:8893527-8895166	NC_003071.7	93.187	455	24	3	1186	1640	15567618	15568065	0.0	662
NC_003071.7:8893527-8895166	NC_003074.8	94.567	681	19	2	1	668	18843489	18844164	0.0	1037
NC_003071.7:8893527-8895166	NC_003074.8	93.392	681	25	3	1	668	10752365	10751692	0.0	990
NC_003071.7:8893527-8895166	NC_003074.8	96.404	445	12	2	1186	1630	10751556	10751116	0.0	730
NC_003071.7:8893527-8895166	NC_003074.8	95.281	445	16	2	1186	1630	17470688	17471127	0.0	701
NC_003071.7:8893527-8895166	NC_003074.8	95.067	446	18	1	1186	1631	18844264	18844705	0.0	699
NC_003071.7:8893527-8895166	NC_003074.8	93.194	382	9	3	300	668	17470174	17470551	9.09e-154	545
NC_003071.7:8893527-8895166	NC_003074.8	97.115	312	8	1	1	312	17469786	17470096	1.18e-147	525
NC_003071.7:8893527-8895166	NC_003076.8	94.420	681	22	2	1	668	7057391	7056714	0.0	1033
NC_003071.7:8893527-8895166	NC_003076.8	93.686	681	19	3	1	668	24002083	24002752	0.0	998
NC_003071.7:8893527-8895166	NC_003076.8	84.046	959	94	30	114	1052	10510779	10509860	0.0	869
NC_003071.7:8893527-8895166	NC_003076.8	96.044	455	14	1	1186	1640	24002889	24003339	0.0	737
NC_003071.7:8893527-8895166	NC_003076.8	94.737	456	17	5	1186	1640	7056577	7056128	0.0	702
NC_003071.7:8893527-8895166	NC_003076.8	94.725	455	19	2	1186	1640	23432445	23432894	0.0	702
NC_003071.7:8893527-8895166	NC_003076.8	93.194	382	9	3	300	668	23431931	23432308	9.09e-154	545
NC_003071.7:8893527-8895166	NC_003076.8	97.436	312	7	1	1	312	23431543	23431853	2.55e-149	531
NC_003071.7:8893527-8895166	NC_003076.8	82.114	492	41	14	1093	1580	10507440	10506992	3.51e-103	377
NC_003071.7:8854356-8855271	NC_003071.7	100.000	916	0	0	1	916	8854356	8855271	0.0	1692
NC_003071.7:8854356-8855271	NC_003071.7	96.128	904	26	6	17	916	10351572	10352470	0.0	1467
NC_003071.7:8854356-8855271	NC_003071.7	93.982	914	38	11	16	915	11556303	11555393	0.0	1367
NC_003071.7:8854356-8855271	NC_003071.7	93.735	830	37	6	82	907	241106	241924	0.0	1230
NC_003071.7:8854356-8855271	NC_003071.7	91.281	562	25	5	17	561	5607444	5607998	0.0	745
NC_003071.7:8854356-8855271	NC_003071.7	87.289	653	40	18	249	875	4086199	4085564	0.0	706
NC_003071.7:8854356-8855271	NC_003071.7	93.955	397	8	7	1	396	19527925	19528306	2.96e-166	586
NC_003071.7:8854356-8855271	NC_003071.7	91.914	371	18	8	557	916	19528489	19528858	6.58e-143	508
NC_003071.7:8854356-8855271	NC_003071.7	88.402	388	26	6	492	875	6249631	6249259	4.05e-125	449
NC_003071.7:8854356-8855271	NC_003071.7	87.139	381	41	6	498	875	7977402	7977777	6.82e-118	425
NC_003071.7:8854356-8855271	NC_003071.7	88.506	348	35	5	472	814	1679012	1678665	4.11e-115	416
NC_003071.7:8854356-8855271	NC_003071.7	93.633	267	14	2	16	281	240845	241109	5.35e-109	396
NC_003071.7:8854356-8855271	NC_003071.7	89.231	260	19	7	1	252	10682736	10682994	4.28e-85	316
NC_003071.7:8854356-8855271	NC_003071.7	86.498	237	16	11	249	471	10683312	10683546	5.70e-64	246
NC_003071.7:8854356-8855271	NC_003071.7	91.150	113	8	2	12	123	4086587	4086476	1.28e-35	152
NC_003071.7:8854356-8855271	NC_003076.8	94.766	917	33	9	11	916	24436614	24435702	0.0	1413
NC_003071.7:8854356-8855271	NC_003076.8	93.709	922	43	9	7	916	7833865	7834783	0.0	1367
NC_003071.7:8854356-8855271	NC_003076.8	93.192	896	48	7	17	910	19080548	19081432	0.0	1304
NC_003071.7:8854356-8855271	NC_003076.8	92.632	855	38	11	40	875	12091647	12090799	0.0	1206
NC_003071.7:8854356-8855271	NC_003076.8	91.285	895	50	13	1	875	7075320	7076206	0.0	1195
NC_003071.7:8854356-8855271	NC_003076.8	90.680	912	30	15	16	916	17276000	17275133	0.0	1162
NC_003071.7:8854356-8855271	NC_003076.8	94.068	708	36	4	212	916	5063067	5062363	0.0	1070
NC_003071.7:8854356-8855271	NC_003076.8	94.242	660	33	3	252	909	18555809	18556465	0.0	1003
NC_003071.7:8854356-8855271	NC_003076.8	96.745	553	14	3	17	567	18554307	18554857	0.0	918
NC_003071.7:8854356-8855271	NC_003076.8	96.721	549	13	4	20	567	5063612	5063068	0.0	909
NC_003071.7:8854356-8855271	NC_003076.8	90.595	521	35	5	400	916	6073051	6072541	0.0	678
NC_003071.7:8854356-8855271	NC_003076.8	95.989	374	12	2	5	377	6073201	6073572	8.16e-172	604
NC_003071.7:8854356-8855271	NC_003076.8	88.010	392	32	8	491	872	22491525	22491911	4.05e-125	449
NC_003071.7:8854356-8855271	NC_003076.8	87.645	259	24	7	1	252	10270550	10270293	2.01e-78	294
NC_003071.7:8854356-8855271	NC_003076.8	86.076	237	17	11	249	471	10269974	10269740	2.65e-62	241
NC_003071.7:8854356-8855271	NC_003076.8	85.635	181	14	6	249	418	9754558	9754737	5.86e-44	180
NC_003071.7:8854356-8855271	NC_003076.8	92.553	94	6	1	10	103	12091731	12091639	4.63e-30	134
NC_003071.7:8854356-8855271	NC_003076.8	98.214	56	1	0	212	267	18554858	18554913	1.69e-19	99.0
NC_003071.7:8854356-8855271	NC_003076.8	92.308	39	3	0	878	916	10072851	10072889	1.03e-06	56.5
NC_003071.7:8854356-8855271	NC_003074.8	94.327	899	36	11	14	899	5792494	5793390	0.0	1363
NC_003071.7:8854356-8855271	NC_003074.8	93.764	898	37	12	25	916	20875605	20876489	0.0	1330
NC_003071.7:8854356-8855271	NC_003074.8	93.152	920	39	12	9	915	5380238	5379330	0.0	1328
NC_003071.7:8854356-8855271	NC_003074.8	92.757	856	36	9	40	875	17033332	17034181	0.0	1214
NC_003071.7:8854356-8855271	NC_003074.8	90.650	877	41	9	14	875	15978137	15977287	0.0	1127
NC_003071.7:8854356-8855271	NC_003074.8	88.991	654	42	14	249	875	14285833	14286483	0.0	782
NC_003071.7:8854356-8855271	NC_003074.8	86.371	653	39	17	249	875	10842240	10842868	0.0	667
NC_003071.7:8854356-8855271	NC_003074.8	92.885	253	15	3	1	252	14272642	14272892	1.51e-99	364
NC_003071.7:8854356-8855271	NC_003074.8	95.215	209	10	0	44	252	7921762	7921554	1.53e-89	331
NC_003071.7:8854356-8855271	NC_003074.8	92.233	206	12	3	47	252	10841717	10841918	9.34e-77	289
NC_003071.7:8854356-8855271	NC_003074.8	88.312	231	14	12	249	469	10642947	10642720	1.57e-69	265
NC_003071.7:8854356-8855271	NC_003074.8	92.814	167	11	1	17	183	7922197	7922032	2.65e-62	241
NC_003071.7:8854356-8855271	NC_003074.8	91.617	167	13	1	17	183	7921928	7921763	5.74e-59	230
NC_003071.7:8854356-8855271	NC_003074.8	90.714	140	11	1	15	154	7922459	7922322	1.26e-45	185
NC_003071.7:8854356-8855271	NC_003074.8	90.580	138	11	1	17	154	7922327	7922192	1.63e-44	182
NC_003071.7:8854356-8855271	NC_003074.8	89.189	111	10	1	44	154	7922031	7921923	3.58e-31	137
NC_003071.7:8854356-8855271	NC_003074.8	94.118	85	5	0	16	100	17033253	17033337	5.99e-29	130
NC_003071.7:8854356-8855271	NC_003074.8	92.424	66	5	0	186	251	14285443	14285508	2.18e-18	95.3
NC_003071.7:8854356-8855271	NC_003074.8	95.238	42	2	0	875	916	14286941	14286982	4.76e-10	67.6
NC_003071.7:8854356-8855271	NC_003075.7	93.538	913	39	10	16	916	6912413	6911509	0.0	1341
NC_003071.7:8854356-8855271	NC_003075.7	92.282	907	48	14	15	907	1777274	1778172	0.0	1267
NC_003071.7:8854356-8855271	NC_003075.7	92.426	911	34	14	13	910	11979606	11978718	0.0	1267
NC_003071.7:8854356-8855271	NC_003075.7	94.110	764	29	7	3	762	16055489	16054738	0.0	1147
NC_003071.7:8854356-8855271	NC_003075.7	89.286	756	33	20	195	916	1302680	1301939	0.0	904
NC_003071.7:8854356-8855271	NC_003075.7	89.482	656	38	14	249	875	18250817	18250164	0.0	800
NC_003071.7:8854356-8855271	NC_003075.7	93.534	464	22	5	410	870	6064533	6064991	0.0	684
NC_003071.7:8854356-8855271	NC_003075.7	87.143	560	45	14	326	875	6756679	6757221	1.75e-173	610
NC_003071.7:8854356-8855271	NC_003075.7	95.550	382	13	2	17	396	10870782	10871161	6.31e-173	608
NC_003071.7:8854356-8855271	NC_003075.7	92.612	379	19	5	374	749	7235535	7235907	3.02e-151	536
NC_003071.7:8854356-8855271	NC_003075.7	93.084	347	18	6	574	916	10871351	10871695	3.06e-141	503
NC_003071.7:8854356-8855271	NC_003075.7	92.771	249	16	2	16	264	7235160	7235406	7.02e-98	359
NC_003071.7:8854356-8855271	NC_003075.7	92.276	246	16	2	632	875	7235908	7236152	5.46e-94	346
NC_003071.7:8854356-8855271	NC_003075.7	84.127	315	17	14	195	507	6064243	6064526	2.61e-72	274
NC_003071.7:8854356-8855271	NC_003075.7	93.478	184	8	3	16	198	16055644	16055464	3.38e-71	270
NC_003071.7:8854356-8855271	NC_003075.7	94.186	172	8	2	50	221	18251479	18251310	2.04e-68	261
NC_003071.7:8854356-8855271	NC_003075.7	93.491	169	9	2	16	183	6758031	6757864	4.41e-65	250
NC_003071.7:8854356-8855271	NC_003075.7	92.683	123	3	1	205	327	7235420	7235536	9.81e-42	172
NC_003071.7:8854356-8855271	NC_003075.7	88.732	142	13	3	586	725	5634577	5634437	3.53e-41	171
NC_003071.7:8854356-8855271	NC_003075.7	97.701	87	2	0	166	252	18251226	18251140	4.60e-35	150
NC_003071.7:8854356-8855271	NC_003075.7	88.288	111	11	1	44	154	6757863	6757755	1.67e-29	132
NC_003071.7:8854356-8855271	NC_003070.9	93.481	905	41	14	16	912	11352404	11351510	0.0	1328
NC_003071.7:8854356-8855271	NC_003070.9	92.984	898	46	12	17	908	21260146	21261032	0.0	1293
NC_003071.7:8854356-8855271	NC_003070.9	91.527	838	30	6	42	871	13407452	13408256	0.0	1116
NC_003071.7:8854356-8855271	NC_003070.9	91.971	685	33	5	209	875	5659134	5658454	0.0	941
NC_003071.7:8854356-8855271	NC_003070.9	92.266	556	33	5	329	875	13408253	13408807	0.0	780
NC_003071.7:8854356-8855271	NC_003070.9	84.319	389	32	12	498	875	28522693	28522323	3.26e-96	353
NC_003071.7:8854356-8855271	NC_003070.9	89.655	232	23	1	21	252	17405753	17405523	2.01e-78	294
NC_003071.7:8854356-8855271	NC_003070.9	89.270	233	22	3	20	252	17107531	17107760	9.34e-77	289
NC_003071.7:8854356-8855271	NC_003070.9	87.550	249	26	4	8	252	14297760	14297513	4.34e-75	283
NC_003071.7:8854356-8855271	NC_003070.9	88.608	237	21	5	18	252	17102269	17102501	4.34e-75	283
NC_003071.7:8854356-8855271	NC_003070.9	88.608	237	11	13	249	471	14297191	14296957	2.61e-72	274
NC_003071.7:8854356-8855271	NC_003070.9	86.344	227	19	8	249	473	17108082	17108298	3.43e-61	237
NC_003071.7:8854356-8855271	NC_003070.9	93.082	159	4	7	320	473	16317439	16317595	7.43e-58	226
NC_003071.7:8854356-8855271	NC_003070.9	84.647	241	17	14	245	471	17110893	17111127	9.60e-57	222
NC_003071.7:8854356-8855271	NC_003070.9	94.737	95	5	0	9	103	5659277	5659183	1.65e-34	148
NC_003071.7:8854356-8855271	NC_003070.9	88.506	87	4	2	249	335	17405357	17405277	4.70e-20	100
NC_003071.7:8854356-8855271	NC_003070.9	88.095	84	4	2	249	331	17102823	17102901	2.18e-18	95.3
NC_003071.7:8854356-8855271	NC_003070.9	97.619	42	1	0	249	290	17405795	17405754	1.02e-11	73.1
NC_003071.7:8854356-8855271	NC_003070.9	97.436	39	1	0	878	916	5657973	5657935	4.76e-10	67.6
NC_003071.7:10351740-10352472	NC_003071.7	100.000	733	0	0	1	733	10351740	10352472	0.0	1354
NC_003071.7:10351740-10352472	NC_003071.7	96.585	732	20	4	1	731	8854544	8855271	0.0	1208
NC_003071.7:10351740-10352472	NC_003071.7	93.927	741	33	7	1	731	11556132	11555394	0.0	1109
NC_003071.7:10351740-10352472	NC_003071.7	93.664	726	30	8	1	722	241211	241924	0.0	1072
NC_003071.7:10351740-10352472	NC_003071.7	87.215	657	36	19	61	690	4086199	4085564	0.0	704
NC_003071.7:10351740-10352472	NC_003071.7	92.703	370	19	4	370	731	19528489	19528858	1.44e-148	527
NC_003071.7:10351740-10352472	NC_003071.7	89.974	389	17	4	2	374	5607616	5607998	3.17e-135	483
NC_003071.7:10351740-10352472	NC_003071.7	88.918	388	22	8	307	690	6249629	6249259	5.34e-128	459
NC_003071.7:10351740-10352472	NC_003071.7	98.077	208	4	0	1	208	19528099	19528306	4.31e-99	363
NC_003071.7:10351740-10352472	NC_003071.7	86.920	237	16	12	61	284	10683312	10683546	9.73e-66	252
NC_003071.7:10351740-10352472	NC_003071.7	95.745	94	3	1	1	93	241016	241109	3.65e-35	150
NC_003071.7:10351740-10352472	NC_003076.8	97.290	738	13	2	1	731	24436439	24435702	0.0	1245
NC_003071.7:10351740-10352472	NC_003076.8	93.784	740	36	5	1	731	7834045	7834783	0.0	1103
NC_003071.7:10351740-10352472	NC_003076.8	94.233	711	34	3	24	732	5063067	5062362	0.0	1079
NC_003071.7:10351740-10352472	NC_003076.8	93.588	733	32	8	2	732	19080719	19081438	0.0	1079
NC_003071.7:10351740-10352472	NC_003076.8	94.864	662	28	2	64	724	18555809	18556465	0.0	1029
NC_003071.7:10351740-10352472	NC_003076.8	92.351	706	31	6	2	690	12091498	12090799	0.0	983
NC_003071.7:10351740-10352472	NC_003076.8	92.210	706	31	7	2	690	7075508	7076206	0.0	977
NC_003071.7:10351740-10352472	NC_003076.8	89.891	732	23	9	1	724	17275829	17275141	0.0	894
NC_003071.7:10351740-10352472	NC_003076.8	90.840	524	31	9	212	731	6073051	6072541	0.0	686
NC_003071.7:10351740-10352472	NC_003076.8	96.850	381	11	1	1	380	18554477	18554857	0.0	636
NC_003071.7:10351740-10352472	NC_003076.8	96.579	380	11	2	1	380	5063445	5063068	3.85e-179	628
NC_003071.7:10351740-10352472	NC_003076.8	89.086	394	26	8	304	687	22491525	22491911	1.91e-132	473
NC_003071.7:10351740-10352472	NC_003076.8	97.895	190	3	1	1	189	6073383	6073572	1.57e-88	327
NC_003071.7:10351740-10352472	NC_003076.8	86.498	237	17	12	61	284	10269974	10269740	4.53e-64	246
NC_003071.7:10351740-10352472	NC_003076.8	85.792	183	10	9	61	230	9754558	9754737	4.66e-44	180
NC_003071.7:10351740-10352472	NC_003076.8	96.429	56	2	0	24	79	18554858	18554913	6.24e-18	93.5
NC_003071.7:10351740-10352472	NC_003076.8	100.000	31	0	0	693	723	12090319	12090289	2.28e-07	58.4
NC_003071.7:10351740-10352472	NC_003074.8	95.159	723	26	4	1	714	5792668	5793390	0.0	1133
NC_003071.7:10351740-10352472	NC_003074.8	93.758	737	26	13	1	731	20875767	20876489	0.0	1088
NC_003071.7:10351740-10352472	NC_003074.8	93.872	718	34	5	23	730	5380047	5379330	0.0	1074
NC_003071.7:10351740-10352472	NC_003074.8	92.493	706	30	4	2	690	17033482	17034181	0.0	989
NC_003071.7:10351740-10352472	NC_003074.8	89.429	700	35	7	4	690	15977960	15977287	0.0	846
NC_003071.7:10351740-10352472	NC_003074.8	89.313	655	41	14	61	690	14285833	14286483	0.0	795
NC_003071.7:10351740-10352472	NC_003074.8	86.718	655	36	18	61	690	10842240	10842868	0.0	680
NC_003071.7:10351740-10352472	NC_003074.8	88.312	231	15	10	61	282	10642947	10642720	3.48e-70	267
NC_003071.7:10351740-10352472	NC_003074.8	96.875	64	2	0	1	64	7921617	7921554	2.23e-22	108
NC_003071.7:10351740-10352472	NC_003074.8	93.750	64	4	0	1	64	10841855	10841918	4.83e-19	97.1
NC_003071.7:10351740-10352472	NC_003074.8	93.750	64	4	0	1	64	14272829	14272892	4.83e-19	97.1
NC_003071.7:10351740-10352472	NC_003074.8	93.333	60	4	0	4	63	14285449	14285508	8.07e-17	89.8
NC_003071.7:10351740-10352472	NC_003070.9	94.528	731	26	11	1	725	11352232	11351510	0.0	1116
NC_003071.7:10351740-10352472	NC_003070.9	93.407	728	31	9	1	723	21260317	21261032	0.0	1062
NC_003071.7:10351740-10352472	NC_003070.9	91.849	687	33	4	21	690	5659134	5658454	0.0	937
NC_003071.7:10351740-10352472	NC_003070.9	90.332	693	27	8	1	686	13407597	13408256	0.0	872
NC_003071.7:10351740-10352472	NC_003070.9	93.165	556	31	3	141	690	13408253	13408807	0.0	809
NC_003071.7:10351740-10352472	NC_003070.9	86.118	389	27	13	311	690	28522693	28522323	1.53e-108	394
NC_003071.7:10351740-10352472	NC_003070.9	88.608	237	12	11	61	284	14297191	14296957	2.08e-72	274
NC_003071.7:10351740-10352472	NC_003070.9	86.344	227	20	7	61	286	17108082	17108298	2.72e-61	237
NC_003071.7:10351740-10352472	NC_003070.9	93.711	159	4	6	132	286	16317439	16317595	3.52e-60	233
NC_003071.7:10351740-10352472	NC_003070.9	85.062	241	17	13	57	284	17110893	17111127	1.64e-58	228
NC_003071.7:10351740-10352472	NC_003070.9	89.286	84	3	3	61	143	17102823	17102901	3.73e-20	100
NC_003071.7:10351740-10352472	NC_003070.9	88.506	87	4	2	61	147	17405357	17405277	3.73e-20	100
NC_003071.7:10351740-10352472	NC_003070.9	97.619	42	1	0	61	102	17405795	17405754	8.13e-12	73.1
NC_003071.7:10351740-10352472	NC_003070.9	95.349	43	1	1	690	732	17111533	17111574	3.78e-10	67.6
NC_003071.7:10351740-10352472	NC_003075.7	94.134	733	29	5	1	724	6912242	6911515	0.0	1103
NC_003071.7:10351740-10352472	NC_003075.7	93.042	733	33	9	1	722	1777447	1778172	0.0	1055
NC_003071.7:10351740-10352472	NC_003075.7	92.517	735	26	9	1	725	11979433	11978718	0.0	1026
NC_003071.7:10351740-10352472	NC_003075.7	89.453	749	32	20	7	723	1302680	1301947	0.0	902
NC_003071.7:10351740-10352472	NC_003075.7	93.966	580	20	8	1	577	16055305	16054738	0.0	863
NC_003071.7:10351740-10352472	NC_003075.7	90.122	658	33	14	61	690	18250817	18250164	0.0	826
NC_003071.7:10351740-10352472	NC_003075.7	93.133	466	23	4	222	685	6064533	6064991	0.0	675
NC_003071.7:10351740-10352472	NC_003075.7	86.833	562	46	16	138	690	6756679	6757221	2.33e-171	603
NC_003071.7:10351740-10352472	NC_003075.7	94.000	350	15	6	387	733	10871351	10871697	5.19e-148	525
NC_003071.7:10351740-10352472	NC_003075.7	91.601	381	22	4	186	564	7235535	7235907	8.69e-146	518
NC_003071.7:10351740-10352472	NC_003075.7	97.115	208	6	0	1	208	10870954	10871161	9.33e-96	351
NC_003071.7:10351740-10352472	NC_003075.7	83.492	315	20	13	7	320	6064243	6064526	1.25e-69	265
NC_003071.7:10351740-10352472	NC_003075.7	92.715	151	9	2	584	733	16054652	16054503	3.55e-55	217
NC_003071.7:10351740-10352472	NC_003075.7	91.870	123	4	1	17	139	7235420	7235536	3.63e-40	167
NC_003071.7:10351740-10352472	NC_003075.7	94.667	75	4	0	2	76	7235332	7235406	3.70e-25	117
NC_003071.7:10351740-10352472	NC_003075.7	95.312	64	3	0	1	64	18251203	18251140	1.04e-20	102
NC_003071.7:10351740-10352472	NC_003075.7	100.000	33	0	0	1	33	18251342	18251310	1.76e-08	62.1
