NC_003074.8:16234658-16235000	NC_003074.8	100.000	343	0	0	1	343	16235000	16234658	0.0	634
NC_003074.8:16234658-16235000	NC_003074.8	91.279	344	25	3	1	343	11132408	11132747	5.16e-130	464
NC_003074.8:16234658-16235000	NC_003074.8	89.796	343	30	3	1	342	11315214	11315552	4.05e-121	435
NC_003074.8:16234658-16235000	NC_003074.8	90.000	320	23	7	1	319	422991	422680	3.17e-112	405
NC_003074.8:16234658-16235000	NC_003074.8	87.606	355	26	4	1	341	11090790	11090440	1.91e-109	396
NC_003074.8:16234658-16235000	NC_003074.8	87.288	354	27	7	1	341	23085742	23086090	3.20e-107	388
NC_003074.8:16234658-16235000	NC_003074.8	86.761	355	29	4	1	341	14057337	14057687	1.92e-104	379
NC_003074.8:16234658-16235000	NC_003074.8	86.517	356	30	7	1	342	17402351	17402000	2.49e-103	375
NC_003074.8:16234658-16235000	NC_003074.8	86.351	359	27	9	1	341	6729279	6728925	3.22e-102	372
NC_003074.8:16234658-16235000	NC_003074.8	86.236	356	31	5	1	342	19437084	19437435	1.16e-101	370
NC_003074.8:16234658-16235000	NC_003074.8	86.197	355	31	6	1	341	10405609	10405959	4.17e-101	368
NC_003074.8:16234658-16235000	NC_003074.8	86.040	351	36	9	1	343	16405409	16405754	5.39e-100	364
NC_003074.8:16234658-16235000	NC_003074.8	85.955	356	30	8	1	342	18634291	18633942	1.94e-99	363
NC_003074.8:16234658-16235000	NC_003074.8	85.879	347	38	5	1	341	10708838	10709179	2.51e-98	359
NC_003074.8:16234658-16235000	NC_003074.8	85.754	358	29	10	1	341	16723472	16723120	2.51e-98	359
NC_003074.8:16234658-16235000	NC_003074.8	86.167	347	27	7	12	341	21552443	21552101	3.24e-97	355
NC_003074.8:16234658-16235000	NC_003074.8	85.507	345	39	4	1	341	10718131	10717794	1.51e-95	350
NC_003074.8:16234658-16235000	NC_003074.8	85.100	349	39	8	1	341	7766274	7766617	7.02e-94	344
NC_003074.8:16234658-16235000	NC_003074.8	84.916	358	32	10	1	341	5866077	5866429	2.52e-93	342
NC_003074.8:16234658-16235000	NC_003074.8	84.831	356	36	6	1	342	16485658	16485307	2.52e-93	342
NC_003074.8:16234658-16235000	NC_003074.8	84.553	369	25	10	1	341	10758366	10758002	1.17e-91	337
NC_003074.8:16234658-16235000	NC_003074.8	83.844	359	38	6	1	343	15814139	15814493	9.15e-88	324
NC_003074.8:16234658-16235000	NC_003074.8	87.063	286	19	7	70	342	19740061	19740341	9.21e-83	307
NC_003074.8:16234658-16235000	NC_003074.8	83.578	341	37	12	5	341	4584972	4585297	4.29e-81	302
NC_003074.8:16234658-16235000	NC_003074.8	85.859	297	22	6	61	342	7980373	7980082	5.54e-80	298
NC_003074.8:16234658-16235000	NC_003074.8	87.013	231	20	5	117	342	20769823	20769598	4.38e-66	252
NC_003074.8:16234658-16235000	NC_003074.8	93.168	161	10	1	1	160	4579449	4579609	4.41e-61	235
NC_003074.8:16234658-16235000	NC_003074.8	82.470	251	33	3	95	341	18885867	18885624	2.67e-53	209
NC_003074.8:16234658-16235000	NC_003074.8	82.716	243	22	5	117	343	11588873	11588635	5.78e-50	198
NC_003074.8:16234658-16235000	NC_003074.8	82.645	242	23	6	117	343	10901411	10901648	2.08e-49	196
NC_003074.8:16234658-16235000	NC_003074.8	90.541	148	9	4	185	332	8329352	8329494	9.68e-48	191
NC_003074.8:16234658-16235000	NC_003074.8	87.079	178	9	8	166	342	10681555	10681391	3.48e-47	189
NC_003074.8:16234658-16235000	NC_003074.8	81.743	241	24	6	117	341	16678267	16678503	1.62e-45	183
NC_003074.8:16234658-16235000	NC_003074.8	85.393	178	21	2	165	341	8645166	8645339	2.09e-44	180
NC_003074.8:16234658-16235000	NC_003074.8	84.444	180	22	4	164	342	19521054	19521228	3.51e-42	172
NC_003074.8:16234658-16235000	NC_003074.8	84.659	176	22	3	148	323	18171131	18170961	1.26e-41	171
NC_003074.8:16234658-16235000	NC_003074.8	87.671	146	10	5	168	310	16534579	16534439	2.11e-39	163
NC_003074.8:16234658-16235000	NC_003074.8	84.358	179	15	7	166	343	18172438	18172272	2.11e-39	163
NC_003074.8:16234658-16235000	NC_003074.8	86.184	152	16	2	189	340	17209719	17209573	2.73e-38	159
NC_003074.8:16234658-16235000	NC_003074.8	85.294	136	11	9	208	342	16563461	16563588	5.95e-30	132
NC_003074.8:16234658-16235000	NC_003074.8	84.559	136	13	8	208	343	17275868	17275741	7.70e-29	128
NC_003074.8:16234658-16235000	NC_003074.8	92.308	91	6	1	1	90	19739969	19740059	7.70e-29	128
NC_003074.8:16234658-16235000	NC_003074.8	83.582	134	14	7	211	343	17299274	17299148	4.63e-26	119
NC_003074.8:16234658-16235000	NC_003074.8	83.459	133	15	6	211	343	1572003	1572128	1.67e-25	117
NC_003074.8:16234658-16235000	NC_003074.8	83.088	136	16	6	207	342	3966020	3966148	1.67e-25	117
NC_003074.8:16234658-16235000	NC_003074.8	84.127	126	13	7	218	343	10321325	10321443	5.99e-25	115
NC_003074.8:16234658-16235000	NC_003074.8	82.963	135	16	6	208	342	10574477	10574350	5.99e-25	115
NC_003074.8:16234658-16235000	NC_003074.8	76.923	143	18	11	208	343	15939239	15939373	1.70e-10	67.6
NC_003074.8:16234658-16235000	NC_003075.7	91.813	342	23	3	1	341	15441988	15441651	3.09e-132	472
NC_003074.8:16234658-16235000	NC_003075.7	90.936	342	26	3	1	341	12365401	12365064	3.11e-127	455
NC_003074.8:16234658-16235000	NC_003075.7	87.640	356	25	6	1	342	6115554	6115904	1.91e-109	396
NC_003074.8:16234658-16235000	NC_003075.7	87.606	355	25	6	1	341	1521470	1521819	6.87e-109	394
NC_003074.8:16234658-16235000	NC_003075.7	85.950	363	27	9	1	341	14458071	14457711	1.50e-100	366
NC_003074.8:16234658-16235000	NC_003075.7	86.293	321	28	6	31	339	2553631	2553947	4.22e-91	335
NC_003074.8:16234658-16235000	NC_003075.7	83.944	355	38	10	1	341	572546	572197	3.29e-87	322
NC_003074.8:16234658-16235000	NC_003075.7	83.799	358	38	6	1	343	5392070	5391718	3.29e-87	322
NC_003074.8:16234658-16235000	NC_003075.7	83.657	361	38	15	1	342	12606834	12606476	1.18e-86	320
NC_003074.8:16234658-16235000	NC_003075.7	85.231	325	28	5	1	310	823841	823522	1.53e-85	316
NC_003074.8:16234658-16235000	NC_003075.7	83.381	349	41	12	1	341	6339811	6339472	9.21e-83	307
NC_003074.8:16234658-16235000	NC_003075.7	83.478	345	40	10	1	342	7034580	7034250	3.31e-82	305
NC_003074.8:16234658-16235000	NC_003075.7	85.859	297	22	8	61	342	9111870	9111579	5.54e-80	298
NC_003074.8:16234658-16235000	NC_003075.7	87.449	247	16	5	1	233	8947547	8947302	1.21e-71	270
NC_003074.8:16234658-16235000	NC_003075.7	84.420	276	28	4	1	261	6661200	6661475	9.41e-68	257
NC_003074.8:16234658-16235000	NC_003075.7	85.217	230	22	6	117	341	6168577	6168355	2.65e-58	226
NC_003074.8:16234658-16235000	NC_003075.7	84.016	244	17	8	117	342	8899727	8899966	5.74e-55	215
NC_003074.8:16234658-16235000	NC_003075.7	91.558	154	8	3	190	343	13124015	13123867	9.61e-53	207
NC_003074.8:16234658-16235000	NC_003075.7	88.000	175	16	2	168	341	6426787	6426617	4.47e-51	202
NC_003074.8:16234658-16235000	NC_003075.7	87.079	178	18	2	165	341	7906195	7906368	2.08e-49	196
NC_003074.8:16234658-16235000	NC_003075.7	82.174	230	29	6	117	341	1198935	1198713	1.25e-46	187
NC_003074.8:16234658-16235000	NC_003075.7	85.311	177	18	5	168	341	7155205	7155376	2.71e-43	176
NC_003074.8:16234658-16235000	NC_003075.7	79.752	242	27	7	117	342	7231369	7231604	3.53e-37	156
NC_003074.8:16234658-16235000	NC_003075.7	82.955	176	25	3	168	342	6414224	6414053	1.27e-36	154
NC_003074.8:16234658-16235000	NC_003075.7	85.526	152	16	4	190	341	9146878	9147023	1.27e-36	154
NC_003074.8:16234658-16235000	NC_003075.7	86.029	136	12	7	208	343	8065578	8065706	3.56e-32	139
NC_003074.8:16234658-16235000	NC_003075.7	80.303	198	20	5	117	299	8820042	8819849	5.95e-30	132
NC_003074.8:16234658-16235000	NC_003075.7	85.294	136	11	8	208	342	11192401	11192274	5.95e-30	132
NC_003074.8:16234658-16235000	NC_003075.7	84.444	135	14	7	208	342	370914	370787	2.77e-28	126
NC_003074.8:16234658-16235000	NC_003075.7	83.824	136	15	7	208	343	16863389	16863261	3.58e-27	122
NC_003074.8:16234658-16235000	NC_003075.7	82.119	151	15	4	189	339	7652989	7653127	4.63e-26	119
NC_003074.8:16234658-16235000	NC_003075.7	82.963	135	15	6	208	342	684233	684359	5.99e-25	115
NC_003074.8:16234658-16235000	NC_003075.7	81.818	132	10	11	208	339	1000039	999922	6.03e-20	99.0
NC_003074.8:16234658-16235000	NC_003075.7	88.000	75	8	1	269	343	14390333	14390260	1.31e-16	87.9
NC_003074.8:16234658-16235000	NC_003076.8	91.228	342	25	3	1	341	17043564	17043901	6.68e-129	460
NC_003074.8:16234658-16235000	NC_003076.8	88.732	355	22	4	1	341	17726635	17726985	4.08e-116	418
NC_003074.8:16234658-16235000	NC_003076.8	87.679	349	33	4	1	343	14810483	14810827	5.31e-110	398
NC_003074.8:16234658-16235000	NC_003076.8	87.606	355	27	5	1	342	19101759	19102109	1.91e-109	396
NC_003074.8:16234658-16235000	NC_003076.8	87.606	355	26	5	1	341	24449025	24449375	1.91e-109	396
NC_003074.8:16234658-16235000	NC_003076.8	86.761	355	28	9	1	341	5625271	5625620	6.92e-104	377
NC_003074.8:16234658-16235000	NC_003076.8	86.236	356	29	8	1	341	22621528	22621178	4.17e-101	368
NC_003074.8:16234658-16235000	NC_003076.8	86.804	341	27	7	1	341	7070195	7070517	5.39e-100	364
NC_003074.8:16234658-16235000	NC_003076.8	86.000	350	37	6	1	342	9558003	9557658	5.39e-100	364
NC_003074.8:16234658-16235000	NC_003076.8	85.673	349	39	6	1	342	16871136	16871480	9.02e-98	357
NC_003074.8:16234658-16235000	NC_003076.8	85.054	368	29	9	1	343	7417544	7417910	4.20e-96	351
NC_003074.8:16234658-16235000	NC_003076.8	84.857	350	42	6	1	343	13892473	13892128	2.52e-93	342
NC_003074.8:16234658-16235000	NC_003076.8	84.722	360	33	6	1	342	3566562	3566917	9.08e-93	340
NC_003074.8:16234658-16235000	NC_003076.8	84.765	361	31	8	1	342	9068523	9068168	9.08e-93	340
NC_003074.8:16234658-16235000	NC_003076.8	85.672	335	24	10	1	311	26015517	26015851	5.47e-90	331
NC_003074.8:16234658-16235000	NC_003076.8	84.527	349	37	10	1	342	14395370	14395032	1.97e-89	329
NC_003074.8:16234658-16235000	NC_003076.8	84.527	349	37	10	1	342	14454669	14454331	1.97e-89	329
NC_003074.8:16234658-16235000	NC_003076.8	84.257	343	38	5	1	341	14103995	14103667	1.18e-86	320
NC_003074.8:16234658-16235000	NC_003076.8	83.598	378	25	15	1	341	24118173	24118550	1.18e-86	320
NC_003074.8:16234658-16235000	NC_003076.8	86.897	290	20	5	67	343	6702209	6701925	2.56e-83	309
NC_003074.8:16234658-16235000	NC_003076.8	86.441	295	22	6	61	342	26787394	26787105	9.21e-83	307
NC_003074.8:16234658-16235000	NC_003076.8	83.430	344	41	10	1	341	7700968	7700638	3.31e-82	305
NC_003074.8:16234658-16235000	NC_003076.8	86.195	297	23	8	1	283	22335375	22335083	3.31e-82	305
NC_003074.8:16234658-16235000	NC_003076.8	83.566	286	31	7	61	341	15581067	15581341	1.22e-66	254
NC_003074.8:16234658-16235000	NC_003076.8	82.770	296	26	10	61	341	8749185	8749470	9.47e-63	241
NC_003074.8:16234658-16235000	NC_003076.8	82.550	298	27	12	61	343	9854606	9854893	3.41e-62	239
NC_003074.8:16234658-16235000	NC_003076.8	86.404	228	16	5	1	213	13678942	13678715	4.41e-61	235
NC_003074.8:16234658-16235000	NC_003076.8	93.168	161	10	1	1	160	15882506	15882666	4.41e-61	235
NC_003074.8:16234658-16235000	NC_003076.8	85.417	240	15	8	117	341	8602053	8601819	5.70e-60	231
NC_003074.8:16234658-16235000	NC_003076.8	83.270	263	32	7	80	341	24586805	24587056	5.70e-60	231
NC_003074.8:16234658-16235000	NC_003076.8	84.979	233	23	7	117	343	16030773	16030547	2.65e-58	226
NC_003074.8:16234658-16235000	NC_003076.8	89.714	175	13	2	170	343	17481878	17482048	4.44e-56	219
NC_003074.8:16234658-16235000	NC_003076.8	89.205	176	14	2	168	343	13231905	13232075	5.74e-55	215
NC_003074.8:16234658-16235000	NC_003076.8	82.988	241	21	6	117	341	15162886	15163122	1.61e-50	200
NC_003074.8:16234658-16235000	NC_003076.8	87.571	177	15	5	165	339	14880640	14880811	5.78e-50	198
NC_003074.8:16234658-16235000	NC_003076.8	85.366	205	12	8	117	308	5648113	5647914	2.08e-49	196
NC_003074.8:16234658-16235000	NC_003076.8	87.574	169	14	5	176	342	15031076	15030913	3.48e-47	189
NC_003074.8:16234658-16235000	NC_003076.8	87.654	162	18	2	1	160	4937174	4937335	1.25e-46	187
NC_003074.8:16234658-16235000	NC_003076.8	81.702	235	29	11	113	339	7488321	7488093	1.62e-45	183
NC_003074.8:16234658-16235000	NC_003076.8	85.549	173	20	3	168	339	9546163	9546331	2.71e-43	176
NC_003074.8:16234658-16235000	NC_003076.8	85.876	177	12	7	166	341	10041976	10041812	2.71e-43	176
NC_003074.8:16234658-16235000	NC_003076.8	85.876	177	12	7	166	341	19114745	19114581	2.71e-43	176
NC_003074.8:16234658-16235000	NC_003076.8	85.876	177	12	7	167	342	22464039	22464203	2.71e-43	176
NC_003074.8:16234658-16235000	NC_003076.8	87.838	148	12	4	166	311	19480000	19480143	4.53e-41	169
NC_003074.8:16234658-16235000	NC_003076.8	88.889	135	8	3	210	341	4937362	4937492	2.73e-38	159
NC_003074.8:16234658-16235000	NC_003076.8	83.051	177	26	3	167	342	9978758	9978585	9.82e-38	158
NC_003074.8:16234658-16235000	NC_003076.8	83.333	180	21	7	167	343	20674405	20674232	9.82e-38	158
NC_003074.8:16234658-16235000	NC_003076.8	80.275	218	22	7	117	318	15535363	15535151	7.64e-34	145
NC_003074.8:16234658-16235000	NC_003076.8	78.947	228	35	7	117	340	19408597	19408379	2.75e-33	143
NC_003074.8:16234658-16235000	NC_003076.8	85.401	137	11	8	208	343	15042260	15042132	1.65e-30	134
NC_003074.8:16234658-16235000	NC_003076.8	85.185	135	12	8	208	342	17796263	17796137	5.95e-30	132
NC_003074.8:16234658-16235000	NC_003076.8	84.783	138	11	10	207	343	17777676	17777804	2.14e-29	130
NC_003074.8:16234658-16235000	NC_003076.8	84.559	136	16	5	210	343	25265207	25265339	2.14e-29	130
NC_003074.8:16234658-16235000	NC_003076.8	86.179	123	12	5	190	311	17247824	17247706	7.70e-29	128
NC_003074.8:16234658-16235000	NC_003076.8	84.733	131	11	8	214	343	14143814	14143692	3.58e-27	122
NC_003074.8:16234658-16235000	NC_003076.8	77.917	240	21	10	117	342	19913327	19913548	1.29e-26	121
NC_003074.8:16234658-16235000	NC_003076.8	86.486	111	12	3	233	342	15882659	15882767	4.63e-26	119
NC_003074.8:16234658-16235000	NC_003076.8	82.963	135	16	6	208	342	24475417	24475290	5.99e-25	115
NC_003074.8:16234658-16235000	NC_003076.8	78.836	189	25	11	167	341	25179193	25179380	2.16e-24	113
NC_003074.8:16234658-16235000	NC_003076.8	87.912	91	11	0	148	238	9867542	9867632	1.00e-22	108
NC_003074.8:16234658-16235000	NC_003071.7	90.962	343	26	3	1	342	1670128	1669790	8.64e-128	457
NC_003074.8:16234658-16235000	NC_003071.7	90.230	348	23	7	1	342	15134431	15134773	6.73e-124	444
NC_003074.8:16234658-16235000	NC_003071.7	90.351	342	28	3	1	341	19623309	19623646	6.73e-124	444
NC_003074.8:16234658-16235000	NC_003071.7	87.955	357	25	8	1	343	5037963	5038315	3.17e-112	405
NC_003074.8:16234658-16235000	NC_003071.7	86.072	359	29	7	1	342	2139032	2139386	1.50e-100	366
NC_003074.8:16234658-16235000	NC_003071.7	85.714	357	31	5	1	341	5010439	5010087	2.51e-98	359
NC_003074.8:16234658-16235000	NC_003071.7	85.632	348	39	6	1	341	6206938	6206595	3.24e-97	355
NC_003074.8:16234658-16235000	NC_003071.7	84.358	358	33	10	1	341	7340591	7340942	1.97e-89	329
NC_003074.8:16234658-16235000	NC_003071.7	84.551	356	26	12	1	343	9225813	9225474	2.54e-88	326
NC_003074.8:16234658-16235000	NC_003071.7	85.849	318	26	9	1	304	17147442	17147130	1.18e-86	320
NC_003074.8:16234658-16235000	NC_003071.7	84.078	358	26	10	1	342	4025626	4025968	1.53e-85	316
NC_003074.8:16234658-16235000	NC_003071.7	83.862	347	36	8	11	342	4305950	4306291	1.98e-84	313
NC_003074.8:16234658-16235000	NC_003071.7	87.368	285	19	5	1	269	19172455	19172172	7.12e-84	311
NC_003074.8:16234658-16235000	NC_003071.7	86.486	296	20	6	61	341	13102070	13102360	9.21e-83	307
NC_003074.8:16234658-16235000	NC_003071.7	83.382	343	42	9	1	341	9228966	9228637	1.19e-81	303
NC_003074.8:16234658-16235000	NC_003071.7	83.003	353	42	11	1	341	9860301	9859955	1.19e-81	303
NC_003074.8:16234658-16235000	NC_003071.7	86.598	291	17	7	61	336	13886191	13886474	4.29e-81	302
NC_003074.8:16234658-16235000	NC_003071.7	84.797	296	25	7	61	341	12556914	12557204	2.01e-74	279
NC_003074.8:16234658-16235000	NC_003071.7	84.116	277	35	5	67	341	9433300	9433569	2.62e-68	259
NC_003074.8:16234658-16235000	NC_003071.7	86.522	230	20	8	117	341	1038272	1038049	2.63e-63	243
NC_003074.8:16234658-16235000	NC_003071.7	85.897	234	20	7	117	343	2320709	2320936	1.23e-61	237
NC_003074.8:16234658-16235000	NC_003071.7	82.645	242	22	5	117	342	1322206	1321969	2.08e-49	196
NC_003074.8:16234658-16235000	NC_003071.7	82.231	242	22	7	117	342	3197853	3197617	3.48e-47	189
NC_003074.8:16234658-16235000	NC_003071.7	86.441	177	19	4	166	341	7178843	7179015	3.48e-47	189
NC_003074.8:16234658-16235000	NC_003071.7	86.592	179	11	7	166	343	8907832	8907998	4.50e-46	185
NC_003074.8:16234658-16235000	NC_003071.7	85.714	182	14	8	166	341	826099	826274	5.82e-45	182
NC_003074.8:16234658-16235000	NC_003071.7	84.746	177	19	6	169	342	4758271	4758100	1.26e-41	171
NC_003074.8:16234658-16235000	NC_003071.7	84.181	177	15	7	166	341	9891410	9891246	2.73e-38	159
NC_003074.8:16234658-16235000	NC_003071.7	83.815	173	22	4	170	341	11597712	11597879	2.73e-38	159
NC_003074.8:16234658-16235000	NC_003071.7	80.476	210	30	7	117	322	9455967	9456169	1.64e-35	150
NC_003074.8:16234658-16235000	NC_003071.7	85.926	135	12	4	209	342	1242847	1242975	1.28e-31	137
NC_003074.8:16234658-16235000	NC_003071.7	85.714	133	12	7	210	342	544041	544166	1.65e-30	134
NC_003074.8:16234658-16235000	NC_003071.7	85.075	134	13	7	208	341	6100358	6100232	2.14e-29	130
NC_003074.8:16234658-16235000	NC_003071.7	85.185	135	11	9	208	342	7961438	7961563	2.14e-29	130
NC_003074.8:16234658-16235000	NC_003071.7	84.559	136	14	7	208	343	6663995	6664123	7.70e-29	128
NC_003074.8:16234658-16235000	NC_003071.7	83.088	136	15	6	208	343	7112803	7112930	1.67e-25	117
NC_003074.8:16234658-16235000	NC_003071.7	80.822	146	20	7	117	257	11909071	11908929	1.00e-22	108
NC_003074.8:16234658-16235000	NC_003071.7	90.909	77	7	0	267	343	9585281	9585357	1.30e-21	104
NC_003074.8:16234658-16235000	NC_003071.7	81.203	133	16	8	211	342	4024867	4024991	6.03e-20	99.0
NC_003074.8:16234658-16235000	NC_003071.7	88.889	54	5	1	208	261	6626757	6626705	6.12e-10	65.8
NC_003074.8:16234658-16235000	NC_003070.9	88.483	356	21	6	1	341	23125481	23125131	1.90e-114	412
NC_003074.8:16234658-16235000	NC_003070.9	87.606	355	26	7	1	341	12097667	12098017	1.91e-109	396
NC_003074.8:16234658-16235000	NC_003070.9	87.324	355	26	7	1	341	4770464	4770115	3.20e-107	388
NC_003074.8:16234658-16235000	NC_003070.9	91.815	281	19	2	61	341	24718762	24719038	3.20e-107	388
NC_003074.8:16234658-16235000	NC_003070.9	86.761	355	29	5	1	341	21918634	21918984	1.92e-104	379
NC_003074.8:16234658-16235000	NC_003070.9	86.761	355	29	8	1	341	26511020	26510670	1.92e-104	379
NC_003074.8:16234658-16235000	NC_003070.9	86.744	347	34	5	1	343	5899542	5899204	2.49e-103	375
NC_003074.8:16234658-16235000	NC_003070.9	86.517	356	30	9	1	343	24645716	24646066	2.49e-103	375
NC_003074.8:16234658-16235000	NC_003070.9	86.592	358	27	7	1	341	25779884	25780237	2.49e-103	375
NC_003074.8:16234658-16235000	NC_003070.9	86.066	366	27	12	1	342	17502443	17502808	3.22e-102	372
NC_003074.8:16234658-16235000	NC_003070.9	85.994	357	29	8	1	341	5863161	5863512	1.94e-99	363
NC_003074.8:16234658-16235000	NC_003070.9	85.673	342	39	7	1	339	10931136	10931470	4.20e-96	351
NC_003074.8:16234658-16235000	NC_003070.9	85.387	349	38	8	1	341	26880933	26881276	1.51e-95	350
NC_003074.8:16234658-16235000	NC_003070.9	85.154	357	33	7	1	341	13811255	13810903	5.43e-95	348
NC_003074.8:16234658-16235000	NC_003070.9	85.303	347	40	6	1	341	16400790	16400449	5.43e-95	348
NC_003074.8:16234658-16235000	NC_003070.9	85.057	348	41	7	1	341	27240932	27241275	7.02e-94	344
NC_003074.8:16234658-16235000	NC_003070.9	85.100	349	37	6	1	341	540774	540433	2.52e-93	342
NC_003074.8:16234658-16235000	NC_003070.9	85.714	343	25	10	1	319	6218930	6218588	9.08e-93	340
NC_003074.8:16234658-16235000	NC_003070.9	84.444	360	34	10	1	342	13495776	13495421	4.22e-91	335
NC_003074.8:16234658-16235000	NC_003070.9	84.314	357	36	8	1	341	21739428	21739076	5.47e-90	331
NC_003074.8:16234658-16235000	NC_003070.9	83.934	361	38	14	1	342	13870086	13870445	7.07e-89	327
NC_003074.8:16234658-16235000	NC_003070.9	87.248	298	17	7	61	343	19769284	19769575	1.18e-86	320
NC_003074.8:16234658-16235000	NC_003070.9	83.815	346	38	11	1	341	22192220	22192552	1.98e-84	313
NC_003074.8:16234658-16235000	NC_003070.9	83.673	343	42	9	1	341	29244355	29244685	7.12e-84	311
NC_003074.8:16234658-16235000	NC_003070.9	83.095	349	44	12	1	341	10591769	10591428	1.19e-81	303
NC_003074.8:16234658-16235000	NC_003070.9	82.865	356	28	9	2	341	11732567	11732905	3.34e-77	289
NC_003074.8:16234658-16235000	NC_003070.9	84.797	296	25	9	61	341	10021704	10021414	2.01e-74	279
NC_003074.8:16234658-16235000	NC_003070.9	84.512	297	26	7	61	342	28891670	28891379	2.60e-73	276
NC_003074.8:16234658-16235000	NC_003070.9	83.893	298	28	6	61	343	11803834	11803542	1.56e-70	267
NC_003074.8:16234658-16235000	NC_003070.9	81.609	348	36	10	1	343	10852989	10852665	2.02e-69	263
NC_003074.8:16234658-16235000	NC_003070.9	85.652	230	23	5	117	341	9384384	9384160	1.59e-60	233
NC_003074.8:16234658-16235000	NC_003070.9	92.547	161	11	1	1	160	2587619	2587459	2.05e-59	230
NC_003074.8:16234658-16235000	NC_003070.9	85.281	231	24	5	117	342	18300494	18300269	2.05e-59	230
NC_003074.8:16234658-16235000	NC_003070.9	89.655	174	14	2	168	341	13313686	13313517	4.44e-56	219
NC_003074.8:16234658-16235000	NC_003070.9	83.264	239	32	5	107	342	2473131	2472898	2.07e-54	213
NC_003074.8:16234658-16235000	NC_003070.9	89.143	175	14	2	168	342	12240742	12240911	2.07e-54	213
NC_003074.8:16234658-16235000	NC_003070.9	84.906	212	23	6	136	342	10579935	10580142	3.46e-52	206
NC_003074.8:16234658-16235000	NC_003070.9	88.068	176	16	5	168	342	11174638	11174809	1.24e-51	204
NC_003074.8:16234658-16235000	NC_003070.9	87.222	180	17	4	165	342	8190385	8190560	1.61e-50	200
NC_003074.8:16234658-16235000	NC_003070.9	87.571	177	17	2	167	342	8622927	8622755	1.61e-50	200
NC_003074.8:16234658-16235000	NC_003070.9	83.058	242	19	8	117	342	21128636	21128871	1.61e-50	200
NC_003074.8:16234658-16235000	NC_003070.9	82.573	241	22	6	117	341	11669593	11669357	7.48e-49	195
NC_003074.8:16234658-16235000	NC_003070.9	82.500	240	23	6	117	341	9418298	9418063	2.69e-48	193
NC_003074.8:16234658-16235000	NC_003070.9	86.441	177	18	4	167	341	2588004	2587832	3.48e-47	189
NC_003074.8:16234658-16235000	NC_003070.9	86.441	177	19	3	167	342	25358251	25358423	3.48e-47	189
NC_003074.8:16234658-16235000	NC_003070.9	86.034	179	20	4	165	342	12458081	12458255	1.25e-46	187
NC_003074.8:16234658-16235000	NC_003070.9	88.608	158	12	4	185	341	21336375	21336527	1.25e-46	187
NC_003074.8:16234658-16235000	NC_003070.9	81.818	242	24	5	117	342	20559836	20559599	4.50e-46	185
NC_003074.8:16234658-16235000	NC_003070.9	81.778	225	21	6	117	325	3762754	3762974	1.26e-41	171
NC_003074.8:16234658-16235000	NC_003070.9	80.804	224	34	6	117	336	3251256	3251474	1.63e-40	167
NC_003074.8:16234658-16235000	NC_003070.9	84.181	177	21	4	168	343	20509005	20508835	5.87e-40	165
NC_003074.8:16234658-16235000	NC_003070.9	85.057	174	13	7	167	339	26307342	26307503	5.87e-40	165
NC_003074.8:16234658-16235000	NC_003070.9	84.483	174	18	6	169	341	13879220	13879055	2.11e-39	163
NC_003074.8:16234658-16235000	NC_003070.9	84.091	176	21	5	167	341	17605966	17606135	2.11e-39	163
NC_003074.8:16234658-16235000	NC_003070.9	82.486	177	25	4	167	342	12183575	12183404	1.64e-35	150
NC_003074.8:16234658-16235000	NC_003070.9	85.821	134	12	5	210	343	12562353	12562227	4.60e-31	135
NC_003074.8:16234658-16235000	NC_003070.9	85.294	136	12	8	208	343	8489539	8489412	1.65e-30	134
NC_003074.8:16234658-16235000	NC_003070.9	85.714	133	12	7	210	342	19465214	19465089	1.65e-30	134
NC_003074.8:16234658-16235000	NC_003070.9	85.294	136	11	9	208	342	18792738	18792865	5.95e-30	132
NC_003074.8:16234658-16235000	NC_003070.9	84.328	134	14	7	208	341	19768116	19767990	9.96e-28	124
NC_003074.8:16234658-16235000	NC_003070.9	83.824	136	15	6	208	343	7037164	7037292	3.58e-27	122
NC_003074.8:16234658-16235000	NC_003070.9	83.824	136	14	8	207	342	14308890	14308763	3.58e-27	122
NC_003074.8:16234658-16235000	NC_003070.9	83.704	135	14	8	208	342	22451880	22452006	1.29e-26	121
NC_003074.8:16234658-16235000	NC_003070.9	83.459	133	14	7	211	342	22992056	22991931	1.67e-25	117
NC_003074.8:16234658-16235000	NC_003070.9	82.836	134	15	7	211	343	30251102	30250976	2.16e-24	113
NC_003074.8:16234658-16235000	NC_003070.9	82.707	133	15	7	211	342	12328051	12327926	7.75e-24	111
NC_003074.8:16234658-16235000	NC_003070.9	82.707	133	15	7	211	342	22620714	22620589	7.75e-24	111
NC_003074.8:16234658-16235000	NC_003070.9	82.707	133	15	8	210	342	25962588	25962464	7.75e-24	111
NC_003074.8:16234658-16235000	NC_003070.9	100.000	28	0	0	315	342	21103381	21103354	4.76e-06	52.8
NC_003074.8:17985939-17986894	NC_003074.8	100.000	956	0	0	1	956	17985939	17986894	0.0	1766
NC_003074.8:17985939-17986894	NC_003074.8	88.636	352	36	3	607	956	10837714	10838063	7.13e-118	425
NC_003074.8:17985939-17986894	NC_003074.8	88.182	220	22	2	102	317	10836839	10837058	7.65e-68	259
NC_003074.8:17985939-17986894	NC_003074.8	92.857	140	10	0	412	551	10837560	10837699	3.64e-51	204
NC_003074.8:17985939-17986894	NC_003074.8	92.000	100	7	1	1	99	10836302	10836401	1.04e-31	139
NC_003074.8:17985939-17986894	NC_003074.8	88.596	114	13	0	412	525	15504902	15505015	1.04e-31	139
NC_003074.8:17985939-17986894	NC_003074.8	94.118	85	5	0	325	409	10837445	10837529	6.26e-29	130
NC_003074.8:17985939-17986894	NC_003074.8	95.238	42	2	0	558	599	15946411	15946452	4.98e-10	67.6
NC_003074.8:17985939-17986894	NC_003074.8	97.368	38	0	1	1	37	17397540	17397577	6.44e-09	63.9
NC_003074.8:17985939-17986894	NC_003074.8	94.872	39	2	0	561	599	15505146	15505108	2.32e-08	62.1
NC_003074.8:17985939-17986894	NC_003076.8	81.994	622	54	22	328	926	9665251	9664665	6.98e-133	475
NC_003074.8:17985939-17986894	NC_003076.8	82.514	549	62	16	410	956	14214973	14215489	1.18e-125	451
NC_003074.8:17985939-17986894	NC_003076.8	91.364	220	15	2	102	317	10716153	10716372	1.62e-79	298
NC_003074.8:17985939-17986894	NC_003076.8	91.960	199	16	0	607	805	10288323	10288125	5.87e-74	279
NC_003074.8:17985939-17986894	NC_003076.8	89.862	217	16	3	102	315	14214259	14214472	2.73e-72	274
NC_003074.8:17985939-17986894	NC_003076.8	89.796	196	14	2	410	599	10288497	10288302	5.96e-64	246
NC_003074.8:17985939-17986894	NC_003076.8	92.241	116	9	0	410	525	13499141	13499026	1.72e-39	165
NC_003074.8:17985939-17986894	NC_003076.8	92.523	107	5	2	1	106	10289727	10289623	4.80e-35	150
NC_003074.8:17985939-17986894	NC_003076.8	92.929	99	6	1	2	99	10715622	10715720	8.04e-33	143
NC_003074.8:17985939-17986894	NC_003076.8	96.471	85	2	1	325	409	14214861	14214944	1.04e-31	139
NC_003074.8:17985939-17986894	NC_003076.8	97.619	42	1	0	558	599	13498886	13498927	1.07e-11	73.1
NC_003074.8:17985939-17986894	NC_003070.9	82.562	562	53	19	406	956	17110098	17110625	3.27e-126	453
NC_003074.8:17985939-17986894	NC_003070.9	91.589	214	13	3	102	311	17109355	17109567	2.71e-77	291
NC_003074.8:17985939-17986894	NC_003070.9	97.647	85	2	0	325	409	17109928	17110012	6.21e-34	147
NC_003074.8:17985939-17986894	NC_003070.9	85.714	140	11	4	410	542	11992118	11992255	1.04e-31	139
NC_003074.8:17985939-17986894	NC_003070.9	91.781	73	6	0	607	679	11992353	11992281	1.36e-20	102
NC_003074.8:17985939-17986894	NC_003070.9	95.238	42	2	0	558	599	11992373	11992332	4.98e-10	67.6
NC_003074.8:17985939-17986894	NC_003075.7	81.180	627	53	27	330	929	5229076	5229664	1.97e-123	444
NC_003074.8:17985939-17986894	NC_003075.7	90.654	107	8	2	1	106	5227956	5228061	2.89e-32	141
NC_003074.8:17985939-17986894	NC_003071.7	95.361	194	8	1	410	603	6416046	6415854	2.69e-82	307
NC_003074.8:17985939-17986894	NC_003071.7	86.667	225	12	6	102	323	2175155	2174946	4.64e-60	233
NC_003074.8:17985939-17986894	NC_003071.7	95.294	85	4	0	325	409	6416159	6416075	1.35e-30	135
NC_003074.8:15685299-15685651	NC_003074.8	100.000	353	0	0	1	353	15685299	15685651	0.0	652
NC_003074.8:15685299-15685651	NC_003074.8	92.593	108	6	2	4	110	16521364	16521470	1.31e-36	154
NC_003074.8:15685299-15685651	NC_003074.8	85.938	64	7	1	104	167	11963149	11963088	1.76e-10	67.6
NC_003074.8:15685299-15685651	NC_003074.8	93.333	45	3	0	104	148	16521968	16522012	1.76e-10	67.6
NC_003074.8:15685299-15685651	NC_003076.8	82.388	335	34	20	4	324	13712939	13712616	4.48e-71	268
NC_003074.8:15685299-15685651	NC_003076.8	96.226	53	2	0	51	103	17812143	17812091	1.35e-16	87.9
NC_003074.8:15685299-15685651	NC_003070.9	79.918	244	35	11	114	353	13497811	13497578	1.68e-40	167
NC_003074.8:15685299-15685651	NC_003070.9	88.991	109	9	3	4	110	19146486	19146379	6.14e-30	132
NC_003074.8:15685299-15685651	NC_003070.9	86.667	105	12	2	1	104	13498125	13498022	6.18e-25	115
NC_003074.8:15685299-15685651	NC_003070.9	90.196	51	5	0	104	154	19145892	19145842	1.76e-10	67.6
NC_003074.8:15685299-15685651	NC_003075.7	93.000	100	5	2	4	103	5719239	5719142	7.88e-34	145
NC_003074.8:15685299-15685651	NC_003075.7	95.082	61	2	1	51	110	1864772	1864832	8.05e-19	95.3
NC_003074.8:15685299-15685651	NC_003075.7	100.000	39	0	0	104	142	4088388	4088426	3.77e-12	73.1
NC_003074.8:15685299-15685651	NC_003071.7	94.521	73	3	1	119	190	2514697	2514769	7.99e-24	111
NC_003075.7:12365061-12365606	NC_003075.7	100.000	546	0	0	1	546	12365606	12365061	0.0	1009
NC_003075.7:12365061-12365606	NC_003075.7	91.376	545	46	1	1	544	15442194	15441650	0.0	745
NC_003075.7:12365061-12365606	NC_003075.7	88.536	567	43	8	1	546	1521257	1521822	0.0	667
NC_003075.7:12365061-12365606	NC_003075.7	86.549	565	54	9	1	544	572759	572196	1.72e-171	603
NC_003075.7:12365061-12365606	NC_003075.7	86.332	578	40	12	2	544	14458283	14457710	1.03e-168	593
NC_003075.7:12365061-12365606	NC_003075.7	85.614	570	55	10	1	546	5392283	5391717	1.34e-162	573
NC_003075.7:12365061-12365606	NC_003075.7	85.637	557	64	11	1	545	6340022	6339470	4.84e-162	571
NC_003075.7:12365061-12365606	NC_003075.7	85.689	566	39	13	1	545	8947760	8947216	3.77e-158	558
NC_003075.7:12365061-12365606	NC_003075.7	85.017	574	52	19	1	543	12607047	12606477	1.75e-156	553
NC_003075.7:12365061-12365606	NC_003075.7	84.477	554	64	12	1	543	7034793	7034251	1.06e-148	527
NC_003075.7:12365061-12365606	NC_003075.7	84.831	534	57	9	1	512	824053	823522	2.30e-145	516
NC_003075.7:12365061-12365606	NC_003075.7	83.509	570	55	15	1	546	9112130	9111576	2.99e-139	496
NC_003075.7:12365061-12365606	NC_003075.7	84.521	491	54	5	1	469	6660987	6661477	2.35e-130	466
NC_003075.7:12365061-12365606	NC_003075.7	88.959	317	23	2	237	541	2553631	2553947	8.75e-105	381
NC_003075.7:12365061-12365606	NC_003075.7	86.923	130	13	4	414	543	11362820	11362945	4.49e-33	143
NC_003075.7:12365061-12365606	NC_003075.7	87.368	95	11	1	1	94	7154779	7154873	1.64e-22	108
NC_003075.7:12365061-12365606	NC_003075.7	89.412	85	9	0	1	85	7905771	7905855	1.64e-22	108
NC_003075.7:12365061-12365606	NC_003075.7	89.412	85	8	1	1	85	6638805	6638888	5.90e-22	106
NC_003075.7:12365061-12365606	NC_003075.7	90.244	82	7	1	1	81	13537670	13537589	5.90e-22	106
NC_003075.7:12365061-12365606	NC_003075.7	85.263	95	13	1	1	94	2040107	2040201	3.55e-19	97.1
NC_003075.7:12365061-12365606	NC_003075.7	85.263	95	13	1	1	94	6427216	6427122	3.55e-19	97.1
NC_003075.7:12365061-12365606	NC_003075.7	87.838	74	9	0	1	74	3897172	3897245	2.14e-16	87.9
NC_003075.7:12365061-12365606	NC_003075.7	83.333	96	12	3	1	94	12968438	12968345	7.68e-16	86.1
NC_003075.7:12365061-12365606	NC_003075.7	85.366	82	10	2	7	86	2987152	2987233	2.76e-15	84.2
NC_003075.7:12365061-12365606	NC_003075.7	100.000	40	0	0	1	40	5431587	5431548	1.66e-12	75.0
NC_003075.7:12365061-12365606	NC_003076.8	91.728	544	44	1	1	543	17043358	17043901	0.0	754
NC_003075.7:12365061-12365606	NC_003076.8	90.775	542	48	2	1	541	16712851	16713391	0.0	723
NC_003075.7:12365061-12365606	NC_003076.8	88.830	564	42	5	1	543	17726422	17726985	0.0	673
NC_003075.7:12365061-12365606	NC_003076.8	87.809	566	48	5	1	545	24448812	24449377	0.0	643
NC_003075.7:12365061-12365606	NC_003076.8	88.278	546	46	5	1	544	7069989	7070518	0.0	638
NC_003075.7:12365061-12365606	NC_003076.8	87.748	555	56	6	1	543	14810271	14810825	0.0	638
NC_003075.7:12365061-12365606	NC_003076.8	87.478	567	49	9	1	546	5625058	5625623	0.0	634
NC_003075.7:12365061-12365606	NC_003076.8	87.634	558	54	8	1	543	9558216	9557659	0.0	634
NC_003075.7:12365061-12365606	NC_003076.8	87.321	560	57	8	1	546	13892686	13892127	2.83e-179	628
NC_003075.7:12365061-12365606	NC_003076.8	87.433	557	56	8	1	543	16870923	16871479	2.83e-179	628
NC_003075.7:12365061-12365606	NC_003076.8	87.253	557	51	10	1	543	19101558	19102108	6.13e-176	617
NC_003075.7:12365061-12365606	NC_003076.8	86.356	579	42	9	1	543	7417331	7417908	7.98e-170	597
NC_003075.7:12365061-12365606	NC_003076.8	85.891	567	56	12	1	545	22621740	22621176	2.23e-165	582
NC_003075.7:12365061-12365606	NC_003076.8	86.151	556	56	9	1	546	14104208	14103664	8.04e-165	580
NC_003075.7:12365061-12365606	NC_003076.8	85.387	568	57	13	1	543	9068735	9068169	2.25e-160	566
NC_003075.7:12365061-12365606	NC_003076.8	85.263	570	54	12	1	543	3566350	3566916	1.05e-158	560
NC_003075.7:12365061-12365606	NC_003076.8	85.252	556	59	15	1	544	7701181	7700637	6.30e-156	551
NC_003075.7:12365061-12365606	NC_003076.8	84.148	593	44	22	1	544	24117960	24118551	2.95e-149	529
NC_003075.7:12365061-12365606	NC_003076.8	85.885	503	50	13	1	488	22335576	22335080	2.30e-145	516
NC_003075.7:12365061-12365606	NC_003076.8	84.007	569	52	16	1	546	26787654	26787102	1.07e-143	510
NC_003075.7:12365061-12365606	NC_003076.8	90.107	374	29	3	3	368	15882295	15882668	3.02e-134	479
NC_003075.7:12365061-12365606	NC_003076.8	82.765	557	66	16	1	546	15580807	15581344	1.82e-131	470
NC_003075.7:12365061-12365606	NC_003076.8	82.746	568	55	17	1	545	8748925	8749472	2.35e-130	466
NC_003075.7:12365061-12365606	NC_003076.8	82.155	566	58	16	1	543	9854346	9854891	3.06e-124	446
NC_003075.7:12365061-12365606	NC_003076.8	85.676	377	46	3	1	369	706997	706621	1.45e-107	390
NC_003075.7:12365061-12365606	NC_003076.8	85.488	379	42	8	1	368	4936961	4937337	2.43e-105	383
NC_003075.7:12365061-12365606	NC_003076.8	85.797	345	43	6	202	543	14395374	14395033	1.14e-98	361
NC_003075.7:12365061-12365606	NC_003076.8	85.797	345	43	6	202	543	14454673	14454332	1.14e-98	361
NC_003075.7:12365061-12365606	NC_003076.8	86.268	284	25	3	273	543	6702209	6701927	3.26e-79	296
NC_003075.7:12365061-12365606	NC_003076.8	90.741	216	19	1	66	280	17885906	17885691	1.96e-76	287
NC_003075.7:12365061-12365606	NC_003076.8	89.177	231	16	4	1	223	13231669	13231898	3.28e-74	279
NC_003075.7:12365061-12365606	NC_003076.8	86.512	215	20	4	1	207	6702418	6702205	1.21e-58	228
NC_003075.7:12365061-12365606	NC_003076.8	90.116	172	8	5	373	543	22464039	22464202	9.39e-55	215
NC_003075.7:12365061-12365606	NC_003076.8	85.938	128	15	3	416	543	21531784	21531908	2.70e-30	134
NC_003075.7:12365061-12365606	NC_003076.8	89.888	89	5	4	1	86	9763120	9763033	1.27e-23	111
NC_003075.7:12365061-12365606	NC_003076.8	87.368	95	10	2	1	94	9979173	9979080	1.64e-22	108
NC_003075.7:12365061-12365606	NC_003076.8	90.361	83	5	3	1	81	10873661	10873742	5.90e-22	106
NC_003075.7:12365061-12365606	NC_003076.8	86.316	95	12	1	1	94	14880216	14880310	7.63e-21	102
NC_003075.7:12365061-12365606	NC_003076.8	88.372	86	8	2	1	85	15659431	15659347	7.63e-21	102
NC_003075.7:12365061-12365606	NC_003076.8	88.372	86	8	2	1	85	21016569	21016485	7.63e-21	102
NC_003075.7:12365061-12365606	NC_003076.8	88.000	75	9	0	1	75	15779044	15779118	5.94e-17	89.8
NC_003075.7:12365061-12365606	NC_003076.8	85.542	83	12	0	1	83	20674822	20674740	2.14e-16	87.9
NC_003075.7:12365061-12365606	NC_003076.8	83.696	92	14	1	4	94	22463661	22463752	7.68e-16	86.1
NC_003075.7:12365061-12365606	NC_003076.8	89.474	57	5	1	1	57	9770643	9770588	2.15e-11	71.3
NC_003075.7:12365061-12365606	NC_003076.8	90.909	44	3	1	500	543	8281679	8281721	1.67e-07	58.4
NC_003075.7:12365061-12365606	NC_003076.8	92.500	40	3	0	1	40	13733030	13733069	1.67e-07	58.4
NC_003075.7:12365061-12365606	NC_003071.7	91.360	544	46	1	1	543	1670334	1669791	0.0	743
NC_003075.7:12365061-12365606	NC_003071.7	90.528	549	45	5	1	543	15134225	15134772	0.0	719
NC_003075.7:12365061-12365606	NC_003071.7	90.494	547	48	4	1	544	19623102	19623647	0.0	719
NC_003075.7:12365061-12365606	NC_003071.7	89.716	564	36	6	1	543	5037751	5038313	0.0	701
NC_003075.7:12365061-12365606	NC_003071.7	91.701	482	39	1	7	487	19243129	19242648	0.0	667
NC_003075.7:12365061-12365606	NC_003071.7	87.654	567	47	5	1	544	5010652	5010086	0.0	638
NC_003075.7:12365061-12365606	NC_003071.7	87.276	558	57	8	1	544	6207151	6206594	3.66e-178	625
NC_003075.7:12365061-12365606	NC_003071.7	86.888	572	40	16	1	545	7340381	7340944	3.69e-173	608
NC_003075.7:12365061-12365606	NC_003071.7	86.067	567	53	6	1	545	1596919	1597481	1.73e-166	586
NC_003075.7:12365061-12365606	NC_003071.7	86.453	561	43	15	1	541	9226025	9225478	6.21e-166	584
NC_003075.7:12365061-12365606	NC_003071.7	87.719	513	37	10	19	506	17147641	17147130	3.74e-163	575
NC_003075.7:12365061-12365606	NC_003071.7	85.062	569	54	16	1	545	9860514	9859953	6.30e-156	551
NC_003075.7:12365061-12365606	NC_003071.7	85.045	555	63	13	1	545	9229179	9228635	8.15e-155	547
NC_003075.7:12365061-12365606	NC_003071.7	84.331	568	51	14	1	545	13101810	13102362	4.94e-147	521
NC_003075.7:12365061-12365606	NC_003071.7	86.570	484	42	4	7	467	19172662	19172179	2.97e-144	512
NC_003075.7:12365061-12365606	NC_003071.7	83.922	566	53	13	1	543	12556654	12557204	1.38e-142	507
NC_003075.7:12365061-12365606	NC_003071.7	84.135	561	49	15	1	538	13885931	13886474	1.38e-142	507
NC_003075.7:12365061-12365606	NC_003071.7	90.741	216	11	4	1	208	9433091	9433305	3.28e-74	279
NC_003075.7:12365061-12365606	NC_003071.7	83.942	274	39	4	273	544	9433300	9433570	1.54e-67	257
NC_003075.7:12365061-12365606	NC_003071.7	90.845	142	12	1	404	545	9311480	9311620	5.69e-47	189
NC_003075.7:12365061-12365606	NC_003071.7	89.320	103	10	1	1	103	1552862	1552761	1.26e-28	128
NC_003075.7:12365061-12365606	NC_003071.7	90.625	96	7	2	1	94	7439723	7439628	4.53e-28	126
NC_003075.7:12365061-12365606	NC_003071.7	93.333	75	5	0	1	75	6411149	6411223	1.27e-23	111
NC_003075.7:12365061-12365606	NC_003071.7	87.368	95	11	1	1	94	8046269	8046175	1.64e-22	108
NC_003075.7:12365061-12365606	NC_003071.7	88.636	88	8	2	1	86	1303113	1303026	5.90e-22	106
NC_003075.7:12365061-12365606	NC_003071.7	90.667	75	7	0	1	75	2262405	2262331	2.74e-20	100
NC_003075.7:12365061-12365606	NC_003071.7	85.556	90	11	2	7	94	7178425	7178514	4.59e-18	93.5
NC_003075.7:12365061-12365606	NC_003071.7	89.062	64	7	0	1	64	1955470	1955533	3.57e-14	80.5
NC_003075.7:12365061-12365606	NC_003071.7	81.928	83	12	3	1	81	1618253	1618172	2.78e-10	67.6
NC_003075.7:12365061-12365606	NC_003074.8	90.826	545	47	3	1	543	11132202	11132745	0.0	726
NC_003075.7:12365061-12365606	NC_003074.8	89.655	551	43	6	1	543	11315007	11315551	0.0	689
NC_003075.7:12365061-12365606	NC_003074.8	90.577	520	44	5	1	519	423197	422682	0.0	684
NC_003075.7:12365061-12365606	NC_003074.8	88.319	565	43	11	1	545	23085531	23086092	0.0	656
NC_003075.7:12365061-12365606	NC_003074.8	88.172	558	52	8	1	545	10708625	10709181	0.0	652
NC_003075.7:12365061-12365606	NC_003074.8	87.809	566	48	5	1	545	10405396	10405961	0.0	643
NC_003075.7:12365061-12365606	NC_003074.8	87.611	565	49	5	1	544	14057124	14057688	0.0	636
NC_003075.7:12365061-12365606	NC_003074.8	87.657	559	48	5	7	544	11090997	11090439	7.87e-180	630
NC_003075.7:12365061-12365606	NC_003074.8	87.153	576	40	11	3	545	6729497	6728923	1.32e-177	623
NC_003075.7:12365061-12365606	NC_003074.8	87.234	564	51	8	1	543	19436871	19437434	1.32e-177	623
NC_003075.7:12365061-12365606	NC_003074.8	87.050	556	61	6	1	546	10718345	10717791	6.13e-176	617
NC_003075.7:12365061-12365606	NC_003074.8	86.918	558	57	9	1	543	16405196	16405752	2.85e-174	612
NC_003075.7:12365061-12365606	NC_003074.8	87.230	556	47	11	13	546	18634492	18633939	2.85e-174	612
NC_003075.7:12365061-12365606	NC_003074.8	86.879	564	51	9	1	543	16485869	16485308	1.03e-173	610
NC_003075.7:12365061-12365606	NC_003074.8	86.762	559	59	8	1	545	7766062	7766619	3.69e-173	608
NC_003075.7:12365061-12365606	NC_003074.8	86.444	568	51	10	1	543	3080591	3080025	2.22e-170	599
NC_003075.7:12365061-12365606	NC_003074.8	86.183	579	44	9	1	543	10758580	10758002	1.03e-168	593
NC_003075.7:12365061-12365606	NC_003074.8	86.022	558	57	12	1	543	17402552	17402001	2.89e-164	579
NC_003075.7:12365061-12365606	NC_003074.8	85.495	586	40	12	1	543	19739757	19740340	1.74e-161	569
NC_003075.7:12365061-12365606	NC_003074.8	83.725	553	69	14	1	543	4584756	4585297	1.79e-141	503
NC_003075.7:12365061-12365606	NC_003074.8	91.129	372	28	3	176	543	16235030	16234660	2.32e-140	499
NC_003075.7:12365061-12365606	NC_003074.8	83.480	569	59	15	1	544	21552658	21552100	8.33e-140	497
NC_003075.7:12365061-12365606	NC_003074.8	83.392	566	56	14	1	543	7980633	7980083	1.39e-137	490
NC_003075.7:12365061-12365606	NC_003074.8	89.628	376	30	4	1	368	4579237	4579611	1.82e-131	470
NC_003075.7:12365061-12365606	NC_003074.8	89.831	177	18	0	133	309	18887435	18887259	1.21e-58	228
NC_003075.7:12365061-12365606	NC_003074.8	87.435	191	16	3	1	183	15812961	15813151	3.38e-54	213
NC_003075.7:12365061-12365606	NC_003074.8	91.589	107	8	1	1	106	7274660	7274766	3.47e-34	147
NC_003075.7:12365061-12365606	NC_003074.8	86.923	130	13	4	414	543	22120532	22120657	4.49e-33	143
NC_003075.7:12365061-12365606	NC_003074.8	84.848	132	17	3	415	546	9766482	9766354	3.50e-29	130
NC_003075.7:12365061-12365606	NC_003074.8	89.412	85	9	0	1	85	15918691	15918607	1.64e-22	108
NC_003075.7:12365061-12365606	NC_003074.8	86.458	96	10	3	1	94	7659521	7659427	7.63e-21	102
NC_003075.7:12365061-12365606	NC_003074.8	90.667	75	7	0	1	75	7318502	7318576	2.74e-20	100
NC_003075.7:12365061-12365606	NC_003074.8	93.750	64	4	0	2	65	16235708	16235645	3.55e-19	97.1
NC_003075.7:12365061-12365606	NC_003074.8	88.312	77	7	2	1	76	10082828	10082753	1.65e-17	91.6
NC_003075.7:12365061-12365606	NC_003074.8	86.585	82	9	2	1	80	11287475	11287394	5.94e-17	89.8
NC_003075.7:12365061-12365606	NC_003074.8	89.062	64	7	0	1	64	12354668	12354605	3.57e-14	80.5
NC_003075.7:12365061-12365606	NC_003074.8	87.500	64	7	1	1	64	4467613	4467675	5.98e-12	73.1
NC_003075.7:12365061-12365606	NC_003074.8	87.097	62	8	0	1	62	16042283	16042222	2.15e-11	71.3
NC_003075.7:12365061-12365606	NC_003074.8	87.097	62	8	0	1	62	16062887	16062826	2.15e-11	71.3
NC_003075.7:12365061-12365606	NC_003074.8	85.484	62	9	0	1	62	16224234	16224295	1.00e-09	65.8
NC_003075.7:12365061-12365606	NC_003074.8	80.000	90	17	1	1	89	16553356	16553445	1.00e-09	65.8
NC_003075.7:12365061-12365606	NC_003070.9	89.204	565	37	7	1	543	23125693	23125131	0.0	684
NC_003075.7:12365061-12365606	NC_003070.9	88.277	563	45	5	1	543	12097456	12098017	0.0	654
NC_003075.7:12365061-12365606	NC_003070.9	88.151	557	52	8	1	543	27240719	27241275	0.0	651
NC_003075.7:12365061-12365606	NC_003070.9	87.611	565	48	6	1	543	24718474	24719038	0.0	636
NC_003075.7:12365061-12365606	NC_003070.9	87.654	567	40	12	1	545	26511226	26510668	2.19e-180	632
NC_003075.7:12365061-12365606	NC_003070.9	87.299	559	56	9	1	545	26880721	26881278	3.66e-178	625
NC_003075.7:12365061-12365606	NC_003070.9	87.253	557	57	8	1	544	16401003	16400448	1.32e-177	623
NC_003075.7:12365061-12365606	NC_003070.9	87.319	552	59	6	1	543	5899755	5899206	4.74e-177	621
NC_003075.7:12365061-12365606	NC_003070.9	87.143	560	50	10	1	545	4770665	4770113	2.20e-175	616
NC_003075.7:12365061-12365606	NC_003070.9	86.988	561	53	14	1	545	10591982	10591426	7.92e-175	614
NC_003075.7:12365061-12365606	NC_003070.9	86.918	558	51	10	1	543	21918434	21918984	1.33e-172	606
NC_003075.7:12365061-12365606	NC_003070.9	86.225	559	63	8	1	546	540987	540430	1.03e-168	593
NC_003075.7:12365061-12365606	NC_003070.9	86.243	567	55	8	1	545	5862949	5863514	1.03e-168	593
NC_003075.7:12365061-12365606	NC_003070.9	85.615	577	48	9	2	543	17502231	17502807	1.34e-162	573
NC_003075.7:12365061-12365606	NC_003070.9	85.387	568	58	10	1	543	13495989	13495422	2.25e-160	566
NC_003075.7:12365061-12365606	NC_003070.9	85.379	554	70	7	1	544	20205905	20205353	8.09e-160	564
NC_003075.7:12365061-12365606	NC_003070.9	85.159	566	59	12	1	543	13811466	13810903	1.35e-157	556
NC_003075.7:12365061-12365606	NC_003070.9	85.560	554	42	11	1	519	6219140	6218590	2.93e-154	545
NC_003075.7:12365061-12365606	NC_003070.9	84.629	566	64	8	1	543	21739641	21739076	3.79e-153	542
NC_003075.7:12365061-12365606	NC_003070.9	87.190	484	49	7	68	541	10930990	10931470	4.91e-152	538
NC_003075.7:12365061-12365606	NC_003070.9	84.629	553	68	10	1	543	22192007	22192552	6.35e-151	534
NC_003075.7:12365061-12365606	NC_003070.9	85.206	534	53	11	1	511	588027	587497	3.82e-148	525
NC_003075.7:12365061-12365606	NC_003070.9	84.386	570	52	12	1	546	11732352	11732908	3.82e-148	525
NC_003075.7:12365061-12365606	NC_003070.9	84.547	563	50	17	1	543	24645519	24646064	1.37e-147	523
NC_003075.7:12365061-12365606	NC_003070.9	84.276	566	50	13	1	543	19769024	19769573	2.30e-145	516
NC_003075.7:12365061-12365606	NC_003070.9	83.951	567	51	17	1	543	11804094	11803544	1.38e-142	507
NC_003075.7:12365061-12365606	NC_003070.9	83.824	544	58	17	1	519	4582998	4583536	1.39e-137	490
NC_003075.7:12365061-12365606	NC_003070.9	83.485	551	63	15	1	541	10853200	10852668	5.01e-137	488
NC_003075.7:12365061-12365606	NC_003070.9	82.862	566	57	13	1	543	10021962	10021414	5.05e-132	472
NC_003075.7:12365061-12365606	NC_003070.9	82.105	570	63	14	1	546	28891930	28891376	6.57e-126	451
NC_003075.7:12365061-12365606	NC_003070.9	88.298	376	35	2	2	368	2587832	2587457	3.96e-123	442
NC_003075.7:12365061-12365606	NC_003070.9	88.108	370	35	4	7	368	2986886	2986518	8.57e-120	431
NC_003075.7:12365061-12365606	NC_003070.9	87.446	231	21	3	1	223	12240505	12240735	4.28e-68	259
NC_003075.7:12365061-12365606	NC_003070.9	87.069	232	20	5	1	223	13313923	13313693	1.99e-66	254
NC_003075.7:12365061-12365606	NC_003070.9	87.861	173	12	4	1	165	2473307	2473136	1.22e-48	195
NC_003075.7:12365061-12365606	NC_003070.9	86.154	130	14	4	414	543	499498	499373	2.09e-31	137
NC_003075.7:12365061-12365606	NC_003070.9	84.962	133	12	5	414	546	3414719	3414843	1.26e-28	128
NC_003075.7:12365061-12365606	NC_003070.9	90.526	95	8	1	1	94	12137683	12137589	1.63e-27	124
NC_003075.7:12365061-12365606	NC_003070.9	87.619	105	11	2	1	103	6403657	6403553	2.11e-26	121
NC_003075.7:12365061-12365606	NC_003070.9	89.474	95	9	1	1	94	1160224	1160318	7.57e-26	119
NC_003075.7:12365061-12365606	NC_003070.9	93.243	74	5	0	2	75	12525582	12525655	4.56e-23	110
NC_003075.7:12365061-12365606	NC_003070.9	90.244	82	8	0	1	82	10929426	10929507	1.64e-22	108
NC_003075.7:12365061-12365606	NC_003070.9	87.368	95	11	1	1	94	26306960	26307054	1.64e-22	108
NC_003075.7:12365061-12365606	NC_003070.9	85.263	95	13	1	1	94	8189961	8190055	3.55e-19	97.1
NC_003075.7:12365061-12365606	NC_003070.9	85.417	96	11	3	1	94	12183991	12183897	3.55e-19	97.1
NC_003075.7:12365061-12365606	NC_003070.9	85.263	95	13	1	1	94	16859177	16859083	3.55e-19	97.1
NC_003075.7:12365061-12365606	NC_003070.9	87.059	85	11	0	1	85	19742138	19742054	3.55e-19	97.1
NC_003075.7:12365061-12365606	NC_003070.9	84.375	96	12	3	1	94	20509422	20509328	1.65e-17	91.6
NC_003075.7:12365061-12365606	NC_003070.9	84.091	88	12	2	1	86	18766618	18766531	2.76e-15	84.2
NC_003075.7:12365061-12365606	NC_003070.9	90.323	62	6	0	4	65	18450393	18450332	9.94e-15	82.4
NC_003075.7:12365061-12365606	NC_003070.9	87.500	64	7	1	1	64	697374	697312	5.98e-12	73.1
NC_003075.7:12365061-12365606	NC_003070.9	81.111	90	16	1	1	89	13981808	13981719	2.15e-11	71.3
NC_003075.7:12365061-12365606	NC_003070.9	86.885	61	7	1	1	60	13548432	13548492	2.78e-10	67.6
NC_003075.7:12365061-12365606	NC_003070.9	85.938	64	8	1	1	64	20513679	20513741	2.78e-10	67.6
NC_003075.7:12365061-12365606	NC_003070.9	85.938	64	8	1	1	64	21616151	21616089	2.78e-10	67.6
NC_003075.7:12365061-12365606	NC_003070.9	96.875	32	0	1	1	31	12457684	12457715	7.79e-06	52.8
NC_003075.7:12713688-12714136	NC_003075.7	100.000	449	0	0	1	449	12714136	12713688	0.0	830
NC_003075.7:12713688-12714136	NC_003075.7	95.216	439	21	0	1	439	4650110	4650548	0.0	695
NC_003075.7:12713688-12714136	NC_003075.7	94.545	440	22	2	1	439	4685638	4686076	0.0	678
NC_003075.7:12713688-12714136	NC_003075.7	94.545	440	22	2	1	439	16705425	16705863	0.0	678
NC_003075.7:12713688-12714136	NC_003075.7	93.836	438	25	2	1	438	2316524	2316089	0.0	658
NC_003075.7:12713688-12714136	NC_003075.7	92.920	339	23	1	1	339	4906330	4905993	3.16e-138	492
NC_003075.7:12713688-12714136	NC_003075.7	92.647	272	20	0	1	272	4909348	4909077	3.30e-108	392
NC_003075.7:12713688-12714136	NC_003075.7	90.426	188	15	3	1	187	15592391	15592206	9.77e-64	244
NC_003075.7:12713688-12714136	NC_003074.8	94.118	442	26	0	1	442	16851842	16851401	0.0	673
NC_003075.7:12713688-12714136	NC_003074.8	93.409	440	27	2	1	439	15783155	15783593	0.0	651
NC_003075.7:12713688-12714136	NC_003074.8	93.394	439	26	3	1	438	18976720	18977156	0.0	647
NC_003075.7:12713688-12714136	NC_003074.8	92.971	441	30	1	1	441	10791549	10791110	0.0	641
NC_003075.7:12713688-12714136	NC_003074.8	94.231	416	24	0	1	416	15642913	15643328	0.0	636
NC_003075.7:12713688-12714136	NC_003074.8	91.344	439	38	0	1	439	19648580	19648142	5.03e-171	601
NC_003075.7:12713688-12714136	NC_003074.8	90.722	291	27	0	150	440	10908292	10908002	4.26e-107	388
NC_003075.7:12713688-12714136	NC_003074.8	82.045	440	52	17	4	440	538783	539198	2.01e-95	350
NC_003075.7:12713688-12714136	NC_003074.8	81.333	450	49	23	4	444	9767685	9768108	2.03e-90	333
NC_003075.7:12713688-12714136	NC_003074.8	92.381	210	16	0	1	210	10908474	10908265	2.05e-80	300
NC_003075.7:12713688-12714136	NC_003074.8	94.301	193	10	1	1	193	14785551	14785360	9.56e-79	294
NC_003075.7:12713688-12714136	NC_003074.8	91.071	112	6	1	339	446	14785298	14785187	7.88e-35	148
NC_003075.7:12713688-12714136	NC_003076.8	93.498	446	27	2	1	444	8178107	8177662	0.0	662
NC_003075.7:12713688-12714136	NC_003076.8	94.712	416	22	0	1	416	17438315	17438730	0.0	647
NC_003075.7:12713688-12714136	NC_003076.8	91.324	438	25	3	1	438	15213323	15212899	1.41e-166	586
NC_003075.7:12713688-12714136	NC_003076.8	89.823	452	41	5	1	449	14985232	14984783	3.05e-163	575
NC_003075.7:12713688-12714136	NC_003076.8	81.737	449	52	21	4	447	26233530	26233107	7.24e-95	348
NC_003075.7:12713688-12714136	NC_003076.8	94.258	209	11	1	4	211	18113644	18113852	5.67e-86	318
NC_003075.7:12713688-12714136	NC_003076.8	94.634	205	10	1	7	211	13608302	13608505	2.04e-85	316
NC_003075.7:12713688-12714136	NC_003076.8	92.593	216	13	3	1	214	8808995	8809209	1.23e-82	307
NC_003075.7:12713688-12714136	NC_003076.8	79.343	426	60	22	8	430	16480788	16481188	1.25e-72	274
NC_003075.7:12713688-12714136	NC_003076.8	91.758	182	14	1	1	181	16387691	16387872	5.84e-66	252
NC_003075.7:12713688-12714136	NC_003076.8	92.381	105	8	0	334	438	18113899	18114003	2.19e-35	150
NC_003075.7:12713688-12714136	NC_003076.8	90.566	106	10	0	337	442	18147806	18147911	1.32e-32	141
NC_003075.7:12713688-12714136	NC_003070.9	93.166	439	29	1	1	439	9062084	9062521	0.0	643
NC_003075.7:12713688-12714136	NC_003070.9	90.423	449	42	1	1	449	10652930	10652483	1.09e-167	590
NC_003075.7:12713688-12714136	NC_003070.9	92.365	406	29	1	1	406	8723513	8723110	8.48e-164	577
NC_003075.7:12713688-12714136	NC_003070.9	89.709	447	33	3	1	447	18287193	18287626	3.07e-158	558
NC_003075.7:12713688-12714136	NC_003070.9	94.141	256	15	0	183	438	13808353	13808608	1.19e-107	390
NC_003075.7:12713688-12714136	NC_003070.9	83.108	444	44	19	4	442	16998809	16998392	3.32e-103	375
NC_003075.7:12713688-12714136	NC_003070.9	82.353	442	45	22	4	439	28750313	28749899	1.56e-96	353
NC_003075.7:12713688-12714136	NC_003070.9	92.558	215	15	1	1	214	8375151	8374937	1.23e-82	307
NC_003075.7:12713688-12714136	NC_003070.9	92.558	215	15	1	1	214	16822273	16822487	1.23e-82	307
NC_003075.7:12713688-12714136	NC_003070.9	91.500	200	16	1	13	211	18126616	18126815	1.25e-72	274
NC_003075.7:12713688-12714136	NC_003070.9	94.350	177	10	0	1	177	13808204	13808380	4.48e-72	272
NC_003075.7:12713688-12714136	NC_003070.9	86.538	156	18	3	22	176	6102896	6102743	6.05e-41	169
NC_003075.7:12713688-12714136	NC_003070.9	92.174	115	6	3	337	449	8374654	8374541	3.64e-38	159
NC_003075.7:12713688-12714136	NC_003070.9	83.051	118	19	1	1	117	13496476	13496359	4.81e-22	106
NC_003075.7:12713688-12714136	NC_003071.7	92.711	439	32	0	1	439	2735215	2734777	0.0	634
NC_003075.7:12713688-12714136	NC_003071.7	92.711	439	31	1	1	439	2820420	2820857	1.78e-180	632
NC_003075.7:12713688-12714136	NC_003071.7	92.575	431	32	0	1	431	6946155	6946585	1.39e-176	619
NC_003075.7:12713688-12714136	NC_003071.7	92.184	435	22	3	1	435	4307703	4307281	3.89e-172	604
NC_003075.7:12713688-12714136	NC_003071.7	93.839	211	12	1	1	210	510988	511198	2.04e-85	316
NC_003075.7:12713688-12714136	NC_003071.7	92.558	215	15	1	1	214	10406501	10406715	1.23e-82	307
NC_003075.7:12713688-12714136	NC_003071.7	92.925	212	14	1	4	214	11129216	11129005	1.23e-82	307
NC_003075.7:12713688-12714136	NC_003071.7	91.204	216	17	2	1	214	19269200	19268985	3.44e-78	292
NC_003075.7:12713688-12714136	NC_003071.7	93.197	147	10	0	293	439	511194	511340	2.13e-55	217
NC_003075.7:12713688-12714136	NC_003071.7	92.929	99	6	1	340	438	11128909	11128812	3.66e-33	143
NC_003075.7:12713688-12714136	NC_003071.7	89.320	103	11	0	337	439	19268699	19268597	2.85e-29	130
NC_003075.7:9283767-9284431	NC_003075.7	100.000	665	0	0	1	665	9283767	9284431	0.0	1229
NC_003075.7:9283767-9284431	NC_003075.7	89.264	652	51	8	1	650	6506269	6505635	0.0	798
NC_003075.7:9283767-9284431	NC_003075.7	88.804	652	54	6	1	650	8837147	8836513	0.0	782
NC_003075.7:9283767-9284431	NC_003075.7	87.613	662	59	14	1	660	15816687	15816047	0.0	747
NC_003075.7:9283767-9284431	NC_003075.7	87.267	644	55	9	24	665	6173473	6172855	0.0	710
NC_003075.7:9283767-9284431	NC_003075.7	81.250	656	90	19	1	650	9368715	9369343	2.84e-140	499
NC_003075.7:9283767-9284431	NC_003075.7	90.526	285	24	3	61	345	2521893	2521612	1.80e-102	374
NC_003075.7:9283767-9284431	NC_003075.7	90.840	131	12	0	1	131	9079468	9079338	5.45e-43	176
NC_003075.7:9283767-9284431	NC_003075.7	76.000	250	34	17	1	244	5605512	5605741	7.25e-22	106
NC_003075.7:9283767-9284431	NC_003075.7	100.000	28	0	0	1	28	5280203	5280230	9.57e-06	52.8
NC_003075.7:9283767-9284431	NC_003070.9	96.774	651	19	2	1	650	10597666	10598315	0.0	1085
NC_003075.7:9283767-9284431	NC_003070.9	89.091	660	60	7	1	650	22828616	22829273	0.0	809
NC_003075.7:9283767-9284431	NC_003070.9	87.692	650	60	12	1	648	11987777	11988408	0.0	739
NC_003075.7:9283767-9284431	NC_003070.9	87.898	628	55	12	1	627	26551573	26552180	0.0	719
NC_003075.7:9283767-9284431	NC_003070.9	90.820	512	43	3	154	662	13624430	13623920	0.0	682
NC_003075.7:9283767-9284431	NC_003070.9	79.542	655	86	20	1	651	3343054	3342444	1.76e-117	424
NC_003075.7:9283767-9284431	NC_003070.9	79.223	669	89	22	1	665	18633797	18633175	2.28e-116	420
NC_003075.7:9283767-9284431	NC_003070.9	90.446	314	28	2	8	320	16477700	16478012	3.81e-114	412
NC_003075.7:9283767-9284431	NC_003070.9	79.052	654	88	21	1	650	9862694	9863302	2.29e-111	403
NC_003075.7:9283767-9284431	NC_003070.9	91.573	178	14	1	473	650	13346868	13346692	1.47e-63	244
NC_003075.7:9283767-9284431	NC_003070.9	83.544	237	34	5	6	241	13356852	13357084	3.21e-55	217
NC_003075.7:9283767-9284431	NC_003071.7	96.313	651	23	1	1	650	2297111	2297761	0.0	1068
NC_003075.7:9283767-9284431	NC_003071.7	89.802	657	56	10	1	650	2241232	2240580	0.0	832
NC_003075.7:9283767-9284431	NC_003071.7	88.290	649	64	12	2	643	4471815	4472458	0.0	767
NC_003075.7:9283767-9284431	NC_003071.7	88.055	653	69	7	1	651	3598086	3598731	0.0	765
NC_003075.7:9283767-9284431	NC_003071.7	89.821	560	52	3	1	557	2961261	2961818	0.0	713
NC_003075.7:9283767-9284431	NC_003071.7	86.335	644	64	14	1	620	6288838	6288195	0.0	680
NC_003075.7:9283767-9284431	NC_003071.7	85.584	659	80	14	1	648	1281523	1280869	0.0	676
NC_003075.7:9283767-9284431	NC_003071.7	84.709	654	55	25	1	650	3191789	3191177	3.50e-174	612
NC_003075.7:9283767-9284431	NC_003071.7	85.072	623	66	14	1	622	8302943	8302347	1.26e-173	610
NC_003075.7:9283767-9284431	NC_003071.7	86.250	560	34	18	1	557	10256048	10255529	7.69e-161	568
NC_003075.7:9283767-9284431	NC_003071.7	84.758	538	40	19	5	518	8078202	8077683	7.91e-141	501
NC_003075.7:9283767-9284431	NC_003071.7	80.826	678	66	25	5	648	686439	687086	1.72e-132	473
NC_003075.7:9283767-9284431	NC_003071.7	78.979	666	86	27	1	662	6629874	6629259	6.38e-112	405
NC_003075.7:9283767-9284431	NC_003071.7	81.638	403	45	14	249	650	1076213	1075839	1.85e-82	307
NC_003075.7:9283767-9284431	NC_003076.8	89.466	674	55	13	1	665	13829286	13828620	0.0	837
NC_003075.7:9283767-9284431	NC_003076.8	88.055	653	56	14	1	651	18919592	18920224	0.0	754
NC_003075.7:9283767-9284431	NC_003076.8	86.503	652	60	17	1	648	15791105	15791732	0.0	691
NC_003075.7:9283767-9284431	NC_003076.8	86.528	579	46	17	1	573	12547098	12547650	4.53e-173	608
NC_003075.7:9283767-9284431	NC_003076.8	90.452	398	36	2	253	650	14956468	14956073	1.69e-147	523
NC_003075.7:9283767-9284431	NC_003076.8	85.671	328	20	15	1	324	14956768	14956464	2.38e-86	320
NC_003075.7:9283767-9284431	NC_003076.8	96.154	78	3	0	449	526	13905734	13905811	1.55e-28	128
NC_003075.7:9283767-9284431	NC_003074.8	87.915	662	62	8	1	661	22215960	22215316	0.0	763
NC_003075.7:9283767-9284431	NC_003074.8	87.652	656	55	17	5	653	10049547	10048911	0.0	739
NC_003075.7:9283767-9284431	NC_003074.8	88.697	522	39	11	1	518	14127409	14127914	2.09e-176	619
NC_003075.7:9283767-9284431	NC_003074.8	88.697	522	39	11	1	518	14142998	14143503	2.09e-176	619
NC_003075.7:9283767-9284431	NC_003074.8	85.552	616	55	17	1	614	16267222	16266639	9.74e-175	614
NC_003075.7:9283767-9284431	NC_003074.8	84.161	644	61	13	8	649	15188376	15188980	2.12e-166	586
NC_003075.7:9283767-9284431	NC_003074.8	82.175	662	75	26	1	648	17101758	17101126	3.63e-149	529
NC_003075.7:9283767-9284431	NC_003074.8	79.695	655	85	20	1	651	13823340	13823950	3.79e-119	429
NC_003075.7:9283767-9284431	NC_003074.8	78.154	650	83	30	1	642	17150761	17150163	5.04e-98	359
NC_003075.7:9283767-9284431	NC_003074.8	94.444	54	3	0	1	54	1283993	1283940	3.40e-15	84.2
NC_003075.7:9283767-9284431	NC_003074.8	94.000	50	3	0	61	110	15188370	15188321	5.68e-13	76.8
NC_003075.7:8421099-8421906	NC_003075.7	100.000	808	0	0	1	808	8421906	8421099	0.0	1493
NC_003075.7:8421099-8421906	NC_003075.7	92.260	814	56	5	1	808	4949067	4948255	0.0	1147
NC_003075.7:8421099-8421906	NC_003075.7	91.842	809	50	8	1	806	5837168	5836373	0.0	1114
NC_003075.7:8421099-8421906	NC_003075.7	92.358	759	49	6	39	792	18233085	18232331	0.0	1072
NC_003075.7:8421099-8421906	NC_003075.7	90.752	811	54	9	1	806	6944557	6943763	0.0	1062
NC_003075.7:8421099-8421906	NC_003075.7	90.898	791	41	4	22	808	5479106	5478343	0.0	1033
NC_003075.7:8421099-8421906	NC_003075.7	97.324	411	11	0	1	411	1598444	1598854	0.0	699
NC_003075.7:8421099-8421906	NC_003076.8	96.178	811	22	5	1	808	10187480	10188284	0.0	1317
NC_003075.7:8421099-8421906	NC_003076.8	95.320	812	32	4	1	808	16211360	16212169	0.0	1284
NC_003075.7:8421099-8421906	NC_003076.8	94.074	810	40	5	5	808	5802087	5801280	0.0	1223
NC_003075.7:8421099-8421906	NC_003076.8	91.379	812	49	11	1	808	21174424	21175218	0.0	1092
NC_003075.7:8421099-8421906	NC_003076.8	90.898	813	58	8	1	808	13786537	13787338	0.0	1077
NC_003075.7:8421099-8421906	NC_003076.8	88.547	812	57	18	1	808	17360102	17359323	0.0	952
NC_003075.7:8421099-8421906	NC_003076.8	88.397	655	46	18	1	627	19019567	19018915	0.0	761
NC_003075.7:8421099-8421906	NC_003076.8	91.500	200	13	2	613	808	19018819	19018620	8.26e-72	272
NC_003075.7:8421099-8421906	NC_003076.8	92.437	119	7	2	1	118	10924353	10924236	1.12e-40	169
NC_003075.7:8421099-8421906	NC_003076.8	80.660	212	21	8	1	206	15003950	15003753	5.22e-34	147
NC_003075.7:8421099-8421906	NC_003076.8	86.792	53	3	4	759	808	10372117	10372168	9.06e-07	56.5
NC_003075.7:8421099-8421906	NC_003074.8	95.813	812	27	4	1	808	16186180	16185372	0.0	1304
NC_003075.7:8421099-8421906	NC_003074.8	94.581	775	29	6	18	780	18927962	18928735	0.0	1186
NC_003075.7:8421099-8421906	NC_003074.8	93.112	813	46	6	1	808	10416865	10417672	0.0	1182
NC_003075.7:8421099-8421906	NC_003074.8	91.422	816	51	7	1	808	12359526	12358722	0.0	1101
NC_003075.7:8421099-8421906	NC_003074.8	88.902	820	58	20	1	808	7714349	7713551	0.0	979
NC_003075.7:8421099-8421906	NC_003074.8	89.163	812	52	18	1	808	8874896	8875675	0.0	979
NC_003075.7:8421099-8421906	NC_003074.8	89.163	812	50	17	1	808	15874737	15873960	0.0	977
NC_003075.7:8421099-8421906	NC_003074.8	89.039	812	52	19	1	808	14559080	14559858	0.0	972
NC_003075.7:8421099-8421906	NC_003074.8	90.240	584	38	13	240	808	8883486	8884065	0.0	745
NC_003075.7:8421099-8421906	NC_003074.8	89.842	571	42	5	243	808	7766080	7765521	0.0	719
NC_003075.7:8421099-8421906	NC_003074.8	92.692	260	18	1	5	264	12383830	12384088	2.20e-102	374
NC_003075.7:8421099-8421906	NC_003074.8	91.102	236	17	4	524	757	12384105	12384338	3.76e-85	316
NC_003075.7:8421099-8421906	NC_003074.8	92.991	214	14	1	1	214	7766844	7766632	1.75e-83	311
NC_003075.7:8421099-8421906	NC_003074.8	90.187	214	21	0	1	214	8883277	8883490	4.94e-74	279
NC_003075.7:8421099-8421906	NC_003074.8	82.039	206	24	5	1	206	9361785	9361977	5.19e-39	163
NC_003075.7:8421099-8421906	NC_003074.8	88.136	118	14	0	1	118	11222237	11222120	2.43e-32	141
NC_003075.7:8421099-8421906	NC_003074.8	94.595	37	2	0	772	808	11550999	11550963	2.52e-07	58.4
NC_003075.7:8421099-8421906	NC_003070.9	95.802	810	27	4	1	806	18632947	18632141	0.0	1301
NC_003075.7:8421099-8421906	NC_003070.9	93.497	815	42	8	1	808	1195121	1194311	0.0	1201
NC_003075.7:8421099-8421906	NC_003070.9	93.243	814	47	4	1	808	3024294	3023483	0.0	1192
NC_003075.7:8421099-8421906	NC_003070.9	92.138	814	42	7	1	808	18320603	18321400	0.0	1129
NC_003075.7:8421099-8421906	NC_003070.9	90.160	813	42	13	1	806	5799521	5798740	0.0	1024
NC_003075.7:8421099-8421906	NC_003070.9	90.025	812	51	8	23	808	19781107	19780300	0.0	1024
NC_003075.7:8421099-8421906	NC_003070.9	89.159	535	42	8	243	773	26880739	26880217	0.0	652
NC_003075.7:8421099-8421906	NC_003070.9	90.935	353	27	3	460	808	20704224	20704575	2.73e-131	470
NC_003075.7:8421099-8421906	NC_003070.9	92.056	214	16	1	1	214	26881503	26881291	3.79e-80	300
NC_003075.7:8421099-8421906	NC_003070.9	82.039	206	23	7	1	206	9138319	9138128	5.19e-39	163
NC_003075.7:8421099-8421906	NC_003071.7	92.866	813	52	3	1	808	8102688	8103499	0.0	1175
NC_003075.7:8421099-8421906	NC_003071.7	92.251	813	57	6	1	808	4759874	4759063	0.0	1147
NC_003075.7:8421099-8421906	NC_003071.7	92.230	695	43	5	118	808	6992256	6992943	0.0	974
NC_003075.7:8421099-8421906	NC_003071.7	92.824	655	40	4	158	808	6262553	6263204	0.0	942
NC_003075.7:8421099-8421906	NC_003071.7	94.118	136	7	1	235	370	2952220	2952354	8.50e-52	206
NC_003075.7:8421099-8421906	NC_003071.7	92.500	80	6	0	55	134	6990925	6991004	1.47e-24	115
NC_003075.7:8421099-8421906	NC_003071.7	100.000	32	0	0	777	808	6683082	6683113	7.00e-08	60.2
NC_003075.7:9146438-9147023	NC_003075.7	100.000	586	0	0	1	586	9146438	9147023	0.0	1083
NC_003075.7:9146438-9147023	NC_003075.7	90.017	591	54	5	1	586	13124459	13123869	0.0	760
NC_003075.7:9146438-9147023	NC_003075.7	89.765	596	46	5	6	586	6895543	6894948	0.0	749
NC_003075.7:9146438-9147023	NC_003075.7	87.129	606	53	16	3	586	6427219	6426617	0.0	664
NC_003075.7:9146438-9147023	NC_003075.7	84.641	599	52	17	6	586	8725655	8725079	1.13e-158	560
NC_003075.7:9146438-9147023	NC_003075.7	84.122	592	78	13	6	586	3897172	3897758	4.06e-158	558
NC_003075.7:9146438-9147023	NC_003075.7	89.826	403	36	4	6	403	9188717	9189119	3.20e-144	512
NC_003075.7:9146438-9147023	NC_003075.7	87.042	409	25	12	197	586	964262	963863	1.98e-121	436
NC_003075.7:9146438-9147023	NC_003075.7	89.865	148	12	3	441	586	6115757	6115903	2.20e-46	187
NC_003075.7:9146438-9147023	NC_003075.7	89.189	148	13	3	441	586	1521673	1521819	1.03e-44	182
NC_003075.7:9146438-9147023	NC_003075.7	88.435	147	16	1	441	586	9111726	9111580	4.77e-43	176
NC_003075.7:9146438-9147023	NC_003075.7	94.393	107	4	2	448	552	823630	823524	3.72e-39	163
NC_003075.7:9146438-9147023	NC_003075.7	86.111	144	13	7	449	586	8899823	8899965	1.04e-34	148
NC_003075.7:9146438-9147023	NC_003075.7	83.974	156	18	6	435	586	7231451	7231603	4.84e-33	143
NC_003075.7:9146438-9147023	NC_003075.7	95.181	83	4	0	441	523	8819954	8819872	1.05e-29	132
NC_003075.7:9146438-9147023	NC_003075.7	95.946	74	3	0	441	514	6661404	6661477	2.27e-26	121
NC_003075.7:9146438-9147023	NC_003075.7	91.011	89	7	1	168	255	6426919	6426831	8.16e-26	119
NC_003075.7:9146438-9147023	NC_003075.7	91.011	89	7	1	168	255	7155075	7155163	8.16e-26	119
NC_003075.7:9146438-9147023	NC_003075.7	81.366	161	14	8	441	586	12606636	12606477	2.93e-25	117
NC_003075.7:9146438-9147023	NC_003075.7	88.421	95	11	0	6	100	572759	572665	1.06e-24	115
NC_003075.7:9146438-9147023	NC_003075.7	90.110	91	6	3	5	93	5433224	5433313	1.06e-24	115
NC_003075.7:9146438-9147023	NC_003070.9	89.000	600	44	9	7	586	14013409	14012812	0.0	723
NC_003075.7:9146438-9147023	NC_003070.9	88.927	587	58	7	5	586	21335943	21336527	0.0	717
NC_003075.7:9146438-9147023	NC_003070.9	88.667	600	48	8	6	586	11174210	11174808	0.0	713
NC_003075.7:9146438-9147023	NC_003070.9	87.396	603	52	12	5	586	8189960	8190559	0.0	671
NC_003075.7:9146438-9147023	NC_003070.9	87.150	607	54	14	1	586	25357819	25358422	0.0	667
NC_003075.7:9146438-9147023	NC_003070.9	87.129	606	55	12	1	586	2588434	2587832	0.0	665
NC_003075.7:9146438-9147023	NC_003070.9	86.777	605	56	14	3	586	19742141	19741540	0.0	652
NC_003075.7:9146438-9147023	NC_003070.9	86.949	590	55	9	13	584	17632430	17633015	0.0	643
NC_003075.7:9146438-9147023	NC_003070.9	85.997	607	61	12	1	586	29078410	29079013	3.05e-179	628
NC_003075.7:9146438-9147023	NC_003070.9	85.216	602	63	12	6	586	5531296	5531892	3.09e-169	595
NC_003075.7:9146438-9147023	NC_003070.9	85.146	478	52	6	127	586	3498228	3497752	5.44e-132	472
NC_003075.7:9146438-9147023	NC_003070.9	88.206	407	24	9	197	586	16859031	16858632	9.09e-130	464
NC_003075.7:9146438-9147023	NC_003070.9	86.207	406	31	10	197	584	26307105	26307503	2.58e-115	416
NC_003075.7:9146438-9147023	NC_003070.9	88.816	152	14	3	432	581	3251324	3251474	2.85e-45	183
NC_003075.7:9146438-9147023	NC_003070.9	89.189	148	14	2	441	586	26510817	26510670	2.85e-45	183
NC_003075.7:9146438-9147023	NC_003070.9	89.189	148	13	3	441	586	23125277	23125131	1.03e-44	182
NC_003075.7:9146438-9147023	NC_003070.9	88.591	149	14	2	441	586	13811051	13810903	1.33e-43	178
NC_003075.7:9146438-9147023	NC_003070.9	87.742	155	15	3	432	586	29244535	29244685	1.33e-43	178
NC_003075.7:9146438-9147023	NC_003070.9	87.342	158	15	4	430	586	22192399	22192552	4.77e-43	176
NC_003075.7:9146438-9147023	NC_003070.9	89.362	141	11	4	447	584	8622897	8622758	1.72e-42	174
NC_003075.7:9146438-9147023	NC_003070.9	87.943	141	14	3	449	586	21739216	21739076	3.72e-39	163
NC_003075.7:9146438-9147023	NC_003070.9	90.909	121	9	2	441	559	587612	587492	1.34e-38	161
NC_003075.7:9146438-9147023	NC_003070.9	84.564	149	20	3	441	586	10579993	10580141	1.35e-33	145
NC_003075.7:9146438-9147023	NC_003070.9	90.000	110	6	2	448	552	4583418	4583527	2.25e-31	137
NC_003075.7:9146438-9147023	NC_003070.9	91.667	96	6	2	6	100	1160224	1160318	1.05e-29	132
NC_003075.7:9146438-9147023	NC_003070.9	87.611	113	11	2	1	112	10591988	10591878	1.36e-28	128
NC_003075.7:9146438-9147023	NC_003070.9	89.691	97	10	0	4	100	4770667	4770571	1.75e-27	124
NC_003075.7:9146438-9147023	NC_003070.9	94.805	77	4	0	5	81	10853201	10853125	2.27e-26	121
NC_003075.7:9146438-9147023	NC_003070.9	92.771	83	6	0	441	523	11669505	11669423	2.27e-26	121
NC_003075.7:9146438-9147023	NC_003070.9	94.805	77	4	0	4	80	12525579	12525655	2.27e-26	121
NC_003075.7:9146438-9147023	NC_003070.9	91.011	89	7	1	168	255	19741843	19741755	8.16e-26	119
NC_003075.7:9146438-9147023	NC_003070.9	81.366	161	14	7	441	586	17502648	17502807	2.93e-25	117
NC_003075.7:9146438-9147023	NC_003070.9	95.775	71	3	0	442	512	2587371	2587301	1.06e-24	115
NC_003075.7:9146438-9147023	NC_003070.9	89.888	89	7	2	168	255	2588134	2588047	3.80e-24	113
NC_003075.7:9146438-9147023	NC_003070.9	89.888	89	8	1	168	255	8190256	8190344	3.80e-24	113
NC_003075.7:9146438-9147023	NC_003070.9	95.588	68	3	0	442	509	13870286	13870353	4.91e-23	110
NC_003075.7:9146438-9147023	NC_003070.9	93.056	72	5	0	441	512	6218725	6218654	6.35e-22	106
NC_003075.7:9146438-9147023	NC_003070.9	85.263	95	14	0	6	100	12240505	12240599	1.06e-19	99.0
NC_003075.7:9146438-9147023	NC_003070.9	95.082	61	3	0	6	66	26511226	26511166	3.82e-19	97.1
NC_003075.7:9146438-9147023	NC_003074.8	88.303	607	47	10	1	586	8644736	8645339	0.0	706
NC_003075.7:9146438-9147023	NC_003074.8	87.171	608	53	16	1	586	15918697	15918093	0.0	667
NC_003075.7:9146438-9147023	NC_003074.8	85.110	591	74	12	6	586	19520641	19521227	4.00e-168	592
NC_003075.7:9146438-9147023	NC_003074.8	85.042	595	72	13	4	586	7937573	7936984	1.44e-167	590
NC_003075.7:9146438-9147023	NC_003074.8	84.808	599	69	16	2	586	18147112	18146522	2.41e-165	582
NC_003075.7:9146438-9147023	NC_003074.8	82.833	600	47	21	5	586	10681953	10681392	1.94e-136	486
NC_003075.7:9146438-9147023	NC_003074.8	87.775	409	22	14	197	586	18172673	18172274	1.97e-126	453
NC_003075.7:9146438-9147023	NC_003074.8	90.345	145	12	2	444	586	15814347	15814491	6.13e-47	189
NC_003075.7:9146438-9147023	NC_003074.8	89.865	148	13	2	441	586	20769746	20769599	6.13e-47	189
NC_003075.7:9146438-9147023	NC_003074.8	90.071	141	12	2	448	586	11090580	11090440	1.03e-44	182
NC_003075.7:9146438-9147023	NC_003074.8	89.189	148	13	3	441	586	18634089	18633943	1.03e-44	182
NC_003075.7:9146438-9147023	NC_003074.8	88.514	148	15	1	441	586	6729072	6728925	1.33e-43	178
NC_003075.7:9146438-9147023	NC_003074.8	89.583	144	9	5	448	586	21552243	21552101	1.33e-43	178
NC_003075.7:9146438-9147023	NC_003074.8	89.362	141	13	2	448	586	19437294	19437434	4.77e-43	176
NC_003075.7:9146438-9147023	NC_003074.8	87.755	147	17	1	441	586	7980229	7980083	2.22e-41	171
NC_003075.7:9146438-9147023	NC_003074.8	87.838	148	15	3	432	577	8329348	8329494	2.22e-41	171
NC_003075.7:9146438-9147023	NC_003074.8	87.838	148	15	3	441	586	19740194	19740340	2.22e-41	171
NC_003075.7:9146438-9147023	NC_003074.8	87.333	150	13	6	441	586	14057540	14057687	2.87e-40	167
NC_003075.7:9146438-9147023	NC_003074.8	87.333	150	13	6	441	586	16723267	16723120	2.87e-40	167
NC_003075.7:9146438-9147023	NC_003074.8	91.743	109	9	0	441	549	18171090	18170982	8.04e-36	152
NC_003075.7:9146438-9147023	NC_003074.8	83.333	156	23	3	432	584	16903044	16903199	1.74e-32	141
NC_003075.7:9146438-9147023	NC_003074.8	84.615	143	17	5	448	586	11588778	11588637	2.25e-31	137
NC_003075.7:9146438-9147023	NC_003074.8	93.976	83	5	0	441	523	16534556	16534474	4.87e-28	126
NC_003075.7:9146438-9147023	NC_003074.8	83.099	142	21	3	448	586	16678362	16678503	4.87e-28	126
NC_003075.7:9146438-9147023	NC_003074.8	89.583	96	10	0	5	100	7274659	7274754	6.31e-27	122
NC_003075.7:9146438-9147023	NC_003074.8	88.421	95	11	0	6	100	10718345	10718251	1.06e-24	115
NC_003075.7:9146438-9147023	NC_003074.8	94.915	59	1	1	47	103	21694228	21694286	1.78e-17	91.6
NC_003075.7:9146438-9147023	NC_003076.8	87.708	602	49	12	4	584	14880214	14880811	0.0	678
NC_003075.7:9146438-9147023	NC_003076.8	87.479	607	50	13	1	586	14873452	14874053	0.0	676
NC_003075.7:9146438-9147023	NC_003076.8	88.401	569	46	11	5	555	19479576	19480142	0.0	667
NC_003075.7:9146438-9147023	NC_003076.8	86.811	599	56	12	5	584	9545737	9546331	0.0	647
NC_003075.7:9146438-9147023	NC_003076.8	86.711	602	55	12	6	586	15659431	15658834	0.0	645
NC_003075.7:9146438-9147023	NC_003076.8	83.993	606	53	21	1	586	23662585	23662004	4.08e-153	542
NC_003075.7:9146438-9147023	NC_003076.8	83.802	605	41	24	2	586	10042379	10041812	5.32e-147	521
NC_003075.7:9146438-9147023	NC_003076.8	83.048	584	48	21	23	586	19115133	19114581	2.51e-135	483
NC_003075.7:9146438-9147023	NC_003076.8	86.683	413	28	12	192	586	22463799	22464202	2.56e-120	433
NC_003075.7:9146438-9147023	NC_003076.8	89.865	148	13	2	441	586	17726838	17726985	6.13e-47	189
NC_003075.7:9146438-9147023	NC_003076.8	89.933	149	10	4	441	586	26787252	26787106	2.20e-46	187
NC_003075.7:9146438-9147023	NC_003076.8	89.333	150	12	3	441	586	22621327	22621178	7.93e-46	185
NC_003075.7:9146438-9147023	NC_003076.8	88.514	148	15	2	441	586	24449228	24449375	1.33e-43	178
NC_003075.7:9146438-9147023	NC_003076.8	88.966	145	10	4	448	586	9068313	9068169	1.72e-42	174
NC_003075.7:9146438-9147023	NC_003076.8	87.838	148	15	3	441	586	6702073	6701927	2.22e-41	171
NC_003075.7:9146438-9147023	NC_003076.8	88.571	140	14	2	448	586	8749332	8749470	7.99e-41	169
NC_003075.7:9146438-9147023	NC_003076.8	87.755	147	14	3	4	146	22463654	22463800	7.99e-41	169
NC_003075.7:9146438-9147023	NC_003076.8	87.234	141	16	2	448	586	14080162	14080302	4.81e-38	159
NC_003075.7:9146438-9147023	NC_003076.8	85.806	155	15	6	434	585	19408529	19408379	1.73e-37	158
NC_003075.7:9146438-9147023	NC_003076.8	85.333	150	16	6	441	586	15031061	15030914	2.89e-35	150
NC_003075.7:9146438-9147023	NC_003076.8	83.226	155	23	2	435	586	15162968	15163122	6.26e-32	139
NC_003075.7:9146438-9147023	NC_003076.8	92.553	94	2	5	1	90	9763126	9763034	3.77e-29	130
NC_003075.7:9146438-9147023	NC_003076.8	93.182	88	5	1	168	254	350109	350196	1.36e-28	128
NC_003075.7:9146438-9147023	NC_003076.8	89.474	95	10	0	6	100	9558216	9558122	2.27e-26	121
NC_003075.7:9146438-9147023	NC_003076.8	94.737	76	4	0	448	523	7488233	7488158	8.16e-26	119
NC_003075.7:9146438-9147023	NC_003076.8	91.011	89	7	1	168	255	14880512	14880600	8.16e-26	119
NC_003075.7:9146438-9147023	NC_003076.8	90.909	88	7	1	168	254	15659135	15659048	2.93e-25	117
NC_003075.7:9146438-9147023	NC_003076.8	81.699	153	14	5	448	586	7417756	7417908	1.06e-24	115
NC_003075.7:9146438-9147023	NC_003076.8	89.888	89	8	1	168	255	19479871	19479959	3.80e-24	113
NC_003075.7:9146438-9147023	NC_003076.8	85.321	109	14	2	6	113	14216354	14216247	1.36e-23	111
NC_003075.7:9146438-9147023	NC_003076.8	86.735	98	13	0	3	100	14810268	14810365	4.91e-23	110
NC_003075.7:9146438-9147023	NC_003076.8	95.455	66	3	0	441	506	26015722	26015787	6.35e-22	106
NC_003075.7:9146438-9147023	NC_003076.8	96.154	52	2	0	441	492	9867584	9867635	8.27e-16	86.1
NC_003075.7:9146438-9147023	NC_003071.7	87.438	605	54	10	2	586	2299063	2299665	0.0	676
NC_003075.7:9146438-9147023	NC_003071.7	87.521	601	50	15	6	586	4758696	4758101	0.0	671
NC_003075.7:9146438-9147023	NC_003071.7	87.374	594	53	13	12	586	7178425	7179015	0.0	662
NC_003075.7:9146438-9147023	NC_003071.7	87.469	407	27	9	197	586	8907597	8907996	9.16e-125	448
NC_003075.7:9146438-9147023	NC_003071.7	86.732	407	30	9	197	586	9891645	9891246	9.22e-120	431
NC_003075.7:9146438-9147023	NC_003071.7	84.375	288	22	9	321	586	825988	826274	1.28e-68	261
NC_003075.7:9146438-9147023	NC_003071.7	89.781	137	12	2	12	146	17993082	17992946	1.72e-42	174
NC_003075.7:9146438-9147023	NC_003071.7	87.755	147	17	1	441	586	13102214	13102360	2.22e-41	171
NC_003075.7:9146438-9147023	NC_003071.7	88.028	142	14	3	441	581	13886335	13886474	1.03e-39	165
NC_003075.7:9146438-9147023	NC_003071.7	93.617	94	6	0	430	523	9456030	9456123	1.74e-32	141
NC_003075.7:9146438-9147023	NC_003071.7	84.615	143	17	5	448	586	1322111	1321970	2.25e-31	137
NC_003075.7:9146438-9147023	NC_003071.7	91.579	95	8	0	6	100	5037751	5037845	1.05e-29	132
NC_003075.7:9146438-9147023	NC_003071.7	91.579	95	8	0	6	100	9433091	9433185	1.05e-29	132
NC_003075.7:9146438-9147023	NC_003071.7	93.258	89	5	1	168	255	2299364	2299452	3.77e-29	130
NC_003075.7:9146438-9147023	NC_003071.7	82.550	149	22	4	441	586	3197765	3197618	1.36e-28	128
NC_003075.7:9146438-9147023	NC_003071.7	96.053	76	3	0	5	80	6411148	6411223	1.75e-27	124
NC_003075.7:9146438-9147023	NC_003071.7	92.045	88	6	1	168	254	10239198	10239111	6.31e-27	122
NC_003075.7:9146438-9147023	NC_003071.7	94.444	72	4	0	441	512	19172250	19172179	1.36e-23	111
NC_003075.7:9146438-9147023	NC_003071.7	87.368	95	12	0	6	100	6207151	6207057	4.91e-23	110
NC_003075.7:9146438-9147023	NC_003071.7	93.846	65	4	0	448	512	9860107	9860043	1.06e-19	99.0
NC_003075.7:9111580-9112131	NC_003075.7	100.000	552	0	0	1	552	9112131	9111580	0.0	1020
NC_003075.7:9111580-9112131	NC_003075.7	89.065	567	44	12	1	552	1521256	1521819	0.0	688
NC_003075.7:9111580-9112131	NC_003075.7	88.516	566	47	12	2	552	6115341	6115903	0.0	669
NC_003075.7:9111580-9112131	NC_003075.7	87.633	566	54	12	1	552	572760	572197	0.0	643
NC_003075.7:9111580-9112131	NC_003075.7	87.500	568	52	8	1	552	5392284	5391720	0.0	638
NC_003075.7:9111580-9112131	NC_003075.7	87.282	574	48	14	3	552	14458283	14457711	2.21e-180	632
NC_003075.7:9111580-9112131	NC_003075.7	87.664	535	48	7	2	521	824053	823522	1.34e-172	606
NC_003075.7:9111580-9112131	NC_003075.7	86.596	567	39	4	1	552	15442195	15441651	3.76e-168	592
NC_003075.7:9111580-9112131	NC_003075.7	86.501	563	44	10	2	552	7034793	7034251	1.35e-167	590
NC_003075.7:9111580-9112131	NC_003075.7	88.843	484	37	8	1	469	6660986	6661467	2.92e-164	579
NC_003075.7:9111580-9112131	NC_003075.7	85.467	578	50	19	2	552	12607047	12606477	4.89e-162	571
NC_003075.7:9111580-9112131	NC_003075.7	85.159	566	46	16	2	552	8947760	8947218	2.97e-154	545
NC_003075.7:9111580-9112131	NC_003075.7	84.386	570	53	20	1	552	6340023	6339472	1.07e-148	527
NC_003075.7:9111580-9112131	NC_003075.7	83.569	566	55	14	2	552	12365606	12365064	3.03e-139	496
NC_003075.7:9111580-9112131	NC_003075.7	91.065	291	22	3	261	550	2553660	2553947	1.47e-107	390
NC_003075.7:9111580-9112131	NC_003075.7	88.382	241	20	8	318	552	8899727	8899965	2.57e-75	283
NC_003075.7:9111580-9112131	NC_003075.7	87.288	236	27	3	318	552	17501973	17502206	2.59e-70	267
NC_003075.7:9111580-9112131	NC_003075.7	86.192	239	25	7	318	552	7231369	7231603	7.24e-66	252
NC_003075.7:9111580-9112131	NC_003075.7	90.751	173	12	4	318	488	8820042	8819872	1.22e-58	228
NC_003075.7:9111580-9112131	NC_003075.7	91.489	141	8	3	318	457	12699153	12699290	1.60e-47	191
NC_003075.7:9111580-9112131	NC_003075.7	88.435	147	16	1	406	552	9146878	9147023	4.48e-43	176
NC_003075.7:9111580-9112131	NC_003075.7	93.243	74	3	2	318	390	1100911	1100983	1.66e-22	108
NC_003075.7:9111580-9112131	NC_003075.7	91.429	70	5	1	318	387	7572220	7572288	1.29e-18	95.3
NC_003075.7:9111580-9112131	NC_003075.7	81.176	85	14	2	1	84	16377873	16377956	2.81e-10	67.6
NC_003075.7:9111580-9112131	NC_003071.7	98.913	552	6	0	1	552	13101809	13102360	0.0	987
NC_003075.7:9111580-9112131	NC_003071.7	95.281	551	26	0	2	552	12556654	12557204	0.0	874
NC_003075.7:9111580-9112131	NC_003071.7	94.505	546	28	2	2	547	13885931	13886474	0.0	841
NC_003075.7:9111580-9112131	NC_003071.7	89.399	566	42	8	2	552	5037751	5038313	0.0	697
NC_003075.7:9111580-9112131	NC_003071.7	88.401	569	45	12	2	552	2138820	2139385	0.0	665
NC_003075.7:9111580-9112131	NC_003071.7	88.787	544	43	12	2	529	4025413	4025954	0.0	651
NC_003075.7:9111580-9112131	NC_003071.7	87.788	565	38	10	1	550	9226026	9225478	2.21e-180	632
NC_003075.7:9111580-9112131	NC_003071.7	87.148	568	50	11	2	552	7340381	7340942	1.33e-177	623
NC_003075.7:9111580-9112131	NC_003071.7	86.596	567	59	7	2	552	5010652	5010087	1.04e-173	610
NC_003075.7:9111580-9112131	NC_003071.7	86.667	570	46	9	1	552	6207152	6206595	4.82e-172	604
NC_003075.7:9111580-9112131	NC_003071.7	86.772	567	38	4	1	552	1670335	1669791	8.07e-170	597
NC_003075.7:9111580-9112131	NC_003071.7	85.993	564	45	13	2	552	9229179	9228637	1.36e-162	573
NC_003075.7:9111580-9112131	NC_003071.7	88.406	483	42	8	1	469	19172669	19172187	1.76e-161	569
NC_003075.7:9111580-9112131	NC_003071.7	85.331	559	62	8	9	552	1596926	1597479	1.06e-158	560
NC_003075.7:9111580-9112131	NC_003071.7	87.016	516	43	13	20	515	17147641	17147130	1.06e-158	560
NC_003075.7:9111580-9112131	NC_003071.7	84.588	571	47	6	1	552	15134224	15134772	2.99e-149	529
NC_003075.7:9111580-9112131	NC_003071.7	82.931	580	52	23	1	552	9860515	9859955	3.05e-134	479
NC_003075.7:9111580-9112131	NC_003071.7	84.736	511	42	12	1	497	19243136	19242648	3.05e-134	479
NC_003075.7:9111580-9112131	NC_003071.7	82.363	584	53	20	3	552	1409588	1410155	3.07e-129	462
NC_003075.7:9111580-9112131	NC_003071.7	89.116	294	30	2	260	552	4305998	4306290	8.91e-100	364
NC_003075.7:9111580-9112131	NC_003071.7	87.762	286	18	4	268	552	9433300	9433569	7.04e-86	318
NC_003075.7:9111580-9112131	NC_003071.7	90.717	237	18	4	319	552	10996418	10996183	3.27e-84	313
NC_003075.7:9111580-9112131	NC_003071.7	88.655	238	22	5	319	552	1383789	1383553	7.14e-76	285
NC_003075.7:9111580-9112131	NC_003071.7	88.285	239	22	6	318	552	1322206	1321970	9.23e-75	281
NC_003075.7:9111580-9112131	NC_003071.7	90.431	209	14	4	348	552	2320728	2320934	2.00e-71	270
NC_003075.7:9111580-9112131	NC_003071.7	89.855	207	17	4	348	552	1038253	1038049	3.34e-69	263
NC_003075.7:9111580-9112131	NC_003071.7	87.029	239	24	7	318	552	3197853	3197618	3.34e-69	263
NC_003075.7:9111580-9112131	NC_003071.7	88.000	175	13	6	318	488	8173489	8173659	2.66e-50	200
NC_003075.7:9111580-9112131	NC_003071.7	83.122	237	14	12	318	552	1347424	1347212	4.45e-48	193
NC_003075.7:9111580-9112131	NC_003071.7	91.489	141	9	3	318	457	10070310	10070172	1.60e-47	191
NC_003075.7:9111580-9112131	NC_003071.7	91.367	139	10	2	318	455	9030463	9030600	5.76e-47	189
NC_003075.7:9111580-9112131	NC_003071.7	86.286	175	18	5	383	552	826101	826274	7.45e-46	185
NC_003075.7:9111580-9112131	NC_003071.7	89.726	146	13	2	408	552	9311474	9311618	7.45e-46	185
NC_003075.7:9111580-9112131	NC_003071.7	82.791	215	18	7	318	529	9455967	9456165	1.61e-42	174
NC_003075.7:9111580-9112131	NC_003071.7	83.333	144	14	8	348	488	11909052	11908916	1.65e-27	124
NC_003075.7:9111580-9112131	NC_003071.7	84.286	140	8	3	318	457	14572548	14572673	1.65e-27	124
NC_003075.7:9111580-9112131	NC_003074.8	96.552	551	19	0	2	552	7980633	7980083	0.0	913
NC_003075.7:9111580-9112131	NC_003074.8	89.771	567	41	7	1	552	10405395	10405959	0.0	710
NC_003075.7:9111580-9112131	NC_003074.8	89.437	568	43	5	1	552	5865863	5866429	0.0	701
NC_003075.7:9111580-9112131	NC_003074.8	88.889	567	46	7	1	552	14057123	14057687	0.0	682
NC_003075.7:9111580-9112131	NC_003074.8	88.810	563	46	12	5	552	11091000	11090440	0.0	675
NC_003075.7:9111580-9112131	NC_003074.8	88.174	575	40	13	4	552	6729497	6728925	0.0	660
NC_003075.7:9111580-9112131	NC_003074.8	88.070	570	48	10	1	552	3080592	3080025	0.0	658
NC_003075.7:9111580-9112131	NC_003074.8	88.183	567	46	15	1	552	23085530	23086090	0.0	656
NC_003075.7:9111580-9112131	NC_003074.8	87.586	580	42	13	2	552	10758580	10758002	0.0	645
NC_003075.7:9111580-9112131	NC_003074.8	87.884	553	50	13	14	552	18634492	18633943	0.0	634
NC_003075.7:9111580-9112131	NC_003074.8	87.302	567	53	9	1	552	16485870	16485308	7.96e-180	630
NC_003075.7:9111580-9112131	NC_003074.8	87.102	566	56	7	2	552	19436871	19437434	3.70e-178	625
NC_003075.7:9111580-9112131	NC_003074.8	87.170	569	41	7	2	552	10708625	10709179	6.20e-176	617
NC_003075.7:9111580-9112131	NC_003074.8	87.102	566	44	14	2	552	17402552	17402001	8.02e-175	614
NC_003075.7:9111580-9112131	NC_003074.8	86.819	569	44	14	2	552	7766062	7766617	1.34e-172	606
NC_003075.7:9111580-9112131	NC_003074.8	86.796	568	44	9	1	552	10718346	10717794	4.82e-172	604
NC_003075.7:9111580-9112131	NC_003074.8	86.501	563	54	13	8	552	16723678	16723120	2.24e-170	599
NC_003075.7:9111580-9112131	NC_003074.8	86.702	564	40	14	2	552	4584756	4585297	1.04e-168	593
NC_003075.7:9111580-9112131	NC_003074.8	86.340	571	44	10	2	552	16405196	16405752	3.76e-168	592
NC_003075.7:9111580-9112131	NC_003074.8	86.396	566	40	9	2	552	11132202	11132745	6.28e-166	584
NC_003075.7:9111580-9112131	NC_003074.8	85.965	570	49	15	2	552	21552658	21552101	8.13e-165	580
NC_003075.7:9111580-9112131	NC_003074.8	84.629	566	51	13	2	552	11315007	11315551	8.30e-150	531
NC_003075.7:9111580-9112131	NC_003074.8	85.478	544	38	8	2	530	423197	422680	2.99e-149	529
NC_003075.7:9111580-9112131	NC_003074.8	87.467	383	33	5	2	370	4579237	4579618	1.12e-118	427
NC_003075.7:9111580-9112131	NC_003074.8	86.458	384	33	13	186	552	15814110	15814491	1.89e-111	403
NC_003075.7:9111580-9112131	NC_003074.8	92.580	283	17	4	271	552	19740061	19740340	1.89e-111	403
NC_003075.7:9111580-9112131	NC_003074.8	83.979	387	27	20	185	552	16235030	16234660	5.40e-92	339
NC_003075.7:9111580-9112131	NC_003074.8	91.324	219	15	4	318	534	18171177	18170961	3.30e-79	296
NC_003075.7:9111580-9112131	NC_003074.8	91.787	207	14	3	348	552	20769804	20769599	7.14e-76	285
NC_003075.7:9111580-9112131	NC_003074.8	88.285	239	22	6	318	552	11588873	11588637	9.23e-75	281
NC_003075.7:9111580-9112131	NC_003074.8	88.285	239	22	6	318	552	16678267	16678503	9.23e-75	281
NC_003075.7:9111580-9112131	NC_003074.8	87.209	258	18	2	296	552	18885867	18885624	3.32e-74	279
NC_003075.7:9111580-9112131	NC_003074.8	87.288	236	27	3	318	552	6940832	6940599	2.59e-70	267
NC_003075.7:9111580-9112131	NC_003074.8	87.342	237	23	7	318	550	18495382	18495149	9.30e-70	265
NC_003075.7:9111580-9112131	NC_003074.8	88.546	227	13	3	318	543	8329280	8329494	3.34e-69	263
NC_003075.7:9111580-9112131	NC_003074.8	86.611	239	25	7	318	552	10901411	10901646	1.56e-67	257
NC_003075.7:9111580-9112131	NC_003074.8	88.073	218	17	9	318	529	16534644	16534430	2.60e-65	250
NC_003075.7:9111580-9112131	NC_003074.8	87.500	192	22	2	2	192	15812961	15813151	2.04e-56	220
NC_003075.7:9111580-9112131	NC_003074.8	88.889	171	9	7	383	552	10681553	10681392	7.40e-51	202
NC_003075.7:9111580-9112131	NC_003074.8	83.051	236	22	5	318	550	16902979	16903199	9.57e-50	198
NC_003075.7:9111580-9112131	NC_003074.8	90.071	141	12	2	318	457	4468266	4468405	9.63e-45	182
NC_003075.7:9111580-9112131	NC_003074.8	85.465	172	17	5	382	552	18172438	18172274	5.80e-42	172
NC_003075.7:9111580-9112131	NC_003074.8	94.792	96	4	1	1	96	14285454	14285360	9.77e-35	148
NC_003075.7:9111580-9112131	NC_003074.8	87.671	73	5	4	341	411	7981814	7981884	1.01e-14	82.4
NC_003075.7:9111580-9112131	NC_003076.8	95.644	551	19	3	2	552	8748925	8749470	0.0	880
NC_003075.7:9111580-9112131	NC_003076.8	95.463	551	23	2	2	552	26787654	26787106	0.0	878
NC_003075.7:9111580-9112131	NC_003076.8	94.054	555	28	4	1	552	6420379	6419827	0.0	837
NC_003075.7:9111580-9112131	NC_003076.8	92.572	552	36	1	1	552	9854345	9854891	0.0	787
NC_003075.7:9111580-9112131	NC_003076.8	92.391	552	24	4	2	552	15580807	15581341	0.0	771
NC_003075.7:9111580-9112131	NC_003076.8	90.283	566	38	12	2	552	17726422	17726985	0.0	725
NC_003075.7:9111580-9112131	NC_003076.8	89.753	566	41	12	2	552	24448812	24449375	0.0	708
NC_003075.7:9111580-9112131	NC_003076.8	88.183	567	49	7	1	552	5625057	5625620	0.0	660
NC_003075.7:9111580-9112131	NC_003076.8	87.368	570	52	13	1	552	3566349	3566916	0.0	636
NC_003075.7:9111580-9112131	NC_003076.8	86.851	578	49	14	2	552	7417331	7417908	4.79e-177	621
NC_003075.7:9111580-9112131	NC_003076.8	87.215	571	42	11	1	552	9558217	9557659	4.79e-177	621
NC_003075.7:9111580-9112131	NC_003076.8	87.170	569	43	15	2	552	13892686	13892130	1.72e-176	619
NC_003075.7:9111580-9112131	NC_003076.8	87.125	567	43	10	1	552	19101557	19102108	2.23e-175	616
NC_003075.7:9111580-9112131	NC_003076.8	86.819	569	53	14	1	552	22621741	22621178	2.23e-175	616
NC_003075.7:9111580-9112131	NC_003076.8	86.995	569	44	15	2	552	16870923	16871479	8.02e-175	614
NC_003075.7:9111580-9112131	NC_003076.8	86.667	570	54	13	2	552	9068735	9068169	2.88e-174	612
NC_003075.7:9111580-9112131	NC_003076.8	86.316	570	46	15	1	552	14810270	14810825	3.76e-168	592
NC_003075.7:9111580-9112131	NC_003076.8	86.596	567	37	11	1	552	14104209	14103667	1.35e-167	590
NC_003075.7:9111580-9112131	NC_003076.8	86.396	566	40	4	2	552	17043358	17043901	6.28e-166	584
NC_003075.7:9111580-9112131	NC_003076.8	85.664	565	48	13	1	552	7701182	7700638	8.19e-160	564
NC_003075.7:9111580-9112131	NC_003076.8	84.992	593	47	20	1	552	24117959	24118550	8.19e-160	564
NC_003075.7:9111580-9112131	NC_003076.8	86.564	521	41	17	28	521	26015332	26015850	8.25e-155	547
NC_003075.7:9111580-9112131	NC_003076.8	85.938	512	42	16	2	498	22335576	22335080	1.80e-146	520
NC_003075.7:9111580-9112131	NC_003076.8	83.831	569	36	9	1	552	7069988	7070517	1.41e-137	490
NC_003075.7:9111580-9112131	NC_003076.8	87.661	389	34	8	2	376	706997	706609	1.44e-122	440
NC_003075.7:9111580-9112131	NC_003076.8	87.374	396	33	6	1	379	15882292	15882687	5.18e-122	438
NC_003075.7:9111580-9112131	NC_003076.8	86.386	404	39	9	1	389	4936960	4937362	1.12e-118	427
NC_003075.7:9111580-9112131	NC_003076.8	92.657	286	17	4	268	552	6702209	6701927	4.06e-113	409
NC_003075.7:9111580-9112131	NC_003076.8	90.164	244	17	7	313	552	14080062	14080302	1.18e-83	311
NC_003075.7:9111580-9112131	NC_003076.8	83.889	360	22	11	211	552	14395374	14395033	1.18e-83	311
NC_003075.7:9111580-9112131	NC_003076.8	83.889	360	22	11	211	552	14454673	14454332	1.18e-83	311
NC_003075.7:9111580-9112131	NC_003076.8	90.498	221	15	6	318	536	5648113	5647897	1.98e-76	287
NC_003075.7:9111580-9112131	NC_003076.8	88.333	240	20	7	318	552	15162886	15163122	9.23e-75	281
NC_003075.7:9111580-9112131	NC_003076.8	88.655	238	12	9	206	429	13678951	13678715	4.30e-73	276
NC_003075.7:9111580-9112131	NC_003076.8	86.090	266	14	7	288	552	24586813	24587056	9.30e-70	265
NC_003075.7:9111580-9112131	NC_003076.8	86.555	238	25	7	318	550	7488328	7488093	5.60e-67	255
NC_003075.7:9111580-9112131	NC_003076.8	86.498	237	26	5	318	550	22021624	22021858	5.60e-67	255
NC_003075.7:9111580-9112131	NC_003076.8	88.406	207	21	3	348	552	16030754	16030549	3.37e-64	246
NC_003075.7:9111580-9112131	NC_003076.8	98.529	136	2	0	1	136	20119600	20119735	1.57e-62	241
NC_003075.7:9111580-9112131	NC_003076.8	84.921	252	19	9	318	552	15031163	15030914	2.03e-61	237
NC_003075.7:9111580-9112131	NC_003076.8	87.037	216	21	7	318	529	15535363	15535151	2.03e-61	237
NC_003075.7:9111580-9112131	NC_003076.8	83.613	238	16	9	318	551	19408597	19408379	7.40e-51	202
NC_003075.7:9111580-9112131	NC_003076.8	88.000	175	13	6	318	488	9867496	9867666	2.66e-50	200
NC_003075.7:9111580-9112131	NC_003076.8	92.199	141	9	2	318	457	24314283	24314422	9.57e-50	198
NC_003075.7:9111580-9112131	NC_003076.8	87.283	173	18	4	318	488	26893188	26893358	1.24e-48	195
NC_003075.7:9111580-9112131	NC_003076.8	91.429	140	10	1	318	457	17398095	17397958	1.60e-47	191
NC_003075.7:9111580-9112131	NC_003076.8	87.135	171	13	6	383	552	10041974	10041812	7.45e-46	185
NC_003075.7:9111580-9112131	NC_003076.8	78.970	233	33	6	319	550	8671466	8671683	1.26e-33	145
NC_003075.7:9111580-9112131	NC_003076.8	88.000	125	12	2	429	552	13677934	13677812	1.26e-33	145
NC_003075.7:9111580-9112131	NC_003076.8	90.426	94	8	1	2	94	11416084	11416177	5.92e-27	122
NC_003075.7:9111580-9112131	NC_003076.8	79.894	189	17	9	335	521	17247876	17247707	7.66e-26	119
NC_003075.7:9111580-9112131	NC_003070.9	94.737	551	27	1	2	552	10021962	10021414	0.0	856
NC_003075.7:9111580-9112131	NC_003070.9	94.203	552	31	1	1	552	19769023	19769573	0.0	841
NC_003075.7:9111580-9112131	NC_003070.9	93.466	551	36	0	2	552	11804094	11803544	0.0	819
NC_003075.7:9111580-9112131	NC_003070.9	92.029	552	44	0	1	552	28891931	28891380	0.0	776
NC_003075.7:9111580-9112131	NC_003070.9	90.727	550	31	12	21	552	25779690	25780237	0.0	715
NC_003075.7:9111580-9112131	NC_003070.9	89.418	567	40	15	2	552	23125693	23125131	0.0	697
NC_003075.7:9111580-9112131	NC_003070.9	89.046	566	43	9	2	552	12097456	12098017	0.0	684
NC_003075.7:9111580-9112131	NC_003070.9	88.360	567	47	12	2	552	5862949	5863512	0.0	664
NC_003075.7:9111580-9112131	NC_003070.9	88.028	568	42	15	1	552	26511227	26510670	0.0	649
NC_003075.7:9111580-9112131	NC_003070.9	87.716	578	42	20	3	552	17502231	17502807	0.0	647
NC_003075.7:9111580-9112131	NC_003070.9	87.698	569	51	11	2	552	13495989	13495422	0.0	645
NC_003075.7:9111580-9112131	NC_003070.9	87.654	567	53	9	2	552	21739641	21739076	0.0	643
NC_003075.7:9111580-9112131	NC_003070.9	88.151	557	36	17	1	530	6219141	6218588	0.0	636
NC_003075.7:9111580-9112131	NC_003070.9	87.654	567	40	13	1	552	21918433	21918984	2.21e-180	632
NC_003075.7:9111580-9112131	NC_003070.9	87.633	566	39	9	2	552	5899755	5899206	2.86e-179	628
NC_003075.7:9111580-9112131	NC_003070.9	87.170	569	42	15	2	552	26880721	26881276	6.20e-176	617
NC_003075.7:9111580-9112131	NC_003070.9	87.102	566	43	12	2	552	4770665	4770115	8.02e-175	614
NC_003075.7:9111580-9112131	NC_003070.9	86.995	569	44	9	2	552	27240719	27241275	8.02e-175	614
NC_003075.7:9111580-9112131	NC_003070.9	87.257	565	39	11	1	552	29244141	29244685	8.02e-175	614
NC_003075.7:9111580-9112131	NC_003070.9	86.879	564	43	12	2	552	22192007	22192552	1.74e-171	603
NC_003075.7:9111580-9112131	NC_003070.9	86.316	570	46	7	1	552	540988	540433	3.76e-168	592
NC_003075.7:9111580-9112131	NC_003070.9	85.986	578	48	18	2	552	13869873	13870444	4.86e-167	588
NC_003075.7:9111580-9112131	NC_003070.9	86.140	570	47	15	1	552	16401004	16400449	1.75e-166	586
NC_003075.7:9111580-9112131	NC_003070.9	85.714	567	50	8	2	552	20205905	20205354	1.76e-161	569
NC_003075.7:9111580-9112131	NC_003070.9	85.589	569	51	12	1	552	11732351	11732905	6.33e-161	568
NC_003075.7:9111580-9112131	NC_003070.9	85.490	572	47	16	1	552	10591983	10591428	8.19e-160	564
NC_003075.7:9111580-9112131	NC_003070.9	85.088	570	62	15	1	552	13811467	13810903	1.06e-158	560
NC_003075.7:9111580-9112131	NC_003070.9	87.103	504	33	12	63	550	10930983	10931470	3.84e-153	542
NC_003075.7:9111580-9112131	NC_003070.9	85.110	544	63	11	1	529	4582997	4583537	1.38e-152	540
NC_003075.7:9111580-9112131	NC_003070.9	85.130	538	60	10	2	523	588027	587494	2.31e-150	532
NC_003075.7:9111580-9112131	NC_003070.9	84.220	564	43	15	2	550	10853200	10852668	1.40e-142	507
NC_003075.7:9111580-9112131	NC_003070.9	83.916	572	47	11	1	552	24645518	24646064	5.03e-142	505
NC_003075.7:9111580-9112131	NC_003070.9	87.016	439	40	10	3	425	2587832	2587395	3.05e-134	479
NC_003075.7:9111580-9112131	NC_003070.9	91.983	237	14	5	318	552	21615530	21615297	1.17e-88	327
NC_003075.7:9111580-9112131	NC_003070.9	86.348	293	24	2	261	552	24718761	24719038	5.48e-82	305
NC_003075.7:9111580-9112131	NC_003070.9	89.831	236	20	4	318	550	8622992	8622758	2.55e-80	300
NC_003075.7:9111580-9112131	NC_003070.9	88.703	239	21	6	318	552	10579905	10580141	1.98e-76	287
NC_003075.7:9111580-9112131	NC_003070.9	88.703	239	19	8	318	552	21128636	21128870	7.14e-76	285
NC_003075.7:9111580-9112131	NC_003070.9	88.703	239	18	7	318	552	696707	696474	2.57e-75	283
NC_003075.7:9111580-9112131	NC_003070.9	87.854	247	14	6	308	552	2473131	2472899	4.30e-73	276
NC_003075.7:9111580-9112131	NC_003070.9	87.448	239	24	6	318	552	11669593	11669357	2.00e-71	270
NC_003075.7:9111580-9112131	NC_003070.9	90.338	207	16	4	348	552	8539559	8539763	7.19e-71	268
NC_003075.7:9111580-9112131	NC_003070.9	90.338	207	17	3	348	552	9384365	9384160	7.19e-71	268
NC_003075.7:9111580-9112131	NC_003070.9	87.448	239	23	7	318	552	9418298	9418063	7.19e-71	268
NC_003075.7:9111580-9112131	NC_003070.9	90.338	207	17	3	348	552	18300475	18300270	7.19e-71	268
NC_003075.7:9111580-9112131	NC_003070.9	87.892	223	21	6	318	536	3762754	3762974	1.56e-67	257
NC_003075.7:9111580-9112131	NC_003070.9	86.147	231	19	4	318	547	3251256	3251474	2.03e-61	237
NC_003075.7:9111580-9112131	NC_003070.9	90.116	172	15	2	382	552	14012982	14012812	5.68e-57	222
NC_003075.7:9111580-9112131	NC_003070.9	89.542	153	15	1	401	552	21336375	21336527	4.45e-48	193
NC_003075.7:9111580-9112131	NC_003070.9	83.122	237	14	12	318	552	29774473	29774261	4.45e-48	193
NC_003075.7:9111580-9112131	NC_003070.9	80.252	238	31	13	318	552	5437136	5436912	9.70e-40	165
NC_003075.7:9111580-9112131	NC_003070.9	82.759	174	16	7	393	552	2587386	2587213	4.55e-33	143
NC_003075.7:9111580-9112131	NC_003070.9	77.202	193	28	8	331	521	21602156	21601978	9.98e-20	99.0
NC_003075.7:9687707-9688325	NC_003075.7	100.000	619	0	0	1	619	9688325	9687707	0.0	1144
NC_003075.7:9687707-9688325	NC_003071.7	90.244	574	33	16	1	556	1930121	1930689	0.0	728
NC_003075.7:9687707-9688325	NC_003071.7	86.194	536	42	16	1	524	4049021	4048506	7.19e-156	551
NC_003075.7:9687707-9688325	NC_003071.7	82.006	628	47	42	1	619	2653681	2653111	1.60e-132	473
NC_003075.7:9687707-9688325	NC_003071.7	77.604	576	80	30	57	616	127612	128154	2.22e-81	303
NC_003075.7:9687707-9688325	NC_003071.7	79.012	162	32	2	186	347	12877237	12877078	5.20e-23	110
NC_003075.7:9687707-9688325	NC_003071.7	87.368	95	8	3	238	331	5467732	5467823	6.72e-22	106
NC_003075.7:9687707-9688325	NC_003074.8	85.688	545	35	25	25	545	13070778	13071303	7.24e-151	534
NC_003075.7:9687707-9688325	NC_003074.8	81.142	578	71	28	57	615	8614139	8613581	3.51e-119	429
NC_003075.7:9687707-9688325	NC_003074.8	76.977	569	86	37	63	615	11694730	11694191	2.89e-75	283
NC_003075.7:9687707-9688325	NC_003074.8	92.208	77	5	1	523	598	13071305	13071381	1.87e-22	108
NC_003075.7:9687707-9688325	NC_003070.9	82.118	576	73	22	52	616	13602244	13601688	2.68e-130	466
NC_003075.7:9687707-9688325	NC_003070.9	78.981	157	25	7	146	298	822374	822222	3.13e-20	100
NC_003075.7:9687707-9688325	NC_003076.8	79.008	524	69	30	110	612	9178275	9177772	2.21e-86	320
NC_003075.7:9687707-9688325	NC_003076.8	83.178	321	37	12	35	348	14058032	14058342	1.35e-73	278
NC_003075.7:9687707-9688325	NC_003076.8	81.154	260	37	10	21	270	14439891	14440148	1.08e-49	198
NC_003075.7:9687707-9688325	NC_003076.8	81.154	260	37	10	21	270	14499191	14499448	1.08e-49	198
