NC_003076.8:10873661-10874658	NC_003076.8	100.000	998	0	0	1	998	10873661	10874658	0.0	1844
NC_003076.8:10873661-10874658	NC_003076.8	87.190	1007	107	16	1	995	14393511	14394507	0.0	1125
NC_003076.8:10873661-10874658	NC_003076.8	87.190	1007	107	16	1	995	14452810	14453806	0.0	1125
NC_003076.8:10873661-10874658	NC_003076.8	90.547	677	58	6	1	673	14265609	14264935	0.0	891
NC_003076.8:10873661-10874658	NC_003076.8	85.096	416	33	19	1	406	19413062	19413458	1.62e-109	398
NC_003076.8:10873661-10874658	NC_003076.8	87.317	205	22	4	795	997	14264914	14264712	1.74e-59	231
NC_003076.8:10873661-10874658	NC_003076.8	92.683	82	5	1	1	82	13892686	13892606	5.09e-25	117
NC_003076.8:10873661-10874658	NC_003076.8	89.888	89	8	1	1	88	14880216	14880304	6.59e-24	113
NC_003076.8:10873661-10874658	NC_003076.8	88.172	93	10	1	1	93	7417331	7417422	8.52e-23	110
NC_003076.8:10873661-10874658	NC_003076.8	88.764	89	8	2	1	88	9979173	9979086	3.06e-22	108
NC_003076.8:10873661-10874658	NC_003076.8	89.412	85	7	1	1	85	9763120	9763038	1.10e-21	106
NC_003076.8:10873661-10874658	NC_003076.8	90.244	82	7	1	1	82	16870923	16871003	1.10e-21	106
NC_003076.8:10873661-10874658	NC_003076.8	87.640	89	10	1	1	88	15659431	15659343	1.43e-20	102
NC_003076.8:10873661-10874658	NC_003076.8	89.024	82	8	1	1	82	6702418	6702338	5.13e-20	100
NC_003076.8:10873661-10874658	NC_003076.8	86.022	93	13	0	1	93	7701181	7701089	5.13e-20	100
NC_003076.8:10873661-10874658	NC_003076.8	89.024	82	8	1	1	82	13231669	13231749	5.13e-20	100
NC_003076.8:10873661-10874658	NC_003076.8	89.024	82	8	1	1	82	24448812	24448892	5.13e-20	100
NC_003076.8:10873661-10874658	NC_003076.8	86.517	89	11	1	1	88	20674822	20674734	6.63e-19	97.1
NC_003076.8:10873661-10874658	NC_003076.8	92.424	66	5	0	1	66	15779044	15779109	2.39e-18	95.3
NC_003076.8:10873661-10874658	NC_003076.8	84.444	90	13	1	1	89	21016569	21016480	3.99e-16	87.9
NC_003076.8:10873661-10874658	NC_003076.8	84.884	86	12	1	4	88	22463661	22463746	1.44e-15	86.1
NC_003076.8:10873661-10874658	NC_003076.8	81.111	90	11	3	1	89	9770643	9770559	5.20e-10	67.6
NC_003076.8:10873661-10874658	NC_003076.8	87.273	55	6	1	1	55	13733030	13733083	2.42e-08	62.1
NC_003076.8:10873661-10874658	NC_003075.7	97.497	999	23	2	1	997	13537670	13536672	0.0	1705
NC_003076.8:10873661-10874658	NC_003075.7	96.687	996	30	3	4	997	9190196	9189202	0.0	1653
NC_003076.8:10873661-10874658	NC_003075.7	96.103	975	28	4	1	974	6537345	6538310	0.0	1581
NC_003076.8:10873661-10874658	NC_003075.7	92.216	334	23	3	1	332	2040107	2040439	3.39e-131	470
NC_003076.8:10873661-10874658	NC_003075.7	90.426	94	7	2	1	93	7154779	7154871	1.09e-26	122
NC_003076.8:10873661-10874658	NC_003075.7	91.011	89	7	1	1	88	7905771	7905859	1.42e-25	119
NC_003076.8:10873661-10874658	NC_003075.7	86.364	110	13	2	1	109	12607047	12606939	1.42e-25	119
NC_003076.8:10873661-10874658	NC_003075.7	88.043	92	10	1	2	93	14458283	14458193	3.06e-22	108
NC_003076.8:10873661-10874658	NC_003075.7	90.361	83	5	3	1	82	12365606	12365526	1.10e-21	106
NC_003076.8:10873661-10874658	NC_003075.7	92.000	75	5	1	1	75	6638805	6638878	3.96e-21	104
NC_003076.8:10873661-10874658	NC_003075.7	87.640	89	10	1	1	88	6427216	6427128	1.43e-20	102
NC_003076.8:10873661-10874658	NC_003075.7	87.778	90	7	4	1	88	12968438	12968351	1.43e-20	102
NC_003076.8:10873661-10874658	NC_003075.7	90.541	74	7	0	1	74	3897172	3897245	1.84e-19	99.0
NC_003076.8:10873661-10874658	NC_003075.7	95.000	60	3	0	7	66	2987152	2987211	2.39e-18	95.3
NC_003076.8:10873661-10874658	NC_003075.7	90.625	64	6	0	1	64	5431587	5431524	1.44e-15	86.1
NC_003076.8:10873661-10874658	NC_003074.8	94.930	1006	39	7	1	997	18948362	18949364	0.0	1565
NC_003076.8:10873661-10874658	NC_003074.8	87.461	957	94	13	1	950	11152927	11151990	0.0	1079
NC_003076.8:10873661-10874658	NC_003074.8	92.683	82	5	1	1	82	10758580	10758500	5.09e-25	117
NC_003076.8:10873661-10874658	NC_003074.8	89.247	93	9	1	1	93	10405396	10405487	1.83e-24	115
NC_003076.8:10873661-10874658	NC_003074.8	89.888	89	8	1	1	88	15918691	15918603	6.59e-24	113
NC_003076.8:10873661-10874658	NC_003074.8	88.298	94	9	2	1	93	7659521	7659429	2.37e-23	111
NC_003076.8:10873661-10874658	NC_003074.8	91.463	82	5	2	1	82	7766062	7766141	2.37e-23	111
NC_003076.8:10873661-10874658	NC_003074.8	91.463	82	6	1	1	82	14057124	14057204	2.37e-23	111
NC_003076.8:10873661-10874658	NC_003074.8	91.250	80	6	1	3	82	6729497	6729419	3.06e-22	108
NC_003076.8:10873661-10874658	NC_003074.8	90.244	82	7	1	1	81	11287475	11287394	1.10e-21	106
NC_003076.8:10873661-10874658	NC_003074.8	90.789	76	7	0	1	76	4579237	4579312	1.43e-20	102
NC_003076.8:10873661-10874658	NC_003074.8	90.667	75	7	0	1	75	7318502	7318576	5.13e-20	100
NC_003076.8:10873661-10874658	NC_003074.8	89.024	82	8	1	1	82	19739757	19739837	5.13e-20	100
NC_003076.8:10873661-10874658	NC_003074.8	93.846	65	4	0	2	66	16235708	16235644	1.84e-19	99.0
NC_003076.8:10873661-10874658	NC_003074.8	88.095	84	9	1	1	83	16553356	16553439	1.84e-19	99.0
NC_003076.8:10873661-10874658	NC_003074.8	89.474	76	8	0	1	76	7274660	7274735	6.63e-19	97.1
NC_003076.8:10873661-10874658	NC_003074.8	87.209	86	9	2	1	86	10082828	10082745	6.63e-19	97.1
NC_003076.8:10873661-10874658	NC_003074.8	88.462	78	8	1	1	77	15812961	15813038	8.58e-18	93.5
NC_003076.8:10873661-10874658	NC_003074.8	92.188	64	5	0	1	64	12354668	12354605	3.09e-17	91.6
NC_003076.8:10873661-10874658	NC_003074.8	81.308	107	16	4	1	105	4467613	4467717	5.16e-15	84.2
NC_003076.8:10873661-10874658	NC_003074.8	92.453	53	4	0	1	53	11315007	11315059	8.64e-13	76.8
NC_003076.8:10873661-10874658	NC_003074.8	82.222	90	14	2	1	89	16224234	16224322	8.64e-13	76.8
NC_003076.8:10873661-10874658	NC_003074.8	81.111	90	15	2	1	89	16042283	16042195	4.02e-11	71.3
NC_003076.8:10873661-10874658	NC_003074.8	81.111	90	15	2	1	89	16062887	16062799	4.02e-11	71.3
NC_003076.8:10873661-10874658	NC_003074.8	90.566	53	5	0	13	65	18634492	18634440	4.02e-11	71.3
NC_003076.8:10873661-10874658	NC_003071.7	89.792	1009	88	11	1	998	6411149	6412153	0.0	1279
NC_003076.8:10873661-10874658	NC_003071.7	89.062	960	90	14	1	952	4353559	4352607	0.0	1177
NC_003076.8:10873661-10874658	NC_003071.7	88.008	1009	93	18	1	997	4796347	4797339	0.0	1168
NC_003076.8:10873661-10874658	NC_003071.7	87.798	1008	94	17	1	998	2262405	2261417	0.0	1153
NC_003076.8:10873661-10874658	NC_003071.7	91.111	90	7	1	1	89	7439723	7439634	3.94e-26	121
NC_003076.8:10873661-10874658	NC_003071.7	89.888	89	8	1	1	88	8046269	8046181	6.59e-24	113
NC_003076.8:10873661-10874658	NC_003071.7	90.588	85	6	2	1	85	1303113	1303031	2.37e-23	111
NC_003076.8:10873661-10874658	NC_003071.7	88.298	94	9	2	1	93	9229179	9229087	2.37e-23	111
NC_003076.8:10873661-10874658	NC_003071.7	88.636	88	10	0	1	88	1955470	1955557	3.06e-22	108
NC_003076.8:10873661-10874658	NC_003071.7	90.361	83	7	1	7	88	7178425	7178507	3.06e-22	108
NC_003076.8:10873661-10874658	NC_003071.7	90.244	82	7	1	1	82	5037751	5037831	1.10e-21	106
NC_003076.8:10873661-10874658	NC_003071.7	90.244	82	6	2	1	82	7340381	7340460	1.10e-21	106
NC_003076.8:10873661-10874658	NC_003071.7	90.244	82	7	1	1	82	9433091	9433171	1.10e-21	106
NC_003076.8:10873661-10874658	NC_003071.7	87.778	90	10	1	1	89	1552862	1552773	3.96e-21	104
NC_003076.8:10873661-10874658	NC_003071.7	87.097	93	11	1	1	93	9860514	9860423	3.96e-21	104
NC_003076.8:10873661-10874658	NC_003071.7	89.474	76	6	2	1	75	5010652	5010578	2.39e-18	95.3
NC_003076.8:10873661-10874658	NC_003071.7	83.529	85	12	2	1	84	1618253	1618170	2.40e-13	78.7
NC_003076.8:10873661-10874658	NC_003070.9	88.977	1007	99	8	1	998	1160224	1161227	0.0	1234
NC_003076.8:10873661-10874658	NC_003070.9	88.372	946	80	14	2	938	12525582	12526506	0.0	1110
NC_003076.8:10873661-10874658	NC_003070.9	85.967	962	99	19	1	951	21388999	21388063	0.0	996
NC_003076.8:10873661-10874658	NC_003070.9	86.379	903	75	22	69	962	10158940	10159803	0.0	942
NC_003076.8:10873661-10874658	NC_003070.9	90.465	430	36	5	159	584	13080595	13081023	5.44e-159	562
NC_003076.8:10873661-10874658	NC_003070.9	89.021	337	33	2	476	808	9367635	9367971	1.61e-114	414
NC_003076.8:10873661-10874658	NC_003070.9	87.151	179	20	3	1	178	9367448	9367624	4.92e-50	200
NC_003076.8:10873661-10874658	NC_003070.9	89.362	94	8	2	1	93	12137683	12137591	5.09e-25	117
NC_003076.8:10873661-10874658	NC_003070.9	92.683	82	5	1	1	82	16401003	16400923	5.09e-25	117
NC_003076.8:10873661-10874658	NC_003070.9	93.421	76	5	0	1	76	21918434	21918509	6.59e-24	113
NC_003076.8:10873661-10874658	NC_003070.9	89.888	89	8	1	1	88	26306960	26307048	6.59e-24	113
NC_003076.8:10873661-10874658	NC_003070.9	91.463	82	6	1	1	82	5899755	5899675	2.37e-23	111
NC_003076.8:10873661-10874658	NC_003070.9	88.298	94	9	2	1	93	8189961	8190053	2.37e-23	111
NC_003076.8:10873661-10874658	NC_003070.9	87.629	97	10	2	1	97	10929426	10929520	2.37e-23	111
NC_003076.8:10873661-10874658	NC_003070.9	91.463	82	6	1	1	82	12097456	12097536	2.37e-23	111
NC_003076.8:10873661-10874658	NC_003070.9	91.463	82	6	1	1	82	13313923	13313843	2.37e-23	111
NC_003076.8:10873661-10874658	NC_003070.9	88.764	89	9	1	1	88	16859177	16859089	3.06e-22	108
NC_003076.8:10873661-10874658	NC_003070.9	90.244	82	6	2	1	82	2473307	2473228	1.10e-21	106
NC_003076.8:10873661-10874658	NC_003070.9	89.412	85	7	2	1	85	18766618	18766536	1.10e-21	106
NC_003076.8:10873661-10874658	NC_003070.9	90.244	82	6	2	1	82	26880721	26880800	1.10e-21	106
NC_003076.8:10873661-10874658	NC_003070.9	87.778	90	10	1	1	89	13981808	13981719	3.96e-21	104
NC_003076.8:10873661-10874658	NC_003070.9	87.640	89	10	1	1	88	12183991	12183903	1.43e-20	102
NC_003076.8:10873661-10874658	NC_003070.9	87.640	89	10	1	1	88	19742138	19742050	1.43e-20	102
NC_003076.8:10873661-10874658	NC_003070.9	82.759	116	18	2	1	115	23125693	23125579	1.43e-20	102
NC_003076.8:10873661-10874658	NC_003070.9	86.667	90	11	1	1	89	6403657	6403568	1.84e-19	99.0
NC_003076.8:10873661-10874658	NC_003070.9	86.517	89	11	1	1	88	20509422	20509334	6.63e-19	97.1
NC_003076.8:10873661-10874658	NC_003070.9	84.783	92	13	1	4	94	18450393	18450302	3.09e-17	91.6
NC_003076.8:10873661-10874658	NC_003070.9	82.075	106	17	2	1	105	21616151	21616047	1.11e-16	89.8
NC_003076.8:10873661-10874658	NC_003070.9	82.609	92	14	2	1	90	13548432	13548523	6.68e-14	80.5
NC_003076.8:10873661-10874658	NC_003070.9	89.231	65	4	3	1	64	697374	697312	2.40e-13	78.7
NC_003076.8:10873661-10874658	NC_003070.9	85.135	74	9	2	1	73	20513679	20513751	3.11e-12	75.0
NC_003076.8:10537033-10537352	NC_003076.8	100.000	320	0	0	1	320	10537033	10537352	2.11e-168	592
NC_003076.8:10537033-10537352	NC_003076.8	93.403	288	19	0	1	288	13436412	13436125	6.29e-119	427
NC_003076.8:10537033-10537352	NC_003076.8	90.625	320	30	0	1	320	15137954	15137635	2.26e-118	425
NC_003076.8:10537033-10537352	NC_003076.8	90.000	320	32	0	1	320	13977787	13978106	4.89e-115	414
NC_003076.8:10537033-10537352	NC_003076.8	89.474	323	30	3	1	320	13734634	13734955	2.95e-112	405
NC_003076.8:10537033-10537352	NC_003076.8	88.679	318	27	4	1	318	9354436	9354744	1.79e-104	379
NC_003076.8:10537033-10537352	NC_003076.8	87.147	319	35	5	4	320	10048370	10048056	8.36e-98	357
NC_003076.8:10537033-10537352	NC_003076.8	89.035	228	22	3	95	320	15021697	15021471	1.86e-74	279
NC_003076.8:10537033-10537352	NC_003076.8	93.452	168	8	1	121	288	13602585	13602421	1.89e-64	246
NC_003076.8:10537033-10537352	NC_003070.9	93.125	320	20	2	1	320	11522214	11521897	3.70e-131	468
NC_003076.8:10537033-10537352	NC_003070.9	90.972	288	20	5	1	288	24027649	24027930	1.38e-105	383
NC_003076.8:10537033-10537352	NC_003070.9	81.210	314	41	12	18	320	1706133	1706439	1.14e-61	237
NC_003076.8:10537033-10537352	NC_003070.9	94.245	139	7	1	141	278	12810039	12810177	6.89e-54	211
NC_003076.8:10537033-10537352	NC_003074.8	93.939	297	18	0	1	297	16280155	16280451	1.34e-125	449
NC_003076.8:10537033-10537352	NC_003074.8	91.722	302	19	5	1	302	19623041	19623336	4.89e-115	414
NC_003076.8:10537033-10537352	NC_003074.8	85.799	338	29	4	1	320	15021550	15021886	8.42e-93	340
NC_003076.8:10537033-10537352	NC_003074.8	90.148	203	19	1	1	203	14320464	14320665	1.88e-69	263
NC_003076.8:10537033-10537352	NC_003074.8	90.761	184	16	1	138	320	15026911	15026728	6.79e-64	244
NC_003076.8:10537033-10537352	NC_003075.7	90.312	320	23	7	1	320	11000536	11000847	1.76e-114	412
NC_003076.8:10537033-10537352	NC_003075.7	84.404	327	29	12	1	320	11381522	11381833	3.98e-81	302
NC_003076.8:10537033-10537352	NC_003071.7	85.759	316	42	3	1	315	9310809	9310496	5.07e-90	331
NC_003076.8:10537033-10537352	NC_003071.7	84.502	271	38	3	50	320	7177856	7177590	5.22e-70	265
NC_003076.8:10537033-10537352	NC_003071.7	82.700	237	25	4	50	274	17904647	17904415	1.93e-49	196
NC_003076.8:10187480-10188288	NC_003076.8	100.000	809	0	0	1	809	10187480	10188288	0.0	1495
NC_003076.8:10187480-10188288	NC_003076.8	94.335	812	37	6	1	805	16211360	16212169	0.0	1236
NC_003076.8:10187480-10188288	NC_003076.8	92.734	812	48	7	5	807	5802087	5801278	0.0	1162
NC_003076.8:10187480-10188288	NC_003076.8	90.887	812	54	9	1	807	21174424	21175220	0.0	1072
NC_003076.8:10187480-10188288	NC_003076.8	90.037	813	64	10	1	806	13786537	13787339	0.0	1037
NC_003076.8:10187480-10188288	NC_003076.8	90.815	577	43	7	240	808	17359894	17359320	0.0	763
NC_003076.8:10187480-10188288	NC_003076.8	87.939	655	48	20	1	626	19019567	19018915	0.0	743
NC_003076.8:10187480-10188288	NC_003076.8	89.500	200	15	3	612	805	19018819	19018620	1.39e-64	248
NC_003076.8:10187480-10188288	NC_003076.8	90.756	119	9	2	1	118	10924353	10924236	2.42e-37	158
NC_003076.8:10187480-10188288	NC_003075.7	96.178	811	22	5	1	805	8421906	8421099	0.0	1317
NC_003076.8:10187480-10188288	NC_003075.7	90.942	817	64	9	1	808	4949067	4948252	0.0	1090
NC_003076.8:10187480-10188288	NC_003075.7	91.613	775	53	6	1	775	5837168	5836406	0.0	1061
NC_003076.8:10187480-10188288	NC_003075.7	92.246	748	51	7	39	783	18233085	18232342	0.0	1053
NC_003076.8:10187480-10188288	NC_003075.7	90.184	815	60	7	1	809	6944557	6943757	0.0	1044
NC_003076.8:10187480-10188288	NC_003075.7	90.278	792	45	6	22	807	5479106	5478341	0.0	1007
NC_003076.8:10187480-10188288	NC_003075.7	97.080	411	12	0	1	411	1598444	1598854	0.0	693
NC_003076.8:10187480-10188288	NC_003074.8	95.074	812	32	5	1	806	16186180	16185371	0.0	1271
NC_003076.8:10187480-10188288	NC_003074.8	94.710	775	30	5	18	782	18927962	18928735	0.0	1194
NC_003076.8:10187480-10188288	NC_003074.8	92.251	813	52	9	1	806	10416865	10417673	0.0	1142
NC_003076.8:10187480-10188288	NC_003074.8	90.366	820	57	10	1	809	12359526	12358718	0.0	1057
NC_003076.8:10187480-10188288	NC_003074.8	88.400	819	63	25	1	806	7714349	7713550	0.0	957
NC_003076.8:10187480-10188288	NC_003074.8	88.575	814	49	14	1	805	14559080	14559858	0.0	948
NC_003076.8:10187480-10188288	NC_003074.8	88.235	816	55	11	1	809	15874737	15873956	0.0	937
NC_003076.8:10187480-10188288	NC_003074.8	88.177	812	57	7	1	805	8874896	8875675	0.0	931
NC_003076.8:10187480-10188288	NC_003074.8	87.132	816	69	22	1	806	8883277	8884066	0.0	893
NC_003076.8:10187480-10188288	NC_003074.8	88.462	572	45	9	243	805	7766080	7765521	0.0	671
NC_003076.8:10187480-10188288	NC_003074.8	92.991	214	14	1	1	214	7766844	7766632	1.75e-83	311
NC_003076.8:10187480-10188288	NC_003074.8	90.476	231	20	2	528	757	12384110	12384339	2.93e-81	303
NC_003076.8:10187480-10188288	NC_003074.8	86.441	118	16	0	1	118	11222237	11222120	5.27e-29	130
NC_003076.8:10187480-10188288	NC_003070.9	94.932	809	33	4	1	803	18632947	18632141	0.0	1260
NC_003076.8:10187480-10188288	NC_003070.9	92.421	818	49	8	1	809	1195121	1194308	0.0	1155
NC_003076.8:10187480-10188288	NC_003070.9	92.157	816	55	5	1	808	3024294	3023480	0.0	1144
NC_003076.8:10187480-10188288	NC_003070.9	90.330	817	54	14	1	808	18320603	18321403	0.0	1048
NC_003076.8:10187480-10188288	NC_003070.9	89.642	811	47	18	1	803	5799521	5798740	0.0	998
NC_003076.8:10187480-10188288	NC_003070.9	89.189	814	57	14	23	808	19781107	19780297	0.0	987
NC_003076.8:10187480-10188288	NC_003070.9	88.603	544	45	9	243	781	26880739	26880208	0.0	645
NC_003076.8:10187480-10188288	NC_003070.9	89.607	356	29	5	460	808	20704224	20704578	4.61e-124	446
NC_003076.8:10187480-10188288	NC_003071.7	92.279	816	56	4	1	809	8102688	8103503	0.0	1151
NC_003076.8:10187480-10188288	NC_003071.7	90.909	814	65	5	1	806	4759874	4759062	0.0	1085
NC_003076.8:10187480-10188288	NC_003071.7	91.667	696	44	7	118	806	6992256	6992944	0.0	952
NC_003076.8:10187480-10188288	NC_003071.7	91.884	653	45	5	159	805	6262554	6263204	0.0	905
NC_003076.8:10187480-10188288	NC_003071.7	93.382	136	8	1	235	370	2952220	2952354	3.96e-50	200
NC_003076.8:9371972-9374094	NC_003076.8	100.000	2123	0	0	1	2123	9374094	9371972	0.0	3921
NC_003076.8:9371972-9374094	NC_003076.8	88.924	1282	89	25	1	1248	14155653	14154391	0.0	1531
NC_003076.8:9371972-9374094	NC_003076.8	88.663	1279	94	23	1	1248	13515102	13513844	0.0	1511
NC_003076.8:9371972-9374094	NC_003076.8	91.308	1116	64	12	990	2078	9030650	9031759	0.0	1493
NC_003076.8:9371972-9374094	NC_003076.8	88.203	1280	80	32	1	1248	14097106	14095866	0.0	1461
NC_003076.8:9371972-9374094	NC_003076.8	92.547	966	56	12	1	965	9029704	9030654	0.0	1371
NC_003076.8:9371972-9374094	NC_003076.8	87.400	1000	82	27	363	1353	7508907	7507943	0.0	1109
NC_003076.8:9371972-9374094	NC_003076.8	91.036	714	58	3	1415	2123	13729073	13728361	0.0	959
NC_003076.8:9371972-9374094	NC_003076.8	89.501	762	51	13	4	761	13619428	13618692	0.0	937
NC_003076.8:9371972-9374094	NC_003076.8	89.481	713	66	7	1415	2123	14095605	14094898	0.0	893
NC_003076.8:9371972-9374094	NC_003076.8	89.356	714	57	7	1415	2123	13617996	13617297	0.0	880
NC_003076.8:9371972-9374094	NC_003076.8	88.962	607	59	8	1488	2087	7507798	7507193	0.0	743
NC_003076.8:9371972-9374094	NC_003076.8	89.402	585	53	6	1545	2123	21100672	21100091	0.0	728
NC_003076.8:9371972-9374094	NC_003076.8	90.071	423	39	3	1701	2121	13513332	13512911	1.18e-153	545
NC_003076.8:9371972-9374094	NC_003076.8	88.288	444	29	14	322	759	13730196	13729770	4.31e-143	510
NC_003076.8:9371972-9374094	NC_003076.8	87.879	429	30	13	1415	1840	14152952	14152543	2.61e-135	484
NC_003076.8:9371972-9374094	NC_003076.8	88.366	361	30	6	1	359	7509307	7508957	5.78e-117	424
NC_003076.8:9371972-9374094	NC_003076.8	84.802	454	29	9	822	1248	13618696	13618256	7.47e-116	420
NC_003076.8:9371972-9374094	NC_003076.8	83.700	454	33	16	822	1248	13729772	13729333	5.86e-107	390
NC_003076.8:9371972-9374094	NC_003076.8	89.493	276	24	3	9	284	13730462	13730192	4.63e-93	344
NC_003076.8:9371972-9374094	NC_003076.8	90.726	248	19	4	1415	1659	13513581	13513335	4.66e-88	327
NC_003076.8:9371972-9374094	NC_003076.8	90.821	207	14	4	1842	2043	14151486	14151280	2.21e-71	272
NC_003076.8:9371972-9374094	NC_003076.8	94.286	105	5	1	1251	1355	13618200	13618097	1.80e-37	159
NC_003076.8:9371972-9374094	NC_003076.8	94.286	105	5	1	1251	1355	13729277	13729174	1.80e-37	159
NC_003076.8:9371972-9374094	NC_003076.8	97.872	47	1	0	1415	1461	7507845	7507799	4.01e-14	82.4
NC_003076.8:9371972-9374094	NC_003076.8	94.444	36	2	0	1251	1286	14267520	14267555	2.43e-06	56.5
NC_003076.8:9371972-9374094	NC_003074.8	91.093	1437	92	10	722	2123	16106117	16107552	0.0	1912
NC_003076.8:9371972-9374094	NC_003074.8	89.515	1278	84	20	1	1248	11826029	11824772	0.0	1572
NC_003076.8:9371972-9374094	NC_003074.8	89.176	1275	92	20	1	1248	6052695	6053950	0.0	1548
NC_003076.8:9371972-9374094	NC_003074.8	86.528	1299	84	32	1	1248	10585975	10584717	0.0	1345
NC_003076.8:9371972-9374094	NC_003074.8	87.071	874	74	14	403	1248	16854057	16853195	0.0	952
NC_003076.8:9371972-9374094	NC_003074.8	89.790	715	65	6	1415	2123	11346937	11347649	0.0	909
NC_003076.8:9371972-9374094	NC_003074.8	88.350	721	54	17	1415	2123	11824510	11823808	0.0	839
NC_003076.8:9371972-9374094	NC_003074.8	86.860	723	71	13	1408	2123	16852944	16852239	0.0	787
NC_003076.8:9371972-9374094	NC_003074.8	91.376	487	38	3	1415	1899	11201658	11201174	0.0	664
NC_003076.8:9371972-9374094	NC_003074.8	90.316	506	41	8	1	504	11202773	11202274	0.0	656
NC_003076.8:9371972-9374094	NC_003074.8	83.840	625	87	9	1363	1980	14473092	14472475	9.01e-165	582
NC_003076.8:9371972-9374094	NC_003074.8	93.182	396	25	2	1	396	16085431	16085824	3.24e-164	580
NC_003076.8:9371972-9374094	NC_003074.8	85.841	452	26	10	822	1248	11346245	11346683	1.23e-123	446
NC_003076.8:9371972-9374094	NC_003074.8	89.458	332	19	11	430	760	11345932	11346248	2.09e-111	405
NC_003076.8:9371972-9374094	NC_003074.8	89.000	200	13	4	946	1144	11202240	11202049	2.25e-61	239
NC_003076.8:9371972-9374094	NC_003074.8	91.566	166	9	4	14	178	16854232	16854071	6.29e-57	224
NC_003076.8:9371972-9374094	NC_003074.8	80.426	235	40	5	176	406	13378080	13377848	6.42e-42	174
NC_003076.8:9371972-9374094	NC_003074.8	94.175	103	5	1	1254	1355	11824713	11824611	2.33e-36	156
NC_003076.8:9371972-9374094	NC_003074.8	91.000	100	6	3	1251	1348	16853139	16853041	3.92e-29	132
NC_003076.8:9371972-9374094	NC_003074.8	94.872	78	4	0	1849	1926	10584065	10583988	2.36e-26	122
NC_003076.8:9371972-9374094	NC_003074.8	81.308	107	10	4	2	108	11537890	11537986	5.18e-13	78.7
NC_003076.8:9371972-9374094	NC_003075.7	91.878	1145	62	9	1006	2123	9763034	9761894	0.0	1570
NC_003076.8:9371972-9374094	NC_003075.7	91.099	1146	66	20	1006	2123	9841828	9840691	0.0	1519
NC_003076.8:9371972-9374094	NC_003075.7	93.900	1000	52	6	1130	2123	6808899	6809895	0.0	1500
NC_003076.8:9371972-9374094	NC_003075.7	90.923	661	50	9	1	659	5546455	5545803	0.0	880
NC_003076.8:9371972-9374094	NC_003075.7	93.902	574	31	4	1	573	6808237	6808807	0.0	863
NC_003076.8:9371972-9374094	NC_003075.7	88.700	646	50	10	117	759	7032555	7033180	0.0	767
NC_003076.8:9371972-9374094	NC_003075.7	87.755	539	46	9	1	539	5227439	5227957	1.15e-173	612
NC_003076.8:9371972-9374094	NC_003075.7	89.201	463	48	2	1663	2123	5541883	5541421	4.19e-163	577
NC_003076.8:9371972-9374094	NC_003075.7	92.830	265	19	0	1396	1660	5545802	5545538	2.73e-105	385
NC_003076.8:9371972-9374094	NC_003075.7	82.099	324	22	7	950	1246	7033264	7033578	4.83e-63	244
NC_003076.8:9371972-9374094	NC_003075.7	83.750	240	33	6	176	411	5548589	5548352	2.26e-56	222
NC_003076.8:9371972-9374094	NC_003075.7	93.600	125	8	0	1	125	7028415	7028539	8.25e-46	187
NC_003076.8:9371972-9374094	NC_003075.7	88.372	129	13	2	1	129	3784080	3784206	8.37e-36	154
NC_003076.8:9371972-9374094	NC_003075.7	93.182	88	5	1	822	908	7033178	7033265	5.07e-28	128
NC_003076.8:9371972-9374094	NC_003075.7	85.000	120	14	4	405	522	5548302	5548185	3.05e-25	119
NC_003076.8:9371972-9374094	NC_003075.7	85.000	120	6	5	1247	1355	7033633	7033751	5.11e-23	111
NC_003076.8:9371972-9374094	NC_003070.9	89.545	880	62	21	1	874	19392186	19393041	0.0	1088
NC_003076.8:9371972-9374094	NC_003070.9	89.207	769	71	8	1360	2123	19393555	19394316	0.0	950
NC_003076.8:9371972-9374094	NC_003070.9	90.616	714	58	8	1415	2123	11721727	11722436	0.0	939
NC_003076.8:9371972-9374094	NC_003070.9	87.324	852	65	24	1	848	16161452	16160640	0.0	935
NC_003076.8:9371972-9374094	NC_003070.9	87.958	764	63	17	1	759	16699412	16700151	0.0	874
NC_003076.8:9371972-9374094	NC_003070.9	88.515	714	61	6	1415	2123	11981385	11982082	0.0	845
NC_003076.8:9371972-9374094	NC_003070.9	87.866	717	63	7	1415	2123	16160102	16159402	0.0	821
NC_003076.8:9371972-9374094	NC_003070.9	90.807	533	45	2	1595	2123	16701425	16701957	0.0	710
NC_003076.8:9371972-9374094	NC_003070.9	84.700	634	53	25	1	630	11980310	11980903	4.16e-168	593
NC_003076.8:9371972-9374094	NC_003070.9	84.989	453	29	15	822	1248	16700149	16700588	5.78e-117	424
NC_003076.8:9371972-9374094	NC_003070.9	84.787	447	31	13	827	1248	11721033	11721467	3.48e-114	414
NC_003076.8:9371972-9374094	NC_003070.9	88.520	331	24	8	430	756	11720705	11721025	2.11e-106	388
NC_003076.8:9371972-9374094	NC_003070.9	90.173	173	13	4	1	172	11720535	11720704	2.26e-56	222
NC_003076.8:9371972-9374094	NC_003070.9	92.437	119	7	2	1130	1248	11981009	11981125	2.99e-40	169
NC_003076.8:9371972-9374094	NC_003070.9	94.286	105	5	1	1251	1355	16700644	16700747	1.80e-37	159
NC_003076.8:9371972-9374094	NC_003070.9	94.000	100	4	2	1251	1348	19393241	19393340	1.08e-34	150
NC_003076.8:9371972-9374094	NC_003070.9	91.429	105	8	1	1251	1355	11721523	11721626	1.81e-32	143
NC_003076.8:9371972-9374094	NC_003070.9	83.471	121	15	4	405	522	13161655	13161537	6.61e-22	108
NC_003076.8:9371972-9374094	NC_003071.7	90.519	770	61	9	1363	2123	5841889	5841123	0.0	1007
NC_003076.8:9371972-9374094	NC_003071.7	92.911	663	39	6	1466	2123	12877333	12876674	0.0	957
NC_003076.8:9371972-9374094	NC_003071.7	89.122	763	59	12	1	759	3192432	3193174	0.0	928
NC_003076.8:9371972-9374094	NC_003071.7	88.531	715	71	8	1415	2123	4475572	4476281	0.0	856
NC_003076.8:9371972-9374094	NC_003071.7	89.274	606	61	4	1518	2119	3193355	3193960	0.0	756
NC_003076.8:9371972-9374094	NC_003071.7	89.152	507	39	9	1	504	4474422	4474915	2.47e-175	617
NC_003076.8:9371972-9374094	NC_003071.7	89.362	329	28	4	1799	2123	6469467	6469792	5.82e-112	407
NC_003076.8:9371972-9374094	NC_003071.7	88.690	336	29	6	1	330	6469095	6469427	2.71e-110	401
NC_003076.8:9371972-9374094	NC_003071.7	88.966	290	25	5	1839	2123	3195713	3196000	2.77e-95	351
NC_003076.8:9371972-9374094	NC_003071.7	83.333	384	35	19	888	1248	4474933	4475310	4.66e-88	327
NC_003076.8:9371972-9374094	NC_003071.7	90.909	187	13	4	691	877	5842654	5842472	3.73e-64	248
NC_003076.8:9371972-9374094	NC_003071.7	86.387	191	18	6	822	1010	3193172	3193356	2.95e-50	202
NC_003076.8:9371972-9374094	NC_003071.7	81.557	244	15	7	1029	1248	5842495	5842258	6.42e-42	174
NC_003076.8:9371972-9374094	NC_003071.7	94.286	105	6	0	1251	1355	5842202	5842098	5.00e-38	161
NC_003076.8:9371972-9374094	NC_003071.7	94.949	99	3	2	1251	1348	4475366	4475463	8.37e-36	154
NC_003076.8:9371972-9374094	NC_003071.7	84.211	114	17	1	1	114	7149805	7149693	1.84e-22	110
NC_003076.8:9362599-9363801	NC_003076.8	100.000	1203	0	0	1	1203	9362599	9363801	0.0	2222
NC_003076.8:9362599-9363801	NC_003076.8	90.879	1195	79	14	2	1181	16017688	16016509	0.0	1576
NC_003076.8:9362599-9363801	NC_003076.8	85.284	1162	129	26	1	1154	3903104	3904231	0.0	1160
NC_003076.8:9362599-9363801	NC_003076.8	86.763	831	71	19	371	1182	17578773	17579583	0.0	889
NC_003076.8:9362599-9363801	NC_003076.8	90.840	655	51	5	500	1150	15887176	15886527	0.0	869
NC_003076.8:9362599-9363801	NC_003076.8	87.006	531	54	3	400	916	10269701	10269172	1.41e-165	584
NC_003076.8:9362599-9363801	NC_003076.8	84.265	483	62	12	704	1181	25936372	25935899	8.89e-128	459
NC_003076.8:9362599-9363801	NC_003075.7	97.716	1182	24	3	2	1181	14979215	14978035	0.0	2030
NC_003076.8:9362599-9363801	NC_003075.7	85.565	859	86	18	355	1190	5280349	5281192	0.0	865
NC_003076.8:9362599-9363801	NC_003075.7	84.717	759	68	15	454	1186	6158776	6159512	0.0	715
NC_003076.8:9362599-9363801	NC_003075.7	92.114	317	25	0	499	815	13537985	13537669	1.92e-124	448
NC_003076.8:9362599-9363801	NC_003075.7	87.838	74	8	1	1	74	7179201	7179273	1.74e-15	86.1
NC_003076.8:9362599-9363801	NC_003071.7	92.090	1201	75	13	1	1185	794445	795641	0.0	1674
NC_003076.8:9362599-9363801	NC_003071.7	85.158	1206	130	23	1	1182	716842	715662	0.0	1190
NC_003076.8:9362599-9363801	NC_003071.7	84.790	1190	142	25	1	1182	8236260	8237418	0.0	1158
NC_003076.8:9362599-9363801	NC_003071.7	86.910	848	77	11	357	1182	2058909	2058074	0.0	920
NC_003076.8:9362599-9363801	NC_003071.7	85.092	597	80	6	605	1192	5645996	5646592	1.40e-170	601
NC_003076.8:9362599-9363801	NC_003071.7	85.968	563	54	13	2	562	2139932	2139393	6.54e-164	579
NC_003076.8:9362599-9363801	NC_003071.7	90.842	273	24	1	400	672	10683585	10683856	1.99e-99	364
NC_003076.8:9362599-9363801	NC_003071.7	85.635	181	23	3	396	576	5646042	5646219	4.63e-46	187
NC_003076.8:9362599-9363801	NC_003074.8	92.746	1158	68	9	9	1151	9664347	9665503	0.0	1659
NC_003076.8:9362599-9363801	NC_003074.8	90.917	1167	82	13	36	1181	10065968	10067131	0.0	1546
NC_003076.8:9362599-9363801	NC_003074.8	91.467	750	55	7	461	1203	1283861	1283114	0.0	1022
NC_003076.8:9362599-9363801	NC_003074.8	90.361	581	51	4	611	1186	1602086	1602666	0.0	758
NC_003076.8:9362599-9363801	NC_003074.8	90.506	474	40	5	372	841	16878321	16877849	1.07e-176	621
NC_003076.8:9362599-9363801	NC_003074.8	96.124	129	5	0	1	129	1283994	1283866	2.75e-53	211
NC_003076.8:9362599-9363801	NC_003070.9	91.058	1096	77	14	40	1121	6404197	6405285	0.0	1461
NC_003076.8:9362599-9363801	NC_003070.9	85.751	1179	116	29	1	1154	17686544	17685393	0.0	1199
NC_003076.8:9362599-9363801	NC_003070.9	85.025	1202	128	22	2	1179	19054421	19055594	0.0	1175
NC_003076.8:9362599-9363801	NC_003070.9	86.161	607	63	13	1	590	10568173	10568775	0.0	636
NC_003076.8:9362599-9363801	NC_003070.9	90.812	468	28	7	721	1182	4966560	4967018	6.45e-174	612
NC_003076.8:9362599-9363801	NC_003070.9	87.143	490	53	8	668	1148	10568812	10569300	1.84e-154	547
NC_003076.8:9362599-9363801	NC_003070.9	85.083	181	22	5	396	576	17685882	17685707	7.75e-44	180
NC_003076.8:9362599-9363801	NC_003070.9	83.799	179	25	4	398	576	19055080	19055254	6.03e-40	167
NC_003076.8:9362599-9363801	NC_003070.9	94.737	57	3	0	15	71	13356260	13356204	1.34e-16	89.8
NC_003076.8:9368941-9369930	NC_003076.8	100.000	990	0	0	1	990	9368941	9369930	0.0	1829
NC_003076.8:9368941-9369930	NC_003076.8	77.982	763	76	55	280	990	13815147	13815869	2.08e-108	394
NC_003076.8:9368941-9369930	NC_003076.8	88.158	76	8	1	4	79	9068735	9068661	1.10e-16	89.8
NC_003076.8:9368941-9369930	NC_003076.8	83.529	85	13	1	3	87	4936960	4937043	2.38e-13	78.7
NC_003076.8:9368941-9369930	NC_003076.8	82.353	85	14	1	3	87	9854345	9854428	1.11e-11	73.1
NC_003076.8:9368941-9369930	NC_003071.7	95.964	991	33	6	3	990	9091137	9092123	0.0	1602
NC_003076.8:9368941-9369930	NC_003071.7	95.863	991	34	5	3	989	1789907	1788920	0.0	1596
NC_003076.8:9368941-9369930	NC_003071.7	93.888	998	37	15	1	990	6657484	6658465	0.0	1483
NC_003076.8:9368941-9369930	NC_003071.7	82.975	605	69	24	377	970	5558798	5558217	4.26e-145	516
NC_003076.8:9368941-9369930	NC_003071.7	86.667	285	25	10	713	990	1552308	1552030	3.61e-81	303
NC_003076.8:9368941-9369930	NC_003071.7	90.104	192	8	6	196	378	5559025	5558836	1.03e-61	239
NC_003076.8:9368941-9369930	NC_003071.7	84.021	194	22	5	188	373	5347358	5347550	2.28e-43	178
NC_003076.8:9368941-9369930	NC_003071.7	92.683	123	7	2	188	308	5760821	5760699	8.21e-43	176
NC_003076.8:9368941-9369930	NC_003071.7	85.542	83	11	1	5	87	1409588	1409669	1.42e-15	86.1
NC_003076.8:9368941-9369930	NC_003071.7	89.231	65	7	0	30	94	4352609	4352545	1.84e-14	82.4
NC_003076.8:9368941-9369930	NC_003071.7	86.765	68	9	0	4	71	2138820	2138887	8.57e-13	76.8
NC_003076.8:9368941-9369930	NC_003071.7	82.353	85	14	1	3	87	825443	825526	1.11e-11	73.1
NC_003076.8:9368941-9369930	NC_003075.7	90.707	990	63	24	2	984	16377872	16378839	0.0	1291
NC_003076.8:9368941-9369930	NC_003075.7	86.986	146	13	3	240	379	1658835	1658980	8.27e-38	159
NC_003076.8:9368941-9369930	NC_003075.7	93.902	82	5	0	4	85	1956611	1956692	3.02e-27	124
NC_003076.8:9368941-9369930	NC_003075.7	88.312	77	8	1	3	79	6340023	6339948	3.06e-17	91.6
NC_003076.8:9368941-9369930	NC_003075.7	82.353	85	14	1	3	87	5392284	5392201	1.11e-11	73.1
NC_003076.8:9368941-9369930	NC_003070.9	88.339	626	48	17	381	990	13981336	13980720	0.0	728
NC_003076.8:9368941-9369930	NC_003070.9	88.804	393	35	8	381	767	13064762	13064373	2.60e-132	473
NC_003076.8:9368941-9369930	NC_003070.9	85.354	198	22	4	188	378	13981576	13981379	1.75e-49	198
NC_003076.8:9368941-9369930	NC_003070.9	91.011	89	8	0	6	94	24533331	24533419	3.90e-26	121
NC_003076.8:9368941-9369930	NC_003070.9	90.217	92	8	1	3	94	9836507	9836597	1.40e-25	119
NC_003076.8:9368941-9369930	NC_003070.9	85.714	84	11	1	4	87	13495989	13495907	3.96e-16	87.9
NC_003076.8:9368941-9369930	NC_003070.9	85.714	84	11	1	4	87	20205905	20205823	3.96e-16	87.9
NC_003076.8:9368941-9369930	NC_003070.9	85.294	68	10	0	4	71	5862949	5863016	3.99e-11	71.3
NC_003076.8:9368941-9369930	NC_003074.8	88.908	577	30	14	446	990	11535845	11535271	0.0	680
NC_003076.8:9368941-9369930	NC_003074.8	93.065	447	21	4	4	449	11539903	11539466	0.0	645
NC_003076.8:9368941-9369930	NC_003074.8	86.667	195	18	5	188	375	16727808	16728001	8.10e-53	209
NC_003076.8:9368941-9369930	NC_003074.8	85.641	195	21	4	188	375	16553588	16553782	1.75e-49	198
NC_003076.8:9368941-9369930	NC_003074.8	82.955	88	13	2	1	87	423201	423115	2.38e-13	78.7
NC_003076.8:11271968-11274796	NC_003076.8	100.000	2829	0	0	1	2829	11271968	11274796	0.0	5225
NC_003076.8:11271968-11274796	NC_003076.8	96.916	227	7	0	2603	2829	11272194	11271968	4.71e-104	381
NC_003076.8:11271968-11274796	NC_003076.8	96.916	227	7	0	1	227	11274796	11274570	4.71e-104	381
NC_003076.8:11271968-11274796	NC_003074.8	81.123	641	101	10	958	1592	14642938	14643564	1.61e-138	496
NC_003076.8:11271968-11274796	NC_003074.8	79.388	621	122	5	975	1592	13383319	13382702	1.28e-119	433
NC_003076.8:11271968-11274796	NC_003071.7	75.867	663	138	20	1792	2446	2942133	2941485	3.75e-85	318
NC_003076.8:11271968-11274796	NC_003070.9	76.897	580	115	12	1018	1592	13420888	13420323	6.27e-83	311
NC_003076.8:12424191-12424437	NC_003076.8	100.000	247	0	0	1	247	12424191	12424437	6.03e-128	457
NC_003076.8:12424191-12424437	NC_003076.8	93.548	248	13	2	1	247	765861	766106	1.05e-100	366
NC_003076.8:12424191-12424437	NC_003070.9	96.327	245	8	1	1	245	12303210	12302967	2.87e-111	401
NC_003076.8:12424191-12424437	NC_003070.9	95.436	241	11	0	3	243	21640524	21640764	2.89e-106	385
NC_003076.8:12424191-12424437	NC_003070.9	93.117	247	15	1	1	247	7241364	7241120	4.87e-99	361
NC_003076.8:12424191-12424437	NC_003070.9	92.181	243	14	4	3	245	20700041	20699804	2.28e-92	339
NC_003076.8:12424191-12424437	NC_003070.9	94.884	215	11	0	33	247	634460	634246	8.20e-92	337
NC_003076.8:12424191-12424437	NC_003070.9	89.444	180	9	8	70	247	20363128	20362957	3.10e-56	219
NC_003076.8:12424191-12424437	NC_003070.9	82.412	199	27	8	19	214	23197906	23197713	1.14e-40	167
NC_003076.8:12424191-12424437	NC_003071.7	93.927	247	15	0	1	247	10194711	10194957	6.25e-103	374
NC_003076.8:12424191-12424437	NC_003074.8	92.245	245	19	0	3	247	16052515	16052271	3.79e-95	348
NC_003076.8:12424191-12424437	NC_003074.8	89.069	247	27	0	1	247	495954	495708	6.43e-83	307
NC_003076.8:12424191-12424437	NC_003074.8	88.980	245	12	4	4	247	20144305	20144075	2.33e-77	289
NC_003075.7:6279022-6281551	NC_003075.7	100.000	2530	0	0	1	2530	6279022	6281551	0.0	4673
NC_003075.7:6279022-6281551	NC_003075.7	93.190	1072	66	4	1461	2528	7059670	7058602	0.0	1568
NC_003075.7:6279022-6281551	NC_003075.7	90.308	1073	82	11	1459	2527	313256	312202	0.0	1386
NC_003075.7:6279022-6281551	NC_003075.7	93.119	901	53	8	1602	2494	9439608	9440507	0.0	1312
NC_003075.7:6279022-6281551	NC_003075.7	93.310	583	37	2	1945	2527	6178995	6179575	0.0	859
NC_003075.7:6279022-6281551	NC_003075.7	92.667	600	31	7	1	589	9438785	9439382	0.0	852
NC_003075.7:6279022-6281551	NC_003075.7	90.894	615	26	11	1	589	7060698	7060088	0.0	798
NC_003075.7:6279022-6281551	NC_003075.7	90.833	600	39	11	1	588	314269	313674	0.0	789
NC_003075.7:6279022-6281551	NC_003075.7	91.803	549	22	11	1	526	6178448	6178996	0.0	743
NC_003075.7:6279022-6281551	NC_003075.7	93.333	465	24	7	128	588	8063856	8064317	0.0	680
NC_003075.7:6279022-6281551	NC_003075.7	91.718	483	32	8	110	588	1001776	1001298	0.0	664
NC_003075.7:6279022-6281551	NC_003075.7	91.718	483	28	10	110	588	9842377	9841903	0.0	660
NC_003075.7:6279022-6281551	NC_003075.7	91.511	483	31	10	110	588	10397154	10396678	0.0	656
NC_003075.7:6279022-6281551	NC_003075.7	91.494	482	30	9	111	588	9763583	9763109	0.0	652
NC_003075.7:6279022-6281551	NC_003075.7	90.909	484	33	10	110	589	2621778	2621302	0.0	640
NC_003075.7:6279022-6281551	NC_003075.7	92.271	414	26	6	110	520	16864840	16864430	1.08e-164	582
NC_003075.7:6279022-6281551	NC_003075.7	89.234	483	27	8	110	589	4146357	4146817	3.87e-164	580
NC_003075.7:6279022-6281551	NC_003075.7	91.827	416	25	9	110	520	5541158	5540747	2.33e-161	571
NC_003075.7:6279022-6281551	NC_003075.7	91.127	417	28	9	110	520	11361100	11361513	6.52e-157	556
NC_003075.7:6279022-6281551	NC_003075.7	93.583	374	17	7	1544	1915	5354758	5355126	3.03e-155	551
NC_003075.7:6279022-6281551	NC_003075.7	90.400	375	23	10	2156	2528	5355361	5355724	4.03e-134	481
NC_003075.7:6279022-6281551	NC_003075.7	98.678	227	3	0	1850	2076	6280052	6280278	8.98e-111	403
NC_003075.7:6279022-6281551	NC_003075.7	98.678	227	3	0	1031	1257	6280871	6281097	8.98e-111	403
NC_003075.7:6279022-6281551	NC_003075.7	97.357	227	6	0	1031	1257	9439857	9440083	9.05e-106	387
NC_003075.7:6279022-6281551	NC_003075.7	95.536	224	10	0	1034	1257	7059276	7059053	1.97e-97	359
NC_003075.7:6279022-6281551	NC_003075.7	85.759	323	40	5	1947	2268	5355097	5355414	9.24e-91	337
NC_003075.7:6279022-6281551	NC_003075.7	93.750	224	11	3	1034	1257	312871	312651	1.20e-89	333
NC_003075.7:6279022-6281551	NC_003075.7	91.525	236	19	1	587	821	15065875	15066110	7.20e-87	324
NC_003075.7:6279022-6281551	NC_003075.7	81.748	389	57	4	648	1025	6055646	6056031	1.56e-83	313
NC_003075.7:6279022-6281551	NC_003075.7	87.063	286	14	10	1	263	5354114	5354399	3.37e-80	302
NC_003075.7:6279022-6281551	NC_003075.7	89.076	238	23	3	587	821	7249756	7249519	2.03e-77	292
NC_003075.7:6279022-6281551	NC_003075.7	86.522	230	25	3	592	821	994318	994095	4.45e-64	248
NC_003075.7:6279022-6281551	NC_003075.7	83.746	283	22	11	252	523	3897173	3896904	1.60e-63	246
NC_003075.7:6279022-6281551	NC_003075.7	85.328	259	12	7	1	235	1002007	1001751	5.76e-63	244
NC_003075.7:6279022-6281551	NC_003075.7	85.965	228	26	3	594	821	12829398	12829619	2.68e-61	239
NC_003075.7:6279022-6281551	NC_003075.7	84.884	258	14	9	1	235	11360870	11361125	9.64e-61	237
NC_003075.7:6279022-6281551	NC_003075.7	85.425	247	12	6	1	224	7853533	7853288	3.47e-60	235
NC_003075.7:6279022-6281551	NC_003075.7	84.556	259	14	11	1	235	5541389	5541133	1.25e-59	233
NC_003075.7:6279022-6281551	NC_003075.7	84.556	259	14	11	1	235	8730453	8730197	1.25e-59	233
NC_003075.7:6279022-6281551	NC_003075.7	84.556	259	13	13	1	235	16865070	16864815	4.49e-59	231
NC_003075.7:6279022-6281551	NC_003075.7	96.970	132	4	0	1126	1257	6178995	6179126	2.70e-56	222
NC_003075.7:6279022-6281551	NC_003075.7	83.784	259	16	13	1	235	9763814	9763558	2.70e-56	222
NC_003075.7:6279022-6281551	NC_003075.7	83.784	259	16	11	1	235	9842608	9842352	2.70e-56	222
NC_003075.7:6279022-6281551	NC_003075.7	83.525	261	13	15	1	235	4146126	4146382	1.26e-54	217
NC_003075.7:6279022-6281551	NC_003075.7	98.990	99	1	0	1255	1353	5643310	5643408	5.93e-43	178
NC_003075.7:6279022-6281551	NC_003075.7	90.769	130	11	1	1128	1257	5355097	5355225	2.76e-41	172
NC_003075.7:6279022-6281551	NC_003075.7	88.732	142	6	4	1	134	8063577	8063716	4.62e-39	165
NC_003075.7:6279022-6281551	NC_003075.7	96.000	100	4	0	1255	1354	7248954	7248855	1.66e-38	163
NC_003075.7:6279022-6281551	NC_003075.7	97.802	91	2	0	1354	1444	313672	313582	7.72e-37	158
NC_003075.7:6279022-6281551	NC_003075.7	95.876	97	4	0	1255	1351	993443	993347	7.72e-37	158
NC_003075.7:6279022-6281551	NC_003075.7	100.000	84	0	0	1544	1627	5354032	5354115	2.78e-36	156
NC_003075.7:6279022-6281551	NC_003075.7	100.000	84	0	0	1544	1627	5354394	5354477	2.78e-36	156
NC_003075.7:6279022-6281551	NC_003075.7	94.845	97	5	0	1255	1351	6055546	6055642	3.59e-35	152
NC_003075.7:6279022-6281551	NC_003075.7	95.745	94	4	0	1351	1444	7060090	7059997	3.59e-35	152
NC_003075.7:6279022-6281551	NC_003075.7	95.745	94	4	0	1351	1444	9439380	9439473	3.59e-35	152
NC_003075.7:6279022-6281551	NC_003075.7	94.681	94	5	0	1351	1444	4146815	4146908	1.67e-33	147
NC_003075.7:6279022-6281551	NC_003075.7	94.681	94	5	0	1351	1444	8064316	8064409	1.67e-33	147
NC_003075.7:6279022-6281551	NC_003075.7	92.553	94	7	0	1351	1444	1350276	1350369	3.62e-30	135
NC_003075.7:6279022-6281551	NC_003075.7	91.753	97	7	1	1255	1351	6056345	6056440	1.30e-29	134
NC_003075.7:6279022-6281551	NC_003075.7	97.101	69	2	0	1255	1323	12830269	12830337	1.31e-24	117
NC_003075.7:6279022-6281551	NC_003075.7	93.421	76	5	0	1354	1429	9841901	9841826	1.70e-23	113
NC_003075.7:6279022-6281551	NC_003075.7	96.226	53	2	0	536	588	5540749	5540697	1.03e-15	87.9
NC_003075.7:6279022-6281551	NC_003075.7	86.420	81	5	1	1	75	2520884	2520964	1.33e-14	84.2
NC_003075.7:6279022-6281551	NC_003075.7	85.185	81	6	1	1	75	372086	372006	6.19e-13	78.7
NC_003075.7:6279022-6281551	NC_003075.7	85.185	81	6	1	1	75	14390988	14390908	6.19e-13	78.7
NC_003075.7:6279022-6281551	NC_003075.7	88.235	68	2	6	1031	1096	5355063	5355126	2.22e-12	76.8
NC_003075.7:6279022-6281551	NC_003071.7	93.377	1072	63	6	1462	2528	12555102	12554034	0.0	1580
NC_003075.7:6279022-6281551	NC_003071.7	93.062	1081	58	10	1459	2530	5465992	5464920	0.0	1565
NC_003075.7:6279022-6281551	NC_003071.7	91.458	1077	64	10	1459	2530	1459897	1458844	0.0	1454
NC_003075.7:6279022-6281551	NC_003071.7	93.205	986	62	3	1545	2527	10468260	10467277	0.0	1445
NC_003075.7:6279022-6281551	NC_003071.7	91.053	1073	51	10	1459	2527	6101696	6102727	0.0	1408
NC_003075.7:6279022-6281551	NC_003071.7	93.057	893	49	10	1459	2346	5843542	5842658	0.0	1293
NC_003075.7:6279022-6281551	NC_003071.7	90.909	770	65	3	1459	2225	11398461	11397694	0.0	1029
NC_003075.7:6279022-6281551	NC_003071.7	93.467	597	30	4	1	589	5467004	5466409	0.0	878
NC_003075.7:6279022-6281551	NC_003071.7	93.115	610	20	11	1	589	12556203	12555595	0.0	874
NC_003075.7:6279022-6281551	NC_003071.7	92.635	611	19	14	1	589	6099530	6100136	0.0	856
NC_003075.7:6279022-6281551	NC_003071.7	93.264	579	37	2	1949	2527	19195986	19195410	0.0	852
NC_003075.7:6279022-6281551	NC_003071.7	92.206	603	27	10	5	589	10469076	10468476	0.0	835
NC_003075.7:6279022-6281551	NC_003071.7	91.368	614	26	13	1	589	1460925	1460314	0.0	815
NC_003075.7:6279022-6281551	NC_003071.7	91.354	613	28	6	1	589	19196757	19196146	0.0	815
NC_003075.7:6279022-6281551	NC_003071.7	92.324	482	29	8	110	588	13267146	13267622	0.0	678
NC_003075.7:6279022-6281551	NC_003071.7	91.959	485	31	8	108	588	12801222	12801702	0.0	673
NC_003075.7:6279022-6281551	NC_003071.7	92.625	461	28	5	133	588	6925126	6924667	0.0	658
NC_003075.7:6279022-6281551	NC_003071.7	91.904	457	22	6	586	1032	6611089	6610638	1.76e-177	625
NC_003075.7:6279022-6281551	NC_003071.7	86.111	612	31	21	1	588	11399377	11398796	4.93e-173	610
NC_003075.7:6279022-6281551	NC_003071.7	92.965	398	22	6	129	520	17254986	17254589	1.80e-162	575
NC_003075.7:6279022-6281551	NC_003071.7	91.951	410	27	6	114	520	11286904	11286498	8.37e-161	569
NC_003075.7:6279022-6281551	NC_003071.7	93.229	384	22	3	645	1025	10317839	10318221	1.40e-158	562
NC_003075.7:6279022-6281551	NC_003071.7	91.106	416	29	8	110	520	12094193	12093781	6.52e-157	556
NC_003075.7:6279022-6281551	NC_003071.7	90.602	415	32	7	110	520	396424	396013	5.07e-153	544
NC_003075.7:6279022-6281551	NC_003071.7	87.785	483	35	16	110	588	500216	500678	5.07e-153	544
NC_003075.7:6279022-6281551	NC_003071.7	91.421	373	29	3	2156	2527	6084956	6085326	1.85e-142	508
NC_003075.7:6279022-6281551	NC_003071.7	86.404	456	50	3	586	1032	6897921	6897469	2.41e-136	488
NC_003075.7:6279022-6281551	NC_003071.7	91.111	360	13	9	1	341	6384054	6383695	8.73e-131	470
NC_003075.7:6279022-6281551	NC_003071.7	88.861	395	21	6	1459	1850	6383199	6382825	4.06e-129	464
NC_003075.7:6279022-6281551	NC_003071.7	89.572	374	19	7	1544	1915	6084371	6084726	6.80e-127	457
NC_003075.7:6279022-6281551	NC_003071.7	85.874	446	30	7	583	1028	1855791	1855379	5.29e-123	444
NC_003075.7:6279022-6281551	NC_003071.7	96.875	224	7	0	1034	1257	5843151	5842928	1.96e-102	375
NC_003075.7:6279022-6281551	NC_003071.7	96.429	224	8	0	1034	1257	10467952	10467729	9.11e-101	370
NC_003075.7:6279022-6281551	NC_003071.7	95.982	224	9	0	1034	1257	5465597	5465374	4.24e-99	364
NC_003075.7:6279022-6281551	NC_003071.7	95.536	224	10	0	1034	1257	11398066	11397843	1.97e-97	359
NC_003075.7:6279022-6281551	NC_003071.7	94.783	230	10	2	1034	1261	1459518	1459289	7.09e-97	357
NC_003075.7:6279022-6281551	NC_003071.7	94.273	227	13	0	1031	1257	6102073	6102299	4.27e-94	348
NC_003075.7:6279022-6281551	NC_003071.7	94.643	224	11	1	1034	1257	12554707	12554485	1.54e-93	346
NC_003075.7:6279022-6281551	NC_003071.7	89.270	233	20	4	589	821	9064284	9064057	9.44e-76	287
NC_003075.7:6279022-6281551	NC_003071.7	88.462	234	26	1	589	821	6318088	6317855	4.39e-74	281
NC_003075.7:6279022-6281551	NC_003071.7	90.278	216	20	1	2313	2528	11397698	11397484	4.39e-74	281
NC_003075.7:6279022-6281551	NC_003071.7	88.034	234	23	4	589	821	12810792	12810563	2.64e-71	272
NC_003075.7:6279022-6281551	NC_003071.7	86.134	238	25	4	586	821	15140411	15140642	1.24e-64	250
NC_003075.7:6279022-6281551	NC_003071.7	85.328	259	12	7	1	235	13908721	13908465	5.76e-63	244
NC_003075.7:6279022-6281551	NC_003071.7	84.942	259	13	12	1	235	542308	542564	2.68e-61	239
NC_003075.7:6279022-6281551	NC_003071.7	84.496	258	14	8	1	235	13338077	13337823	4.49e-59	231
NC_003075.7:6279022-6281551	NC_003071.7	84.170	259	15	7	1	235	6925377	6925121	5.80e-58	228
NC_003075.7:6279022-6281551	NC_003071.7	84.170	259	15	12	1	235	7154736	7154480	5.80e-58	228
NC_003075.7:6279022-6281551	NC_003071.7	83.846	260	15	8	1	235	12094425	12094168	2.70e-56	222
NC_003075.7:6279022-6281551	NC_003071.7	83.398	259	17	7	1	235	14333785	14334041	1.26e-54	217
NC_003075.7:6279022-6281551	NC_003071.7	94.531	128	7	0	1130	1257	19195986	19195859	4.55e-49	198
NC_003075.7:6279022-6281551	NC_003071.7	81.855	248	20	9	1	224	13266915	13267161	3.54e-45	185
NC_003075.7:6279022-6281551	NC_003071.7	88.514	148	8	3	1	139	11287161	11287014	9.92e-41	171
NC_003075.7:6279022-6281551	NC_003071.7	90.769	130	6	4	1128	1257	6084697	6084820	3.57e-40	169
NC_003075.7:6279022-6281551	NC_003071.7	97.938	97	2	0	1255	1351	9063256	9063160	3.57e-40	169
NC_003075.7:6279022-6281551	NC_003071.7	98.936	94	1	0	1351	1444	12555597	12555504	3.57e-40	169
NC_003075.7:6279022-6281551	NC_003071.7	97.938	97	2	0	1255	1351	12809767	12809671	3.57e-40	169
NC_003075.7:6279022-6281551	NC_003071.7	97.872	94	2	0	1351	1444	6100134	6100227	1.66e-38	163
NC_003075.7:6279022-6281551	NC_003071.7	95.960	99	4	0	1255	1353	6316410	6316312	5.97e-38	161
NC_003075.7:6279022-6281551	NC_003071.7	96.809	94	3	0	1351	1444	1460316	1460223	7.72e-37	158
NC_003075.7:6279022-6281551	NC_003071.7	96.809	94	3	0	1351	1444	10468478	10468385	7.72e-37	158
NC_003075.7:6279022-6281551	NC_003071.7	96.809	94	3	0	1351	1444	19196148	19196055	7.72e-37	158
NC_003075.7:6279022-6281551	NC_003071.7	95.604	91	4	0	1354	1444	395961	395871	1.67e-33	147
NC_003075.7:6279022-6281551	NC_003071.7	94.681	94	5	0	1351	1444	5466411	5466318	1.67e-33	147
NC_003075.7:6279022-6281551	NC_003071.7	95.604	91	4	0	1354	1444	13337384	13337294	1.67e-33	147
NC_003075.7:6279022-6281551	NC_003071.7	93.617	94	6	0	1351	1444	543015	543108	7.78e-32	141
NC_003075.7:6279022-6281551	NC_003071.7	94.505	91	5	0	1354	1444	6924665	6924575	7.78e-32	141
NC_003075.7:6279022-6281551	NC_003071.7	94.505	91	5	0	1354	1444	11398794	11398704	7.78e-32	141
NC_003075.7:6279022-6281551	NC_003071.7	93.617	94	6	0	1351	1444	13267621	13267714	7.78e-32	141
NC_003075.7:6279022-6281551	NC_003071.7	93.617	94	6	0	1351	1444	14334492	14334585	7.78e-32	141
NC_003075.7:6279022-6281551	NC_003071.7	91.837	98	8	0	1255	1352	6610351	6610254	1.01e-30	137
NC_003075.7:6279022-6281551	NC_003071.7	92.553	94	7	0	1351	1444	500677	500770	3.62e-30	135
NC_003075.7:6279022-6281551	NC_003071.7	92.308	91	7	0	1354	1444	7154042	7153952	1.68e-28	130
NC_003075.7:6279022-6281551	NC_003071.7	96.226	53	2	0	536	588	17254591	17254539	1.03e-15	87.9
NC_003075.7:6279022-6281551	NC_003071.7	86.420	81	5	1	1	75	980617	980537	1.33e-14	84.2
NC_003075.7:6279022-6281551	NC_003071.7	86.420	81	5	1	1	75	3213354	3213274	1.33e-14	84.2
NC_003075.7:6279022-6281551	NC_003071.7	85.227	88	5	3	1	82	7814691	7814606	1.33e-14	84.2
NC_003075.7:6279022-6281551	NC_003071.7	86.420	81	4	5	1	75	7111784	7111863	4.78e-14	82.4
NC_003075.7:6279022-6281551	NC_003071.7	84.706	85	5	3	1	79	3564382	3564464	6.19e-13	78.7
NC_003075.7:6279022-6281551	NC_003071.7	85.185	81	6	1	1	75	4024201	4024281	6.19e-13	78.7
NC_003075.7:6279022-6281551	NC_003071.7	83.516	91	6	4	1	85	2962805	2962718	2.22e-12	76.8
NC_003075.7:6279022-6281551	NC_003071.7	97.674	43	1	0	1	43	7169524	7169482	8.00e-12	75.0
NC_003075.7:6279022-6281551	NC_003071.7	86.765	68	3	6	1031	1096	6084663	6084726	1.04e-10	71.3
NC_003075.7:6279022-6281551	NC_003071.7	100.000	38	0	0	589	626	10317804	10317841	1.04e-10	71.3
NC_003075.7:6279022-6281551	NC_003071.7	97.561	41	0	1	2457	2497	6382806	6382767	3.72e-10	69.4
NC_003075.7:6279022-6281551	NC_003074.8	93.447	1053	57	7	1460	2507	16880828	16881873	0.0	1552
NC_003075.7:6279022-6281551	NC_003074.8	92.644	1074	72	4	1459	2527	5623053	5624124	0.0	1539
NC_003075.7:6279022-6281551	NC_003074.8	92.544	1073	75	3	1459	2528	20484115	20483045	0.0	1533
NC_003075.7:6279022-6281551	NC_003074.8	89.700	1068	75	13	1466	2530	20486652	20485617	0.0	1330
NC_003075.7:6279022-6281551	NC_003074.8	92.755	773	49	4	1459	2228	10862893	10863661	0.0	1110
NC_003075.7:6279022-6281551	NC_003074.8	91.834	698	49	5	1544	2237	17397020	17396327	0.0	966
NC_003075.7:6279022-6281551	NC_003074.8	91.162	611	27	14	4	589	9559680	9559072	0.0	804
NC_003075.7:6279022-6281551	NC_003074.8	91.133	609	27	10	3	589	5622033	5622636	0.0	800
NC_003075.7:6279022-6281551	NC_003074.8	90.701	613	29	15	1	589	20485140	20484532	0.0	791
NC_003075.7:6279022-6281551	NC_003074.8	92.238	554	23	11	55	589	16879865	16880417	0.0	767
NC_003075.7:6279022-6281551	NC_003074.8	87.500	624	40	18	1	588	3716342	3716963	0.0	686
NC_003075.7:6279022-6281551	NC_003074.8	92.355	484	29	8	110	588	10821215	10820735	0.0	682
NC_003075.7:6279022-6281551	NC_003074.8	93.468	444	27	2	589	1032	18927968	18927527	0.0	658
NC_003075.7:6279022-6281551	NC_003074.8	93.253	415	21	7	110	520	11536065	11536476	2.29e-171	604
NC_003075.7:6279022-6281551	NC_003074.8	92.029	414	27	6	110	520	16451017	16451427	5.00e-163	577
NC_003075.7:6279022-6281551	NC_003074.8	92.947	397	24	4	128	520	17301033	17300637	1.80e-162	575
NC_003075.7:6279022-6281551	NC_003074.8	88.199	483	31	10	110	588	15937517	15937977	8.43e-156	553
NC_003075.7:6279022-6281551	NC_003074.8	90.865	416	30	8	110	520	9386117	9385705	3.03e-155	551
NC_003075.7:6279022-6281551	NC_003074.8	90.865	416	30	8	110	520	17277584	17277172	3.03e-155	551
NC_003075.7:6279022-6281551	NC_003074.8	90.187	428	16	7	1	403	10862401	10862827	3.05e-150	534
NC_003075.7:6279022-6281551	NC_003074.8	91.444	374	30	2	2156	2528	17396350	17395978	1.43e-143	512
NC_003075.7:6279022-6281551	NC_003074.8	90.380	395	26	8	1459	1850	2628956	2628571	1.85e-142	508
NC_003075.7:6279022-6281551	NC_003074.8	89.260	419	26	9	1	404	20487142	20486728	6.66e-142	507
NC_003075.7:6279022-6281551	NC_003074.8	89.817	383	28	4	1459	1838	9558655	9558281	4.03e-134	481
NC_003075.7:6279022-6281551	NC_003074.8	85.124	484	33	15	110	588	22118834	22119283	1.89e-127	459
NC_003075.7:6279022-6281551	NC_003074.8	90.221	317	29	2	2212	2528	8188935	8189249	1.49e-113	412
NC_003075.7:6279022-6281551	NC_003074.8	85.316	395	29	10	1459	1850	1370163	1369795	4.21e-104	381
NC_003075.7:6279022-6281551	NC_003074.8	96.121	232	8	1	1031	1261	16881220	16881451	5.45e-103	377
NC_003075.7:6279022-6281551	NC_003074.8	95.536	224	10	0	1034	1257	20483719	20483496	1.97e-97	359
NC_003075.7:6279022-6281551	NC_003074.8	94.714	227	12	0	1031	1257	5623448	5623674	9.18e-96	353
NC_003075.7:6279022-6281551	NC_003074.8	94.714	227	12	0	1031	1257	10863283	10863509	9.18e-96	353
NC_003075.7:6279022-6281551	NC_003074.8	92.544	228	11	3	1034	1257	17396711	17396486	2.59e-86	322
NC_003075.7:6279022-6281551	NC_003074.8	90.204	245	12	6	1	235	17063229	17062987	2.01e-82	309
NC_003075.7:6279022-6281551	NC_003074.8	87.456	287	11	6	1	263	17397300	17397015	7.25e-82	307
NC_003075.7:6279022-6281551	NC_003074.8	89.388	245	14	6	1	235	17144490	17144248	4.36e-79	298
NC_003075.7:6279022-6281551	NC_003074.8	89.270	233	21	3	589	821	7279045	7279273	2.62e-76	289
NC_003075.7:6279022-6281551	NC_003074.8	90.179	224	10	2	1034	1257	20486265	20486054	4.39e-74	281
NC_003075.7:6279022-6281551	NC_003074.8	89.498	219	20	3	589	804	22003076	22002858	7.35e-72	274
NC_003075.7:6279022-6281551	NC_003074.8	85.328	259	12	7	1	235	7996636	7996380	5.76e-63	244
NC_003075.7:6279022-6281551	NC_003074.8	84.942	259	13	7	1	235	15937286	15937542	2.68e-61	239
NC_003075.7:6279022-6281551	NC_003074.8	84.942	259	12	14	1	235	17301278	17301023	9.64e-61	237
NC_003075.7:6279022-6281551	NC_003074.8	91.813	171	9	3	1466	1633	9385371	9385539	1.25e-59	233
NC_003075.7:6279022-6281551	NC_003074.8	95.238	147	7	0	2226	2372	10865705	10865851	1.25e-59	233
NC_003075.7:6279022-6281551	NC_003074.8	84.496	258	15	7	1	235	17277814	17277559	4.49e-59	231
NC_003075.7:6279022-6281551	NC_003074.8	85.020	247	12	8	1	223	11200624	11200869	5.80e-58	228
NC_003075.7:6279022-6281551	NC_003074.8	84.170	259	14	13	1	235	16561654	16561909	2.09e-57	226
NC_003075.7:6279022-6281551	NC_003074.8	84.127	252	18	12	1	235	11535844	11536090	7.51e-57	224
NC_003075.7:6279022-6281551	NC_003074.8	83.077	260	16	12	1	235	10821446	10821190	5.84e-53	211
NC_003075.7:6279022-6281551	NC_003074.8	82.283	254	19	10	1	235	22118613	22118859	1.64e-48	196
NC_003075.7:6279022-6281551	NC_003074.8	97.872	94	2	0	1351	1444	5622634	5622727	1.66e-38	163
NC_003075.7:6279022-6281551	NC_003074.8	97.872	94	2	0	1351	1444	9385010	9385103	1.66e-38	163
NC_003075.7:6279022-6281551	NC_003074.8	96.809	94	3	0	1351	1444	16880415	16880508	7.72e-37	158
NC_003075.7:6279022-6281551	NC_003074.8	96.809	94	3	0	1351	1444	20484534	20484441	7.72e-37	158
NC_003075.7:6279022-6281551	NC_003074.8	95.745	94	4	0	1351	1444	1370567	1370474	3.59e-35	152
NC_003075.7:6279022-6281551	NC_003074.8	95.745	94	4	0	1351	1444	9559074	9558981	3.59e-35	152
NC_003075.7:6279022-6281551	NC_003074.8	94.681	94	5	0	1351	1444	2629419	2629326	1.67e-33	147
NC_003075.7:6279022-6281551	NC_003074.8	95.604	91	4	0	1354	1444	7995965	7995875	1.67e-33	147
NC_003075.7:6279022-6281551	NC_003074.8	95.604	91	4	0	1354	1444	9385653	9385563	1.67e-33	147
NC_003075.7:6279022-6281551	NC_003074.8	95.604	91	4	0	1354	1444	10404995	10405085	1.67e-33	147
NC_003075.7:6279022-6281551	NC_003074.8	95.604	91	4	0	1354	1444	17062533	17062443	1.67e-33	147
NC_003075.7:6279022-6281551	NC_003074.8	94.681	94	5	0	1351	1444	18746893	18746986	1.67e-33	147
NC_003075.7:6279022-6281551	NC_003074.8	94.681	94	5	0	1351	1444	22119282	22119375	1.67e-33	147
NC_003075.7:6279022-6281551	NC_003074.8	94.565	92	5	0	1354	1445	10820733	10820642	2.16e-32	143
NC_003075.7:6279022-6281551	NC_003074.8	91.589	107	3	1	1	101	16879751	16879857	2.16e-32	143
NC_003075.7:6279022-6281551	NC_003074.8	93.617	94	6	0	1351	1444	11536523	11536616	7.78e-32	141
NC_003075.7:6279022-6281551	NC_003074.8	94.505	91	5	0	1354	1444	15452789	15452699	7.78e-32	141
NC_003075.7:6279022-6281551	NC_003074.8	94.505	91	5	0	1354	1444	17300585	17300495	7.78e-32	141
NC_003075.7:6279022-6281551	NC_003074.8	93.617	94	6	0	1351	1444	20787088	20787181	7.78e-32	141
NC_003075.7:6279022-6281551	NC_003074.8	93.407	91	6	0	1354	1444	5745230	5745140	3.62e-30	135
NC_003075.7:6279022-6281551	NC_003074.8	92.632	95	6	1	1351	1444	9890724	9890818	3.62e-30	135
NC_003075.7:6279022-6281551	NC_003074.8	93.407	91	6	0	1354	1444	17143812	17143722	3.62e-30	135
NC_003075.7:6279022-6281551	NC_003074.8	93.182	88	6	0	1255	1342	7280073	7280160	1.68e-28	130
NC_003075.7:6279022-6281551	NC_003074.8	92.308	91	7	0	1354	1444	16562230	16562320	1.68e-28	130
NC_003075.7:6279022-6281551	NC_003074.8	97.059	68	2	0	2461	2528	9558269	9558202	4.71e-24	115
NC_003075.7:6279022-6281551	NC_003074.8	96.226	53	2	0	536	588	9385707	9385655	1.03e-15	87.9
NC_003075.7:6279022-6281551	NC_003074.8	84.783	92	5	3	1	86	13327434	13327522	1.33e-14	84.2
NC_003075.7:6279022-6281551	NC_003074.8	86.420	81	5	1	1	75	18018781	18018861	1.33e-14	84.2
NC_003075.7:6279022-6281551	NC_003074.8	86.420	81	5	1	1	75	18412154	18412234	1.33e-14	84.2
NC_003075.7:6279022-6281551	NC_003074.8	86.250	80	5	1	2	75	17299939	17299860	4.78e-14	82.4
NC_003075.7:6279022-6281551	NC_003074.8	92.982	57	3	1	532	588	17300642	17300587	4.78e-14	82.4
NC_003075.7:6279022-6281551	NC_003074.8	84.706	85	6	2	1	79	16419144	16419227	6.19e-13	78.7
NC_003075.7:6279022-6281551	NC_003074.8	97.674	43	1	0	1	43	10557346	10557304	8.00e-12	75.0
NC_003075.7:6279022-6281551	NC_003074.8	95.556	45	1	1	2457	2501	1369776	1369733	1.04e-10	71.3
NC_003075.7:6279022-6281551	NC_003076.8	92.465	1075	70	6	1459	2527	20398769	20399838	0.0	1526
NC_003075.7:6279022-6281551	NC_003076.8	91.899	1074	75	8	1459	2527	19671776	19672842	0.0	1491
NC_003075.7:6279022-6281551	NC_003076.8	91.442	1075	79	8	1459	2529	7712160	7713225	0.0	1463
NC_003075.7:6279022-6281551	NC_003076.8	90.850	1071	82	8	1459	2527	355148	356204	0.0	1421
NC_003075.7:6279022-6281551	NC_003076.8	89.604	1087	92	9	1459	2527	8684008	8685091	0.0	1362
NC_003075.7:6279022-6281551	NC_003076.8	92.868	631	43	2	1897	2527	17956547	17957175	0.0	915
NC_003075.7:6279022-6281551	NC_003076.8	90.881	636	52	6	1894	2527	13983692	13984323	0.0	848
NC_003075.7:6279022-6281551	NC_003076.8	92.919	579	39	2	1949	2527	19930787	19930211	0.0	841
NC_003075.7:6279022-6281551	NC_003076.8	92.612	582	38	3	1949	2530	5129065	5128489	0.0	832
NC_003075.7:6279022-6281551	NC_003076.8	91.667	612	26	7	1	589	5129834	5129225	0.0	824
NC_003075.7:6279022-6281551	NC_003076.8	91.354	613	27	13	1	589	14761183	14760573	0.0	815
NC_003075.7:6279022-6281551	NC_003076.8	91.354	613	28	6	1	589	19931558	19930947	0.0	815
NC_003075.7:6279022-6281551	NC_003076.8	91.013	612	29	10	1	589	15342696	15342088	0.0	802
NC_003075.7:6279022-6281551	NC_003076.8	90.476	609	36	12	1	589	13918790	13918184	0.0	784
NC_003075.7:6279022-6281551	NC_003076.8	90.651	599	34	10	1	588	354140	354727	0.0	776
NC_003075.7:6279022-6281551	NC_003076.8	90.081	615	31	14	1	588	7711131	7711742	0.0	771
NC_003075.7:6279022-6281551	NC_003076.8	89.886	613	35	9	1	588	8682979	8683589	0.0	763
NC_003075.7:6279022-6281551	NC_003076.8	92.784	485	28	7	108	588	17365253	17365734	0.0	695
NC_003075.7:6279022-6281551	NC_003076.8	94.966	437	21	1	589	1025	24695328	24695763	0.0	684
NC_003075.7:6279022-6281551	NC_003076.8	92.181	486	25	11	110	588	11025553	11026032	0.0	675
NC_003075.7:6279022-6281551	NC_003076.8	92.133	483	29	8	110	588	8765940	8766417	0.0	673
NC_003075.7:6279022-6281551	NC_003076.8	92.918	466	27	5	128	588	20682166	20681702	0.0	673
NC_003075.7:6279022-6281551	NC_003076.8	92.034	477	33	5	576	1051	4530341	4529869	0.0	665
NC_003075.7:6279022-6281551	NC_003076.8	93.836	438	26	1	589	1025	3161602	3162039	0.0	658
NC_003075.7:6279022-6281551	NC_003076.8	91.097	483	30	10	111	588	24187682	24187208	0.0	641
NC_003075.7:6279022-6281551	NC_003076.8	90.486	494	27	10	110	588	5429831	5429343	2.93e-180	634
NC_003075.7:6279022-6281551	NC_003076.8	90.101	495	27	17	110	588	9612812	9613300	6.34e-177	623
NC_003075.7:6279022-6281551	NC_003076.8	91.361	463	22	9	130	588	4781987	4781539	2.95e-175	617
NC_003075.7:6279022-6281551	NC_003076.8	90.269	483	32	9	110	588	14151063	14150592	2.95e-175	617
NC_003075.7:6279022-6281551	NC_003076.8	86.577	596	32	21	2	589	19670802	19671357	3.81e-174	614
NC_003075.7:6279022-6281551	NC_003076.8	92.689	424	28	3	610	1032	13678718	13678297	1.77e-172	608
NC_003075.7:6279022-6281551	NC_003076.8	93.012	415	22	7	110	520	18854196	18854607	1.07e-169	599
NC_003075.7:6279022-6281551	NC_003076.8	89.669	484	24	10	110	589	14082605	14082144	4.97e-168	593
NC_003075.7:6279022-6281551	NC_003076.8	92.530	415	24	7	110	520	4312764	4313175	2.31e-166	588
NC_003075.7:6279022-6281551	NC_003076.8	92.530	415	24	7	110	520	17618454	17618043	2.31e-166	588
NC_003075.7:6279022-6281551	NC_003076.8	88.386	508	30	10	1	480	25264511	25265017	2.99e-165	584
NC_003075.7:6279022-6281551	NC_003076.8	92.289	415	25	7	110	520	20281754	20281343	1.08e-164	582
NC_003075.7:6279022-6281551	NC_003076.8	92.067	416	24	9	110	520	8746469	8746058	5.00e-163	577
NC_003075.7:6279022-6281551	NC_003076.8	92.048	415	25	8	110	520	9964786	9964376	5.00e-163	577
NC_003075.7:6279022-6281551	NC_003076.8	91.587	416	27	8	110	520	15606371	15605959	3.01e-160	568
NC_003075.7:6279022-6281551	NC_003076.8	91.566	415	27	8	110	520	9590641	9591051	1.08e-159	566
NC_003075.7:6279022-6281551	NC_003076.8	91.367	417	26	10	110	520	16356705	16357117	1.40e-158	562
NC_003075.7:6279022-6281551	NC_003076.8	91.106	416	29	8	110	520	17775959	17776371	6.52e-157	556
NC_003075.7:6279022-6281551	NC_003076.8	87.603	484	34	18	110	589	1898415	1897954	2.36e-151	538
NC_003075.7:6279022-6281551	NC_003076.8	88.521	453	39	9	1459	1908	13982833	13983275	8.49e-151	536
NC_003075.7:6279022-6281551	NC_003076.8	90.909	396	23	7	1459	1850	13917767	13917381	8.55e-146	520
NC_003075.7:6279022-6281551	NC_003076.8	90.411	365	11	5	1	341	3020196	3019832	1.89e-127	459
NC_003075.7:6279022-6281551	NC_003076.8	86.849	403	25	8	1459	1857	15341669	15341291	1.92e-117	425
NC_003075.7:6279022-6281551	NC_003076.8	83.193	476	32	22	587	1025	14231963	14232427	1.94e-107	392
NC_003075.7:6279022-6281551	NC_003076.8	96.035	227	9	0	1031	1257	355537	355763	9.11e-101	370
NC_003075.7:6279022-6281551	NC_003076.8	95.595	227	10	0	1031	1257	20399160	20399386	4.24e-99	364
NC_003075.7:6279022-6281551	NC_003076.8	94.273	227	13	0	1031	1257	8684415	8684641	4.27e-94	348
NC_003075.7:6279022-6281551	NC_003076.8	94.273	227	13	0	1031	1257	19672171	19672397	4.27e-94	348
NC_003075.7:6279022-6281551	NC_003076.8	91.416	233	14	3	1031	1261	7712553	7712781	4.33e-84	315
NC_003075.7:6279022-6281551	NC_003076.8	96.111	180	7	0	1078	1257	17956547	17956726	5.64e-78	294
NC_003075.7:6279022-6281551	NC_003076.8	88.980	245	15	6	1	235	11025336	11025578	2.03e-77	292
NC_003075.7:6279022-6281551	NC_003076.8	86.100	259	10	11	1	235	14151294	14151038	2.66e-66	255
NC_003075.7:6279022-6281551	NC_003076.8	85.714	259	11	11	1	235	9965017	9964761	1.24e-64	250
NC_003075.7:6279022-6281551	NC_003076.8	85.328	259	12	12	1	235	9590410	9590666	5.76e-63	244
NC_003075.7:6279022-6281551	NC_003076.8	85.328	259	12	12	1	235	21530089	21530345	5.76e-63	244
NC_003075.7:6279022-6281551	NC_003076.8	84.942	259	12	14	1	235	20281984	20281729	9.64e-61	237
NC_003075.7:6279022-6281551	NC_003076.8	84.556	259	14	15	1	235	7154439	7154183	1.25e-59	233
NC_003075.7:6279022-6281551	NC_003076.8	84.231	260	14	7	1	235	8746701	8746444	5.80e-58	228
NC_003075.7:6279022-6281551	NC_003076.8	84.959	246	14	6	1	224	17796785	17796541	5.80e-58	228
NC_003075.7:6279022-6281551	NC_003076.8	84.170	259	15	7	1	235	19742617	19742361	5.80e-58	228
NC_003075.7:6279022-6281551	NC_003076.8	84.170	259	14	12	1	235	14082835	14082580	2.09e-57	226
NC_003075.7:6279022-6281551	NC_003076.8	84.109	258	16	7	1	235	15606601	15606346	2.09e-57	226
NC_003075.7:6279022-6281551	NC_003076.8	83.721	258	17	8	1	235	16356475	16356730	9.71e-56	220
NC_003075.7:6279022-6281551	NC_003076.8	85.088	228	18	5	594	821	20787878	20788089	3.49e-55	219
NC_003075.7:6279022-6281551	NC_003076.8	96.094	128	5	0	1130	1257	5129065	5128938	2.10e-52	209
NC_003075.7:6279022-6281551	NC_003076.8	96.094	128	5	0	1130	1257	19930787	19930660	2.10e-52	209
NC_003075.7:6279022-6281551	NC_003076.8	82.625	259	19	11	1	235	17365025	17365281	2.72e-51	206
NC_003075.7:6279022-6281551	NC_003076.8	81.413	269	14	18	1	235	9559507	9559241	9.85e-46	187
NC_003075.7:6279022-6281551	NC_003076.8	89.116	147	8	3	1	139	18853952	18854098	2.13e-42	176
NC_003075.7:6279022-6281551	NC_003076.8	97.980	99	2	0	1255	1353	5098438	5098536	2.76e-41	172
NC_003075.7:6279022-6281551	NC_003076.8	97.938	97	2	0	1255	1351	3162331	3162427	3.57e-40	169
NC_003075.7:6279022-6281551	NC_003076.8	96.970	99	3	0	1255	1353	8896744	8896646	1.28e-39	167
NC_003075.7:6279022-6281551	NC_003076.8	96.809	94	3	0	1351	1444	8683588	8683681	7.72e-37	158
NC_003075.7:6279022-6281551	NC_003076.8	96.809	94	3	0	1351	1444	14760575	14760482	7.72e-37	158
NC_003075.7:6279022-6281551	NC_003076.8	96.809	94	3	0	1351	1444	19930949	19930856	7.72e-37	158
NC_003075.7:6279022-6281551	NC_003076.8	96.809	94	3	0	1351	1444	20398350	20398443	7.72e-37	158
NC_003075.7:6279022-6281551	NC_003076.8	94.059	101	6	0	1255	1355	13678029	13677929	9.99e-36	154
NC_003075.7:6279022-6281551	NC_003076.8	95.745	94	4	0	1351	1444	5129227	5129134	3.59e-35	152
NC_003075.7:6279022-6281551	NC_003076.8	93.878	98	6	0	1255	1352	15017941	15017844	4.65e-34	148
NC_003075.7:6279022-6281551	NC_003076.8	94.792	96	3	1	1351	1444	19671355	19671450	4.65e-34	148
NC_003075.7:6279022-6281551	NC_003076.8	94.681	94	5	0	1351	1444	9591100	9591193	1.67e-33	147
NC_003075.7:6279022-6281551	NC_003076.8	95.604	91	4	0	1354	1444	9964324	9964234	1.67e-33	147
NC_003075.7:6279022-6281551	NC_003076.8	95.604	91	4	0	1354	1444	14150590	14150500	1.67e-33	147
NC_003075.7:6279022-6281551	NC_003076.8	93.617	94	6	0	1351	1444	4313224	4313317	7.78e-32	141
NC_003075.7:6279022-6281551	NC_003076.8	94.505	91	5	0	1354	1444	5429341	5429251	7.78e-32	141
NC_003075.7:6279022-6281551	NC_003076.8	93.617	94	6	0	1351	1444	7711741	7711834	7.78e-32	141
NC_003075.7:6279022-6281551	NC_003076.8	94.505	91	5	0	1354	1444	8746006	8745916	7.78e-32	141
NC_003075.7:6279022-6281551	NC_003076.8	93.617	94	6	0	1351	1444	13918186	13918093	7.78e-32	141
NC_003075.7:6279022-6281551	NC_003076.8	94.505	91	5	0	1354	1444	15605907	15605817	7.78e-32	141
NC_003075.7:6279022-6281551	NC_003076.8	93.617	94	6	0	1351	1444	16357166	16357259	7.78e-32	141
NC_003075.7:6279022-6281551	NC_003076.8	93.617	94	6	0	1351	1444	17365733	17365826	7.78e-32	141
NC_003075.7:6279022-6281551	NC_003076.8	94.505	91	5	0	1354	1444	17617991	17617901	7.78e-32	141
NC_003075.7:6279022-6281551	NC_003076.8	93.617	94	6	0	1351	1444	17776420	17776513	7.78e-32	141
NC_003075.7:6279022-6281551	NC_003076.8	94.505	91	5	0	1354	1444	19741901	19741811	7.78e-32	141
NC_003075.7:6279022-6281551	NC_003076.8	94.505	91	5	0	1354	1444	20281291	20281201	7.78e-32	141
NC_003075.7:6279022-6281551	NC_003076.8	93.407	91	6	0	1354	1444	4781537	4781447	3.62e-30	135
NC_003075.7:6279022-6281551	NC_003076.8	94.318	88	5	0	1351	1438	8766416	8766503	3.62e-30	135
NC_003075.7:6279022-6281551	NC_003076.8	93.407	91	6	0	1354	1444	20681700	20681610	3.62e-30	135
NC_003075.7:6279022-6281551	NC_003076.8	93.407	91	6	0	1354	1444	24187206	24187116	3.62e-30	135
NC_003075.7:6279022-6281551	NC_003076.8	91.837	98	4	3	1351	1444	354726	354823	1.30e-29	134
NC_003075.7:6279022-6281551	NC_003076.8	95.238	84	4	0	1264	1347	9631877	9631794	1.30e-29	134
NC_003075.7:6279022-6281551	NC_003076.8	98.649	74	1	0	1255	1328	20788741	20788814	4.68e-29	132
NC_003075.7:6279022-6281551	NC_003076.8	91.489	94	8	0	1351	1444	1897956	1897863	1.68e-28	130
NC_003075.7:6279022-6281551	NC_003076.8	90.722	97	9	0	1255	1351	14609118	14609022	1.68e-28	130
NC_003075.7:6279022-6281551	NC_003076.8	90.909	99	3	1	1	93	20398218	20398316	6.06e-28	128
NC_003075.7:6279022-6281551	NC_003076.8	90.217	92	9	0	1353	1444	14082145	14082054	1.01e-25	121
NC_003075.7:6279022-6281551	NC_003076.8	97.059	68	2	0	1255	1322	24696055	24696122	4.71e-24	115
NC_003075.7:6279022-6281551	NC_003076.8	94.366	71	3	1	2457	2527	15341283	15341214	7.89e-22	108
NC_003075.7:6279022-6281551	NC_003076.8	80.986	142	12	4	856	982	9632450	9632309	4.75e-19	99.0
NC_003075.7:6279022-6281551	NC_003076.8	96.226	53	2	0	536	588	9964378	9964326	1.03e-15	87.9
NC_003075.7:6279022-6281551	NC_003076.8	93.220	59	4	0	1031	1089	13983217	13983275	1.03e-15	87.9
NC_003075.7:6279022-6281551	NC_003076.8	96.226	53	2	0	536	588	17618045	17617993	1.03e-15	87.9
NC_003075.7:6279022-6281551	NC_003076.8	96.226	53	2	0	536	588	17776369	17776421	1.03e-15	87.9
NC_003075.7:6279022-6281551	NC_003076.8	96.226	53	2	0	536	588	18854605	18854657	1.03e-15	87.9
NC_003075.7:6279022-6281551	NC_003076.8	86.420	81	5	1	1	75	5978053	5977973	1.33e-14	84.2
NC_003075.7:6279022-6281551	NC_003076.8	84.615	91	5	4	1	85	15043428	15043341	4.78e-14	82.4
NC_003075.7:6279022-6281551	NC_003076.8	86.250	80	5	1	2	75	20280646	20280567	4.78e-14	82.4
NC_003075.7:6279022-6281551	NC_003076.8	85.000	80	6	1	2	75	9591748	9591827	2.22e-12	76.8
NC_003075.7:6279022-6281551	NC_003076.8	83.951	81	7	1	1	75	9133953	9134033	2.88e-11	73.1
NC_003075.7:6279022-6281551	NC_003076.8	95.455	44	1	1	1	43	13982135	13982178	3.72e-10	69.4
NC_003075.7:6279022-6281551	NC_003070.9	92.308	1053	70	7	1459	2508	1976136	1975092	0.0	1485
NC_003075.7:6279022-6281551	NC_003070.9	91.604	1072	69	8	1461	2528	8290557	8289503	0.0	1461
NC_003075.7:6279022-6281551	NC_003070.9	93.093	999	60	6	1459	2452	14298730	14297736	0.0	1454
NC_003075.7:6279022-6281551	NC_003070.9	92.123	1041	67	11	1459	2495	18745990	18744961	0.0	1454
NC_003075.7:6279022-6281551	NC_003070.9	92.705	987	68	2	1545	2528	17552172	17551187	0.0	1421
NC_003075.7:6279022-6281551	NC_003070.9	90.756	1071	79	9	1459	2527	12854989	12853937	0.0	1411
NC_003075.7:6279022-6281551	NC_003070.9	93.534	928	58	2	1602	2529	19172983	19172058	0.0	1380
NC_003075.7:6279022-6281551	NC_003070.9	93.420	927	59	2	1602	2528	19085920	19086844	0.0	1373
NC_003075.7:6279022-6281551	NC_003070.9	93.656	599	27	5	1	589	19085099	19085696	0.0	885
NC_003075.7:6279022-6281551	NC_003070.9	93.656	599	25	7	1	589	19173802	19173207	0.0	883
NC_003075.7:6279022-6281551	NC_003070.9	92.822	613	18	13	1	589	17552998	17552388	0.0	865
NC_003075.7:6279022-6281551	NC_003070.9	92.784	582	40	2	1949	2530	2234396	2233817	0.0	841
NC_003075.7:6279022-6281551	NC_003070.9	92.308	598	36	4	1	589	8291571	8290975	0.0	841
NC_003075.7:6279022-6281551	NC_003070.9	92.007	613	23	14	1	589	14299842	14299232	0.0	837
NC_003075.7:6279022-6281551	NC_003070.9	91.680	613	26	6	1	589	2235167	2234556	0.0	826
NC_003075.7:6279022-6281551	NC_003070.9	90.985	599	32	9	1	588	12855993	12855406	0.0	787
NC_003075.7:6279022-6281551	NC_003070.9	90.391	614	32	8	1	589	6735864	6736475	0.0	782
NC_003075.7:6279022-6281551	NC_003070.9	91.519	566	28	7	42	589	29320684	29320121	0.0	761
NC_003075.7:6279022-6281551	NC_003070.9	91.758	546	21	11	4	525	18747045	18746500	0.0	737
NC_003075.7:6279022-6281551	NC_003070.9	90.669	568	31	7	42	589	3074677	3074112	0.0	736
NC_003075.7:6279022-6281551	NC_003070.9	90.653	567	32	7	42	589	17276	17840	0.0	734
NC_003075.7:6279022-6281551	NC_003070.9	92.608	487	26	10	106	588	12563854	12563374	0.0	691
NC_003075.7:6279022-6281551	NC_003070.9	92.340	483	26	11	110	588	19329035	19328560	0.0	676
NC_003075.7:6279022-6281551	NC_003070.9	93.059	461	26	5	133	588	26171229	26170770	0.0	669
NC_003075.7:6279022-6281551	NC_003070.9	91.925	483	25	11	110	588	16824749	16825221	0.0	664
NC_003075.7:6279022-6281551	NC_003070.9	91.753	485	27	11	110	588	23213897	23214374	0.0	662
NC_003075.7:6279022-6281551	NC_003070.9	92.489	466	27	8	128	588	7035437	7035899	0.0	660
NC_003075.7:6279022-6281551	NC_003070.9	91.546	485	32	9	108	588	17900091	17900570	0.0	660
NC_003075.7:6279022-6281551	NC_003070.9	91.304	483	32	10	110	588	30255292	30254816	0.0	651
NC_003075.7:6279022-6281551	NC_003070.9	91.097	483	33	9	111	588	9867194	9866717	0.0	645
NC_003075.7:6279022-6281551	NC_003070.9	90.650	492	30	11	110	588	16807218	16807706	0.0	640
NC_003075.7:6279022-6281551	NC_003070.9	91.759	449	32	5	586	1032	13242262	13241817	8.20e-176	619
NC_003075.7:6279022-6281551	NC_003070.9	89.858	493	33	12	110	588	16806373	16806862	2.95e-175	617
NC_003075.7:6279022-6281551	NC_003070.9	93.204	412	21	7	110	517	11699927	11700335	1.07e-169	599
NC_003075.7:6279022-6281551	NC_003070.9	92.771	415	23	7	110	520	19995503	19995092	4.97e-168	593
NC_003075.7:6279022-6281551	NC_003070.9	90.508	453	34	8	586	1032	16870967	16870518	6.43e-167	590
NC_003075.7:6279022-6281551	NC_003070.9	92.512	414	25	6	110	520	4785678	4786088	2.31e-166	588
NC_003075.7:6279022-6281551	NC_003070.9	92.289	415	25	7	110	520	12329823	12329412	1.08e-164	582
NC_003075.7:6279022-6281551	NC_003070.9	92.271	414	26	6	110	520	13059054	13059464	1.08e-164	582
NC_003075.7:6279022-6281551	NC_003070.9	92.289	415	25	7	110	520	22993830	22993419	1.08e-164	582
NC_003075.7:6279022-6281551	NC_003070.9	92.289	415	25	7	110	520	30252876	30252465	1.08e-164	582
NC_003075.7:6279022-6281551	NC_003070.9	92.067	416	25	8	110	520	19062195	19062607	1.39e-163	579
NC_003075.7:6279022-6281551	NC_003070.9	92.048	415	26	7	110	520	9816441	9816852	5.00e-163	577
NC_003075.7:6279022-6281551	NC_003070.9	89.978	449	39	6	585	1032	27972949	27972506	1.80e-162	575
NC_003075.7:6279022-6281551	NC_003070.9	88.842	475	36	13	128	588	13261963	13261492	3.01e-160	568
NC_003075.7:6279022-6281551	NC_003070.9	88.223	484	29	13	110	588	8115001	8115461	8.43e-156	553
NC_003075.7:6279022-6281551	NC_003070.9	90.647	417	30	9	110	520	22450161	22450574	1.41e-153	545
NC_003075.7:6279022-6281551	NC_003070.9	92.368	380	25	4	145	520	19062922	19063301	2.36e-151	538
NC_003075.7:6279022-6281551	NC_003070.9	91.139	395	24	5	1459	1850	23174731	23175117	1.84e-147	525
NC_003075.7:6279022-6281551	NC_003070.9	91.139	395	23	5	1459	1850	29319704	29319319	1.84e-147	525
NC_003075.7:6279022-6281551	NC_003070.9	90.152	396	26	9	1459	1850	18256	18642	8.61e-141	503
NC_003075.7:6279022-6281551	NC_003070.9	88.835	412	27	9	114	520	501140	500743	2.41e-136	488
NC_003075.7:6279022-6281551	NC_003070.9	88.889	396	30	10	1459	1850	6736892	6737277	1.88e-132	475
NC_003075.7:6279022-6281551	NC_003070.9	87.848	395	35	9	1459	1850	3073696	3073312	3.16e-125	451
NC_003075.7:6279022-6281551	NC_003070.9	90.881	318	24	5	207	520	13017582	13017266	2.48e-116	422
NC_003075.7:6279022-6281551	NC_003070.9	96.875	224	7	0	1034	1257	8290175	8289952	1.96e-102	375
NC_003075.7:6279022-6281551	NC_003070.9	96.875	224	7	0	1034	1257	14298335	14298112	1.96e-102	375
NC_003075.7:6279022-6281551	NC_003070.9	96.476	227	8	0	1031	1257	19086167	19086393	1.96e-102	375
NC_003075.7:6279022-6281551	NC_003070.9	96.429	224	8	0	1034	1257	12854599	12854376	9.11e-101	370
NC_003075.7:6279022-6281551	NC_003070.9	96.429	224	8	0	1034	1257	19172733	19172510	9.11e-101	370
NC_003075.7:6279022-6281551	NC_003070.9	95.536	224	10	0	1034	1257	17551864	17551641	1.97e-97	359
NC_003075.7:6279022-6281551	NC_003070.9	95.536	224	10	0	1034	1257	18745601	18745378	1.97e-97	359
NC_003075.7:6279022-6281551	NC_003070.9	95.536	224	9	1	1034	1257	1975745	1975523	7.09e-97	357
NC_003075.7:6279022-6281551	NC_003070.9	82.103	447	44	17	589	1025	16815326	16815746	1.19e-94	350
NC_003075.7:6279022-6281551	NC_003070.9	90.456	241	21	2	586	826	5702080	5701842	1.20e-84	316
NC_003075.7:6279022-6281551	NC_003070.9	88.163	245	17	6	1	235	4785461	4785703	4.39e-74	281
NC_003075.7:6279022-6281551	NC_003070.9	88.841	233	21	4	589	821	5699960	5700187	4.39e-74	281
NC_003075.7:6279022-6281551	NC_003070.9	87.903	248	15	7	1	235	9867414	9867169	5.68e-73	278
NC_003075.7:6279022-6281551	NC_003070.9	89.140	221	21	3	587	804	24773045	24772825	2.64e-71	272
NC_003075.7:6279022-6281551	NC_003070.9	87.045	247	17	6	1	234	8490194	8489950	4.42e-69	265
NC_003075.7:6279022-6281551	NC_003070.9	86.800	250	9	8	1	226	3074944	3074695	7.40e-67	257
NC_003075.7:6279022-6281551	NC_003070.9	85.714	259	11	11	1	235	19995734	19995478	1.24e-64	250
NC_003075.7:6279022-6281551	NC_003070.9	85.714	259	11	7	1	235	23213666	23213922	1.24e-64	250
NC_003075.7:6279022-6281551	NC_003070.9	86.066	244	17	9	1	235	16903800	16904035	1.60e-63	246
NC_003075.7:6279022-6281551	NC_003070.9	85.328	259	12	11	1	235	16824518	16824774	5.76e-63	244
NC_003075.7:6279022-6281551	NC_003070.9	85.328	259	12	12	1	235	30253107	30252851	5.76e-63	244
NC_003075.7:6279022-6281551	NC_003070.9	85.328	259	11	14	1	235	12330053	12329798	2.07e-62	243
NC_003075.7:6279022-6281551	NC_003070.9	84.942	259	13	11	1	235	8114770	8115026	2.68e-61	239
NC_003075.7:6279022-6281551	NC_003070.9	85.000	260	12	12	1	235	11737393	11737136	2.68e-61	239
NC_003075.7:6279022-6281551	NC_003070.9	84.942	259	13	11	1	235	12364135	12364391	2.68e-61	239
NC_003075.7:6279022-6281551	NC_003070.9	84.942	259	13	11	1	235	19466949	19466693	2.68e-61	239
NC_003075.7:6279022-6281551	NC_003070.9	86.192	239	10	5	1	216	3910601	3910363	9.64e-61	237
NC_003075.7:6279022-6281551	NC_003070.9	84.884	258	14	7	1	235	19061965	19062220	9.64e-61	237
NC_003075.7:6279022-6281551	NC_003070.9	84.556	259	14	12	1	235	9816210	9816466	1.25e-59	233
NC_003075.7:6279022-6281551	NC_003070.9	84.556	259	14	7	1	235	15939323	15939579	1.25e-59	233
NC_003075.7:6279022-6281551	NC_003070.9	84.556	259	14	11	1	235	16325444	16325700	1.25e-59	233
NC_003075.7:6279022-6281551	NC_003070.9	84.556	259	13	13	1	235	18790927	18791182	4.49e-59	231
NC_003075.7:6279022-6281551	NC_003070.9	84.170	259	15	7	1	235	26171480	26171224	5.80e-58	228
NC_003075.7:6279022-6281551	NC_003070.9	84.047	257	17	9	1	235	11699698	11699952	2.09e-57	226
NC_003075.7:6279022-6281551	NC_003070.9	84.615	247	14	6	1	224	23554439	23554194	7.51e-57	224
NC_003075.7:6279022-6281551	NC_003070.9	84.047	257	16	7	1	234	25963257	25963003	7.51e-57	224
NC_003075.7:6279022-6281551	NC_003070.9	83.721	258	17	12	1	235	12564081	12563826	9.71e-56	220
NC_003075.7:6279022-6281551	NC_003070.9	83.784	259	15	14	1	235	22622305	22622050	9.71e-56	220
NC_003075.7:6279022-6281551	NC_003070.9	94.531	128	7	0	1130	1257	2234396	2234269	4.55e-49	198
NC_003075.7:6279022-6281551	NC_003070.9	84.343	198	10	4	393	588	18791324	18791502	7.67e-42	174
NC_003075.7:6279022-6281551	NC_003070.9	86.928	153	20	0	595	747	16816219	16816371	2.76e-41	172
NC_003075.7:6279022-6281551	NC_003070.9	97.030	101	3	0	1255	1355	5700984	5701084	9.92e-41	171
NC_003075.7:6279022-6281551	NC_003070.9	96.809	94	3	0	1351	1444	2234558	2234465	7.72e-37	158
NC_003075.7:6279022-6281551	NC_003070.9	96.809	94	3	0	1351	1444	3074114	3074021	7.72e-37	158
NC_003075.7:6279022-6281551	NC_003070.9	96.809	94	3	0	1351	1444	17552390	17552297	7.72e-37	158
NC_003075.7:6279022-6281551	NC_003070.9	96.809	94	3	0	1351	1444	18746409	18746316	7.72e-37	158
NC_003075.7:6279022-6281551	NC_003070.9	92.523	107	8	0	1255	1361	13241537	13241431	9.99e-36	154
NC_003075.7:6279022-6281551	NC_003070.9	95.745	94	4	0	1351	1444	8290977	8290884	3.59e-35	152
NC_003075.7:6279022-6281551	NC_003070.9	95.745	94	4	0	1351	1444	14299234	14299141	3.59e-35	152
NC_003075.7:6279022-6281551	NC_003070.9	95.745	94	4	0	1351	1444	23174312	23174405	3.59e-35	152
NC_003075.7:6279022-6281551	NC_003070.9	95.745	94	4	0	1351	1444	29320123	29320030	3.59e-35	152
NC_003075.7:6279022-6281551	NC_003070.9	95.745	94	3	1	1351	1444	17838	17930	1.29e-34	150
NC_003075.7:6279022-6281551	NC_003070.9	96.629	89	3	0	1354	1442	12855404	12855316	4.65e-34	148
NC_003075.7:6279022-6281551	NC_003070.9	94.681	94	5	0	1351	1444	16326151	16326244	1.67e-33	147
NC_003075.7:6279022-6281551	NC_003070.9	94.681	94	5	0	1351	1444	19085694	19085787	1.67e-33	147
NC_003075.7:6279022-6281551	NC_003070.9	93.814	97	6	0	1258	1354	24772273	24772177	1.67e-33	147
NC_003075.7:6279022-6281551	NC_003070.9	95.604	91	4	0	1354	1444	30252413	30252323	1.67e-33	147
NC_003075.7:6279022-6281551	NC_003070.9	95.506	89	4	0	1354	1442	1976552	1976464	2.16e-32	143
NC_003075.7:6279022-6281551	NC_003070.9	95.556	90	3	1	2441	2530	14296518	14296430	2.16e-32	143
NC_003075.7:6279022-6281551	NC_003070.9	94.505	91	5	0	1354	1444	12329360	12329270	7.78e-32	141
NC_003075.7:6279022-6281551	NC_003070.9	93.617	94	6	0	1351	1444	13059513	13059606	7.78e-32	141
NC_003075.7:6279022-6281551	NC_003070.9	93.617	94	6	0	1351	1444	15939801	15939894	7.78e-32	141
NC_003075.7:6279022-6281551	NC_003070.9	93.617	94	6	0	1351	1444	19173209	19173116	7.78e-32	141
NC_003075.7:6279022-6281551	NC_003070.9	94.505	91	5	0	1354	1444	19466238	19466148	7.78e-32	141
NC_003075.7:6279022-6281551	NC_003070.9	94.505	91	5	0	1354	1444	26170768	26170678	7.78e-32	141
NC_003075.7:6279022-6281551	NC_003070.9	91.919	99	8	0	1255	1353	13640161	13640259	2.80e-31	139
NC_003075.7:6279022-6281551	NC_003070.9	92.553	94	7	0	1351	1444	12364841	12364934	3.62e-30	135
NC_003075.7:6279022-6281551	NC_003070.9	93.407	91	6	0	1354	1444	12563372	12563282	3.62e-30	135
NC_003075.7:6279022-6281551	NC_003070.9	92.553	94	7	0	1351	1444	16825220	16825313	3.62e-30	135
NC_003075.7:6279022-6281551	NC_003070.9	93.407	91	6	0	1354	1444	19328558	19328468	3.62e-30	135
NC_003075.7:6279022-6281551	NC_003070.9	92.553	94	6	1	1351	1444	23214373	23214465	1.30e-29	134
NC_003075.7:6279022-6281551	NC_003070.9	91.489	94	8	0	1351	1444	18791501	18791594	1.68e-28	130
NC_003075.7:6279022-6281551	NC_003070.9	93.182	88	6	0	1351	1438	19063350	19063437	1.68e-28	130
NC_003075.7:6279022-6281551	NC_003070.9	91.209	91	8	0	1354	1444	9866715	9866625	7.83e-27	124
NC_003075.7:6279022-6281551	NC_003070.9	90.426	94	9	0	1351	1444	17900569	17900662	7.83e-27	124
NC_003075.7:6279022-6281551	NC_003070.9	91.209	91	8	0	1354	1444	30254814	30254724	7.83e-27	124
NC_003075.7:6279022-6281551	NC_003070.9	94.444	72	3	1	2457	2528	18661	18731	2.19e-22	110
NC_003075.7:6279022-6281551	NC_003070.9	95.588	68	3	0	2461	2528	6737299	6737366	2.19e-22	110
NC_003075.7:6279022-6281551	NC_003070.9	94.444	72	3	1	2457	2528	23175136	23175206	2.19e-22	110
NC_003075.7:6279022-6281551	NC_003070.9	96.226	53	2	0	536	588	22450572	22450624	1.03e-15	87.9
NC_003075.7:6279022-6281551	NC_003070.9	96.226	53	2	0	536	588	22993421	22993369	1.03e-15	87.9
NC_003075.7:6279022-6281551	NC_003070.9	96.226	53	2	0	536	588	30252467	30252415	1.03e-15	87.9
NC_003075.7:6279022-6281551	NC_003070.9	86.250	80	5	1	2	75	30251767	30251688	4.78e-14	82.4
NC_003075.7:6279022-6281551	NC_003070.9	85.185	81	6	2	1	75	16998955	16998875	6.19e-13	78.7
NC_003075.7:6279022-6281551	NC_003070.9	85.185	81	6	1	1	75	18790103	18790183	6.19e-13	78.7
NC_003075.7:6279022-6281551	NC_003070.9	85.185	81	6	3	1	75	19724755	19724835	6.19e-13	78.7
NC_003075.7:6279022-6281551	NC_003070.9	84.810	79	7	2	2	75	12328714	12328636	8.00e-12	75.0
NC_003075.7:6279022-6281551	NC_003070.9	97.674	43	1	0	1	43	12876928	12876886	8.00e-12	75.0
NC_003075.7:6279022-6281551	NC_003070.9	82.955	88	6	4	4	85	22621378	22621294	1.04e-10	71.3
NC_003075.7:6279022-6281551	NC_003070.9	82.716	81	8	1	1	75	3413553	3413633	1.34e-09	67.6
NC_003075.7:6279022-6281551	NC_003070.9	97.368	38	0	1	2457	2494	29319300	29319264	1.73e-08	63.9
NC_003075.7:4977420-4978405	NC_003075.7	100.000	986	0	0	1	986	4978405	4977420	0.0	1821
NC_003075.7:4977420-4978405	NC_003075.7	76.158	1036	175	58	1	986	3645668	3644655	5.57e-134	479
NC_003075.7:4977420-4978405	NC_003075.7	79.618	314	52	11	174	480	4235128	4234820	1.73e-54	215
NC_003075.7:4977420-4978405	NC_003075.7	87.736	106	10	3	882	985	4668748	4668644	3.89e-26	121
NC_003075.7:4977420-4978405	NC_003075.7	85.714	105	14	1	882	985	4700861	4700757	8.42e-23	110
NC_003075.7:4977420-4978405	NC_003070.9	80.480	999	146	39	4	985	13995916	13994950	0.0	719
NC_003075.7:4977420-4978405	NC_003070.9	78.143	1034	154	57	1	986	16886831	16885822	6.85e-168	592
NC_003075.7:4977420-4978405	NC_003070.9	75.993	579	110	24	168	731	14063130	14063694	1.01e-71	272
NC_003075.7:4977420-4978405	NC_003070.9	82.278	316	53	3	175	488	16868655	16868969	3.65e-71	270
NC_003075.7:4977420-4978405	NC_003070.9	75.514	584	107	33	168	729	16111532	16112101	3.67e-66	254
NC_003075.7:4977420-4978405	NC_003070.9	75.641	546	105	25	168	697	15820343	15820876	6.15e-64	246
NC_003075.7:4977420-4978405	NC_003070.9	74.194	589	108	39	168	730	13348593	13349163	1.04e-51	206
NC_003075.7:4977420-4978405	NC_003070.9	82.126	207	32	4	168	369	14485686	14485892	1.06e-41	172
NC_003075.7:4977420-4978405	NC_003074.8	83.267	759	104	12	230	977	11623010	11623756	0.0	676
NC_003075.7:4977420-4978405	NC_003074.8	78.564	1017	164	47	4	985	14496502	14495505	8.74e-177	621
NC_003075.7:4977420-4978405	NC_003074.8	75.657	1027	177	62	1	977	12172789	12173792	2.03e-123	444
NC_003075.7:4977420-4978405	NC_003076.8	77.215	1027	168	59	1	985	12779412	12778410	2.52e-152	540
NC_003075.7:4977420-4978405	NC_003076.8	77.118	1027	171	59	1	985	13014621	13015625	3.26e-151	536
NC_003075.7:4977420-4978405	NC_003076.8	76.885	1021	165	61	6	985	12991750	12992740	5.49e-144	512
NC_003075.7:4977420-4978405	NC_003076.8	76.176	1020	179	56	1	976	12372865	12371866	5.57e-134	479
NC_003075.7:4977420-4978405	NC_003076.8	76.039	1035	175	57	1	985	12336577	12335566	3.35e-131	470
NC_003075.7:4977420-4978405	NC_003076.8	80.931	451	71	14	30	471	13191657	13192101	7.62e-93	342
NC_003075.7:4977420-4978405	NC_003076.8	75.856	584	105	33	168	729	14258191	14258760	1.70e-69	265
NC_003075.7:4977420-4978405	NC_003076.8	84.746	177	23	3	174	346	12800426	12800250	2.94e-42	174
NC_003075.7:4977420-4978405	NC_003076.8	84.746	177	23	3	174	346	12842395	12842219	2.94e-42	174
NC_003075.7:4977420-4978405	NC_003076.8	88.571	105	11	1	882	985	12783112	12783008	8.36e-28	126
NC_003075.7:4977420-4978405	NC_003071.7	82.507	343	47	13	1	334	5150269	5150607	1.01e-76	289
NC_003075.7:4977420-4978405	NC_003071.7	83.394	277	34	12	1	270	4150376	4150105	6.15e-64	246
NC_003075.7:4977420-4978405	NC_003071.7	85.143	175	22	3	174	344	2701210	2701036	8.18e-43	176
NC_003075.7:4977420-4978405	NC_003071.7	88.462	104	11	1	882	984	2399426	2399529	3.01e-27	124
NC_003075.7:4977420-4978405	NC_003071.7	84.426	122	17	2	174	294	4585079	4584959	1.40e-25	119
NC_003075.7:4977420-4978405	NC_003071.7	86.792	106	13	1	882	986	2699413	2699308	5.03e-25	117
