NC_003070.9:16965847-16968238	NC_003070.9	100.000	2392	0	0	1	2392	16968238	16965847	0.0	4418
NC_003070.9:16965847-16968238	NC_003070.9	93.774	1590	61	19	1	1561	7281722	7283302	0.0	2353
NC_003070.9:16965847-16968238	NC_003070.9	93.552	1613	46	27	1	1563	20972073	20973677	0.0	2350
NC_003070.9:16965847-16968238	NC_003070.9	93.482	1611	49	22	2	1563	11706451	11708054	0.0	2342
NC_003070.9:16965847-16968238	NC_003070.9	92.733	1610	52	30	1	1561	11410300	11408707	0.0	2265
NC_003070.9:16965847-16968238	NC_003070.9	92.436	1613	64	21	1	1563	16593135	16591531	0.0	2250
NC_003070.9:16965847-16968238	NC_003070.9	88.705	1629	94	25	1	1563	16987734	16989338	0.0	1906
NC_003070.9:16965847-16968238	NC_003070.9	94.714	927	18	9	1	898	26781147	26780223	0.0	1411
NC_003070.9:16965847-16968238	NC_003070.9	93.829	713	28	4	1	711	758590	759288	0.0	1059
NC_003070.9:16965847-16968238	NC_003070.9	95.625	640	28	0	1576	2215	11708192	11708831	0.0	1027
NC_003070.9:16965847-16968238	NC_003070.9	95.312	640	30	0	1576	2215	7283442	7284081	0.0	1016
NC_003070.9:16965847-16968238	NC_003070.9	94.504	655	32	4	1579	2231	11408395	11407743	0.0	1007
NC_003070.9:16965847-16968238	NC_003070.9	96.072	611	23	1	1576	2185	759895	760505	0.0	994
NC_003070.9:16965847-16968238	NC_003070.9	94.557	643	35	0	1576	2218	16591393	16590751	0.0	994
NC_003070.9:16965847-16968238	NC_003070.9	94.168	583	28	5	1637	2218	20973725	20974302	0.0	883
NC_003070.9:16965847-16968238	NC_003070.9	96.304	514	17	2	1207	1718	26780214	26779701	0.0	843
NC_003070.9:16965847-16968238	NC_003070.9	92.055	579	46	0	1637	2215	16989369	16989947	0.0	815
NC_003070.9:16965847-16968238	NC_003070.9	82.966	998	56	36	524	1416	16261098	16262086	0.0	797
NC_003070.9:16965847-16968238	NC_003070.9	95.624	457	18	2	1107	1563	759310	759764	0.0	732
NC_003070.9:16965847-16968238	NC_003070.9	93.966	464	27	1	1756	2219	26779719	26779257	0.0	701
NC_003070.9:16965847-16968238	NC_003070.9	94.928	414	21	0	1576	1989	11408567	11408154	0.0	649
NC_003070.9:16965847-16968238	NC_003070.9	86.528	579	52	22	172	738	13346424	13345860	3.60e-174	614
NC_003070.9:16965847-16968238	NC_003070.9	87.640	534	37	10	1	532	16259818	16260324	4.70e-168	593
NC_003070.9:16965847-16968238	NC_003070.9	91.220	410	35	1	1806	2215	16262144	16262552	6.16e-157	556
NC_003070.9:16965847-16968238	NC_003070.9	92.351	353	26	1	1637	1989	11408674	11408323	2.93e-140	501
NC_003070.9:16965847-16968238	NC_003070.9	91.714	350	28	1	1637	1986	7283335	7283683	2.95e-135	484
NC_003070.9:16965847-16968238	NC_003070.9	91.143	350	23	2	1637	1986	759795	760136	2.97e-130	468
NC_003070.9:16965847-16968238	NC_003070.9	90.857	350	31	1	1637	1986	11708085	11708433	2.97e-130	468
NC_003070.9:16965847-16968238	NC_003070.9	92.857	322	18	5	1	321	16699390	16699073	1.38e-128	462
NC_003070.9:16965847-16968238	NC_003070.9	90.286	350	33	1	1640	1989	16591497	16591149	6.43e-127	457
NC_003070.9:16965847-16968238	NC_003070.9	91.641	323	26	1	1872	2194	16690105	16689784	1.39e-123	446
NC_003070.9:16965847-16968238	NC_003070.9	96.327	245	9	0	1576	1820	11708361	11708605	8.49e-111	403
NC_003070.9:16965847-16968238	NC_003070.9	95.918	245	10	0	1576	1820	760064	760308	3.95e-109	398
NC_003070.9:16965847-16968238	NC_003070.9	95.918	245	10	0	1576	1820	7283611	7283855	3.95e-109	398
NC_003070.9:16965847-16968238	NC_003070.9	95.510	245	11	0	1576	1820	11408229	11407985	1.84e-107	392
NC_003070.9:16965847-16968238	NC_003070.9	95.102	245	12	0	1576	1820	16591224	16590980	8.55e-106	387
NC_003070.9:16965847-16968238	NC_003070.9	78.092	671	93	38	149	799	16802996	16803632	1.85e-102	375
NC_003070.9:16965847-16968238	NC_003070.9	94.286	245	12	1	1576	1820	20973832	20974074	6.66e-102	374
NC_003070.9:16965847-16968238	NC_003070.9	93.061	245	17	0	1576	1820	16989477	16989721	1.86e-97	359
NC_003070.9:16965847-16968238	NC_003070.9	92.653	245	18	0	1576	1820	16966494	16966250	8.67e-96	353
NC_003070.9:16965847-16968238	NC_003070.9	92.653	245	18	0	1745	1989	16966663	16966419	8.67e-96	353
NC_003070.9:16965847-16968238	NC_003070.9	92.308	234	18	0	1587	1820	26779719	26779486	1.13e-89	333
NC_003070.9:16965847-16968238	NC_003070.9	93.478	184	11	1	1806	1989	11408674	11408492	2.50e-71	272
NC_003070.9:16965847-16968238	NC_003070.9	92.973	185	11	2	1806	1989	16989369	16989552	3.23e-70	268
NC_003070.9:16965847-16968238	NC_003070.9	91.713	181	14	1	1809	1989	16591497	16591318	1.17e-64	250
NC_003070.9:16965847-16968238	NC_003070.9	90.761	184	17	0	1637	1820	16262144	16262327	1.51e-63	246
NC_003070.9:16965847-16968238	NC_003070.9	90.608	181	16	1	1806	1986	11708085	11708264	2.53e-61	239
NC_003070.9:16965847-16968238	NC_003070.9	89.503	181	11	2	1806	1986	759795	759967	2.55e-56	222
NC_003070.9:16965847-16968238	NC_003070.9	92.199	141	10	1	1748	1887	26779841	26779701	4.30e-49	198
NC_003070.9:16965847-16968238	NC_003070.9	98.630	73	1	0	1576	1648	7283780	7283852	1.59e-28	130
NC_003070.9:16965847-16968238	NC_003070.9	98.630	73	1	0	1576	1648	11708530	11708602	1.59e-28	130
NC_003070.9:16965847-16968238	NC_003070.9	94.737	76	4	0	1576	1651	16591055	16590980	3.44e-25	119
NC_003070.9:16965847-16968238	NC_003070.9	94.521	73	4	0	1579	1651	11408057	11407985	1.60e-23	113
NC_003070.9:16965847-16968238	NC_003070.9	93.421	76	5	0	1576	1651	26779561	26779486	1.60e-23	113
NC_003070.9:16965847-16968238	NC_003070.9	92.105	76	6	0	1576	1651	16966325	16966250	7.46e-22	108
NC_003070.9:16965847-16968238	NC_003070.9	92.105	76	6	0	1914	1989	16966663	16966588	7.46e-22	108
NC_003070.9:16965847-16968238	NC_003070.9	91.781	73	6	0	1576	1648	16262252	16262324	3.47e-20	102
NC_003070.9:16965847-16968238	NC_003070.9	94.030	67	4	0	1923	1989	26779721	26779655	3.47e-20	102
NC_003070.9:16965847-16968238	NC_003070.9	91.892	74	5	1	1917	1989	26779841	26779768	3.47e-20	102
NC_003070.9:16965847-16968238	NC_003076.8	95.660	2235	73	7	1	2215	13547011	13549241	0.0	3568
NC_003070.9:16965847-16968238	NC_003076.8	94.920	2244	79	17	2	2215	15387839	15385601	0.0	3480
NC_003070.9:16965847-16968238	NC_003076.8	94.178	2250	83	22	1	2215	14002784	14005020	0.0	3386
NC_003070.9:16965847-16968238	NC_003076.8	93.793	1595	60	19	1	1563	3116667	3115080	0.0	2361
NC_003070.9:16965847-16968238	NC_003076.8	93.490	1613	50	21	1	1563	2603153	2604760	0.0	2346
NC_003070.9:16965847-16968238	NC_003076.8	93.474	1609	51	18	4	1563	26485402	26483799	0.0	2340
NC_003070.9:16965847-16968238	NC_003076.8	93.754	1585	45	23	27	1563	2189188	2187610	0.0	2329
NC_003070.9:16965847-16968238	NC_003076.8	93.061	1614	55	14	1	1563	14846589	14848196	0.0	2307
NC_003070.9:16965847-16968238	NC_003076.8	92.600	1608	68	31	1	1563	13621995	13620394	0.0	2263
NC_003070.9:16965847-16968238	NC_003076.8	96.965	1186	35	1	1207	2392	10211029	10212213	0.0	1989
NC_003070.9:16965847-16968238	NC_003076.8	92.888	928	17	14	1	898	10210112	10211020	0.0	1303
NC_003070.9:16965847-16968238	NC_003076.8	94.109	713	26	4	1	711	19418948	19419646	0.0	1070
NC_003070.9:16965847-16968238	NC_003076.8	95.312	640	29	1	1576	2215	19420252	19420890	0.0	1014
NC_003070.9:16965847-16968238	NC_003076.8	94.688	640	34	0	1576	2215	26483661	26483022	0.0	994
NC_003070.9:16965847-16968238	NC_003076.8	94.531	640	35	0	1576	2215	3114942	3114303	0.0	989
NC_003070.9:16965847-16968238	NC_003076.8	94.219	640	36	1	1576	2215	13620256	13619618	0.0	976
NC_003070.9:16965847-16968238	NC_003076.8	93.779	643	36	2	1576	2218	2187472	2186834	0.0	963
NC_003070.9:16965847-16968238	NC_003076.8	93.385	650	42	1	1576	2225	2604898	2605546	0.0	961
NC_003070.9:16965847-16968238	NC_003076.8	92.255	581	41	4	1637	2215	14848227	14848805	0.0	821
NC_003070.9:16965847-16968238	NC_003076.8	96.280	457	14	3	1107	1563	19419668	19420121	0.0	747
NC_003070.9:16965847-16968238	NC_003076.8	86.054	631	54	11	208	807	13608006	13607379	0.0	647
NC_003070.9:16965847-16968238	NC_003076.8	83.537	656	81	18	186	829	9827928	9827288	2.18e-166	588
NC_003070.9:16965847-16968238	NC_003076.8	92.754	345	22	2	1637	1981	2187579	2187238	1.36e-138	496
NC_003070.9:16965847-16968238	NC_003076.8	91.268	355	30	1	1635	1989	3115051	3114698	1.06e-134	483
NC_003070.9:16965847-16968238	NC_003076.8	91.143	350	30	1	1637	1986	2604791	2605139	6.38e-132	473
NC_003070.9:16965847-16968238	NC_003076.8	90.678	354	30	3	1637	1989	13620363	13620012	2.97e-130	468
NC_003070.9:16965847-16968238	NC_003076.8	90.857	350	24	2	1637	1986	19420152	19420493	1.38e-128	462
NC_003070.9:16965847-16968238	NC_003076.8	89.802	353	35	1	1637	1989	26483768	26483417	2.99e-125	451
NC_003070.9:16965847-16968238	NC_003076.8	96.032	252	10	0	1576	1827	2605067	2605318	5.08e-113	411
NC_003070.9:16965847-16968238	NC_003076.8	95.918	245	10	0	1576	1820	26483492	26483248	3.95e-109	398
NC_003070.9:16965847-16968238	NC_003076.8	95.510	245	11	0	1576	1820	19420421	19420665	1.84e-107	392
NC_003070.9:16965847-16968238	NC_003076.8	95.142	247	10	2	1576	1820	14848334	14848580	2.38e-106	388
NC_003070.9:16965847-16968238	NC_003076.8	95.102	245	12	0	1576	1820	3114773	3114529	8.55e-106	387
NC_003070.9:16965847-16968238	NC_003076.8	94.694	245	13	0	1576	1820	10211566	10211810	3.98e-104	381
NC_003070.9:16965847-16968238	NC_003076.8	94.286	245	12	1	1576	1820	2187305	2187063	6.66e-102	374
NC_003070.9:16965847-16968238	NC_003076.8	94.286	245	13	1	1576	1820	13620087	13619844	6.66e-102	374
NC_003070.9:16965847-16968238	NC_003076.8	93.469	245	16	0	1576	1820	15386071	15385827	4.01e-99	364
NC_003070.9:16965847-16968238	NC_003076.8	93.061	245	17	0	1745	1989	10211397	10211641	1.86e-97	359
NC_003070.9:16965847-16968238	NC_003076.8	92.683	246	18	0	1576	1821	14004560	14004805	2.41e-96	355
NC_003070.9:16965847-16968238	NC_003076.8	92.276	246	17	2	1745	1989	13548602	13548846	4.04e-94	348
NC_003070.9:16965847-16968238	NC_003076.8	91.903	247	20	0	1743	1989	15386242	15385996	1.45e-93	346
NC_003070.9:16965847-16968238	NC_003076.8	91.429	245	21	0	1576	1820	13548771	13549015	8.74e-91	337
NC_003070.9:16965847-16968238	NC_003076.8	89.388	245	26	0	1745	1989	14004391	14004635	1.90e-82	309
NC_003070.9:16965847-16968238	NC_003076.8	92.473	186	13	1	1804	1989	3115051	3114867	4.18e-69	265
NC_003070.9:16965847-16968238	NC_003076.8	91.848	184	14	1	1806	1989	13620363	13620181	2.52e-66	255
NC_003070.9:16965847-16968238	NC_003076.8	91.803	183	12	2	1806	1986	14848227	14848408	3.26e-65	252
NC_003070.9:16965847-16968238	NC_003076.8	91.713	181	14	1	1806	1986	2604791	2604970	1.17e-64	250
NC_003070.9:16965847-16968238	NC_003076.8	89.683	126	10	3	860	982	14658553	14658428	7.30e-37	158
NC_003070.9:16965847-16968238	NC_003076.8	95.181	83	4	0	1576	1658	2605236	2605318	4.42e-29	132
NC_003070.9:16965847-16968238	NC_003076.8	97.403	77	2	0	1576	1652	14004729	14004805	4.42e-29	132
NC_003070.9:16965847-16968238	NC_003076.8	98.630	73	1	0	1576	1648	10211735	10211807	1.59e-28	130
NC_003070.9:16965847-16968238	NC_003076.8	97.260	73	2	0	1576	1648	13548940	13549012	7.40e-27	124
NC_003070.9:16965847-16968238	NC_003076.8	96.053	76	3	0	1576	1651	13619919	13619844	7.40e-27	124
NC_003070.9:16965847-16968238	NC_003076.8	96.053	76	3	0	1576	1651	15385902	15385827	7.40e-27	124
NC_003070.9:16965847-16968238	NC_003076.8	96.053	76	3	0	1576	1651	26483323	26483248	7.40e-27	124
NC_003070.9:16965847-16968238	NC_003076.8	95.890	73	3	0	1576	1648	19420590	19420662	3.44e-25	119
NC_003070.9:16965847-16968238	NC_003076.8	94.521	73	4	0	1576	1648	14848505	14848577	1.60e-23	113
NC_003070.9:16965847-16968238	NC_003076.8	92.208	77	5	1	1914	1989	10211397	10211473	7.46e-22	108
NC_003070.9:16965847-16968238	NC_003076.8	91.026	78	7	0	1912	1989	15386242	15386165	2.68e-21	106
NC_003070.9:16965847-16968238	NC_003074.8	95.013	2266	72	20	1	2237	10509520	10511773	0.0	3520
NC_003070.9:16965847-16968238	NC_003074.8	93.424	1612	51	17	1	1563	12661999	12660394	0.0	2338
NC_003070.9:16965847-16968238	NC_003074.8	88.466	1656	85	36	1	1563	17070822	17069180	0.0	1903
NC_003070.9:16965847-16968238	NC_003074.8	91.743	981	30	14	1	932	16213447	16212469	0.0	1315
NC_003070.9:16965847-16968238	NC_003074.8	95.156	640	30	1	1576	2215	12660256	12659618	0.0	1009
NC_003070.9:16965847-16968238	NC_003074.8	90.692	419	30	5	1806	2218	17069149	17068734	1.03e-154	549
NC_003070.9:16965847-16968238	NC_003074.8	91.501	353	29	1	1637	1989	12660363	12660012	2.95e-135	484
NC_003070.9:16965847-16968238	NC_003074.8	95.918	245	10	0	1576	1820	12660087	12659843	3.95e-109	398
NC_003070.9:16965847-16968238	NC_003074.8	93.061	245	17	0	1745	1989	10511112	10511356	1.86e-97	359
NC_003070.9:16965847-16968238	NC_003074.8	92.245	245	19	0	1576	1820	10511281	10511525	4.04e-94	348
NC_003070.9:16965847-16968238	NC_003074.8	92.391	184	13	1	1806	1989	12660363	12660181	5.41e-68	261
NC_003070.9:16965847-16968238	NC_003074.8	92.391	184	13	1	1637	1820	17069149	17068967	5.41e-68	261
NC_003070.9:16965847-16968238	NC_003074.8	93.333	120	8	0	1	120	4289110	4288991	5.60e-43	178
NC_003070.9:16965847-16968238	NC_003074.8	95.890	73	3	0	1576	1648	10511450	10511522	3.44e-25	119
NC_003070.9:16965847-16968238	NC_003074.8	94.737	76	4	0	1576	1651	12659918	12659843	3.44e-25	119
NC_003070.9:16965847-16968238	NC_003074.8	93.151	73	5	0	1914	1986	10511112	10511184	7.46e-22	108
NC_003070.9:16965847-16968238	NC_003071.7	93.473	1762	60	12	77	1811	5872085	5870352	0.0	2566
NC_003070.9:16965847-16968238	NC_003071.7	93.587	1606	55	16	1	1563	6680829	6679229	0.0	2351
NC_003070.9:16965847-16968238	NC_003071.7	93.176	1612	54	18	1	1563	10018073	10019677	0.0	2316
NC_003070.9:16965847-16968238	NC_003071.7	92.117	1611	61	20	1	1563	6855036	6853444	0.0	2211
NC_003070.9:16965847-16968238	NC_003071.7	91.820	1626	61	17	1	1563	8420556	8422172	0.0	2200
NC_003070.9:16965847-16968238	NC_003071.7	84.535	1345	133	34	184	1469	3196035	3197363	0.0	1262
NC_003070.9:16965847-16968238	NC_003071.7	95.963	644	25	1	1576	2218	6679091	6678448	0.0	1044
NC_003070.9:16965847-16968238	NC_003071.7	95.625	640	28	0	1576	2215	6853306	6852667	0.0	1027
NC_003070.9:16965847-16968238	NC_003071.7	95.307	618	29	0	1576	2193	8422310	8422927	0.0	981
NC_003070.9:16965847-16968238	NC_003071.7	93.906	640	39	0	1576	2215	10019816	10020455	0.0	966
NC_003070.9:16965847-16968238	NC_003071.7	86.648	704	56	17	184	857	6205747	6206442	0.0	745
NC_003070.9:16965847-16968238	NC_003071.7	85.162	647	55	20	192	807	5114200	5113564	1.66e-177	625
NC_003070.9:16965847-16968238	NC_003071.7	94.819	386	19	1	1830	2215	5869810	5869426	2.81e-170	601
NC_003070.9:16965847-16968238	NC_003071.7	80.148	811	108	32	1	802	4146747	4147513	6.16e-157	556
NC_003070.9:16965847-16968238	NC_003071.7	92.286	350	26	1	1640	1989	6853410	6853062	1.36e-138	496
NC_003070.9:16965847-16968238	NC_003071.7	91.714	350	28	1	1637	1986	8422203	8422551	2.95e-135	484
NC_003070.9:16965847-16968238	NC_003071.7	84.677	496	57	10	184	673	6523491	6523009	4.93e-133	477
NC_003070.9:16965847-16968238	NC_003071.7	90.935	353	31	1	1637	1989	6679198	6678847	6.38e-132	473
NC_003070.9:16965847-16968238	NC_003071.7	90.571	350	32	1	1637	1986	10019709	10020057	1.38e-128	462
NC_003070.9:16965847-16968238	NC_003071.7	80.374	642	85	23	198	833	4097137	4097743	1.08e-124	449
NC_003070.9:16965847-16968238	NC_003071.7	77.987	745	120	32	272	983	4022553	4021820	5.04e-118	427
NC_003070.9:16965847-16968238	NC_003071.7	96.735	245	8	0	1576	1820	6678922	6678678	1.83e-112	409
NC_003070.9:16965847-16968238	NC_003071.7	96.327	245	9	0	1576	1820	6853137	6852893	8.49e-111	403
NC_003070.9:16965847-16968238	NC_003071.7	95.918	245	10	0	1576	1820	8422479	8422723	3.95e-109	398
NC_003070.9:16965847-16968238	NC_003071.7	95.102	245	12	0	1576	1820	10019985	10020229	8.55e-106	387
NC_003070.9:16965847-16968238	NC_003071.7	87.629	291	35	1	1925	2215	3211985	3212274	8.74e-91	337
NC_003070.9:16965847-16968238	NC_003071.7	91.102	236	21	0	1745	1980	5870587	5870352	8.80e-86	320
NC_003070.9:16965847-16968238	NC_003071.7	92.818	181	12	1	1809	1989	6853410	6853231	5.41e-68	261
NC_003070.9:16965847-16968238	NC_003071.7	95.625	160	5	2	508	666	7153704	7153546	2.52e-66	255
NC_003070.9:16965847-16968238	NC_003071.7	86.695	233	23	8	473	702	3196870	3197097	3.26e-65	252
NC_003070.9:16965847-16968238	NC_003071.7	91.713	181	14	1	1806	1986	8422203	8422382	1.17e-64	250
NC_003070.9:16965847-16968238	NC_003071.7	91.713	181	14	1	1806	1986	10019709	10019888	1.17e-64	250
NC_003070.9:16965847-16968238	NC_003071.7	90.761	184	16	1	1806	1989	6679198	6679016	5.45e-63	244
NC_003070.9:16965847-16968238	NC_003071.7	93.125	160	11	0	1661	1820	5869810	5869651	3.28e-60	235
NC_003070.9:16965847-16968238	NC_003071.7	86.869	198	21	3	990	1183	6206033	6206229	1.19e-54	217
NC_003070.9:16965847-16968238	NC_003071.7	82.222	270	18	18	740	982	3197042	3197308	2.57e-51	206
NC_003070.9:16965847-16968238	NC_003071.7	91.270	126	8	3	860	982	6207325	6207200	3.37e-40	169
NC_003070.9:16965847-16968238	NC_003071.7	90.323	124	8	4	862	982	4099142	4099020	2.03e-37	159
NC_003070.9:16965847-16968238	NC_003071.7	97.368	76	2	0	1576	1651	6678753	6678678	1.59e-28	130
NC_003070.9:16965847-16968238	NC_003071.7	97.260	73	2	0	1579	1651	5869723	5869651	7.40e-27	124
NC_003070.9:16965847-16968238	NC_003071.7	97.260	73	2	0	1576	1648	8422648	8422720	7.40e-27	124
NC_003070.9:16965847-16968238	NC_003071.7	94.737	76	4	0	1576	1651	6852968	6852893	3.44e-25	119
NC_003070.9:16965847-16968238	NC_003071.7	90.588	85	2	6	1487	1566	4097895	4097812	7.46e-22	108
NC_003070.9:16965847-16968238	NC_003071.7	94.030	67	4	0	1576	1642	5870418	5870352	3.47e-20	102
NC_003070.9:16965847-16968238	NC_003071.7	90.789	76	7	0	1914	1989	5870587	5870512	3.47e-20	102
NC_003070.9:16965847-16968238	NC_003075.7	92.932	1613	59	31	1	1563	1280625	1282232	0.0	2296
NC_003070.9:16965847-16968238	NC_003075.7	84.364	1650	153	39	3	1563	5443569	5441936	0.0	1520
NC_003070.9:16965847-16968238	NC_003075.7	94.375	640	36	0	1576	2215	1282370	1283009	0.0	983
NC_003070.9:16965847-16968238	NC_003075.7	85.096	832	72	31	184	971	4696054	4695231	0.0	802
NC_003070.9:16965847-16968238	NC_003075.7	84.699	830	69	33	184	973	4663778	4662967	0.0	776
NC_003070.9:16965847-16968238	NC_003075.7	87.902	529	46	14	184	706	5936878	5936362	6.03e-172	606
NC_003070.9:16965847-16968238	NC_003075.7	91.143	350	30	1	1637	1986	1282263	1282611	6.38e-132	473
NC_003070.9:16965847-16968238	NC_003075.7	95.918	245	10	0	1576	1820	1282539	1282783	3.95e-109	398
NC_003070.9:16965847-16968238	NC_003075.7	88.889	306	27	6	177	481	4904413	4904712	8.61e-101	370
NC_003070.9:16965847-16968238	NC_003075.7	92.265	181	13	1	1806	1986	1282263	1282442	2.52e-66	255
NC_003070.9:16965847-16968238	NC_003075.7	84.979	233	26	9	473	702	5442541	5442315	5.49e-58	228
NC_003070.9:16965847-16968238	NC_003075.7	86.364	198	21	5	990	1183	5936595	5936400	5.52e-53	211
NC_003070.9:16965847-16968238	NC_003075.7	90.000	120	10	2	2	120	2088368	2088250	9.44e-36	154
NC_003070.9:16965847-16968238	NC_003075.7	87.402	127	11	5	860	982	4904890	4904765	7.35e-32	141
NC_003070.9:16965847-16968238	NC_003075.7	86.957	115	13	2	1	114	4606228	4606341	5.72e-28	128
NC_003070.9:16965847-16968238	NC_003075.7	95.890	73	3	0	1576	1648	1282708	1282780	3.44e-25	119
NC_003070.9:16987718-16989948	NC_003070.9	100.000	2231	0	0	1	2231	16987718	16989948	0.0	4120
NC_003070.9:16987718-16989948	NC_003070.9	89.182	2274	138	34	17	2229	20972073	20974299	0.0	2737
NC_003070.9:16987718-16989948	NC_003070.9	90.170	2004	132	21	17	1999	7281722	7283681	0.0	2549
NC_003070.9:16987718-16989948	NC_003070.9	89.892	2028	107	40	16	1999	11410301	11408328	0.0	2519
NC_003070.9:16987718-16989948	NC_003070.9	89.310	2030	126	34	15	1999	11706448	11708431	0.0	2462
NC_003070.9:16987718-16989948	NC_003070.9	88.867	2030	133	32	16	1999	16593136	16591154	0.0	2410
NC_003070.9:16987718-16989948	NC_003070.9	88.712	1630	94	25	16	1621	16968239	16966676	0.0	1908
NC_003070.9:16987718-16989948	NC_003070.9	90.743	929	57	17	17	920	26781147	26780223	0.0	1212
NC_003070.9:16987718-16989948	NC_003070.9	91.279	860	39	7	1141	1999	759310	760134	0.0	1140
NC_003070.9:16987718-16989948	NC_003070.9	86.057	918	68	32	1	884	758574	759465	0.0	931
NC_003070.9:16987718-16989948	NC_003070.9	93.966	580	35	0	1652	2231	7283503	7284082	0.0	878
NC_003070.9:16987718-16989948	NC_003070.9	93.966	580	35	0	1652	2231	11708253	11708832	0.0	878
NC_003070.9:16987718-16989948	NC_003070.9	93.287	581	37	2	1652	2231	16591332	16590753	0.0	856
NC_003070.9:16987718-16989948	NC_003070.9	94.364	550	30	1	1652	2200	759956	760505	0.0	843
NC_003070.9:16987718-16989948	NC_003070.9	92.931	580	40	1	1652	2231	11408337	11407759	0.0	843
NC_003070.9:16987718-16989948	NC_003070.9	92.055	579	46	0	1652	2230	16966602	16966024	0.0	815
NC_003070.9:16987718-16989948	NC_003070.9	91.391	604	32	9	885	1474	16261489	16262086	0.0	809
NC_003070.9:16987718-16989948	NC_003070.9	91.048	458	41	0	1772	2229	26779718	26779261	7.22e-176	619
NC_003070.9:16987718-16989948	NC_003070.9	91.241	411	35	1	1821	2231	16262144	16262553	1.60e-157	558
NC_003070.9:16987718-16989948	NC_003070.9	94.540	348	19	0	1652	1999	11408506	11408159	2.08e-151	538
NC_003070.9:16987718-16989948	NC_003070.9	86.337	505	49	8	194	686	13346420	13345924	9.67e-150	532
NC_003070.9:16987718-16989948	NC_003070.9	85.267	543	45	15	17	549	16259818	16260335	4.50e-148	527
NC_003070.9:16987718-16989948	NC_003070.9	93.694	333	20	1	1290	1621	26780189	26779857	3.53e-139	497
NC_003070.9:16987718-16989948	NC_003070.9	79.571	700	95	35	142	822	16802973	16803643	5.99e-127	457
NC_003070.9:16987718-16989948	NC_003070.9	91.562	320	25	2	17	336	16699390	16699073	6.03e-122	440
NC_003070.9:16987718-16989948	NC_003070.9	93.061	245	17	0	1760	2004	16966663	16966419	1.74e-97	359
NC_003070.9:16987718-16989948	NC_003070.9	95.109	184	9	0	1652	1835	11708422	11708605	6.43e-77	291
NC_003070.9:16987718-16989948	NC_003070.9	88.000	250	21	4	1594	1835	16262079	16262327	8.32e-76	287
NC_003070.9:16987718-16989948	NC_003070.9	93.478	184	12	0	1652	1835	7283672	7283855	6.47e-72	274
NC_003070.9:16987718-16989948	NC_003070.9	92.935	184	13	0	1652	1835	760125	760308	3.01e-70	268
NC_003070.9:16987718-16989948	NC_003070.9	92.935	184	13	0	1652	1835	11408168	11407985	3.01e-70	268
NC_003070.9:16987718-16989948	NC_003070.9	92.973	185	11	2	1652	1835	16591163	16590980	3.01e-70	268
NC_003070.9:16987718-16989948	NC_003070.9	92.973	185	11	2	1652	1835	16966433	16966250	3.01e-70	268
NC_003070.9:16987718-16989948	NC_003070.9	92.935	184	11	1	1652	1835	20973893	20974074	1.08e-69	267
NC_003070.9:16987718-16989948	NC_003070.9	93.220	177	11	1	1821	1997	20973725	20973900	1.81e-67	259
NC_003070.9:16987718-16989948	NC_003070.9	91.620	179	14	1	1821	1999	11408674	11408497	1.41e-63	246
NC_003070.9:16987718-16989948	NC_003070.9	90.761	184	17	0	1652	1835	26779669	26779486	1.41e-63	246
NC_003070.9:16987718-16989948	NC_003070.9	90.217	184	18	0	1821	2004	16989369	16989552	6.57e-62	241
NC_003070.9:16987718-16989948	NC_003070.9	90.217	184	18	0	1652	1835	16989538	16989721	6.57e-62	241
NC_003070.9:16987718-16989948	NC_003070.9	88.442	199	16	4	1026	1218	16988195	16988392	1.10e-59	233
NC_003070.9:16987718-16989948	NC_003070.9	88.442	199	16	4	478	675	16988743	16988935	1.10e-59	233
NC_003070.9:16987718-16989948	NC_003070.9	89.944	179	17	1	1821	1999	7283335	7283512	1.42e-58	230
NC_003070.9:16987718-16989948	NC_003070.9	84.232	241	21	12	1207	1445	13345901	13345676	3.08e-55	219
NC_003070.9:16987718-16989948	NC_003070.9	87.709	179	14	2	1821	1999	759795	759965	3.10e-50	202
NC_003070.9:16987718-16989948	NC_003070.9	94.531	128	7	0	1772	1899	26779832	26779705	4.01e-49	198
NC_003070.9:16987718-16989948	NC_003070.9	77.739	283	48	12	1375	1644	13655266	13654986	1.89e-37	159
NC_003070.9:16987718-16989948	NC_003070.9	93.976	83	4	1	1652	1733	26779783	26779701	6.90e-27	124
NC_003070.9:16987718-16989948	NC_003070.9	86.111	72	10	0	1502	1573	11721971	11722042	5.45e-13	78.7
NC_003070.9:16987718-16989948	NC_003070.9	86.111	72	10	0	1502	1573	16701490	16701561	5.45e-13	78.7
NC_003070.9:16987718-16989948	NC_003076.8	89.654	2281	138	42	1	2231	14846574	14848806	0.0	2815
NC_003070.9:16987718-16989948	NC_003076.8	89.723	2024	121	33	20	1999	26485402	26483422	0.0	2505
NC_003070.9:16987718-16989948	NC_003076.8	89.502	2029	123	27	17	1999	2603153	2605137	0.0	2484
NC_003070.9:16987718-16989948	NC_003076.8	89.308	2039	120	34	2	1996	2189222	2187238	0.0	2468
NC_003070.9:16987718-16989948	NC_003076.8	88.681	2032	132	39	15	1999	13621997	13620017	0.0	2388
NC_003070.9:16987718-16989948	NC_003076.8	87.648	2024	156	46	14	1999	3116670	3114703	0.0	2266
NC_003070.9:16987718-16989948	NC_003076.8	90.178	1629	93	22	18	1621	15387839	15386253	0.0	2060
NC_003070.9:16987718-16989948	NC_003076.8	89.645	1632	96	27	14	1621	13547007	13548589	0.0	2010
NC_003070.9:16987718-16989948	NC_003076.8	89.487	1636	100	25	17	1621	14002784	14004378	0.0	2002
NC_003070.9:16987718-16989948	NC_003076.8	90.424	919	63	20	17	920	10210112	10211020	0.0	1186
NC_003070.9:16987718-16989948	NC_003076.8	91.047	860	40	8	1141	1999	19419668	19420491	0.0	1127
NC_003070.9:16987718-16989948	NC_003076.8	84.325	1059	88	47	17	1017	19418948	19419986	0.0	965
NC_003070.9:16987718-16989948	NC_003076.8	94.221	571	33	0	1661	2231	26483591	26483021	0.0	872
NC_003070.9:16987718-16989948	NC_003076.8	93.103	580	40	0	1652	2231	13548663	13549242	0.0	850
NC_003070.9:16987718-16989948	NC_003076.8	93.092	579	40	0	1652	2230	10211458	10212036	0.0	848
NC_003070.9:16987718-16989948	NC_003076.8	93.115	581	37	3	1652	2231	19420313	19420891	0.0	848
NC_003070.9:16987718-16989948	NC_003076.8	92.759	580	42	0	1652	2231	2604959	2605538	0.0	839
NC_003070.9:16987718-16989948	NC_003076.8	92.759	580	42	0	1652	2231	15386179	15385600	0.0	839
NC_003070.9:16987718-16989948	NC_003076.8	92.586	580	43	0	1652	2231	3114881	3114302	0.0	833
NC_003070.9:16987718-16989948	NC_003076.8	92.586	580	42	1	1652	2231	13620195	13619617	0.0	832
NC_003070.9:16987718-16989948	NC_003076.8	92.414	580	40	2	1652	2231	2187411	2186836	0.0	824
NC_003070.9:16987718-16989948	NC_003076.8	89.828	580	49	2	1652	2231	14004452	14005021	0.0	736
NC_003070.9:16987718-16989948	NC_003076.8	85.285	666	66	18	191	836	13608032	13607379	0.0	658
NC_003070.9:16987718-16989948	NC_003076.8	94.277	332	18	1	1290	1621	10211054	10211384	5.86e-142	507
NC_003070.9:16987718-16989948	NC_003076.8	87.009	331	34	9	1351	1676	14658550	14658224	3.73e-99	364
NC_003070.9:16987718-16989948	NC_003076.8	92.713	247	18	0	1758	2004	15386242	15385996	6.25e-97	357
NC_003070.9:16987718-16989948	NC_003076.8	92.653	245	18	0	1760	2004	10211397	10211641	8.08e-96	353
NC_003070.9:16987718-16989948	NC_003076.8	92.245	245	19	0	1760	2004	13548602	13548846	3.76e-94	348
NC_003070.9:16987718-16989948	NC_003076.8	90.204	245	24	0	1760	2004	14004391	14004635	8.20e-86	320
NC_003070.9:16987718-16989948	NC_003076.8	94.565	184	10	0	1652	1835	19420482	19420665	2.99e-75	285
NC_003070.9:16987718-16989948	NC_003076.8	93.194	191	13	0	1652	1842	2605128	2605318	3.87e-74	281
NC_003070.9:16987718-16989948	NC_003076.8	94.022	184	11	0	1652	1835	10211627	10211810	1.39e-73	279
NC_003070.9:16987718-16989948	NC_003076.8	94.022	184	10	1	1652	1835	13620026	13619844	5.01e-73	278
NC_003070.9:16987718-16989948	NC_003076.8	93.478	184	12	0	1652	1835	3114712	3114529	6.47e-72	274
NC_003070.9:16987718-16989948	NC_003076.8	93.478	184	12	0	1652	1835	15386010	15385827	6.47e-72	274
NC_003070.9:16987718-16989948	NC_003076.8	93.478	184	12	0	1652	1835	26483431	26483248	6.47e-72	274
NC_003070.9:16987718-16989948	NC_003076.8	92.935	184	13	0	1652	1835	14848397	14848580	3.01e-70	268
NC_003070.9:16987718-16989948	NC_003076.8	92.432	185	14	0	1652	1836	14004621	14004805	3.90e-69	265
NC_003070.9:16987718-16989948	NC_003076.8	93.220	177	11	1	1821	1997	2187579	2187404	1.81e-67	259
NC_003070.9:16987718-16989948	NC_003076.8	93.567	171	11	0	1665	1835	2187233	2187063	2.35e-66	255
NC_003070.9:16987718-16989948	NC_003076.8	91.304	184	16	0	1652	1835	13548832	13549015	3.03e-65	252
NC_003070.9:16987718-16989948	NC_003076.8	91.620	179	14	1	1821	1999	13620363	13620186	1.41e-63	246
NC_003070.9:16987718-16989948	NC_003076.8	88.889	198	18	2	478	675	15386824	15386631	6.57e-62	241
NC_003070.9:16987718-16989948	NC_003076.8	90.503	179	16	1	1821	1999	2604791	2604968	3.06e-60	235
NC_003070.9:16987718-16989948	NC_003076.8	88.384	198	19	2	478	675	14003806	14003999	3.06e-60	235
NC_003070.9:16987718-16989948	NC_003076.8	87.143	210	20	4	469	675	13548005	13548210	3.95e-59	231
NC_003070.9:16987718-16989948	NC_003076.8	90.055	181	15	3	1821	1999	14848227	14848406	3.95e-59	231
NC_003070.9:16987718-16989948	NC_003076.8	86.592	179	16	2	1821	1999	19420152	19420322	6.71e-47	191
NC_003070.9:16987718-16989948	NC_003076.8	82.828	99	13	4	1829	1924	20273504	20273407	3.26e-15	86.1
NC_003070.9:16987718-16989948	NC_003076.8	86.957	69	9	0	1505	1573	13728826	13728758	5.45e-13	78.7
NC_003070.9:16987718-16989948	NC_003076.8	86.957	69	9	0	1505	1573	21100553	21100485	5.45e-13	78.7
NC_003070.9:16987718-16989948	NC_003074.8	90.044	2029	112	29	16	1999	12662000	12660017	0.0	2545
NC_003070.9:16987718-16989948	NC_003074.8	90.233	1628	88	28	17	1621	10509520	10511099	0.0	2060
NC_003070.9:16987718-16989948	NC_003074.8	90.007	1471	107	17	382	1835	17070414	17068967	0.0	1866
NC_003070.9:16987718-16989948	NC_003074.8	90.385	884	70	5	17	886	16213447	16212565	0.0	1147
NC_003070.9:16987718-16989948	NC_003074.8	93.448	580	37	1	1652	2231	12660195	12659617	0.0	859
NC_003070.9:16987718-16989948	NC_003074.8	92.440	582	42	1	1652	2231	10511173	10511754	0.0	830
NC_003070.9:16987718-16989948	NC_003074.8	89.209	417	36	5	1821	2231	17069149	17068736	1.26e-143	512
NC_003070.9:16987718-16989948	NC_003074.8	92.222	360	27	1	17	375	17070822	17070463	1.63e-142	508
NC_003070.9:16987718-16989948	NC_003074.8	93.878	245	15	0	1760	2004	10511112	10511356	8.03e-101	370
NC_003070.9:16987718-16989948	NC_003074.8	93.478	184	12	0	1652	1835	12660026	12659843	6.47e-72	274
NC_003070.9:16987718-16989948	NC_003074.8	87.442	215	21	4	461	675	10510515	10510723	1.83e-62	243
NC_003070.9:16987718-16989948	NC_003074.8	90.503	179	16	1	1821	1999	12660363	12660186	3.06e-60	235
NC_003070.9:16987718-16989948	NC_003074.8	91.736	121	10	0	16	136	4289111	4288991	3.14e-40	169
NC_003070.9:16987718-16989948	NC_003074.8	94.286	70	3	1	885	954	16212537	16212469	2.50e-21	106
NC_003070.9:16987718-16989948	NC_003074.8	76.879	173	36	3	1403	1573	16106986	16107156	5.41e-18	95.3
NC_003070.9:16987718-16989948	NC_003074.8	86.957	69	9	0	1505	1573	16852691	16852623	5.45e-13	78.7
NC_003070.9:16987718-16989948	NC_003074.8	84.932	73	10	1	1502	1573	11347181	11347253	2.53e-11	73.1
NC_003070.9:16987718-16989948	NC_003074.8	90.196	51	2	2	1505	1553	18925455	18925504	1.53e-08	63.9
NC_003070.9:16987718-16989948	NC_003074.8	78.641	103	13	6	1505	1598	11824277	11824175	1.97e-07	60.2
NC_003070.9:16987718-16989948	NC_003071.7	89.163	2030	126	32	17	1999	10018073	10020055	0.0	2444
NC_003070.9:16987718-16989948	NC_003071.7	88.955	2028	121	33	17	1999	6855036	6853067	0.0	2409
NC_003070.9:16987718-16989948	NC_003071.7	88.503	2044	126	37	16	1999	8420555	8422549	0.0	2372
NC_003070.9:16987718-16989948	NC_003071.7	88.287	2032	135	54	17	1999	6680829	6678852	0.0	2338
NC_003070.9:16987718-16989948	NC_003071.7	88.209	1552	94	32	93	1621	5872085	5870600	0.0	1770
NC_003070.9:16987718-16989948	NC_003071.7	82.799	1372	167	49	191	1527	3196026	3197363	0.0	1162
NC_003070.9:16987718-16989948	NC_003071.7	94.483	580	32	0	1652	2231	6679030	6678451	0.0	894
NC_003070.9:16987718-16989948	NC_003071.7	93.793	580	36	0	1652	2231	10019877	10020456	0.0	872
NC_003070.9:16987718-16989948	NC_003071.7	93.621	580	37	0	1652	2231	6853245	6852666	0.0	867
NC_003070.9:16987718-16989948	NC_003071.7	93.716	557	35	0	1652	2208	8422371	8422927	0.0	835
NC_003070.9:16987718-16989948	NC_003071.7	87.836	707	67	10	194	886	6205742	6206443	0.0	811
NC_003070.9:16987718-16989948	NC_003071.7	84.544	647	74	11	207	836	5114201	5113564	2.60e-175	617
NC_003070.9:16987718-16989948	NC_003071.7	91.990	387	30	1	1845	2231	5869810	5869425	1.61e-152	542
NC_003070.9:16987718-16989948	NC_003071.7	79.477	726	92	27	12	718	4146742	4147429	1.29e-128	462
NC_003070.9:16987718-16989948	NC_003071.7	81.928	498	60	17	200	680	6523491	6523007	4.76e-108	394
NC_003070.9:16987718-16989948	NC_003071.7	91.949	236	19	0	1760	1995	5870587	5870352	3.79e-89	331
NC_003070.9:16987718-16989948	NC_003071.7	82.632	380	50	14	214	584	4097138	4097510	2.28e-86	322
NC_003070.9:16987718-16989948	NC_003071.7	95.028	181	9	0	1655	1835	6678858	6678678	2.99e-75	285
NC_003070.9:16987718-16989948	NC_003071.7	94.565	184	10	0	1652	1835	8422540	8422723	2.99e-75	285
NC_003070.9:16987718-16989948	NC_003071.7	94.022	184	11	0	1652	1835	10020046	10020229	1.39e-73	279
NC_003070.9:16987718-16989948	NC_003071.7	93.923	181	11	0	1655	1835	6853073	6852893	6.47e-72	274
NC_003070.9:16987718-16989948	NC_003071.7	91.457	199	15	2	478	675	3196870	3197067	2.33e-71	272
NC_003070.9:16987718-16989948	NC_003071.7	87.552	241	20	4	1527	1764	3211634	3211867	8.38e-71	270
NC_003070.9:16987718-16989948	NC_003071.7	92.571	175	13	0	1652	1826	5870526	5870352	3.03e-65	252
NC_003070.9:16987718-16989948	NC_003071.7	88.152	211	22	3	1351	1559	4099141	4098932	3.92e-64	248
NC_003070.9:16987718-16989948	NC_003071.7	93.125	160	11	0	1676	1835	5869810	5869651	3.06e-60	235
NC_003070.9:16987718-16989948	NC_003071.7	90.503	179	16	1	1821	1999	8422203	8422380	3.06e-60	235
NC_003070.9:16987718-16989948	NC_003071.7	88.827	179	19	1	1821	1999	6679198	6679021	3.08e-55	219
NC_003070.9:16987718-16989948	NC_003071.7	86.935	199	18	4	1026	1218	6206033	6206229	1.11e-54	217
NC_003070.9:16987718-16989948	NC_003071.7	89.241	158	12	5	1522	1676	6206595	6206440	1.86e-47	193
NC_003070.9:16987718-16989948	NC_003071.7	81.959	194	22	8	1496	1676	2628775	2628968	3.17e-35	152
NC_003070.9:16987718-16989948	NC_003071.7	76.431	297	55	13	1465	1751	2628285	2628576	1.47e-33	147
NC_003070.9:16987718-16989948	NC_003071.7	76.351	296	57	11	1465	1751	2652348	2652639	1.47e-33	147
NC_003070.9:16987718-16989948	NC_003071.7	76.389	144	32	2	1420	1562	3193416	3193558	1.96e-12	76.8
NC_003070.9:16987718-16989948	NC_003071.7	92.157	51	4	0	2152	2202	7153552	7153502	2.53e-11	73.1
NC_003070.9:16987718-16989948	NC_003071.7	100.000	29	0	0	2173	2201	3721135	3721163	9.18e-06	54.7
NC_003070.9:16987718-16989948	NC_003075.7	88.785	2033	128	42	15	1996	1280623	1282606	0.0	2399
NC_003070.9:16987718-16989948	NC_003075.7	84.509	1801	202	51	19	1764	5443569	5441791	0.0	1709
NC_003070.9:16987718-16989948	NC_003075.7	93.416	562	37	0	1652	2213	1282431	1282992	0.0	833
NC_003070.9:16987718-16989948	NC_003075.7	85.352	710	67	12	194	886	4696059	4695370	0.0	701
NC_003070.9:16987718-16989948	NC_003075.7	85.573	707	57	14	194	886	4663783	4663108	0.0	699
NC_003070.9:16987718-16989948	NC_003075.7	86.531	542	53	16	194	723	5936883	5936350	1.23e-163	579
NC_003070.9:16987718-16989948	NC_003075.7	85.484	310	23	15	191	485	4904409	4904711	8.26e-81	303
NC_003070.9:16987718-16989948	NC_003075.7	92.935	184	13	0	1652	1835	1282600	1282783	3.01e-70	268
NC_003070.9:16987718-16989948	NC_003075.7	87.374	198	18	5	1026	1218	5936595	5936400	8.55e-56	220
NC_003070.9:16987718-16989948	NC_003075.7	89.076	119	13	0	18	136	2088368	2088250	4.09e-34	148
NC_003070.9:16987718-16989948	NC_003075.7	75.610	205	43	4	1403	1600	6809328	6809532	5.41e-18	95.3
NC_003070.9:16987718-16989948	NC_003075.7	75.773	194	41	4	1403	1592	9762458	9762267	1.95e-17	93.5
NC_003070.9:16987718-16989948	NC_003075.7	82.022	89	14	2	1968	2056	9523230	9523144	7.05e-12	75.0
NC_003070.9:16987718-16989948	NC_003075.7	84.722	72	11	0	1502	1573	7034097	7034168	2.53e-11	73.1
NC_003070.9:18632138-18632951	NC_003070.9	100.000	814	0	0	1	814	18632951	18632138	0.0	1504
NC_003070.9:18632138-18632951	NC_003070.9	94.226	814	41	5	5	814	1195121	1194310	0.0	1238
NC_003070.9:18632138-18632951	NC_003070.9	93.473	812	50	3	3	811	3024296	3023485	0.0	1203
NC_003070.9:18632138-18632951	NC_003070.9	91.615	811	49	6	5	811	18320603	18321398	0.0	1103
NC_003070.9:18632138-18632951	NC_003070.9	90.098	818	48	10	1	814	5799525	5798737	0.0	1031
NC_003070.9:18632138-18632951	NC_003070.9	90.025	812	54	9	27	814	19781107	19780299	0.0	1026
NC_003070.9:18632138-18632951	NC_003070.9	88.665	547	48	5	245	788	26880739	26880204	0.0	654
NC_003070.9:18632138-18632951	NC_003070.9	91.738	351	27	2	462	811	20704224	20704573	2.73e-136	486
NC_003070.9:18632138-18632951	NC_003070.9	93.427	213	13	1	5	216	26881503	26881291	1.36e-84	315
NC_003070.9:18632138-18632951	NC_003070.9	82.609	207	20	7	4	208	9138320	9138128	1.12e-40	169
NC_003070.9:18632138-18632951	NC_003074.8	96.287	808	28	2	5	811	16186180	16185374	0.0	1325
NC_003070.9:18632138-18632951	NC_003074.8	93.827	810	45	4	4	811	10416864	10417670	0.0	1214
NC_003070.9:18632138-18632951	NC_003074.8	94.832	774	30	4	22	785	18927962	18928735	0.0	1199
NC_003070.9:18632138-18632951	NC_003074.8	91.144	813	56	6	5	811	12359526	12358724	0.0	1088
NC_003070.9:18632138-18632951	NC_003074.8	89.093	816	61	17	5	811	7714349	7713553	0.0	989
NC_003070.9:18632138-18632951	NC_003074.8	88.999	809	57	18	4	811	14559079	14559856	0.0	972
NC_003070.9:18632138-18632951	NC_003074.8	88.861	808	61	15	4	811	8874895	8875673	0.0	966
NC_003070.9:18632138-18632951	NC_003074.8	88.752	809	58	19	4	811	15874738	15873962	0.0	959
NC_003070.9:18632138-18632951	NC_003074.8	86.618	822	68	25	1	811	8883273	8884063	0.0	870
NC_003070.9:18632138-18632951	NC_003074.8	89.279	569	48	4	245	811	7766080	7765523	0.0	701
NC_003070.9:18632138-18632951	NC_003074.8	93.462	260	14	2	9	266	12383830	12384088	3.69e-105	383
NC_003070.9:18632138-18632951	NC_003074.8	93.590	234	14	1	527	760	12384107	12384339	1.34e-94	348
NC_003070.9:18632138-18632951	NC_003074.8	94.393	214	11	1	4	216	7766845	7766632	1.75e-88	327
NC_003070.9:18632138-18632951	NC_003076.8	95.797	809	31	3	5	811	16211360	16212167	0.0	1303
NC_003070.9:18632138-18632951	NC_003076.8	94.828	812	34	4	2	811	10187477	10188282	0.0	1260
NC_003070.9:18632138-18632951	NC_003076.8	94.176	807	42	5	9	811	5802087	5801282	0.0	1225
NC_003070.9:18632138-18632951	NC_003076.8	91.369	811	50	7	4	811	21174423	21175216	0.0	1092
NC_003070.9:18632138-18632951	NC_003076.8	90.999	811	60	7	4	811	13786536	13787336	0.0	1081
NC_003070.9:18632138-18632951	NC_003076.8	88.490	808	62	15	5	811	17360102	17359325	0.0	948
NC_003070.9:18632138-18632951	NC_003076.8	87.939	655	46	19	5	628	19019567	19018915	0.0	741
NC_003070.9:18632138-18632951	NC_003076.8	93.939	198	12	0	614	811	19018819	19018622	3.82e-80	300
NC_003070.9:18632138-18632951	NC_003076.8	92.500	120	7	2	4	122	10924354	10924236	3.12e-41	171
NC_003070.9:18632138-18632951	NC_003076.8	80.751	213	19	8	4	208	15003951	15003753	5.27e-34	147
NC_003070.9:18632138-18632951	NC_003075.7	95.802	810	27	4	5	811	8421906	8421101	0.0	1301
NC_003070.9:18632138-18632951	NC_003075.7	92.005	813	57	5	5	811	4949067	4948257	0.0	1134
NC_003070.9:18632138-18632951	NC_003075.7	91.749	812	52	8	5	814	5837168	5836370	0.0	1114
NC_003070.9:18632138-18632951	NC_003075.7	92.480	758	51	5	43	797	18233085	18232331	0.0	1079
NC_003070.9:18632138-18632951	NC_003075.7	90.920	815	54	10	3	813	6944559	6943761	0.0	1077
NC_003070.9:18632138-18632951	NC_003075.7	90.863	788	44	3	26	811	5479106	5478345	0.0	1031
NC_003070.9:18632138-18632951	NC_003075.7	97.567	411	8	1	5	413	1598444	1598854	0.0	702
NC_003070.9:18632138-18632951	NC_003071.7	93.333	810	51	2	5	811	8102688	8103497	0.0	1194
NC_003070.9:18632138-18632951	NC_003071.7	91.769	814	62	3	2	811	4759877	4759065	0.0	1127
NC_003070.9:18632138-18632951	NC_003071.7	93.064	692	40	4	122	811	6992256	6992941	0.0	1005
NC_003070.9:18632138-18632951	NC_003071.7	92.627	651	44	3	163	811	6262554	6263202	0.0	933
NC_003070.9:18632138-18632951	NC_003071.7	95.000	80	4	0	59	138	6990925	6991004	6.86e-28	126
NC_003070.9:18632138-18632951	NC_003071.7	100.000	30	0	0	782	811	6683082	6683111	9.13e-07	56.5
NC_003070.9:18300269-18301142	NC_003070.9	100.000	874	0	0	1	874	18301142	18300269	0.0	1615
NC_003070.9:18300269-18301142	NC_003070.9	98.284	874	14	1	1	873	9385033	9384160	0.0	1530
NC_003070.9:18300269-18301142	NC_003070.9	95.216	878	34	7	1	873	8538889	8539763	0.0	1382
NC_003070.9:18300269-18301142	NC_003070.9	90.747	897	57	11	1	873	20513679	20514573	0.0	1173
NC_003070.9:18300269-18301142	NC_003070.9	89.735	906	55	17	1	873	697374	696474	0.0	1123
NC_003070.9:18300269-18301142	NC_003070.9	88.315	890	75	15	4	873	9418943	9418063	0.0	1040
NC_003070.9:18300269-18301142	NC_003070.9	88.170	896	76	19	1	874	12618638	12619525	0.0	1040
NC_003070.9:18300269-18301142	NC_003070.9	88.558	874	65	14	13	868	3250618	3251474	0.0	1027
NC_003070.9:18300269-18301142	NC_003070.9	88.004	892	75	21	4	873	20167552	20166671	0.0	1026
NC_003070.9:18300269-18301142	NC_003070.9	87.767	891	77	18	1	873	5437788	5436912	0.0	1013
NC_003070.9:18300269-18301142	NC_003070.9	87.709	895	77	20	1	874	21127989	21128871	0.0	1013
NC_003070.9:18300269-18301142	NC_003070.9	87.151	895	87	16	1	873	11670245	11669357	0.0	990
NC_003070.9:18300269-18301142	NC_003070.9	88.931	786	70	13	1	777	6514476	6515253	0.0	953
NC_003070.9:18300269-18301142	NC_003070.9	86.454	908	62	16	1	874	29775140	29774260	0.0	939
NC_003070.9:18300269-18301142	NC_003070.9	86.439	907	61	31	1	874	10239320	10240197	0.0	937
NC_003070.9:18300269-18301142	NC_003070.9	85.538	892	73	20	1	874	8623608	8622755	0.0	881
NC_003070.9:18300269-18301142	NC_003070.9	85.410	891	76	23	1	873	21616151	21615297	0.0	876
NC_003070.9:18300269-18301142	NC_003070.9	85.395	849	75	24	1	832	14014231	14013415	0.0	835
NC_003070.9:18300269-18301142	NC_003070.9	88.927	587	52	11	1	580	3762158	3762738	0.0	712
NC_003070.9:18300269-18301142	NC_003070.9	88.771	472	37	5	322	777	20172605	20172134	1.32e-159	564
NC_003070.9:18300269-18301142	NC_003070.9	86.598	485	44	10	406	874	10579663	10580142	3.75e-145	516
NC_003070.9:18300269-18301142	NC_003070.9	91.525	236	17	2	1	234	10579424	10579658	8.77e-87	322
NC_003070.9:18300269-18301142	NC_003070.9	91.262	206	16	2	668	873	23125334	23125131	5.35e-74	279
NC_003070.9:18300269-18301142	NC_003070.9	89.855	207	19	2	668	873	13811108	13810903	1.50e-69	265
NC_003070.9:18300269-18301142	NC_003070.9	88.889	207	20	3	668	873	10021618	10021414	1.17e-65	252
NC_003070.9:18300269-18301142	NC_003070.9	86.893	206	15	5	668	873	26881083	26881276	3.29e-56	220
NC_003070.9:18300269-18301142	NC_003070.9	85.321	218	18	6	670	874	17502592	17502808	5.51e-54	213
NC_003070.9:18300269-18301142	NC_003070.9	84.862	218	19	6	670	874	13870229	13870445	2.56e-52	207
NC_003070.9:18300269-18301142	NC_003070.9	90.323	155	13	2	720	873	21336374	21336527	1.19e-50	202
NC_003070.9:18300269-18301142	NC_003070.9	85.437	206	9	5	668	873	29244501	29244685	2.00e-48	195
NC_003070.9:18300269-18301142	NC_003070.9	89.610	154	10	2	720	873	22192405	22192552	2.58e-47	191
NC_003070.9:18300269-18301142	NC_003070.9	85.405	185	24	2	668	850	4583354	4583537	9.28e-47	189
NC_003070.9:18300269-18301142	NC_003070.9	85.128	195	15	7	670	851	6218781	6218588	3.34e-46	187
NC_003070.9:18300269-18301142	NC_003070.9	81.897	116	14	7	7	121	11522942	11522833	2.69e-17	91.6
NC_003070.9:18300269-18301142	NC_003070.9	92.188	64	4	1	1	63	9919332	9919269	9.68e-17	89.8
NC_003070.9:18300269-18301142	NC_003070.9	90.476	63	6	0	1	63	2473307	2473245	4.51e-15	84.2
NC_003070.9:18300269-18301142	NC_003070.9	90.625	64	5	1	1	63	5899755	5899692	4.51e-15	84.2
NC_003070.9:18300269-18301142	NC_003070.9	90.625	64	5	1	1	63	8189961	8190024	4.51e-15	84.2
NC_003070.9:18300269-18301142	NC_003070.9	90.769	65	3	3	1	63	12993595	12993532	4.51e-15	84.2
NC_003070.9:18300269-18301142	NC_003070.9	90.625	64	5	1	1	63	18766618	18766555	4.51e-15	84.2
NC_003070.9:18300269-18301142	NC_003070.9	90.476	63	6	0	1	63	26880721	26880783	4.51e-15	84.2
NC_003070.9:18300269-18301142	NC_003070.9	90.323	62	5	1	1	61	19742138	19742077	5.83e-14	80.5
NC_003070.9:18300269-18301142	NC_003070.9	89.062	64	6	1	1	63	6219140	6219077	2.10e-13	78.7
NC_003070.9:18300269-18301142	NC_003070.9	89.062	64	6	1	1	63	12183991	12183928	2.10e-13	78.7
NC_003070.9:18300269-18301142	NC_003070.9	89.062	64	6	1	1	63	16401003	16400940	2.10e-13	78.7
NC_003070.9:18300269-18301142	NC_003070.9	89.062	64	6	1	1	63	21918434	21918497	2.10e-13	78.7
NC_003070.9:18300269-18301142	NC_003070.9	89.062	64	6	1	1	63	26306960	26307023	2.10e-13	78.7
NC_003070.9:18300269-18301142	NC_003070.9	87.500	64	7	1	1	63	17605550	17605613	9.75e-12	73.1
NC_003070.9:18300269-18301142	NC_003070.9	87.500	64	7	1	1	63	23125693	23125630	9.75e-12	73.1
NC_003070.9:18300269-18301142	NC_003070.9	87.500	64	7	1	1	63	27240719	27240782	9.75e-12	73.1
NC_003070.9:18300269-18301142	NC_003074.8	97.257	875	15	2	1	874	20770464	20769598	0.0	1474
NC_003070.9:18300269-18301142	NC_003074.8	89.126	892	74	12	1	874	6941484	6940598	0.0	1088
NC_003070.9:18300269-18301142	NC_003074.8	91.058	794	52	8	1	777	8596967	8596176	0.0	1055
NC_003070.9:18300269-18301142	NC_003074.8	88.255	894	77	14	1	874	10900762	10901647	0.0	1044
NC_003070.9:18300269-18301142	NC_003074.8	88.671	865	66	20	1	842	16535294	16534439	0.0	1026
NC_003070.9:18300269-18301142	NC_003074.8	90.314	795	57	8	1	777	4467613	4468405	0.0	1024
NC_003070.9:18300269-18301142	NC_003074.8	87.808	894	75	17	1	874	5591637	5590758	0.0	1016
NC_003070.9:18300269-18301142	NC_003074.8	87.709	895	81	17	1	873	16677616	16678503	0.0	1016
NC_003070.9:18300269-18301142	NC_003074.8	87.416	890	83	17	3	871	18496030	18495149	0.0	996
NC_003070.9:18300269-18301142	NC_003074.8	87.935	862	72	14	20	864	8328648	8329494	0.0	987
NC_003070.9:18300269-18301142	NC_003074.8	86.508	882	94	20	1	871	16902332	16903199	0.0	946
NC_003070.9:18300269-18301142	NC_003074.8	89.511	696	53	9	177	855	18171653	18170961	0.0	863
NC_003070.9:18300269-18301142	NC_003074.8	82.833	699	61	27	192	874	11589291	11588636	7.89e-162	571
NC_003070.9:18300269-18301142	NC_003074.8	89.006	473	36	11	319	777	19529221	19529691	7.89e-162	571
NC_003070.9:18300269-18301142	NC_003074.8	89.006	473	35	12	319	777	4977469	4977938	2.84e-161	569
NC_003070.9:18300269-18301142	NC_003074.8	88.983	472	33	8	322	777	11456100	11455632	3.67e-160	566
NC_003070.9:18300269-18301142	NC_003074.8	84.783	506	54	17	382	872	17210070	17209573	2.94e-136	486
NC_003070.9:18300269-18301142	NC_003074.8	95.025	201	8	1	1	199	11456304	11456104	1.47e-84	315
NC_003070.9:18300269-18301142	NC_003074.8	93.970	199	11	1	1	199	19529023	19529220	4.11e-80	300
NC_003070.9:18300269-18301142	NC_003074.8	90.865	208	16	3	668	873	21552307	21552101	6.93e-73	276
NC_003070.9:18300269-18301142	NC_003074.8	90.385	208	17	3	668	874	7980287	7980082	3.22e-71	270
NC_003070.9:18300269-18301142	NC_003074.8	90.291	206	19	1	668	873	6729129	6728925	1.16e-70	268
NC_003070.9:18300269-18301142	NC_003074.8	90.291	206	18	2	668	873	11090643	11090440	1.16e-70	268
NC_003070.9:18300269-18301142	NC_003074.8	89.855	207	18	3	668	874	19740138	19740341	5.39e-69	263
NC_003070.9:18300269-18301142	NC_003074.8	89.320	206	20	2	668	873	14057484	14057687	2.51e-67	257
NC_003070.9:18300269-18301142	NC_003074.8	88.942	208	18	4	668	874	18634145	18633942	1.17e-65	252
NC_003070.9:18300269-18301142	NC_003074.8	88.406	207	21	3	668	873	16723324	16723120	5.43e-64	246
NC_003070.9:18300269-18301142	NC_003074.8	88.038	209	22	3	666	874	19437230	19437435	1.95e-63	244
NC_003070.9:18300269-18301142	NC_003074.8	85.281	231	24	5	649	874	16234884	16234659	5.47e-59	230
NC_003070.9:18300269-18301142	NC_003074.8	86.408	206	16	4	668	873	7766424	7766617	1.53e-54	215
NC_003070.9:18300269-18301142	NC_003074.8	85.167	209	15	4	668	874	16405559	16405753	4.29e-50	200
NC_003070.9:18300269-18301142	NC_003074.8	87.356	174	13	5	701	874	10681555	10681391	2.58e-47	191
NC_003070.9:18300269-18301142	NC_003074.8	85.057	174	18	4	701	874	18172438	18172273	3.36e-41	171
NC_003070.9:18300269-18301142	NC_003074.8	93.151	73	5	0	1	73	19537816	19537744	2.67e-22	108
NC_003070.9:18300269-18301142	NC_003074.8	91.892	74	5	1	1	73	16224234	16224307	1.24e-20	102
NC_003070.9:18300269-18301142	NC_003074.8	90.541	74	6	1	1	73	16062887	16062814	5.79e-19	97.1
NC_003070.9:18300269-18301142	NC_003074.8	89.189	74	7	1	1	73	16042283	16042210	2.69e-17	91.6
NC_003070.9:18300269-18301142	NC_003074.8	90.625	64	5	1	1	63	7659521	7659458	4.51e-15	84.2
NC_003070.9:18300269-18301142	NC_003074.8	90.476	63	6	0	1	63	7766062	7766124	4.51e-15	84.2
NC_003070.9:18300269-18301142	NC_003074.8	89.062	64	6	1	1	63	15918691	15918628	2.10e-13	78.7
NC_003070.9:18300269-18301142	NC_003074.8	88.889	63	6	1	2	63	16235708	16235646	7.54e-13	76.8
NC_003070.9:18300269-18301142	NC_003074.8	87.500	64	7	1	1	63	19739757	19739820	9.75e-12	73.1
NC_003070.9:18300269-18301142	NC_003074.8	85.938	64	8	1	1	63	10082828	10082765	4.54e-10	67.6
NC_003070.9:18300269-18301142	NC_003074.8	100.000	29	0	0	1	29	9540459	9540487	3.53e-06	54.7
NC_003070.9:18300269-18301142	NC_003074.8	100.000	29	0	0	1	29	18172792	18172764	3.53e-06	54.7
NC_003070.9:18300269-18301142	NC_003075.7	96.351	877	26	6	1	873	6169229	6168355	0.0	1437
NC_003070.9:18300269-18301142	NC_003075.7	88.753	898	69	19	1	874	8899077	8899966	0.0	1070
NC_003070.9:18300269-18301142	NC_003075.7	90.680	794	54	9	1	777	12698500	12699290	0.0	1038
NC_003070.9:18300269-18301142	NC_003075.7	90.075	796	59	11	1	777	7384282	7383488	0.0	1014
NC_003070.9:18300269-18301142	NC_003075.7	87.571	885	86	18	1	873	1199585	1198713	0.0	1003
NC_003070.9:18300269-18301142	NC_003075.7	86.986	899	86	13	1	873	17501313	17502206	0.0	983
NC_003070.9:18300269-18301142	NC_003075.7	87.205	891	76	20	1	874	7230735	7231604	0.0	979
NC_003070.9:18300269-18301142	NC_003075.7	88.406	828	67	16	1	808	8820690	8819872	0.0	970
NC_003070.9:18300269-18301142	NC_003075.7	88.546	681	49	15	1	674	1100279	1100937	0.0	798
NC_003070.9:18300269-18301142	NC_003075.7	83.951	891	77	24	1	874	6242979	6243820	0.0	793
NC_003070.9:18300269-18301142	NC_003075.7	83.503	885	75	12	1	873	9192543	9193368	0.0	760
NC_003070.9:18300269-18301142	NC_003075.7	90.777	206	16	3	668	873	1521617	1521819	8.96e-72	272
NC_003070.9:18300269-18301142	NC_003075.7	90.385	208	17	3	668	874	9111784	9111579	3.22e-71	270
NC_003070.9:18300269-18301142	NC_003075.7	90.338	207	17	3	668	874	6115701	6115904	1.16e-70	268
NC_003070.9:18300269-18301142	NC_003075.7	90.857	175	14	2	668	842	823694	823522	4.23e-60	233
NC_003070.9:18300269-18301142	NC_003075.7	83.486	218	21	7	670	874	12606691	12606476	9.28e-47	189
NC_003070.9:18300269-18301142	NC_003075.7	86.667	90	8	3	1	88	12968438	12968351	5.79e-19	97.1
NC_003070.9:18300269-18301142	NC_003075.7	90.625	64	5	1	1	63	7154779	7154842	4.51e-15	84.2
NC_003070.9:18300269-18301142	NC_003075.7	90.625	64	5	1	1	63	7652564	7652627	4.51e-15	84.2
NC_003070.9:18300269-18301142	NC_003075.7	90.625	64	5	1	1	63	7905771	7905834	4.51e-15	84.2
NC_003070.9:18300269-18301142	NC_003075.7	90.476	63	5	1	2	63	14458283	14458221	1.62e-14	82.4
NC_003070.9:18300269-18301142	NC_003075.7	89.062	64	6	1	1	63	2040107	2040170	2.10e-13	78.7
NC_003070.9:18300269-18301142	NC_003075.7	89.062	64	6	1	1	63	6427216	6427153	2.10e-13	78.7
NC_003070.9:18300269-18301142	NC_003075.7	87.879	66	3	4	1	63	12607047	12606984	9.75e-12	73.1
NC_003070.9:18300269-18301142	NC_003071.7	96.014	878	25	6	2	874	2320063	2320935	0.0	1419
NC_003070.9:18300269-18301142	NC_003071.7	94.084	879	32	11	1	873	1038913	1038049	0.0	1317
NC_003070.9:18300269-18301142	NC_003071.7	94.103	797	38	6	1	793	11909720	11908929	0.0	1203
NC_003070.9:18300269-18301142	NC_003071.7	89.302	888	53	20	1	873	10997043	10996183	0.0	1075
NC_003070.9:18300269-18301142	NC_003071.7	89.001	891	53	24	1	874	1384414	1383552	0.0	1061
NC_003070.9:18300269-18301142	NC_003071.7	91.206	796	47	12	1	775	9029807	9030600	0.0	1061
NC_003070.9:18300269-18301142	NC_003071.7	90.829	796	52	10	1	777	8172835	8173628	0.0	1046
NC_003070.9:18300269-18301142	NC_003071.7	88.156	895	78	16	1	874	1322856	1321969	0.0	1040
NC_003070.9:18300269-18301142	NC_003071.7	90.578	796	53	11	1	777	10070964	10070172	0.0	1035
NC_003070.9:18300269-18301142	NC_003071.7	87.808	894	81	15	1	874	3198502	3197617	0.0	1022
NC_003070.9:18300269-18301142	NC_003071.7	87.780	892	63	13	1	873	1348076	1347212	0.0	1002
NC_003070.9:18300269-18301142	NC_003071.7	89.514	782	64	15	7	777	7177587	7176813	0.0	974
NC_003070.9:18300269-18301142	NC_003071.7	88.457	797	55	15	1	777	14571894	14572673	0.0	928
NC_003070.9:18300269-18301142	NC_003071.7	86.738	837	91	17	24	850	9455339	9456165	0.0	913
NC_003070.9:18300269-18301142	NC_003071.7	84.978	912	82	32	1	874	7350654	7351548	0.0	874
NC_003070.9:18300269-18301142	NC_003071.7	88.445	476	37	6	319	777	9584808	9585282	6.14e-158	558
NC_003070.9:18300269-18301142	NC_003071.7	86.081	467	48	14	319	777	6901392	6901849	2.94e-136	486
NC_003070.9:18300269-18301142	NC_003071.7	84.296	433	27	23	450	873	9311218	9311618	1.10e-105	385
NC_003070.9:18300269-18301142	NC_003071.7	94.030	201	10	1	1	199	6901191	6901391	3.18e-81	303
NC_003070.9:18300269-18301142	NC_003071.7	94.030	201	10	1	1	199	7093820	7094020	3.18e-81	303
NC_003070.9:18300269-18301142	NC_003071.7	90.777	206	18	1	668	873	1597275	1597479	2.49e-72	274
NC_003070.9:18300269-18301142	NC_003071.7	90.821	207	16	3	668	873	13102156	13102360	2.49e-72	274
NC_003070.9:18300269-18301142	NC_003071.7	89.109	202	17	5	668	868	13886277	13886474	5.43e-64	246
NC_003070.9:18300269-18301142	NC_003071.7	86.408	206	16	4	668	873	6206788	6206595	1.53e-54	215
NC_003070.9:18300269-18301142	NC_003071.7	87.500	176	19	2	701	873	826099	826274	4.29e-50	200
NC_003070.9:18300269-18301142	NC_003071.7	89.933	149	14	1	727	874	1410008	1410156	2.58e-47	191
NC_003070.9:18300269-18301142	NC_003071.7	91.603	131	9	2	670	799	19172306	19172177	5.59e-44	180
NC_003070.9:18300269-18301142	NC_003071.7	82.659	173	17	5	713	873	9860126	9859955	2.64e-32	141
NC_003070.9:18300269-18301142	NC_003071.7	89.691	97	8	2	271	367	2140104	2140010	9.55e-27	122
NC_003070.9:18300269-18301142	NC_003071.7	92.188	64	4	1	1	63	6207151	6207088	9.68e-17	89.8
NC_003070.9:18300269-18301142	NC_003071.7	87.838	74	8	1	1	73	1618253	1618180	1.25e-15	86.1
NC_003070.9:18300269-18301142	NC_003071.7	90.476	63	6	0	1	63	7340381	7340443	4.51e-15	84.2
NC_003070.9:18300269-18301142	NC_003071.7	90.625	64	5	1	1	63	9433091	9433154	4.51e-15	84.2
NC_003070.9:18300269-18301142	NC_003071.7	89.062	64	6	1	1	63	9860514	9860451	2.10e-13	78.7
NC_003070.9:18300269-18301142	NC_003071.7	88.889	63	6	1	1	62	9229179	9229117	7.54e-13	76.8
NC_003070.9:18300269-18301142	NC_003071.7	88.889	63	6	1	1	62	19623102	19623164	7.54e-13	76.8
NC_003070.9:18300269-18301142	NC_003076.8	94.425	879	40	6	1	874	23130214	23129340	0.0	1343
NC_003070.9:18300269-18301142	NC_003076.8	89.066	878	54	28	1	874	16031387	16030548	0.0	1051
NC_003070.9:18300269-18301142	NC_003076.8	88.552	891	69	14	1	873	8602694	8601819	0.0	1050
NC_003070.9:18300269-18301142	NC_003076.8	88.242	893	81	12	1	874	20279500	20278613	0.0	1046
NC_003070.9:18300269-18301142	NC_003076.8	91.083	785	49	10	12	777	26892545	26893327	0.0	1042
NC_003070.9:18300269-18301142	NC_003076.8	88.876	863	72	12	1	846	5648763	5647908	0.0	1040
NC_003070.9:18300269-18301142	NC_003076.8	88.229	892	76	16	1	871	13733609	13734492	0.0	1038
NC_003070.9:18300269-18301142	NC_003076.8	90.578	796	52	12	1	777	17398749	17397958	0.0	1033
NC_003070.9:18300269-18301142	NC_003076.8	87.872	907	70	17	1	874	15031812	15030913	0.0	1029
NC_003070.9:18300269-18301142	NC_003076.8	87.906	893	78	18	1	871	7488977	7488093	0.0	1024
NC_003070.9:18300269-18301142	NC_003076.8	90.213	797	56	11	1	777	9866841	9867635	0.0	1020
NC_003070.9:18300269-18301142	NC_003076.8	88.161	870	75	16	1	850	15536012	15535151	0.0	1011
NC_003070.9:18300269-18301142	NC_003076.8	87.514	889	88	18	1	874	14079423	14080303	0.0	1005
NC_003070.9:18300269-18301142	NC_003076.8	87.458	893	83	17	1	871	22020973	22021858	0.0	1002
NC_003070.9:18300269-18301142	NC_003076.8	89.798	794	50	12	1	777	16372999	16373778	0.0	989
NC_003070.9:18300269-18301142	NC_003076.8	89.447	796	51	13	1	777	24313641	24314422	0.0	974
NC_003070.9:18300269-18301142	NC_003076.8	87.108	892	72	25	1	873	15162255	15163122	0.0	970
NC_003070.9:18300269-18301142	NC_003076.8	89.296	682	53	11	1	674	9298126	9298795	0.0	837
NC_003070.9:18300269-18301142	NC_003076.8	84.287	891	79	26	1	874	19912702	19913548	0.0	813
NC_003070.9:18300269-18301142	NC_003076.8	88.416	682	53	16	1	674	26891638	26892301	0.0	798
NC_003070.9:18300269-18301142	NC_003076.8	88.235	680	58	11	1	674	17956548	17955885	0.0	793
NC_003070.9:18300269-18301142	NC_003076.8	88.253	681	53	13	1	674	17481151	17481811	0.0	789
NC_003070.9:18300269-18301142	NC_003076.8	82.692	520	52	17	382	872	19408889	19408379	1.81e-118	427
NC_003070.9:18300269-18301142	NC_003076.8	92.233	206	14	2	668	873	17726782	17726985	2.47e-77	291
NC_003070.9:18300269-18301142	NC_003076.8	91.262	206	16	2	668	873	24449172	24449375	5.35e-74	279
NC_003070.9:18300269-18301142	NC_003076.8	90.865	208	15	3	668	873	22621383	22621178	6.93e-73	276
NC_003070.9:18300269-18301142	NC_003076.8	89.904	208	16	5	668	874	26787308	26787105	5.39e-69	263
NC_003070.9:18300269-18301142	NC_003076.8	89.100	211	18	3	668	874	9068377	9068168	2.51e-67	257
NC_003070.9:18300269-18301142	NC_003076.8	88.406	207	21	3	668	874	6702129	6701926	5.43e-64	246
NC_003070.9:18300269-18301142	NC_003076.8	87.619	210	22	4	668	874	6420034	6419826	2.53e-62	241
NC_003070.9:18300269-18301142	NC_003076.8	87.440	207	18	6	668	873	8749271	8749470	1.52e-59	231
NC_003070.9:18300269-18301142	NC_003076.8	91.613	155	10	2	720	874	14395183	14395032	1.98e-53	211
NC_003070.9:18300269-18301142	NC_003076.8	91.613	155	10	2	720	874	14454482	14454331	1.98e-53	211
NC_003070.9:18300269-18301142	NC_003076.8	84.862	218	19	7	670	874	7417693	7417909	2.56e-52	207
NC_003070.9:18300269-18301142	NC_003076.8	86.705	173	15	4	701	873	10041976	10041812	1.20e-45	185
NC_003070.9:18300269-18301142	NC_003076.8	85.027	187	14	6	670	843	26015666	26015851	2.01e-43	178
NC_003070.9:18300269-18301142	NC_003076.8	91.935	124	8	2	1	122	13204307	13204184	9.35e-42	172
NC_003070.9:18300269-18301142	NC_003076.8	94.521	73	4	0	1	73	19153746	19153674	5.75e-24	113
NC_003070.9:18300269-18301142	NC_003076.8	92.188	64	4	1	1	63	24117960	24118023	9.68e-17	89.8
NC_003070.9:18300269-18301142	NC_003076.8	82.075	106	13	6	1	104	8280718	8280819	1.25e-15	86.1
NC_003070.9:18300269-18301142	NC_003076.8	90.625	64	5	1	1	63	9558216	9558153	4.51e-15	84.2
NC_003070.9:18300269-18301142	NC_003076.8	90.625	64	5	1	1	63	14104208	14104145	4.51e-15	84.2
NC_003070.9:18300269-18301142	NC_003076.8	90.625	64	5	1	1	63	14880216	14880279	4.51e-15	84.2
NC_003070.9:18300269-18301142	NC_003076.8	90.476	63	5	1	1	62	7701181	7701119	1.62e-14	82.4
NC_003070.9:18300269-18301142	NC_003076.8	90.476	63	5	1	1	62	16712851	16712913	1.62e-14	82.4
NC_003070.9:18300269-18301142	NC_003076.8	89.062	64	6	1	1	63	7417331	7417394	2.10e-13	78.7
NC_003070.9:18300269-18301142	NC_003076.8	89.062	64	6	1	1	63	13892686	13892623	2.10e-13	78.7
NC_003070.9:18300269-18301142	NC_003076.8	89.062	64	6	1	1	63	15659431	15659368	2.10e-13	78.7
NC_003070.9:18300269-18301142	NC_003076.8	89.062	64	6	1	1	63	16870923	16870986	2.10e-13	78.7
NC_003070.9:18300269-18301142	NC_003076.8	87.500	64	7	1	1	63	6702418	6702355	9.75e-12	73.1
NC_003070.9:18300269-18301142	NC_003076.8	87.500	64	7	1	1	63	20674822	20674759	9.75e-12	73.1
NC_003070.9:16262251-16262554	NC_003070.9	100.000	304	0	0	1	304	16262251	16262554	1.56e-159	562
NC_003070.9:16262251-16262554	NC_003070.9	93.421	304	19	1	1	303	11708529	11708832	1.27e-125	449
NC_003070.9:16262251-16262554	NC_003070.9	92.763	304	21	1	1	303	7283779	7284082	2.75e-122	438
NC_003070.9:16262251-16262554	NC_003070.9	91.475	305	25	1	1	304	16591056	16590752	3.58e-116	418
NC_003070.9:16262251-16262554	NC_003070.9	91.722	302	24	1	1	301	20973998	20974299	3.58e-116	418
NC_003070.9:16262251-16262554	NC_003070.9	90.429	303	28	1	1	302	16966326	16966024	4.66e-110	398
NC_003070.9:16262251-16262554	NC_003070.9	90.132	304	29	1	1	303	16989645	16989948	6.03e-109	394
NC_003070.9:16262251-16262554	NC_003070.9	89.735	302	30	1	1	301	26779562	26779261	3.63e-106	385
NC_003070.9:16262251-16262554	NC_003070.9	90.071	282	26	2	1	281	16690064	16689784	4.73e-100	364
NC_003070.9:16262251-16262554	NC_003070.9	92.208	77	6	0	1	77	11408399	11408323	2.45e-23	110
NC_003070.9:16262251-16262554	NC_003070.9	94.203	69	4	0	1	69	16591225	16591157	3.16e-22	106
NC_003070.9:16262251-16262554	NC_003070.9	91.892	74	6	0	1	74	760063	760136	1.14e-21	104
NC_003070.9:16262251-16262554	NC_003070.9	91.892	74	6	0	1	74	7283610	7283683	1.14e-21	104
NC_003070.9:16262251-16262554	NC_003070.9	90.909	77	7	0	1	77	11408230	11408154	1.14e-21	104
NC_003070.9:16262251-16262554	NC_003070.9	91.892	74	6	0	1	74	11708360	11708433	1.14e-21	104
NC_003070.9:16262251-16262554	NC_003070.9	92.958	71	5	0	1	71	20973831	20973901	1.14e-21	104
NC_003070.9:16262251-16262554	NC_003070.9	91.781	73	6	0	5	77	16966660	16966588	4.09e-21	102
NC_003070.9:16262251-16262554	NC_003070.9	89.610	77	8	0	1	77	16966495	16966419	5.29e-20	99.0
NC_003070.9:16262251-16262554	NC_003070.9	88.312	77	9	0	1	77	11408568	11408492	2.46e-18	93.5
NC_003070.9:16262251-16262554	NC_003070.9	88.312	77	8	1	2	77	26779844	26779768	8.86e-18	91.6
NC_003070.9:16262251-16262554	NC_003070.9	87.838	74	9	0	1	74	759894	759967	1.15e-16	87.9
NC_003070.9:16262251-16262554	NC_003070.9	87.013	77	10	0	1	77	16591394	16591318	1.15e-16	87.9
NC_003070.9:16262251-16262554	NC_003070.9	87.013	77	10	0	1	77	16989476	16989552	1.15e-16	87.9
NC_003070.9:16262251-16262554	NC_003070.9	91.935	62	5	0	16	77	26779716	26779655	1.15e-16	87.9
NC_003070.9:16262251-16262554	NC_003071.7	93.115	305	20	1	1	304	6852969	6852665	1.64e-124	446
NC_003070.9:16262251-16262554	NC_003071.7	92.763	304	20	2	1	303	5869727	5869425	2.75e-122	438
NC_003070.9:16262251-16262554	NC_003071.7	92.434	304	22	1	1	303	6678754	6678451	1.28e-120	433
NC_003070.9:16262251-16262554	NC_003071.7	91.803	305	24	1	1	304	10020153	10020457	7.69e-118	424
NC_003070.9:16262251-16262554	NC_003071.7	91.815	281	22	1	1	280	8422647	8422927	7.80e-108	390
NC_003070.9:16262251-16262554	NC_003071.7	89.474	304	29	2	1	304	3211976	3212276	4.69e-105	381
NC_003070.9:16262251-16262554	NC_003071.7	77.600	250	34	13	13	241	6627338	6627090	5.22e-30	132
NC_003070.9:16262251-16262554	NC_003071.7	88.312	77	9	0	1	77	6679092	6679016	2.46e-18	93.5
NC_003070.9:16262251-16262554	NC_003071.7	88.312	77	9	0	1	77	6853307	6853231	2.46e-18	93.5
NC_003070.9:16262251-16262554	NC_003071.7	89.189	74	8	0	1	74	10019815	10019888	2.46e-18	93.5
NC_003070.9:16262251-16262554	NC_003076.8	93.092	304	20	1	1	303	26483324	26483021	5.90e-124	444
NC_003070.9:16262251-16262554	NC_003076.8	92.787	305	19	2	1	303	15385903	15385600	2.75e-122	438
NC_003070.9:16262251-16262554	NC_003076.8	92.079	303	23	1	1	302	10211734	10212036	2.14e-118	425
NC_003070.9:16262251-16262554	NC_003076.8	91.803	305	24	1	1	304	13548939	13549243	7.69e-118	424
NC_003070.9:16262251-16262554	NC_003076.8	91.803	305	23	2	1	304	14848504	14848807	7.69e-118	424
NC_003070.9:16262251-16262554	NC_003076.8	91.475	305	25	1	1	304	13619920	13619616	3.58e-116	418
NC_003070.9:16262251-16262554	NC_003076.8	91.447	304	25	1	1	303	2605235	2605538	1.29e-115	416
NC_003070.9:16262251-16262554	NC_003076.8	90.820	305	27	1	1	304	2187139	2186835	7.74e-113	407
NC_003070.9:16262251-16262554	NC_003076.8	90.789	304	26	2	1	303	19420589	19420891	2.79e-112	405
NC_003070.9:16262251-16262554	NC_003076.8	90.132	304	21	3	1	304	14004728	14005022	1.01e-106	387
NC_003070.9:16262251-16262554	NC_003076.8	93.506	77	5	0	1	77	14004559	14004635	5.26e-25	115
NC_003070.9:16262251-16262554	NC_003076.8	93.151	73	5	0	2	74	13548602	13548674	8.80e-23	108
NC_003070.9:16262251-16262554	NC_003076.8	92.958	71	5	0	1	71	2187473	2187403	1.14e-21	104
NC_003070.9:16262251-16262554	NC_003076.8	91.892	74	6	0	1	74	2605066	2605139	1.14e-21	104
NC_003070.9:16262251-16262554	NC_003076.8	90.909	77	7	0	1	77	10211565	10211641	1.14e-21	104
NC_003070.9:16262251-16262554	NC_003076.8	90.909	77	7	0	1	77	26483493	26483417	1.14e-21	104
NC_003070.9:16262251-16262554	NC_003076.8	90.909	77	6	1	2	77	10211397	10211473	4.09e-21	102
NC_003070.9:16262251-16262554	NC_003076.8	92.754	69	5	0	1	69	2187306	2187238	1.47e-20	100
NC_003070.9:16262251-16262554	NC_003076.8	89.610	77	8	0	1	77	13620088	13620012	5.29e-20	99.0
NC_003070.9:16262251-16262554	NC_003076.8	89.610	77	8	0	1	77	15386241	15386165	5.29e-20	99.0
NC_003070.9:16262251-16262554	NC_003076.8	90.541	74	7	0	1	74	19420420	19420493	5.29e-20	99.0
NC_003070.9:16262251-16262554	NC_003076.8	92.537	67	5	0	2	68	14004391	14004457	1.90e-19	97.1
NC_003070.9:16262251-16262554	NC_003076.8	79.141	163	15	14	63	209	15044123	15043964	6.85e-19	95.3
NC_003070.9:16262251-16262554	NC_003076.8	88.312	77	9	0	1	77	3114774	3114698	2.46e-18	93.5
NC_003070.9:16262251-16262554	NC_003076.8	88.312	77	9	0	1	77	13620257	13620181	2.46e-18	93.5
NC_003070.9:16262251-16262554	NC_003076.8	87.838	74	9	0	1	74	2604897	2604970	1.15e-16	87.9
NC_003070.9:16262251-16262554	NC_003076.8	87.013	77	10	0	1	77	13548770	13548846	1.15e-16	87.9
NC_003070.9:16262251-16262554	NC_003076.8	86.842	76	8	2	1	74	14848333	14848408	1.48e-15	84.2
NC_003070.9:16262251-16262554	NC_003076.8	86.765	68	9	0	1	68	26483662	26483595	2.48e-13	76.8
NC_003070.9:16262251-16262554	NC_003074.8	91.776	304	23	2	1	303	12659919	12659617	2.77e-117	422
NC_003070.9:16262251-16262554	NC_003074.8	90.323	310	22	4	1	304	17069042	17068735	1.30e-110	399
NC_003070.9:16262251-16262554	NC_003074.8	92.208	77	6	0	1	77	10511280	10511356	2.45e-23	110
NC_003070.9:16262251-16262554	NC_003074.8	90.909	77	7	0	1	77	12660088	12660012	1.14e-21	104
NC_003070.9:16262251-16262554	NC_003074.8	91.781	73	6	0	2	74	10511112	10511184	4.09e-21	102
NC_003070.9:16262251-16262554	NC_003074.8	88.312	77	9	0	1	77	12660257	12660181	2.46e-18	93.5
NC_003070.9:16262251-16262554	NC_003075.7	91.447	304	25	1	1	303	1282707	1283010	1.29e-115	416
NC_003070.9:16262251-16262554	NC_003075.7	92.754	69	5	0	1	69	1282538	1282606	1.47e-20	100
NC_003070.9:16534646-16536523	NC_003070.9	100.000	1878	0	0	1	1878	16536523	16534646	0.0	3469
NC_003070.9:16534646-16536523	NC_003070.9	88.998	409	37	6	1119	1526	13437206	13437607	8.24e-140	499
NC_003070.9:16534646-16536523	NC_003070.9	84.682	346	34	6	428	757	19655600	19655258	4.12e-88	327
NC_003070.9:16534646-16536523	NC_003076.8	95.604	819	31	5	756	1574	10922787	10921974	0.0	1308
NC_003070.9:16534646-16536523	NC_003076.8	94.931	434	15	3	1	429	10924353	10923922	0.0	673
NC_003070.9:16534646-16536523	NC_003076.8	92.289	402	23	5	1186	1587	15001903	15001510	2.88e-159	564
NC_003070.9:16534646-16536523	NC_003076.8	86.648	352	25	9	424	757	17291736	17292083	6.74e-101	370
NC_003070.9:16534646-16536523	NC_003076.8	93.886	229	13	1	1589	1817	10921901	10921674	4.09e-93	344
NC_003070.9:16534646-16536523	NC_003076.8	84.694	294	26	9	1589	1878	15001459	15001181	1.51e-72	276
NC_003070.9:16534646-16536523	NC_003076.8	88.068	176	13	3	1	168	15003950	15003775	2.60e-50	202
NC_003070.9:16534646-16536523	NC_003074.8	90.311	289	22	4	1589	1874	11220479	11220194	5.21e-102	374
NC_003070.9:16534646-16536523	NC_003074.8	87.452	263	14	6	164	423	17545993	17545747	2.51e-75	285
NC_003070.9:16534646-16536523	NC_003074.8	87.097	186	20	4	1667	1850	9363294	9363477	5.59e-52	207
NC_003070.9:16534646-16536523	NC_003071.7	85.408	233	23	9	1644	1873	2290323	2290099	3.32e-59	231
NC_003070.9:16791844-16792477	NC_003070.9	100.000	634	0	0	1	634	16791844	16792477	0.0	1171
NC_003070.9:16791844-16792477	NC_003070.9	89.071	549	42	16	92	634	11806165	11806701	0.0	665
NC_003070.9:16791844-16792477	NC_003070.9	90.526	95	9	0	6	100	11805693	11805787	5.29e-28	126
NC_003070.9:16791844-16792477	NC_003070.9	90.123	81	6	2	6	85	11618272	11618193	2.48e-21	104
NC_003070.9:16791844-16792477	NC_003074.8	87.480	639	46	17	1	634	21472731	21472122	0.0	706
NC_003070.9:16791844-16792477	NC_003071.7	90.377	530	39	10	106	633	7917328	7916809	0.0	686
NC_003070.9:16791844-16792477	NC_003071.7	86.385	639	64	14	1	634	7650362	7650982	0.0	676
NC_003070.9:16791844-16792477	NC_003071.7	90.588	85	8	0	1	85	2868066	2868150	4.12e-24	113
NC_003070.9:16791844-16792477	NC_003075.7	85.641	585	58	18	6	586	1357638	1357076	4.34e-168	592
NC_003070.9:16791844-16792477	NC_003075.7	83.445	598	49	25	1	595	2673511	2674061	1.25e-143	510
NC_003070.9:16758564-16758927	NC_003070.9	100.000	364	0	0	1	364	16758564	16758927	0.0	673
NC_003070.9:16758564-16758927	NC_003071.7	87.332	371	27	13	1	364	4592494	4592137	9.41e-113	407
NC_003070.9:16758564-16758927	NC_003075.7	100.000	32	0	0	333	364	3151494	3151463	3.04e-08	60.2
NC_003070.9:16722071-16722351	NC_003070.9	100.000	281	0	0	1	281	16722351	16722071	8.75e-147	520
NC_003070.9:16722071-16722351	NC_003075.7	84.536	291	33	7	1	281	6754162	6753874	5.81e-74	278
NC_003070.9:16722071-16722351	NC_003074.8	84.774	243	28	6	22	257	15187725	15187485	3.55e-61	235
NC_003070.9:18765854-18766621	NC_003070.9	100.000	768	0	0	1	768	18766621	18765854	0.0	1419
NC_003070.9:18765854-18766621	NC_003070.9	93.419	775	38	7	1	768	17333210	17332442	0.0	1136
NC_003070.9:18765854-18766621	NC_003070.9	91.223	638	44	5	4	638	19665948	19666576	0.0	857
NC_003070.9:18765854-18766621	NC_003070.9	81.818	462	63	16	180	628	1705679	1706132	9.72e-101	368
NC_003070.9:18765854-18766621	NC_003070.9	93.103	87	4	2	4	90	9919332	9919248	6.46e-28	126
NC_003070.9:18765854-18766621	NC_003070.9	93.103	87	4	2	4	90	19742138	19742054	6.46e-28	126
NC_003070.9:18765854-18766621	NC_003070.9	91.954	87	5	2	4	90	2588429	2588345	3.00e-26	121
NC_003070.9:18765854-18766621	NC_003070.9	93.750	80	5	0	4	83	8189961	8190040	3.00e-26	121
NC_003070.9:18765854-18766621	NC_003070.9	91.011	89	6	2	3	91	16401004	16400918	1.08e-25	119
NC_003070.9:18765854-18766621	NC_003070.9	97.101	69	2	0	2	70	21918432	21918500	3.89e-25	117
NC_003070.9:18765854-18766621	NC_003070.9	98.462	65	1	0	4	68	12183991	12183927	1.40e-24	115
NC_003070.9:18765854-18766621	NC_003070.9	92.500	80	6	0	4	83	29078415	29078494	1.40e-24	115
NC_003070.9:18765854-18766621	NC_003070.9	97.015	67	2	0	4	70	26306960	26307026	5.03e-24	113
NC_003070.9:18765854-18766621	NC_003070.9	89.773	88	7	2	4	91	5899755	5899670	1.81e-23	111
NC_003070.9:18765854-18766621	NC_003070.9	89.773	88	7	2	3	90	16859178	16859093	1.81e-23	111
NC_003070.9:18765854-18766621	NC_003070.9	95.588	68	3	0	3	70	12993596	12993529	6.50e-23	110
NC_003070.9:18765854-18766621	NC_003070.9	95.588	68	3	0	2	69	13313925	13313858	6.50e-23	110
NC_003070.9:18765854-18766621	NC_003070.9	95.588	68	3	0	3	70	17605549	17605616	6.50e-23	110
NC_003070.9:18765854-18766621	NC_003070.9	89.773	88	6	3	4	91	26880721	26880805	6.50e-23	110
NC_003070.9:18765854-18766621	NC_003070.9	95.455	66	3	0	3	68	20509423	20509358	8.41e-22	106
NC_003070.9:18765854-18766621	NC_003070.9	88.636	88	8	2	4	91	27240719	27240804	8.41e-22	106
NC_003070.9:18765854-18766621	NC_003070.9	90.123	81	7	1	3	83	2473308	2473229	3.03e-21	104
NC_003070.9:18765854-18766621	NC_003070.9	94.118	68	4	0	3	70	6219141	6219074	3.03e-21	104
NC_003070.9:18765854-18766621	NC_003070.9	94.030	67	4	0	4	70	1160224	1160290	1.09e-20	102
NC_003070.9:18765854-18766621	NC_003070.9	87.500	88	9	2	4	91	23125693	23125608	3.91e-20	100
NC_003070.9:18765854-18766621	NC_003070.9	92.647	68	5	0	2	69	10929424	10929491	1.41e-19	99.0
NC_003070.9:18765854-18766621	NC_003070.9	95.082	61	3	0	10	70	12525587	12525647	5.06e-19	97.1
NC_003070.9:18765854-18766621	NC_003070.9	90.909	66	5	1	3	68	6514475	6514539	3.05e-16	87.9
NC_003070.9:18765854-18766621	NC_003070.9	90.625	64	5	1	4	67	9385033	9384971	3.94e-15	84.2
NC_003070.9:18765854-18766621	NC_003070.9	90.625	64	5	1	4	67	18301142	18301080	3.94e-15	84.2
NC_003070.9:18765854-18766621	NC_003070.9	88.235	68	8	0	1	68	12618635	12618702	1.42e-14	82.4
NC_003070.9:18765854-18766621	NC_003070.9	90.323	62	5	1	4	65	10579424	10579484	5.10e-14	80.5
NC_003070.9:18765854-18766621	NC_003070.9	88.889	63	6	1	2	63	13548430	13548492	6.60e-13	76.8
NC_003070.9:18765854-18766621	NC_003075.7	94.545	770	35	6	3	768	2987146	2987912	0.0	1182
NC_003070.9:18765854-18766621	NC_003075.7	93.247	770	46	5	3	768	8564949	8564182	0.0	1129
NC_003070.9:18765854-18766621	NC_003075.7	92.978	769	47	7	4	768	8957982	8958747	0.0	1114
NC_003070.9:18765854-18766621	NC_003075.7	80.698	430	64	15	188	606	6504956	6504535	3.57e-85	316
NC_003070.9:18765854-18766621	NC_003075.7	96.341	82	3	0	2	83	7905769	7905850	1.07e-30	135
NC_003070.9:18765854-18766621	NC_003075.7	96.250	80	3	0	4	83	7154779	7154858	1.39e-29	132
NC_003070.9:18765854-18766621	NC_003075.7	90.805	87	6	2	4	90	6427216	6427132	1.40e-24	115
NC_003070.9:18765854-18766621	NC_003075.7	97.015	67	2	0	4	70	2040107	2040173	5.03e-24	113
NC_003070.9:18765854-18766621	NC_003075.7	90.698	86	6	2	5	90	14458283	14458200	5.03e-24	113
NC_003070.9:18765854-18766621	NC_003075.7	90.588	85	6	2	4	86	13537670	13537586	1.81e-23	111
NC_003070.9:18765854-18766621	NC_003075.7	95.588	68	3	0	3	70	7652563	7652630	6.50e-23	110
NC_003070.9:18765854-18766621	NC_003075.7	95.522	67	3	0	4	70	3897172	3897238	2.34e-22	108
NC_003070.9:18765854-18766621	NC_003075.7	88.506	87	8	2	4	90	12607047	12606963	3.03e-21	104
NC_003070.9:18765854-18766621	NC_003075.7	95.161	62	3	0	4	65	12968438	12968377	1.41e-19	99.0
NC_003070.9:18765854-18766621	NC_003075.7	93.750	64	4	0	4	67	5431587	5431524	5.06e-19	97.1
NC_003070.9:18765854-18766621	NC_003075.7	92.537	67	4	1	4	70	6638805	6638870	1.82e-18	95.3
NC_003070.9:18765854-18766621	NC_003075.7	92.424	66	4	1	2	67	9192541	9192605	6.55e-18	93.5
NC_003070.9:18765854-18766621	NC_003075.7	90.769	65	5	1	3	67	6169230	6169167	1.10e-15	86.1
NC_003070.9:18765854-18766621	NC_003075.7	84.091	88	12	2	4	91	12365606	12365521	3.94e-15	84.2
NC_003070.9:18765854-18766621	NC_003075.7	89.231	65	7	0	4	68	8899077	8899141	1.42e-14	82.4
NC_003070.9:18765854-18766621	NC_003075.7	89.231	65	6	1	4	68	7230735	7230798	5.10e-14	80.5
NC_003070.9:18765854-18766621	NC_003075.7	89.062	64	6	1	4	67	7384282	7384220	1.83e-13	78.7
NC_003070.9:18765854-18766621	NC_003075.7	87.692	65	7	1	4	68	1199585	1199522	2.37e-12	75.0
NC_003070.9:18765854-18766621	NC_003076.8	93.888	769	40	6	4	768	4970259	4971024	0.0	1153
NC_003070.9:18765854-18766621	NC_003076.8	92.109	773	52	8	2	768	9763122	9762353	0.0	1081
NC_003070.9:18765854-18766621	NC_003076.8	91.569	771	56	9	3	767	25845365	25844598	0.0	1055
NC_003070.9:18765854-18766621	NC_003076.8	92.374	695	48	4	4	695	14212167	14211475	0.0	985
NC_003070.9:18765854-18766621	NC_003076.8	92.444	675	42	5	32	706	16721244	16721909	0.0	955
NC_003070.9:18765854-18766621	NC_003076.8	89.313	262	19	3	508	768	6995165	6994912	2.76e-86	320
NC_003070.9:18765854-18766621	NC_003076.8	77.143	490	64	23	180	658	8280993	8281445	2.21e-62	241
NC_003070.9:18765854-18766621	NC_003076.8	76.278	489	69	23	180	659	4737625	4737175	3.73e-55	217
NC_003070.9:18765854-18766621	NC_003076.8	95.000	80	4	0	4	83	14880216	14880295	6.46e-28	126
NC_003070.9:18765854-18766621	NC_003076.8	93.750	80	5	0	4	83	20674822	20674743	3.00e-26	121
NC_003070.9:18765854-18766621	NC_003076.8	91.954	87	4	3	4	90	9979173	9979090	1.08e-25	119
NC_003070.9:18765854-18766621	NC_003076.8	90.909	88	6	2	4	91	13892686	13892601	3.89e-25	117
NC_003070.9:18765854-18766621	NC_003076.8	90.909	88	6	2	3	90	15659432	15659347	3.89e-25	117
NC_003070.9:18765854-18766621	NC_003076.8	89.773	88	7	2	4	91	24448812	24448897	1.81e-23	111
NC_003070.9:18765854-18766621	NC_003076.8	88.889	90	8	2	2	91	14104210	14104123	6.50e-23	110
NC_003070.9:18765854-18766621	NC_003076.8	94.203	69	4	0	2	70	6702420	6702352	8.41e-22	106
NC_003070.9:18765854-18766621	NC_003076.8	91.026	78	7	0	4	81	10873661	10873738	8.41e-22	106
NC_003070.9:18765854-18766621	NC_003076.8	88.636	88	8	2	4	91	16870923	16871008	8.41e-22	106
NC_003070.9:18765854-18766621	NC_003076.8	94.203	69	4	0	2	70	24117958	24118026	8.41e-22	106
NC_003070.9:18765854-18766621	NC_003076.8	90.909	77	7	0	4	80	7417331	7417407	3.03e-21	104
NC_003070.9:18765854-18766621	NC_003076.8	87.640	89	9	2	3	91	13231668	13231754	1.09e-20	102
NC_003070.9:18765854-18766621	NC_003076.8	92.647	68	5	0	3	70	7701182	7701115	1.41e-19	99.0
NC_003070.9:18765854-18766621	NC_003076.8	89.610	77	8	0	3	79	9558217	9558141	1.41e-19	99.0
NC_003070.9:18765854-18766621	NC_003076.8	92.647	68	4	1	1	68	9866838	9866904	5.06e-19	97.1
NC_003070.9:18765854-18766621	NC_003076.8	88.608	79	9	0	3	81	16712850	16712928	5.06e-19	97.1
NC_003070.9:18765854-18766621	NC_003076.8	92.537	67	4	1	2	68	15536014	15535949	1.82e-18	95.3
NC_003070.9:18765854-18766621	NC_003076.8	92.308	65	4	1	4	68	7488977	7488914	2.36e-17	91.6
NC_003070.9:18765854-18766621	NC_003076.8	92.188	64	5	0	7	70	22463661	22463724	2.36e-17	91.6
NC_003070.9:18765854-18766621	NC_003076.8	90.769	65	5	1	4	68	15162255	15162318	1.10e-15	86.1
NC_003070.9:18765854-18766621	NC_003076.8	89.231	65	7	0	3	67	8280717	8280781	1.42e-14	82.4
NC_003070.9:18765854-18766621	NC_003076.8	90.323	62	5	1	4	65	19153746	19153686	5.10e-14	80.5
NC_003070.9:18765854-18766621	NC_003076.8	89.062	64	6	1	4	67	17481151	17481213	1.83e-13	78.7
NC_003070.9:18765854-18766621	NC_003076.8	87.692	65	7	1	4	68	22020973	22021036	2.37e-12	75.0
NC_003070.9:18765854-18766621	NC_003074.8	93.758	769	42	6	4	768	4551549	4552315	0.0	1149
NC_003070.9:18765854-18766621	NC_003074.8	94.444	738	33	5	37	768	9540512	9541247	0.0	1129
NC_003070.9:18765854-18766621	NC_003074.8	92.848	769	50	4	4	768	10082828	10082061	0.0	1110
NC_003070.9:18765854-18766621	NC_003074.8	92.088	771	56	5	2	768	7318500	7319269	0.0	1081
NC_003070.9:18765854-18766621	NC_003074.8	93.258	89	4	2	2	90	15918693	15918607	4.99e-29	130
NC_003070.9:18765854-18766621	NC_003074.8	86.916	107	12	2	591	697	11646598	11646494	1.08e-25	119
NC_003070.9:18765854-18766621	NC_003074.8	90.909	88	5	3	4	91	7766062	7766146	1.40e-24	115
NC_003070.9:18765854-18766621	NC_003074.8	89.773	88	7	2	3	90	7659522	7659437	1.81e-23	111
NC_003070.9:18765854-18766621	NC_003074.8	96.923	65	2	0	6	70	6729497	6729433	6.50e-23	110
NC_003070.9:18765854-18766621	NC_003074.8	94.203	69	4	0	2	70	19739755	19739823	8.41e-22	106
NC_003070.9:18765854-18766621	NC_003074.8	90.909	77	7	0	4	80	8772147	8772223	3.03e-21	104
NC_003070.9:18765854-18766621	NC_003074.8	95.385	65	3	0	5	69	16235708	16235644	3.03e-21	104
NC_003070.9:18765854-18766621	NC_003074.8	87.640	89	9	2	3	91	14057123	14057209	1.09e-20	102
NC_003070.9:18765854-18766621	NC_003074.8	87.059	85	9	2	1	83	15812958	15813042	1.82e-18	95.3
NC_003070.9:18765854-18766621	NC_003074.8	92.308	65	4	1	4	68	16677616	16677679	2.36e-17	91.6
NC_003070.9:18765854-18766621	NC_003074.8	92.188	64	4	1	4	67	20770464	20770402	8.47e-17	89.8
NC_003070.9:18765854-18766621	NC_003074.8	89.552	67	7	0	4	70	7274660	7274726	1.10e-15	86.1
NC_003070.9:18765854-18766621	NC_003074.8	90.769	65	5	1	4	68	16535294	16535231	1.10e-15	86.1
NC_003070.9:18765854-18766621	NC_003074.8	90.625	64	5	1	4	67	8596967	8596905	3.94e-15	84.2
NC_003070.9:18765854-18766621	NC_003074.8	90.625	64	5	1	2	65	19537818	19537756	3.94e-15	84.2
NC_003070.9:18765854-18766621	NC_003074.8	85.526	76	9	2	16	91	18634492	18634419	1.83e-13	78.7
NC_003070.9:18765854-18766621	NC_003074.8	89.062	64	6	1	4	67	19529023	19529085	1.83e-13	78.7
NC_003070.9:18765854-18766621	NC_003074.8	92.453	53	3	1	4	55	11315007	11315059	2.37e-12	75.0
NC_003070.9:18765854-18766621	NC_003074.8	88.710	62	6	1	4	65	16902332	16902392	2.37e-12	75.0
NC_003070.9:18765854-18766621	NC_003074.8	86.154	65	8	1	4	68	10900762	10900825	1.10e-10	69.4
NC_003070.9:18765854-18766621	NC_003074.8	100.000	33	0	0	4	36	9540459	9540491	1.85e-08	62.1
NC_003070.9:18765854-18766621	NC_003074.8	100.000	29	0	0	4	32	18172792	18172764	3.09e-06	54.7
NC_003070.9:18765854-18766621	NC_003071.7	91.938	769	45	11	4	768	1303113	1302358	0.0	1061
NC_003070.9:18765854-18766621	NC_003071.7	85.000	320	41	7	401	716	11503671	11503355	9.93e-86	318
NC_003070.9:18765854-18766621	NC_003071.7	95.062	81	3	1	4	83	11597292	11597372	6.46e-28	126
NC_003070.9:18765854-18766621	NC_003071.7	92.683	82	6	0	2	83	7178417	7178498	1.08e-25	119
NC_003070.9:18765854-18766621	NC_003071.7	90.909	88	6	2	3	90	8046270	8046185	3.89e-25	117
NC_003070.9:18765854-18766621	NC_003071.7	90.000	90	7	2	1	90	9860517	9860430	1.40e-24	115
NC_003070.9:18765854-18766621	NC_003071.7	97.015	67	2	0	4	70	10239495	10239429	5.03e-24	113
NC_003070.9:18765854-18766621	NC_003071.7	95.522	67	3	0	4	70	6411149	6411215	2.34e-22	108
NC_003070.9:18765854-18766621	NC_003071.7	92.208	77	5	1	4	80	7340381	7340456	2.34e-22	108
NC_003070.9:18765854-18766621	NC_003071.7	95.455	66	3	0	2	67	1955468	1955533	8.41e-22	106
NC_003070.9:18765854-18766621	NC_003071.7	94.203	69	4	0	2	70	2262407	2262339	8.41e-22	106
NC_003070.9:18765854-18766621	NC_003071.7	94.203	69	4	0	2	70	4758698	4758630	8.41e-22	106
NC_003070.9:18765854-18766621	NC_003071.7	88.636	88	8	2	4	91	9433091	9433176	8.41e-22	106
NC_003070.9:18765854-18766621	NC_003071.7	94.030	67	4	0	4	70	7439723	7439657	1.09e-20	102
NC_003070.9:18765854-18766621	NC_003071.7	89.744	78	8	0	2	79	6207153	6207076	3.91e-20	100
NC_003070.9:18765854-18766621	NC_003071.7	92.754	69	5	0	2	70	19623100	19623168	3.91e-20	100
NC_003070.9:18765854-18766621	NC_003071.7	92.537	67	5	0	4	70	5037751	5037817	5.06e-19	97.1
NC_003070.9:18765854-18766621	NC_003071.7	93.651	63	4	0	4	66	9229179	9229117	1.82e-18	95.3
NC_003070.9:18765854-18766621	NC_003071.7	92.308	65	5	0	4	68	5010652	5010588	6.55e-18	93.5
NC_003070.9:18765854-18766621	NC_003071.7	90.909	66	6	0	4	69	1552862	1552797	8.47e-17	89.8
NC_003070.9:18765854-18766621	NC_003071.7	90.769	65	5	1	4	68	3198502	3198439	1.10e-15	86.1
NC_003070.9:18765854-18766621	NC_003071.7	90.625	64	5	1	4	67	6901191	6901253	3.94e-15	84.2
NC_003070.9:18765854-18766621	NC_003071.7	89.231	65	6	1	4	68	1322856	1322793	5.10e-14	80.5
NC_003070.9:18765854-18766621	NC_003071.7	89.062	64	6	1	4	67	9029807	9029869	1.83e-13	78.7
NC_003070.9:18765854-18766621	NC_003071.7	89.062	64	6	1	4	67	10070964	10070902	1.83e-13	78.7
NC_003070.9:18765854-18766621	NC_003071.7	87.500	64	7	1	4	67	11909720	11909658	8.53e-12	73.1
NC_003070.9:18765854-18766621	NC_003071.7	87.302	63	7	1	5	67	2320063	2320124	3.07e-11	71.3
