NC_003070.9:10021414-10021962	NC_003070.9	100.000	549	0	0	1	549	10021962	10021414	0.0	1014
NC_003070.9:10021414-10021962	NC_003070.9	94.918	551	26	1	1	549	11804094	11803544	0.0	861
NC_003070.9:10021414-10021962	NC_003070.9	93.466	551	33	2	1	549	19769024	19769573	0.0	815
NC_003070.9:10021414-10021962	NC_003070.9	90.563	551	50	1	1	549	28891930	28891380	0.0	728
NC_003070.9:10021414-10021962	NC_003070.9	89.636	550	35	10	20	549	25779690	25780237	0.0	680
NC_003070.9:10021414-10021962	NC_003070.9	88.360	567	45	14	1	549	5862949	5863512	0.0	662
NC_003070.9:10021414-10021962	NC_003070.9	88.163	566	47	12	1	549	23125693	23125131	0.0	656
NC_003070.9:10021414-10021962	NC_003070.9	87.654	567	47	15	1	549	12097456	12098017	0.0	638
NC_003070.9:10021414-10021962	NC_003070.9	86.949	567	55	11	1	549	21739641	21739076	1.71e-176	619
NC_003070.9:10021414-10021962	NC_003070.9	86.678	578	46	15	2	549	17502231	17502807	2.87e-174	612
NC_003070.9:10021414-10021962	NC_003070.9	86.772	567	47	15	1	549	26511226	26510670	1.33e-172	606
NC_003070.9:10021414-10021962	NC_003070.9	86.467	569	56	13	1	549	13495989	13495422	4.80e-172	604
NC_003070.9:10021414-10021962	NC_003070.9	86.596	567	42	16	1	549	21918434	21918984	2.89e-169	595
NC_003070.9:10021414-10021962	NC_003070.9	86.918	558	37	15	1	527	6219140	6218588	1.04e-168	593
NC_003070.9:10021414-10021962	NC_003070.9	86.702	564	40	13	1	549	29244142	29244685	1.04e-168	593
NC_003070.9:10021414-10021962	NC_003070.9	86.243	567	44	15	1	549	4770665	4770115	6.25e-166	584
NC_003070.9:10021414-10021962	NC_003070.9	86.140	570	45	11	1	549	27240719	27241275	6.25e-166	584
NC_003070.9:10021414-10021962	NC_003070.9	86.219	566	45	17	1	549	5899755	5899206	2.25e-165	582
NC_003070.9:10021414-10021962	NC_003070.9	85.940	569	47	15	1	549	26880721	26881276	1.05e-163	577
NC_003070.9:10021414-10021962	NC_003070.9	85.789	570	45	9	1	549	540987	540433	4.87e-162	571
NC_003070.9:10021414-10021962	NC_003070.9	85.816	564	47	12	1	549	22192007	22192552	6.29e-161	568
NC_003070.9:10021414-10021962	NC_003070.9	85.345	580	46	17	1	549	13869873	13870444	8.14e-160	564
NC_003070.9:10021414-10021962	NC_003070.9	85.538	567	49	11	1	549	20205905	20205354	2.93e-159	562
NC_003070.9:10021414-10021962	NC_003070.9	85.088	570	49	17	1	549	16401003	16400449	2.28e-155	549
NC_003070.9:10021414-10021962	NC_003070.9	85.926	540	36	14	4	527	2986889	2986374	1.37e-152	540
NC_003070.9:10021414-10021962	NC_003070.9	84.183	569	65	13	1	549	13811466	13810903	2.97e-149	529
NC_003070.9:10021414-10021962	NC_003070.9	86.561	506	30	17	62	547	10930983	10931470	1.38e-147	523
NC_003070.9:10021414-10021962	NC_003070.9	84.238	571	52	16	1	549	10591982	10591428	4.97e-147	521
NC_003070.9:10021414-10021962	NC_003070.9	84.559	544	62	13	1	526	4582998	4583537	1.79e-146	520
NC_003070.9:10021414-10021962	NC_003070.9	83.688	564	44	16	1	547	10853200	10852668	5.04e-137	488
NC_003070.9:10021414-10021962	NC_003070.9	82.312	571	54	21	1	549	24645519	24646064	6.61e-126	451
NC_003070.9:10021414-10021962	NC_003070.9	85.649	439	44	10	2	422	2587832	2587395	1.11e-123	444
NC_003070.9:10021414-10021962	NC_003070.9	86.195	297	24	3	254	549	24718758	24719038	5.45e-82	305
NC_003070.9:10021414-10021962	NC_003070.9	87.866	239	23	6	315	549	10579905	10580141	4.27e-73	276
NC_003070.9:10021414-10021962	NC_003070.9	87.866	239	23	6	315	549	11669593	11669357	4.27e-73	276
NC_003070.9:10021414-10021962	NC_003070.9	87.866	239	21	8	315	549	21128636	21128870	1.54e-72	274
NC_003070.9:10021414-10021962	NC_003070.9	87.449	247	15	7	305	549	2473131	2472899	1.99e-71	270
NC_003070.9:10021414-10021962	NC_003070.9	90.338	207	16	4	345	549	8539559	8539763	7.15e-71	268
NC_003070.9:10021414-10021962	NC_003070.9	87.029	239	24	7	315	549	9418298	9418063	3.33e-69	263
NC_003070.9:10021414-10021962	NC_003070.9	86.611	239	26	6	315	549	20559836	20559600	4.30e-68	259
NC_003070.9:10021414-10021962	NC_003070.9	89.372	207	19	3	345	549	9384365	9384160	1.55e-67	257
NC_003070.9:10021414-10021962	NC_003070.9	86.611	239	24	8	315	549	20166905	20166671	1.55e-67	257
NC_003070.9:10021414-10021962	NC_003070.9	86.580	231	31	0	1	231	13313923	13313693	5.56e-67	255
NC_003070.9:10021414-10021962	NC_003070.9	86.192	239	26	7	315	549	12619289	12619524	7.20e-66	252
NC_003070.9:10021414-10021962	NC_003070.9	88.889	207	20	3	345	549	18300475	18300270	7.20e-66	252
NC_003070.9:10021414-10021962	NC_003070.9	86.207	232	30	2	1	231	12240505	12240735	2.59e-65	250
NC_003070.9:10021414-10021962	NC_003070.9	86.996	223	23	6	315	533	3762754	3762974	3.35e-64	246
NC_003070.9:10021414-10021962	NC_003070.9	84.848	231	22	5	315	544	3251256	3251474	2.03e-56	220
NC_003070.9:10021414-10021962	NC_003070.9	87.283	173	21	1	1	173	2473307	2473136	3.42e-49	196
NC_003070.9:10021414-10021962	NC_003070.9	87.059	170	19	3	382	549	9918621	9918453	5.72e-47	189
NC_003070.9:10021414-10021962	NC_003070.9	87.574	169	13	5	382	549	16858793	16858632	5.72e-47	189
NC_003070.9:10021414-10021962	NC_003070.9	90.345	145	13	1	406	549	21336383	21336527	5.72e-47	189
NC_003070.9:10021414-10021962	NC_003070.9	81.857	237	17	7	315	549	29774473	29774261	4.46e-43	176
NC_003070.9:10021414-10021962	NC_003070.9	88.281	128	11	3	423	549	12562353	12562229	2.70e-35	150
NC_003070.9:10021414-10021962	NC_003070.9	79.167	240	30	17	315	549	5437136	5436912	9.72e-35	148
NC_003070.9:10021414-10021962	NC_003070.9	85.938	128	14	4	423	549	16327179	16327303	2.72e-30	134
NC_003070.9:10021414-10021962	NC_003070.9	85.938	128	14	4	423	549	16826246	16826370	2.72e-30	134
NC_003070.9:10021414-10021962	NC_003070.9	85.938	128	14	4	423	549	19465214	19465090	2.72e-30	134
NC_003070.9:10021414-10021962	NC_003070.9	85.271	129	16	3	421	549	8489539	8489414	3.52e-29	130
NC_003070.9:10021414-10021962	NC_003070.9	85.385	130	13	6	421	549	11701603	11701727	3.52e-29	130
NC_003070.9:10021414-10021962	NC_003070.9	85.271	129	16	3	421	549	22451880	22452005	3.52e-29	130
NC_003070.9:10021414-10021962	NC_003070.9	85.271	129	16	3	421	549	23553916	23553791	3.52e-29	130
NC_003070.9:10021414-10021962	NC_003070.9	85.271	129	13	6	421	547	9865470	9865346	1.27e-28	128
NC_003070.9:10021414-10021962	NC_003070.9	84.615	130	16	4	421	549	19064466	19064592	4.55e-28	126
NC_003070.9:10021414-10021962	NC_003070.9	85.156	128	14	5	424	549	22620714	22620590	4.55e-28	126
NC_003070.9:10021414-10021962	NC_003070.9	85.039	127	16	3	423	549	25962588	25962465	4.55e-28	126
NC_003070.9:10021414-10021962	NC_003070.9	85.156	128	14	5	424	549	30251102	30250978	4.55e-28	126
NC_003070.9:10021414-10021962	NC_003070.9	83.846	130	17	4	421	549	7037164	7037290	2.12e-26	121
NC_003070.9:10021414-10021962	NC_003070.9	84.375	128	15	5	424	549	12328051	12327927	2.12e-26	121
NC_003070.9:10021414-10021962	NC_003070.9	84.677	124	16	3	426	549	13015971	13015851	2.12e-26	121
NC_003070.9:10021414-10021962	NC_003070.9	83.969	131	16	5	420	549	14308890	14308764	2.12e-26	121
NC_003070.9:10021414-10021962	NC_003070.9	83.846	130	17	4	421	549	18792738	18792864	2.12e-26	121
NC_003070.9:10021414-10021962	NC_003070.9	84.375	128	15	5	424	549	22992056	22991932	2.12e-26	121
NC_003070.9:10021414-10021962	NC_003070.9	77.477	222	30	9	328	547	21602156	21601953	9.85e-25	115
NC_003070.9:10021414-10021962	NC_003070.9	100.000	28	0	0	522	549	21103382	21103355	7.84e-06	52.8
NC_003070.9:10021414-10021962	NC_003076.8	96.007	551	18	3	1	549	26787654	26787106	0.0	893
NC_003070.9:10021414-10021962	NC_003076.8	95.993	549	19	3	4	549	6420375	6419827	0.0	889
NC_003070.9:10021414-10021962	NC_003076.8	93.648	551	28	4	1	549	8748925	8749470	0.0	817
NC_003070.9:10021414-10021962	NC_003076.8	91.667	552	37	4	1	549	9854346	9854891	0.0	756
NC_003070.9:10021414-10021962	NC_003076.8	91.667	552	26	5	1	549	15580807	15581341	0.0	747
NC_003070.9:10021414-10021962	NC_003076.8	88.516	566	46	11	1	549	17726422	17726985	0.0	667
NC_003070.9:10021414-10021962	NC_003076.8	88.516	566	46	11	1	549	24448812	24449375	0.0	667
NC_003070.9:10021414-10021962	NC_003076.8	86.926	566	54	11	1	549	5625058	5625620	6.16e-176	617
NC_003070.9:10021414-10021962	NC_003076.8	86.724	580	44	12	1	549	7417331	7417908	7.97e-175	614
NC_003070.9:10021414-10021962	NC_003076.8	86.667	570	43	10	1	549	9558216	9557659	6.20e-171	601
NC_003070.9:10021414-10021962	NC_003076.8	86.420	567	55	15	1	549	22621740	22621178	6.20e-171	601
NC_003070.9:10021414-10021962	NC_003076.8	86.140	570	55	15	1	549	9068735	9068169	1.04e-168	593
NC_003070.9:10021414-10021962	NC_003076.8	86.243	567	44	15	1	549	19101558	19102108	6.25e-166	584
NC_003070.9:10021414-10021962	NC_003076.8	85.940	569	48	9	1	549	16870923	16871479	2.91e-164	579
NC_003070.9:10021414-10021962	NC_003076.8	85.764	569	49	9	1	549	13892686	13892130	1.35e-162	573
NC_003070.9:10021414-10021962	NC_003076.8	85.764	569	47	16	1	549	14810271	14810825	4.87e-162	571
NC_003070.9:10021414-10021962	NC_003076.8	86.042	566	40	12	1	549	17043358	17043901	4.87e-162	571
NC_003070.9:10021414-10021962	NC_003076.8	84.680	594	43	18	1	549	24117960	24118550	2.28e-155	549
NC_003070.9:10021414-10021962	NC_003076.8	85.106	564	49	14	1	549	7701181	7700638	1.06e-153	544
NC_003070.9:10021414-10021962	NC_003076.8	85.159	566	43	17	1	549	14104208	14103667	3.81e-153	542
NC_003070.9:10021414-10021962	NC_003076.8	85.797	521	43	10	27	518	26015332	26015850	1.38e-147	523
NC_003070.9:10021414-10021962	NC_003076.8	83.865	564	51	15	1	547	16712851	16713391	6.47e-141	501
NC_003070.9:10021414-10021962	NC_003076.8	85.127	511	46	16	1	495	22335576	22335080	3.01e-139	496
NC_003070.9:10021414-10021962	NC_003076.8	82.716	567	42	13	1	549	7069989	7070517	1.84e-126	453
NC_003070.9:10021414-10021962	NC_003076.8	86.420	405	37	9	1	388	4936961	4937364	1.11e-118	427
NC_003070.9:10021414-10021962	NC_003076.8	86.632	389	36	8	1	373	706997	706609	2.41e-115	416
NC_003070.9:10021414-10021962	NC_003076.8	86.260	393	35	10	3	376	15882295	15882687	4.04e-113	409
NC_003070.9:10021414-10021962	NC_003076.8	91.958	286	19	4	265	549	6702209	6701927	8.74e-110	398
NC_003070.9:10021414-10021962	NC_003076.8	83.611	360	21	17	210	549	14395374	14395033	1.96e-81	303
NC_003070.9:10021414-10021962	NC_003076.8	83.611	360	21	17	210	549	14454673	14454332	1.96e-81	303
NC_003070.9:10021414-10021962	NC_003076.8	90.431	209	20	0	3	211	14395843	14395635	4.27e-73	276
NC_003070.9:10021414-10021962	NC_003076.8	90.431	209	20	0	3	211	14455142	14454934	4.27e-73	276
NC_003070.9:10021414-10021962	NC_003076.8	87.879	231	27	1	1	231	13231669	13231898	1.99e-71	270
NC_003070.9:10021414-10021962	NC_003076.8	86.142	267	14	7	284	549	24586812	24587056	2.57e-70	267
NC_003070.9:10021414-10021962	NC_003076.8	87.029	239	25	5	315	549	15162886	15163122	9.25e-70	265
NC_003070.9:10021414-10021962	NC_003076.8	86.975	238	24	7	315	547	7488328	7488093	1.20e-68	261
NC_003070.9:10021414-10021962	NC_003076.8	87.395	238	13	9	205	426	13678951	13678715	1.55e-67	257
NC_003070.9:10021414-10021962	NC_003076.8	88.406	207	21	3	345	549	16030754	16030549	3.35e-64	246
NC_003070.9:10021414-10021962	NC_003076.8	85.232	237	29	5	315	547	22021624	22021858	5.60e-62	239
NC_003070.9:10021414-10021962	NC_003076.8	84.980	253	17	9	315	549	15031163	15030914	2.02e-61	237
NC_003070.9:10021414-10021962	NC_003076.8	86.574	216	22	7	315	526	15535363	15535151	9.38e-60	231
NC_003070.9:10021414-10021962	NC_003076.8	86.111	216	27	3	1	215	6702418	6702205	3.37e-59	230
NC_003070.9:10021414-10021962	NC_003076.8	87.065	201	17	2	67	265	17885905	17885712	7.30e-56	219
NC_003070.9:10021414-10021962	NC_003076.8	95.556	135	6	0	1	135	20119601	20119735	2.63e-55	217
NC_003070.9:10021414-10021962	NC_003076.8	88.757	169	11	2	382	549	10041973	10041812	2.64e-50	200
NC_003070.9:10021414-10021962	NC_003076.8	82.845	239	16	10	315	548	19408597	19408379	1.59e-47	191
NC_003070.9:10021414-10021962	NC_003076.8	89.362	141	13	2	315	454	9867496	9867635	4.46e-43	176
NC_003070.9:10021414-10021962	NC_003076.8	89.362	141	13	2	315	454	24314283	24314422	4.46e-43	176
NC_003070.9:10021414-10021962	NC_003076.8	81.116	233	28	7	316	547	8671466	8671683	5.77e-42	172
NC_003070.9:10021414-10021962	NC_003076.8	84.971	173	22	4	315	485	26893188	26893358	5.77e-42	172
NC_003070.9:10021414-10021962	NC_003076.8	88.571	140	14	2	315	454	17398095	17397958	7.46e-41	169
NC_003070.9:10021414-10021962	NC_003076.8	89.231	130	8	6	421	549	21775911	21775787	1.61e-37	158
NC_003070.9:10021414-10021962	NC_003076.8	87.692	130	11	5	421	549	5428081	5427956	3.49e-34	147
NC_003070.9:10021414-10021962	NC_003076.8	85.271	129	15	4	422	549	7153309	7153184	3.52e-29	130
NC_003070.9:10021414-10021962	NC_003076.8	85.271	129	16	3	421	549	16358419	16358544	3.52e-29	130
NC_003070.9:10021414-10021962	NC_003076.8	85.271	129	16	3	421	549	17796263	17796138	3.52e-29	130
NC_003070.9:10021414-10021962	NC_003076.8	85.484	124	14	4	427	549	14143814	14143694	4.55e-28	126
NC_003070.9:10021414-10021962	NC_003076.8	84.615	130	16	4	421	549	15042260	15042134	4.55e-28	126
NC_003070.9:10021414-10021962	NC_003076.8	84.615	130	16	4	421	549	15604795	15604669	4.55e-28	126
NC_003070.9:10021414-10021962	NC_003076.8	84.615	130	16	4	421	549	24475417	24475291	4.55e-28	126
NC_003070.9:10021414-10021962	NC_003076.8	84.615	130	15	3	421	549	4314741	4314866	1.64e-27	124
NC_003070.9:10021414-10021962	NC_003076.8	91.954	87	4	3	464	549	15882682	15882766	7.62e-26	119
NC_003070.9:10021414-10021962	NC_003076.8	83.077	130	16	4	421	549	8744749	8744625	3.54e-24	113
NC_003070.9:10021414-10021962	NC_003076.8	87.129	101	11	2	423	521	17247804	17247704	3.54e-24	113
NC_003070.9:10021414-10021962	NC_003076.8	82.836	134	13	10	423	549	25265207	25265337	1.27e-23	111
NC_003070.9:10021414-10021962	NC_003076.8	82.308	130	19	4	421	549	10715496	10715622	4.58e-23	110
NC_003070.9:10021414-10021962	NC_003071.7	95.463	551	23	1	1	549	13101810	13102360	0.0	878
NC_003070.9:10021414-10021962	NC_003071.7	94.737	551	27	1	1	549	12556654	12557204	0.0	856
NC_003070.9:10021414-10021962	NC_003071.7	93.773	546	30	3	1	544	13885931	13886474	0.0	817
NC_003070.9:10021414-10021962	NC_003071.7	88.576	569	42	14	1	549	2138820	2139385	0.0	669
NC_003070.9:10021414-10021962	NC_003071.7	88.007	567	46	14	1	549	5037751	5038313	0.0	651
NC_003070.9:10021414-10021962	NC_003071.7	86.796	568	50	15	1	549	7340381	7340942	1.03e-173	610
NC_003070.9:10021414-10021962	NC_003071.7	87.156	545	48	16	1	526	4025413	4025954	2.23e-170	599
NC_003070.9:10021414-10021962	NC_003071.7	86.116	569	47	15	1	549	6207151	6206595	6.25e-166	584
NC_003070.9:10021414-10021962	NC_003071.7	86.348	564	44	12	1	547	9226025	9225478	6.25e-166	584
NC_003070.9:10021414-10021962	NC_003071.7	85.714	567	62	12	1	549	5010652	5010087	8.08e-165	580
NC_003070.9:10021414-10021962	NC_003071.7	85.461	564	46	13	1	549	9229179	9228637	4.90e-157	555
NC_003070.9:10021414-10021962	NC_003071.7	85.336	566	44	9	1	549	1670334	1669791	2.28e-155	549
NC_003070.9:10021414-10021962	NC_003071.7	87.143	490	45	4	4	476	19172665	19172177	1.37e-152	540
NC_003070.9:10021414-10021962	NC_003071.7	84.859	568	44	14	1	549	19623102	19623646	6.38e-151	534
NC_003070.9:10021414-10021962	NC_003071.7	84.258	559	66	9	8	549	1596926	1597479	3.84e-148	525
NC_003070.9:10021414-10021962	NC_003071.7	85.687	517	46	19	19	512	17147641	17147130	1.79e-146	520
NC_003070.9:10021414-10021962	NC_003071.7	83.509	570	51	12	1	549	15134225	15134772	3.90e-138	492
NC_003070.9:10021414-10021962	NC_003071.7	82.931	580	48	18	1	549	9860514	9859955	3.92e-133	475
NC_003070.9:10021414-10021962	NC_003071.7	82.705	584	49	24	2	549	1409588	1410155	5.08e-132	472
NC_003070.9:10021414-10021962	NC_003071.7	84.024	507	43	9	4	494	19243132	19242648	1.84e-126	453
NC_003070.9:10021414-10021962	NC_003071.7	87.415	294	35	2	257	549	4305998	4306290	1.93e-91	337
NC_003070.9:10021414-10021962	NC_003071.7	87.063	286	20	6	265	549	9433300	9433569	1.51e-82	307
NC_003070.9:10021414-10021962	NC_003071.7	89.451	237	21	4	316	549	10996418	10996183	3.28e-79	296
NC_003070.9:10021414-10021962	NC_003071.7	88.235	238	23	5	316	549	1383789	1383553	3.30e-74	279
NC_003070.9:10021414-10021962	NC_003071.7	87.866	239	23	6	315	549	1322206	1321970	4.27e-73	276
NC_003070.9:10021414-10021962	NC_003071.7	90.821	207	15	4	345	549	1038253	1038049	1.54e-72	274
NC_003070.9:10021414-10021962	NC_003071.7	87.866	239	22	7	315	549	3197853	3197618	1.54e-72	274
NC_003070.9:10021414-10021962	NC_003071.7	89.474	209	16	5	345	549	2320728	2320934	4.30e-68	259
NC_003070.9:10021414-10021962	NC_003071.7	87.209	172	14	5	379	549	8907832	8907996	5.72e-47	189
NC_003070.9:10021414-10021962	NC_003071.7	83.562	219	17	10	315	530	9455967	9456169	2.06e-46	187
NC_003070.9:10021414-10021962	NC_003071.7	85.795	176	20	4	379	549	826099	826274	9.58e-45	182
NC_003070.9:10021414-10021962	NC_003071.7	82.278	237	16	13	315	549	9585143	9585355	9.58e-45	182
NC_003070.9:10021414-10021962	NC_003071.7	81.857	237	17	7	315	549	1347424	1347212	4.46e-43	176
NC_003070.9:10021414-10021962	NC_003071.7	87.755	147	16	2	404	549	9311473	9311618	2.07e-41	171
NC_003070.9:10021414-10021962	NC_003071.7	81.702	235	15	14	315	547	10070310	10070102	2.07e-41	171
NC_003070.9:10021414-10021962	NC_003071.7	88.489	139	14	2	315	452	9030463	9030600	2.68e-40	167
NC_003070.9:10021414-10021962	NC_003071.7	86.260	131	14	4	420	549	11285242	11285115	5.85e-32	139
NC_003070.9:10021414-10021962	NC_003071.7	85.496	131	15	4	420	549	3212452	3212325	2.72e-30	134
NC_003070.9:10021414-10021962	NC_003071.7	89.000	100	9	2	345	443	11909052	11908954	5.89e-27	122
NC_003070.9:10021414-10021962	NC_003071.7	83.846	130	17	4	421	549	6663995	6664121	2.12e-26	121
NC_003070.9:10021414-10021962	NC_003071.7	83.846	130	16	5	421	549	7112803	7112928	7.62e-26	119
NC_003070.9:10021414-10021962	NC_003071.7	77.966	236	14	17	315	549	14572548	14572746	3.54e-24	113
NC_003070.9:10021414-10021962	NC_003071.7	82.031	128	17	6	424	549	4024867	4024990	2.13e-21	104
NC_003070.9:10021414-10021962	NC_003071.7	100.000	29	0	0	521	549	7177618	7177590	2.18e-06	54.7
NC_003070.9:10021414-10021962	NC_003075.7	94.737	551	27	1	1	549	9112130	9111580	0.0	856
NC_003070.9:10021414-10021962	NC_003075.7	88.183	567	45	12	1	549	1521257	1521819	0.0	656
NC_003070.9:10021414-10021962	NC_003075.7	87.611	565	53	10	1	549	5392283	5391720	0.0	640
NC_003070.9:10021414-10021962	NC_003075.7	87.456	566	51	10	1	549	6115341	6115903	0.0	634
NC_003070.9:10021414-10021962	NC_003075.7	86.572	566	56	13	1	549	572759	572197	1.33e-172	606
NC_003070.9:10021414-10021962	NC_003075.7	85.889	574	54	14	2	549	14458283	14457711	1.74e-166	586
NC_003070.9:10021414-10021962	NC_003075.7	85.816	564	44	15	1	549	7034793	7034251	2.26e-160	566
NC_003070.9:10021414-10021962	NC_003075.7	86.168	535	54	8	1	518	824053	823522	1.05e-158	560
NC_003070.9:10021414-10021962	NC_003075.7	85.689	566	42	11	1	549	15442194	15441651	1.05e-158	560
NC_003070.9:10021414-10021962	NC_003075.7	84.974	579	49	15	1	549	12607047	12606477	1.76e-156	553
NC_003070.9:10021414-10021962	NC_003075.7	84.534	569	50	19	1	549	6340022	6339472	2.97e-149	529
NC_003070.9:10021414-10021962	NC_003075.7	86.762	491	46	10	1	474	6660987	6661475	2.97e-149	529
NC_003070.9:10021414-10021962	NC_003075.7	83.922	566	51	11	1	549	8947760	8947218	5.00e-142	505
NC_003070.9:10021414-10021962	NC_003075.7	82.862	566	57	13	1	549	12365606	12365064	5.08e-132	472
NC_003070.9:10021414-10021962	NC_003075.7	89.691	291	26	3	258	547	2553660	2553947	6.85e-101	368
NC_003070.9:10021414-10021962	NC_003075.7	87.552	241	22	8	315	549	8899727	8899965	5.53e-72	272
NC_003070.9:10021414-10021962	NC_003075.7	86.498	237	27	5	315	549	17501973	17502206	5.56e-67	255
NC_003070.9:10021414-10021962	NC_003075.7	85.774	239	26	6	315	549	7231369	7231603	3.35e-64	246
NC_003070.9:10021414-10021962	NC_003075.7	90.751	173	12	4	315	485	8820042	8819872	1.21e-58	228
NC_003070.9:10021414-10021962	NC_003075.7	86.982	169	14	5	382	549	964024	963863	2.66e-45	183
NC_003070.9:10021414-10021962	NC_003075.7	81.857	237	14	15	315	549	12699153	12699362	5.77e-42	172
NC_003070.9:10021414-10021962	NC_003075.7	86.154	130	14	4	421	549	370914	370788	2.10e-31	137
NC_003070.9:10021414-10021962	NC_003075.7	86.154	130	14	4	421	549	8065578	8065704	2.10e-31	137
NC_003070.9:10021414-10021962	NC_003075.7	85.385	130	16	3	421	549	4148055	4148182	9.78e-30	132
NC_003070.9:10021414-10021962	NC_003075.7	85.385	130	15	4	421	549	16863389	16863263	9.78e-30	132
NC_003070.9:10021414-10021962	NC_003075.7	84.615	130	16	4	421	549	11192401	11192275	4.55e-28	126
NC_003070.9:10021414-10021962	NC_003075.7	84.615	130	15	5	421	549	684233	684358	1.64e-27	124
NC_003070.9:10021414-10021962	NC_003075.7	87.629	97	10	2	1	95	4081135	4081039	1.27e-23	111
NC_003070.9:10021414-10021962	NC_003075.7	86.458	96	9	4	455	549	14390354	14390262	7.67e-21	102
NC_003070.9:10021414-10021962	NC_003075.7	91.781	73	4	2	315	386	1100911	1100982	2.76e-20	100
NC_003070.9:10021414-10021962	NC_003075.7	91.935	62	5	0	315	376	7572220	7572281	2.15e-16	87.9
NC_003070.9:10021414-10021962	NC_003075.7	83.529	85	10	4	1	83	16377874	16377956	4.65e-13	76.8
NC_003070.9:10021414-10021962	NC_003075.7	87.500	48	6	0	502	549	3359187	3359234	6.06e-07	56.5
NC_003070.9:10021414-10021962	NC_003074.8	94.737	551	27	1	1	549	7980633	7980083	0.0	856
NC_003070.9:10021414-10021962	NC_003074.8	87.986	566	49	11	1	549	10405396	10405959	0.0	651
NC_003070.9:10021414-10021962	NC_003074.8	87.567	563	51	11	4	549	11091000	11090440	0.0	634
NC_003070.9:10021414-10021962	NC_003074.8	87.456	566	48	13	1	549	23085531	23086090	7.91e-180	630
NC_003070.9:10021414-10021962	NC_003074.8	87.279	566	53	10	1	549	14057124	14057687	2.85e-179	628
NC_003070.9:10021414-10021962	NC_003074.8	87.153	576	42	16	3	549	6729497	6728925	3.68e-178	625
NC_003070.9:10021414-10021962	NC_003074.8	86.467	569	55	12	1	549	3080591	3080025	4.80e-172	604
NC_003070.9:10021414-10021962	NC_003074.8	86.420	567	56	13	1	549	19436871	19437434	6.20e-171	601
NC_003070.9:10021414-10021962	NC_003074.8	86.268	568	53	13	1	549	16485869	16485308	1.04e-168	593
NC_003070.9:10021414-10021962	NC_003074.8	86.618	553	55	12	13	549	18634492	18633943	1.04e-168	593
NC_003070.9:10021414-10021962	NC_003074.8	86.292	569	44	10	1	549	10708625	10709179	4.83e-167	588
NC_003070.9:10021414-10021962	NC_003074.8	85.739	582	47	13	1	549	10758580	10758002	2.25e-165	582
NC_003070.9:10021414-10021962	NC_003074.8	85.866	566	49	13	1	549	17402552	17402001	1.35e-162	573
NC_003070.9:10021414-10021962	NC_003074.8	85.589	569	49	15	1	549	7766062	7766617	2.26e-160	566
NC_003070.9:10021414-10021962	NC_003074.8	85.538	567	49	15	1	549	10718345	10717794	2.93e-159	562
NC_003070.9:10021414-10021962	NC_003074.8	85.464	571	47	8	1	549	16405196	16405752	2.93e-159	562
NC_003070.9:10021414-10021962	NC_003074.8	85.638	564	44	16	1	549	4584756	4585297	3.79e-158	558
NC_003070.9:10021414-10021962	NC_003074.8	85.231	562	61	13	7	549	16723678	16723120	3.79e-158	558
NC_003070.9:10021414-10021962	NC_003074.8	85.289	571	49	20	1	549	21552658	21552101	1.36e-157	556
NC_003070.9:10021414-10021962	NC_003074.8	85.538	567	41	16	1	549	11132202	11132745	4.90e-157	555
NC_003070.9:10021414-10021962	NC_003074.8	83.951	567	51	12	1	549	11315007	11315551	1.39e-142	507
NC_003070.9:10021414-10021962	NC_003074.8	84.375	544	42	14	1	527	423197	422680	1.08e-138	494
NC_003070.9:10021414-10021962	NC_003074.8	86.945	383	33	9	1	367	4579237	4579618	8.68e-115	414
NC_003070.9:10021414-10021962	NC_003074.8	86.528	386	27	10	185	549	15814110	15814491	6.75e-111	401
NC_003070.9:10021414-10021962	NC_003074.8	91.166	283	21	4	268	549	19740061	19740340	8.80e-105	381
NC_003070.9:10021414-10021962	NC_003074.8	82.732	388	28	21	184	549	16235030	16234660	4.21e-83	309
NC_003070.9:10021414-10021962	NC_003074.8	89.954	219	18	4	315	531	18171177	18170961	3.30e-74	279
NC_003070.9:10021414-10021962	NC_003074.8	87.209	258	18	4	293	549	18885867	18885624	3.30e-74	279
NC_003070.9:10021414-10021962	NC_003074.8	87.866	239	23	6	315	549	11588873	11588637	4.27e-73	276
NC_003070.9:10021414-10021962	NC_003074.8	87.866	239	23	6	315	549	16678267	16678503	4.27e-73	276
NC_003070.9:10021414-10021962	NC_003074.8	90.821	207	16	3	345	549	20769804	20769599	1.54e-72	274
NC_003070.9:10021414-10021962	NC_003074.8	87.764	237	24	5	315	549	6940832	6940599	5.53e-72	272
NC_003070.9:10021414-10021962	NC_003074.8	88.546	227	13	4	315	540	8329280	8329494	3.33e-69	263
NC_003070.9:10021414-10021962	NC_003074.8	87.029	239	24	7	315	549	10901411	10901646	3.33e-69	263
NC_003070.9:10021414-10021962	NC_003074.8	86.920	237	24	7	315	547	18495382	18495149	4.30e-68	259
NC_003070.9:10021414-10021962	NC_003074.8	87.387	222	19	9	315	530	16534644	16534426	3.35e-64	246
NC_003070.9:10021414-10021962	NC_003074.8	89.412	170	16	2	382	549	8645170	8645339	3.40e-54	213
NC_003070.9:10021414-10021962	NC_003074.8	89.349	169	9	3	382	549	10681552	10681392	2.04e-51	204
NC_003070.9:10021414-10021962	NC_003074.8	83.475	236	21	7	315	547	16902979	16903199	2.04e-51	204
NC_003070.9:10021414-10021962	NC_003074.8	87.574	169	13	2	382	549	18172435	18172274	5.72e-47	189
NC_003070.9:10021414-10021962	NC_003074.8	87.234	141	16	2	315	454	4468266	4468405	4.49e-38	159
NC_003070.9:10021414-10021962	NC_003074.8	86.719	128	13	4	423	549	17061510	17061386	5.85e-32	139
NC_003070.9:10021414-10021962	NC_003074.8	86.154	130	14	4	421	549	13328456	13328582	2.10e-31	137
NC_003070.9:10021414-10021962	NC_003074.8	86.154	130	14	4	421	549	17142573	17142447	2.10e-31	137
NC_003070.9:10021414-10021962	NC_003074.8	86.047	129	14	4	422	549	18019802	18019927	7.56e-31	135
NC_003070.9:10021414-10021962	NC_003074.8	91.579	95	7	1	1	95	14285453	14285360	3.52e-29	130
NC_003070.9:10021414-10021962	NC_003074.8	85.271	129	16	3	421	549	17275868	17275743	3.52e-29	130
NC_003070.9:10021414-10021962	NC_003074.8	83.969	131	17	4	420	549	3966020	3966147	5.89e-27	122
NC_003070.9:10021414-10021962	NC_003074.8	83.846	130	17	4	421	549	16563461	16563587	2.12e-26	121
NC_003070.9:10021414-10021962	NC_003074.8	84.375	128	15	5	424	549	17299274	17299150	2.12e-26	121
NC_003070.9:10021414-10021962	NC_003074.8	91.011	89	4	3	461	547	4579618	4579704	2.74e-25	117
NC_003070.9:10021414-10021962	NC_003074.8	83.465	127	17	4	424	549	1572003	1572126	9.85e-25	115
NC_003070.9:10021414-10021962	NC_003074.8	83.077	130	18	4	421	549	10574477	10574351	9.85e-25	115
NC_003070.9:10021414-10021962	NC_003074.8	83.471	121	14	6	431	549	10321325	10321441	1.65e-22	108
NC_003070.9:10021414-10021962	NC_003074.8	85.526	76	7	4	335	408	7981811	7981884	4.65e-13	76.8
NC_003070.9:10021414-10021962	NC_003074.8	89.362	47	3	2	504	549	4274975	4274930	1.68e-07	58.4
NC_003070.9:10867127-10867733	NC_003070.9	100.000	607	0	0	1	607	10867733	10867127	0.0	1122
NC_003070.9:10867127-10867733	NC_003070.9	89.888	623	47	5	1	607	3343054	3342432	0.0	787
NC_003070.9:10867127-10867733	NC_003070.9	89.533	621	47	7	1	604	9862694	9863313	0.0	771
NC_003070.9:10867127-10867733	NC_003070.9	89.355	620	50	8	1	604	18633797	18633178	0.0	765
NC_003070.9:10867127-10867733	NC_003074.8	90.000	620	46	5	1	604	13823340	13823959	0.0	787
NC_003070.9:10867127-10867733	NC_003074.8	86.817	622	53	13	1	607	11167394	11166787	0.0	667
NC_003070.9:10867127-10867733	NC_003074.8	87.150	607	53	12	1	588	17150761	17150161	0.0	665
NC_003070.9:10867127-10867733	NC_003071.7	89.180	610	44	9	1	594	6629874	6629271	0.0	741
NC_003070.9:10867127-10867733	NC_003075.7	87.742	620	47	18	1	605	7838347	7838952	0.0	697
NC_003070.9:10867127-10867733	NC_003075.7	86.349	630	49	7	1	594	9368715	9369343	0.0	652
NC_003070.9:10867127-10867733	NC_003075.7	89.667	300	23	6	303	595	6340012	6340310	4.55e-103	375
NC_003070.9:10314378-10315507	NC_003070.9	100.000	1130	0	0	1	1130	10315507	10314378	0.0	2087
NC_003070.9:10314378-10315507	NC_003070.9	92.254	710	38	7	85	778	17727212	17727920	0.0	990
NC_003070.9:10314378-10315507	NC_003070.9	91.702	711	36	10	85	781	7976567	7975866	0.0	965
NC_003070.9:10314378-10315507	NC_003070.9	90.363	716	50	9	85	784	10490364	10491076	0.0	922
NC_003070.9:10314378-10315507	NC_003070.9	89.982	559	31	11	85	623	10008065	10008618	0.0	699
NC_003070.9:10314378-10315507	NC_003070.9	89.765	469	38	5	321	782	17674282	17673817	7.88e-168	592
NC_003070.9:10314378-10315507	NC_003070.9	83.746	646	74	22	147	783	23614258	23613635	4.74e-165	582
NC_003070.9:10314378-10315507	NC_003070.9	80.716	726	91	27	82	782	13164718	13165419	3.77e-146	520
NC_003070.9:10314378-10315507	NC_003070.9	86.318	402	44	8	383	783	24484328	24484719	2.35e-118	427
NC_003070.9:10314378-10315507	NC_003070.9	91.710	193	14	2	587	778	22113086	22113277	5.42e-70	267
NC_003070.9:10314378-10315507	NC_003070.9	89.130	184	12	1	598	781	11125875	11125700	1.19e-56	222
NC_003070.9:10314378-10315507	NC_003070.9	86.275	204	22	5	573	776	13097986	13098183	5.54e-55	217
NC_003070.9:10314378-10315507	NC_003070.9	84.699	183	27	1	600	781	16930197	16930015	2.02e-44	182
NC_003070.9:10314378-10315507	NC_003070.9	83.889	180	27	2	596	773	16962666	16962487	4.37e-41	171
NC_003070.9:10314378-10315507	NC_003070.9	83.333	180	27	3	605	782	24733062	24733240	7.32e-39	163
NC_003070.9:10314378-10315507	NC_003070.9	82.065	184	32	1	597	779	20278499	20278682	1.22e-36	156
NC_003070.9:10314378-10315507	NC_003070.9	79.681	251	17	21	85	328	24484105	24484328	5.70e-35	150
NC_003070.9:10314378-10315507	NC_003070.9	84.828	145	6	2	986	1130	10314307	10314179	2.06e-29	132
NC_003070.9:10314378-10315507	NC_003070.9	80.682	176	27	3	600	773	11019650	11019480	7.42e-29	130
NC_003070.9:10314378-10315507	NC_003070.9	93.243	74	4	1	1	74	10314376	10314304	3.48e-22	108
NC_003070.9:10314378-10315507	NC_003076.8	97.171	707	12	3	79	778	18103180	18103885	0.0	1188
NC_003070.9:10314378-10315507	NC_003076.8	96.875	704	14	3	85	781	9899954	9899252	0.0	1171
NC_003070.9:10314378-10315507	NC_003076.8	90.409	709	51	8	85	777	6117372	6118079	0.0	917
NC_003070.9:10314378-10315507	NC_003076.8	88.483	712	55	10	85	781	14298814	14298115	0.0	835
NC_003070.9:10314378-10315507	NC_003076.8	84.292	713	66	22	84	783	15147407	15148086	0.0	654
NC_003070.9:10314378-10315507	NC_003076.8	89.231	195	18	3	588	781	9574509	9574317	3.29e-62	241
NC_003070.9:10314378-10315507	NC_003076.8	87.879	198	14	6	587	783	16588318	16588506	3.31e-57	224
NC_003070.9:10314378-10315507	NC_003076.8	94.737	133	1	1	85	211	9900098	9899966	1.55e-50	202
NC_003070.9:10314378-10315507	NC_003076.8	82.979	188	25	6	591	773	15302823	15302638	7.32e-39	163
NC_003070.9:10314378-10315507	NC_003076.8	85.276	163	17	5	85	240	16587820	16587982	2.63e-38	161
NC_003070.9:10314378-10315507	NC_003076.8	82.258	186	26	6	600	783	9623455	9623275	4.40e-36	154
NC_003070.9:10314378-10315507	NC_003076.8	81.622	185	33	1	600	783	8819818	8820002	1.58e-35	152
NC_003070.9:10314378-10315507	NC_003076.8	78.919	185	32	7	600	781	18539338	18539518	1.61e-25	119
NC_003070.9:10314378-10315507	NC_003071.7	92.567	713	29	7	85	782	1956538	1955835	0.0	1002
NC_003070.9:10314378-10315507	NC_003071.7	91.462	691	40	11	81	760	7814786	7815468	0.0	931
NC_003070.9:10314378-10315507	NC_003071.7	90.594	606	43	6	194	786	10796731	10797335	0.0	791
NC_003070.9:10314378-10315507	NC_003071.7	83.143	700	84	21	91	782	7692253	7691580	7.82e-173	608
NC_003070.9:10314378-10315507	NC_003071.7	91.818	440	27	4	353	784	4939475	4939037	1.01e-171	604
NC_003070.9:10314378-10315507	NC_003071.7	95.355	366	16	1	412	776	2137234	2137599	1.70e-164	580
NC_003070.9:10314378-10315507	NC_003071.7	83.654	624	66	17	85	696	1287247	1287846	1.03e-156	555
NC_003070.9:10314378-10315507	NC_003071.7	83.827	371	25	12	81	419	2133089	2133456	4.10e-86	320
NC_003070.9:10314378-10315507	NC_003071.7	93.333	195	13	0	588	782	7540179	7539985	1.16e-76	289
NC_003070.9:10314378-10315507	NC_003071.7	88.288	222	19	4	566	783	4663432	4663650	9.07e-68	259
NC_003070.9:10314378-10315507	NC_003071.7	88.060	201	19	3	780	975	10541988	10542188	5.50e-60	233
NC_003070.9:10314378-10315507	NC_003071.7	95.385	130	6	0	649	778	6054289	6054418	3.33e-52	207
NC_003070.9:10314378-10315507	NC_003071.7	84.324	185	27	2	600	783	2656029	2655846	7.27e-44	180
NC_003070.9:10314378-10315507	NC_003071.7	88.321	137	9	5	85	214	1803766	1803902	3.40e-37	158
NC_003070.9:10314378-10315507	NC_003071.7	93.617	94	4	2	85	177	7540642	7540550	1.23e-31	139
NC_003070.9:10314378-10315507	NC_003071.7	81.006	179	28	6	602	776	16302361	16302185	4.44e-31	137
NC_003070.9:10314378-10315507	NC_003071.7	98.649	74	1	0	84	157	10796669	10796742	2.06e-29	132
NC_003070.9:10314378-10315507	NC_003071.7	92.958	71	5	0	93	163	1682459	1682389	4.50e-21	104
NC_003070.9:10314378-10315507	NC_003071.7	77.654	179	33	7	600	774	16280878	16280703	1.62e-20	102
NC_003070.9:10314378-10315507	NC_003071.7	93.548	62	2	1	96	157	4663025	4663084	3.50e-17	91.6
NC_003070.9:10314378-10315507	NC_003071.7	84.722	72	10	1	85	155	5056023	5056094	4.56e-11	71.3
NC_003070.9:10314378-10315507	NC_003075.7	92.168	715	36	7	85	781	618487	617775	0.0	992
NC_003070.9:10314378-10315507	NC_003075.7	95.763	590	22	3	194	782	7190993	7191580	0.0	948
NC_003070.9:10314378-10315507	NC_003075.7	90.896	714	34	9	85	783	5680072	5680769	0.0	929
NC_003070.9:10314378-10315507	NC_003075.7	90.504	674	41	8	130	782	5703116	5702445	0.0	869
NC_003070.9:10314378-10315507	NC_003075.7	93.478	552	24	6	241	781	5433111	5432561	0.0	809
NC_003070.9:10314378-10315507	NC_003075.7	97.190	427	6	2	84	504	5360256	5359830	0.0	717
NC_003070.9:10314378-10315507	NC_003075.7	84.615	715	74	25	84	785	1540766	1541457	0.0	678
NC_003070.9:10314378-10315507	NC_003075.7	82.446	695	68	26	93	782	464104	464749	7.99e-158	558
NC_003070.9:10314378-10315507	NC_003075.7	80.978	552	69	21	195	739	119415	118893	1.10e-111	405
NC_003070.9:10314378-10315507	NC_003075.7	86.641	262	25	8	526	783	5503199	5503454	1.94e-74	281
NC_003070.9:10314378-10315507	NC_003075.7	98.551	138	2	0	646	783	5359838	5359701	2.54e-63	244
NC_003070.9:10314378-10315507	NC_003075.7	84.409	186	26	3	600	783	7630313	7630497	7.27e-44	180
NC_003070.9:10314378-10315507	NC_003075.7	83.784	185	27	3	600	782	2615351	2615168	1.22e-41	172
NC_003070.9:10314378-10315507	NC_003075.7	83.505	194	23	8	593	778	6790525	6790717	1.22e-41	172
NC_003070.9:10314378-10315507	NC_003075.7	81.522	184	32	2	600	782	6216665	6216483	5.70e-35	150
NC_003070.9:10314378-10315507	NC_003075.7	81.522	184	31	3	600	781	3531741	3531923	2.05e-34	148
NC_003070.9:10314378-10315507	NC_003075.7	80.000	190	35	3	596	783	7811294	7811482	4.44e-31	137
NC_003070.9:10314378-10315507	NC_003075.7	98.684	76	1	0	82	157	7190929	7191004	1.60e-30	135
NC_003070.9:10314378-10315507	NC_003075.7	81.065	169	31	1	600	767	3662938	3663106	5.74e-30	134
NC_003070.9:10314378-10315507	NC_003075.7	81.538	130	21	3	656	783	12003957	12004085	4.50e-21	104
NC_003070.9:10314378-10315507	NC_003075.7	97.500	40	1	0	85	124	5703190	5703151	1.64e-10	69.4
NC_003070.9:10314378-10315507	NC_003075.7	86.441	59	7	1	721	778	376173	376231	7.64e-09	63.9
NC_003070.9:10314378-10315507	NC_003074.8	83.333	714	72	25	85	778	15975685	15976371	4.67e-175	616
NC_003070.9:10314378-10315507	NC_003074.8	88.423	501	33	12	104	581	15868652	15868154	1.70e-164	580
NC_003070.9:10314378-10315507	NC_003074.8	84.628	605	68	15	182	778	12558506	12559093	6.13e-164	579
NC_003070.9:10314378-10315507	NC_003074.8	83.195	601	67	21	188	782	19464523	19465095	3.77e-146	520
NC_003070.9:10314378-10315507	NC_003074.8	84.774	532	59	14	85	597	17381903	17382431	1.75e-144	514
NC_003070.9:10314378-10315507	NC_003074.8	80.952	609	76	19	187	783	11077660	11078240	6.49e-124	446
NC_003070.9:10314378-10315507	NC_003074.8	92.417	211	15	1	573	782	16855036	16854826	5.35e-80	300
NC_003070.9:10314378-10315507	NC_003074.8	90.863	197	17	1	587	782	10453844	10453648	7.01e-69	263
NC_003070.9:10314378-10315507	NC_003074.8	90.306	196	16	3	588	781	18180181	18179987	4.22e-66	254
NC_003070.9:10314378-10315507	NC_003074.8	84.375	192	24	6	596	783	6942051	6941862	5.62e-45	183
NC_003070.9:10314378-10315507	NC_003074.8	86.503	163	15	4	85	240	18180682	18180520	1.22e-41	172
NC_003070.9:10314378-10315507	NC_003074.8	82.967	182	28	3	602	781	16235209	16235029	2.63e-38	161
NC_003070.9:10314378-10315507	NC_003074.8	82.778	180	29	2	596	773	6942468	6942647	9.47e-38	159
NC_003070.9:10314378-10315507	NC_003074.8	87.681	138	15	2	596	732	7142999	7142863	9.47e-38	159
NC_003070.9:10314378-10315507	NC_003074.8	82.386	176	29	2	600	773	10432720	10432545	1.58e-35	152
NC_003070.9:10314378-10315507	NC_003074.8	81.868	182	30	2	600	780	19959464	19959643	5.70e-35	150
NC_003070.9:10314378-10315507	NC_003074.8	82.353	170	27	3	600	768	22477252	22477419	2.65e-33	145
NC_003070.9:10314378-10315507	NC_003074.8	89.888	89	6	3	85	172	16235586	16235500	2.69e-23	111
NC_003070.9:10314378-10315507	NC_003074.8	84.158	101	10	4	81	178	10454323	10454226	9.74e-18	93.5
NC_003071.7:14858764-14860846	NC_003071.7	100.000	2083	0	0	1	2083	14860846	14858764	0.0	3847
NC_003071.7:14858764-14860846	NC_003071.7	91.549	284	22	2	996	1278	2652333	2652051	5.75e-107	390
NC_003071.7:14858764-14860846	NC_003071.7	90.526	285	24	3	996	1278	2628270	2627987	5.79e-102	374
NC_003071.7:14858764-14860846	NC_003071.7	90.526	95	8	1	1351	1445	2727906	2727999	6.44e-27	124
NC_003071.7:14858764-14860846	NC_003074.8	97.300	1704	37	7	386	2083	12064690	12066390	0.0	2883
NC_003071.7:14858764-14860846	NC_003074.8	82.193	848	135	16	658	1499	12631957	12632794	0.0	715
NC_003071.7:14858764-14860846	NC_003074.8	97.208	394	11	0	1	394	12056708	12057101	0.0	667
NC_003071.7:14858764-14860846	NC_003074.8	81.576	787	117	21	739	1510	11614067	11614840	1.45e-177	625
NC_003071.7:14858764-14860846	NC_003076.8	97.093	1307	36	2	775	2080	5645554	5646859	0.0	2202
NC_003071.7:14858764-14860846	NC_003076.8	97.135	349	8	2	1	349	5643929	5644275	1.90e-166	588
NC_003071.7:14858764-14860846	NC_003070.9	95.963	1313	41	6	775	2080	5101006	5102313	0.0	2121
NC_003071.7:14858764-14860846	NC_003070.9	96.562	349	11	1	1	349	5098370	5098717	4.11e-163	577
NC_003071.7:14858764-14860846	NC_003070.9	83.061	490	73	8	532	1018	13436476	13436958	7.28e-121	436
NC_003071.7:14858764-14860846	NC_003070.9	87.550	249	7	2	1	225	20320561	20320313	1.01e-69	267
NC_003071.7:14858764-14860846	NC_003070.9	95.833	120	4	1	1959	2078	20311968	20311850	1.74e-47	193
NC_003071.7:14858764-14860846	NC_003070.9	94.565	92	3	2	135	225	20320108	20320018	6.39e-32	141
NC_003071.7:14858764-14860846	NC_003070.9	90.476	63	4	1	1674	1736	19711110	19711050	3.93e-14	82.4
NC_003071.7:14858764-14860846	NC_003075.7	96.112	1183	27	8	905	2083	14988877	14990044	0.0	1912
NC_003071.7:14858764-14860846	NC_003075.7	97.421	349	7	2	1	349	14987584	14987930	4.08e-168	593
NC_003071.7:14571894-14572747	NC_003071.7	100.000	854	0	0	1	854	14571894	14572747	0.0	1578
NC_003071.7:14571894-14572747	NC_003071.7	95.401	848	36	3	8	853	7177586	7176740	0.0	1347
NC_003071.7:14571894-14572747	NC_003071.7	93.901	869	37	6	1	853	9029807	9030675	0.0	1297
NC_003071.7:14571894-14572747	NC_003071.7	93.426	867	41	3	1	853	1348076	1347212	0.0	1271
NC_003071.7:14571894-14572747	NC_003071.7	91.935	868	53	4	1	853	8172835	8173700	0.0	1199
NC_003071.7:14571894-14572747	NC_003071.7	91.484	869	56	8	1	854	10070964	10070099	0.0	1179
NC_003071.7:14571894-14572747	NC_003071.7	87.688	796	59	18	2	780	2320063	2320836	0.0	891
NC_003071.7:14571894-14572747	NC_003071.7	85.666	893	62	27	1	854	1038913	1038048	0.0	880
NC_003071.7:14571894-14572747	NC_003071.7	87.350	751	60	22	1	748	1384414	1383696	0.0	828
NC_003071.7:14571894-14572747	NC_003071.7	87.101	752	60	20	1	748	10997043	10996325	0.0	817
NC_003071.7:14571894-14572747	NC_003071.7	94.350	531	27	2	325	854	6901395	6901923	0.0	811
NC_003071.7:14571894-14572747	NC_003071.7	94.162	531	28	3	325	853	7094024	7094553	0.0	806
NC_003071.7:14571894-14572747	NC_003071.7	92.125	546	25	4	325	853	9584811	9585355	0.0	754
NC_003071.7:14571894-14572747	NC_003071.7	87.671	219	23	4	477	692	9311241	9311458	1.14e-65	252
NC_003071.7:14571894-14572747	NC_003071.7	91.406	128	9	2	655	780	6206818	6206691	2.54e-42	174
NC_003071.7:14571894-14572747	NC_003071.7	79.545	220	21	8	655	851	9225696	9225478	1.20e-30	135
NC_003071.7:14571894-14572747	NC_003071.7	85.000	140	7	4	655	780	19172338	19172199	5.57e-29	130
NC_003071.7:14571894-14572747	NC_003071.7	84.397	141	7	4	654	780	1597244	1597383	2.59e-27	124
NC_003071.7:14571894-14572747	NC_003071.7	84.286	140	9	3	654	780	2139149	2139288	2.59e-27	124
NC_003071.7:14571894-14572747	NC_003071.7	84.286	140	8	3	655	780	13102126	13102265	2.59e-27	124
NC_003071.7:14571894-14572747	NC_003071.7	84.286	140	8	4	655	780	13886247	13886386	2.59e-27	124
NC_003071.7:14571894-14572747	NC_003071.7	84.173	139	9	3	655	780	4025741	4025879	9.32e-27	122
NC_003071.7:14571894-14572747	NC_003071.7	84.058	138	10	2	655	780	5038080	5038217	9.32e-27	122
NC_003071.7:14571894-14572747	NC_003071.7	84.348	115	16	2	668	780	9860177	9860063	2.02e-23	111
NC_003071.7:14571894-14572747	NC_003071.7	89.412	85	8	1	655	738	7340709	7340793	9.39e-22	106
NC_003071.7:14571894-14572747	NC_003076.8	93.816	857	47	5	1	854	16372999	16373852	0.0	1284
NC_003071.7:14571894-14572747	NC_003076.8	91.954	870	40	5	1	854	24313641	24314496	0.0	1192
NC_003071.7:14571894-14572747	NC_003076.8	91.841	858	53	7	12	854	26892545	26893400	0.0	1181
NC_003071.7:14571894-14572747	NC_003076.8	91.139	869	58	6	1	853	9866841	9867706	0.0	1160
NC_003071.7:14571894-14572747	NC_003076.8	91.059	850	55	8	1	830	17398749	17397901	0.0	1129
NC_003071.7:14571894-14572747	NC_003076.8	87.783	794	67	15	1	780	23130214	23129437	0.0	902
NC_003071.7:14571894-14572747	NC_003076.8	88.504	722	65	9	8	725	9298133	9298840	0.0	857
NC_003071.7:14571894-14572747	NC_003076.8	86.985	753	85	12	1	748	13733609	13734353	0.0	835
NC_003071.7:14571894-14572747	NC_003076.8	85.660	795	88	11	1	780	14079423	14080206	0.0	813
NC_003071.7:14571894-14572747	NC_003076.8	86.950	705	72	7	1	703	26891638	26892324	0.0	774
NC_003071.7:14571894-14572747	NC_003076.8	86.790	704	72	9	1	703	17481151	17481834	0.0	765
NC_003071.7:14571894-14572747	NC_003076.8	81.096	894	73	53	1	853	16031387	16030549	1.62e-178	627
NC_003071.7:14571894-14572747	NC_003076.8	84.726	419	41	8	385	780	19408889	19408471	1.38e-109	398
NC_003071.7:14571894-14572747	NC_003076.8	90.400	125	11	1	655	778	15581120	15581244	5.49e-39	163
NC_003071.7:14571894-14572747	NC_003076.8	89.844	128	11	1	655	780	16871256	16871383	5.49e-39	163
NC_003071.7:14571894-14572747	NC_003076.8	89.147	129	11	2	655	780	9557883	9557755	2.56e-37	158
NC_003071.7:14571894-14572747	NC_003076.8	88.281	128	13	1	655	780	13892353	13892226	1.19e-35	152
NC_003071.7:14571894-14572747	NC_003076.8	80.717	223	19	10	655	853	14810603	14810825	1.19e-35	152
NC_003071.7:14571894-14572747	NC_003076.8	86.029	136	9	2	655	780	8749241	8749376	3.33e-31	137
NC_003071.7:14571894-14572747	NC_003076.8	85.000	140	7	4	655	780	7417661	7417800	5.57e-29	130
NC_003071.7:14571894-14572747	NC_003076.8	85.000	140	7	4	655	780	26015634	26015773	5.57e-29	130
NC_003071.7:14571894-14572747	NC_003076.8	84.672	137	10	4	655	780	5625388	5625524	7.21e-28	126
NC_003071.7:14571894-14572747	NC_003076.8	85.714	126	10	2	655	780	24586843	24586960	7.21e-28	126
NC_003071.7:14571894-14572747	NC_003076.8	81.818	154	23	5	656	807	8671466	8671616	2.59e-27	124
NC_003071.7:14571894-14572747	NC_003076.8	89.474	95	8	2	655	748	6420064	6419971	1.21e-25	119
NC_003071.7:14571894-14572747	NC_003076.8	88.421	95	9	2	655	748	24118290	24118383	5.61e-24	113
NC_003071.7:14571894-14572747	NC_003076.8	94.444	72	4	0	655	726	4937292	4937363	2.02e-23	111
NC_003071.7:14571894-14572747	NC_003076.8	81.982	111	15	4	669	779	17247879	17247774	9.46e-17	89.8
NC_003071.7:14571894-14572747	NC_003075.7	93.326	869	43	2	1	854	7384282	7383414	0.0	1269
NC_003071.7:14571894-14572747	NC_003075.7	91.811	867	55	8	1	854	12698500	12699363	0.0	1194
NC_003071.7:14571894-14572747	NC_003075.7	86.659	892	65	23	1	854	6169229	6168354	0.0	939
NC_003071.7:14571894-14572747	NC_003075.7	87.500	728	65	13	1	726	1100279	1100982	0.0	817
NC_003071.7:14571894-14572747	NC_003075.7	84.034	476	57	7	274	748	6243220	6243677	2.27e-122	440
NC_003071.7:14571894-14572747	NC_003075.7	82.166	157	18	4	570	723	7572139	7572288	7.21e-28	126
NC_003071.7:14571894-14572747	NC_003075.7	84.286	140	8	3	655	780	9111814	9111675	2.59e-27	124
NC_003071.7:14571894-14572747	NC_003075.7	85.714	126	5	3	668	780	12606710	12606585	3.35e-26	121
NC_003071.7:14571894-14572747	NC_003075.7	83.571	140	9	4	655	780	14457957	14457818	1.21e-25	119
NC_003071.7:14571894-14572747	NC_003075.7	83.453	139	10	4	655	780	5391953	5391815	4.34e-25	117
NC_003071.7:14571894-14572747	NC_003075.7	82.609	138	12	3	655	780	572430	572293	2.02e-23	111
NC_003071.7:14571894-14572747	NC_003075.7	88.421	95	8	3	655	748	6661317	6661409	2.02e-23	111
NC_003071.7:14571894-14572747	NC_003070.9	92.063	882	39	8	1	853	29775140	29774261	0.0	1212
NC_003071.7:14571894-14572747	NC_003070.9	92.727	825	54	6	1	823	6514476	6515296	0.0	1186
NC_003071.7:14571894-14572747	NC_003070.9	94.519	748	36	5	1	747	5437788	5437045	0.0	1149
NC_003071.7:14571894-14572747	NC_003070.9	88.079	906	50	16	1	853	697374	696474	0.0	1022
NC_003071.7:14571894-14572747	NC_003070.9	89.084	797	51	14	1	780	9385033	9384256	0.0	957
NC_003071.7:14571894-14572747	NC_003070.9	88.875	773	75	8	13	780	3250618	3251384	0.0	941
NC_003071.7:14571894-14572747	NC_003070.9	89.376	753	67	11	1	746	20513679	20514425	0.0	935
NC_003071.7:14571894-14572747	NC_003070.9	88.457	797	55	15	1	780	18301142	18300366	0.0	928
NC_003071.7:14571894-14572747	NC_003070.9	93.028	545	22	3	325	853	20172605	20172061	0.0	782
NC_003071.7:14571894-14572747	NC_003070.9	83.985	793	83	13	1	780	14014231	14013470	0.0	721
NC_003071.7:14571894-14572747	NC_003070.9	83.814	797	72	27	1	780	8623608	8622852	0.0	704
NC_003071.7:14571894-14572747	NC_003070.9	83.845	749	84	19	1	748	21616151	21615439	0.0	678
NC_003071.7:14571894-14572747	NC_003070.9	85.922	206	19	9	655	851	10852872	10852668	1.93e-53	211
NC_003071.7:14571894-14572747	NC_003070.9	91.667	132	9	2	724	854	5437041	5436911	1.52e-44	182
NC_003071.7:14571894-14572747	NC_003070.9	91.406	128	9	1	655	780	26881053	26881180	2.54e-42	174
NC_003071.7:14571894-14572747	NC_003070.9	91.270	126	11	0	655	780	2473121	2472996	9.13e-42	172
NC_003071.7:14571894-14572747	NC_003070.9	89.683	126	13	0	655	780	16400670	16400545	1.98e-38	161
NC_003071.7:14571894-14572747	NC_003070.9	89.062	128	12	2	655	780	27241052	27241179	2.56e-37	158
NC_003071.7:14571894-14572747	NC_003070.9	88.976	127	12	2	655	780	540654	540529	9.19e-37	156
NC_003071.7:14571894-14572747	NC_003070.9	88.710	124	14	0	655	778	20205576	20205453	1.19e-35	152
NC_003071.7:14571894-14572747	NC_003070.9	85.612	139	7	4	655	780	23125364	23125226	4.31e-30	134
NC_003071.7:14571894-14572747	NC_003070.9	85.000	140	7	4	655	780	6218813	6218674	5.57e-29	130
NC_003071.7:14571894-14572747	NC_003070.9	85.000	140	7	4	655	780	17502560	17502699	5.57e-29	130
NC_003071.7:14571894-14572747	NC_003070.9	84.173	139	9	3	655	780	5863277	5863415	9.32e-27	122
NC_003071.7:14571894-14572747	NC_003070.9	84.058	138	10	2	655	780	25780004	25780141	9.32e-27	122
NC_003071.7:14571894-14572747	NC_003070.9	84.058	138	10	3	655	780	26510903	26510766	9.32e-27	122
NC_003071.7:14571894-14572747	NC_003070.9	84.058	138	9	3	655	780	24645833	24645969	3.35e-26	121
NC_003071.7:14571894-14572747	NC_003070.9	89.474	95	8	2	655	748	11803778	11803685	1.21e-25	119
NC_003071.7:14571894-14572747	NC_003070.9	89.362	94	8	2	655	748	4770347	4770256	4.34e-25	117
NC_003071.7:14571894-14572747	NC_003070.9	85.039	127	5	4	668	780	13870210	13870336	4.34e-25	117
NC_003071.7:14571894-14572747	NC_003070.9	83.333	138	11	2	655	780	21918751	21918888	4.34e-25	117
NC_003071.7:14571894-14572747	NC_003070.9	78.866	194	21	9	654	831	2986563	2986374	5.61e-24	113
NC_003071.7:14571894-14572747	NC_003070.9	77.966	236	14	17	655	853	10021648	10021414	5.61e-24	113
NC_003071.7:14571894-14572747	NC_003074.8	91.935	868	51	7	1	853	8596967	8596104	0.0	1197
NC_003071.7:14571894-14572747	NC_003074.8	91.371	846	56	8	1	831	4467613	4468456	0.0	1142
NC_003071.7:14571894-14572747	NC_003074.8	88.331	797	49	15	1	780	20770464	20769695	0.0	917
NC_003071.7:14571894-14572747	NC_003074.8	88.755	747	79	4	1	746	6941484	6940742	0.0	909
NC_003071.7:14571894-14572747	NC_003074.8	91.424	618	40	3	176	780	18171656	18171039	0.0	835
NC_003071.7:14571894-14572747	NC_003074.8	93.186	543	22	5	325	853	11456100	11455559	0.0	784
NC_003071.7:14571894-14572747	NC_003074.8	92.449	543	25	6	325	853	19529224	19529764	0.0	761
NC_003071.7:14571894-14572747	NC_003074.8	91.560	545	27	8	325	853	4977472	4978013	0.0	734
NC_003071.7:14571894-14572747	NC_003074.8	85.330	409	42	15	385	780	17210070	17209667	2.30e-112	407
NC_003071.7:14571894-14572747	NC_003074.8	90.625	128	10	1	655	780	7766394	7766521	1.18e-40	169
NC_003071.7:14571894-14572747	NC_003074.8	86.164	159	18	4	655	811	16405529	16405685	1.18e-40	169
NC_003071.7:14571894-14572747	NC_003074.8	81.614	223	18	11	655	854	10708958	10709180	5.49e-39	163
NC_003071.7:14571894-14572747	NC_003074.8	88.189	127	13	2	655	780	18885845	18885720	4.28e-35	150
NC_003071.7:14571894-14572747	NC_003074.8	84.892	139	8	3	655	780	6729159	6729021	2.00e-28	128
NC_003071.7:14571894-14572747	NC_003074.8	84.783	138	9	2	655	780	10405726	10405863	2.00e-28	128
NC_003071.7:14571894-14572747	NC_003074.8	84.783	138	9	4	655	780	19740108	19740245	2.00e-28	128
NC_003071.7:14571894-14572747	NC_003074.8	84.286	140	8	3	655	780	7980317	7980178	2.59e-27	124
NC_003071.7:14571894-14572747	NC_003074.8	84.058	138	10	2	655	780	19437201	19437338	9.32e-27	122
NC_003071.7:14571894-14572747	NC_003074.8	84.173	139	9	4	655	780	21552337	21552199	9.32e-27	122
NC_003071.7:14571894-14572747	NC_003074.8	81.429	140	13	3	654	780	15814256	15814395	1.21e-20	102
NC_003071.7:14572548-14572765	NC_003071.7	100.000	218	0	0	1	218	14572548	14572765	6.93e-112	403
NC_003071.7:14572548-14572765	NC_003071.7	95.477	199	8	1	1	199	7176937	7176740	9.29e-86	316
NC_003071.7:14572548-14572765	NC_003071.7	94.500	200	9	1	1	200	6901726	6901923	5.59e-83	307
NC_003071.7:14572548-14572765	NC_003071.7	92.965	199	14	0	1	199	7094355	7094553	5.63e-78	291
NC_003071.7:14572548-14572765	NC_003071.7	89.862	217	7	2	1	203	1347424	1347209	3.41e-70	265
NC_003071.7:14572548-14572765	NC_003071.7	89.671	213	8	1	1	199	9585143	9585355	1.59e-68	259
NC_003071.7:14572548-14572765	NC_003071.7	89.202	213	9	5	1	199	9030463	9030675	7.39e-67	254
NC_003071.7:14572548-14572765	NC_003071.7	88.235	221	10	6	1	208	10070310	10070093	9.55e-66	250
NC_003071.7:14572548-14572765	NC_003071.7	87.793	213	11	6	1	199	8173489	8173700	2.68e-61	235
NC_003071.7:14572548-14572765	NC_003071.7	91.406	128	9	2	1	126	6206818	6206691	5.92e-43	174
NC_003071.7:14572548-14572765	NC_003071.7	78.750	240	24	10	1	217	9225696	9225461	2.79e-31	135
NC_003071.7:14572548-14572765	NC_003071.7	85.000	140	7	4	1	126	19172338	19172199	1.30e-29	130
NC_003071.7:14572548-14572765	NC_003071.7	84.286	140	8	3	1	126	13102126	13102265	6.04e-28	124
NC_003071.7:14572548-14572765	NC_003071.7	84.286	140	8	4	1	126	13886247	13886386	6.04e-28	124
NC_003071.7:14572548-14572765	NC_003071.7	84.286	140	7	4	1	126	1597245	1597383	2.17e-27	122
NC_003071.7:14572548-14572765	NC_003071.7	84.173	139	9	3	1	126	2139150	2139288	2.17e-27	122
NC_003071.7:14572548-14572765	NC_003071.7	84.173	139	9	3	1	126	4025741	4025879	2.17e-27	122
NC_003071.7:14572548-14572765	NC_003071.7	84.058	138	10	2	1	126	5038080	5038217	2.17e-27	122
NC_003071.7:14572548-14572765	NC_003071.7	84.348	115	16	2	14	126	9860177	9860063	4.70e-24	111
NC_003071.7:14572548-14572765	NC_003071.7	89.412	85	8	1	1	84	7340709	7340793	2.19e-22	106
NC_003071.7:14572548-14572765	NC_003071.7	86.170	94	12	1	2	94	10996418	10996325	1.02e-20	100
NC_003071.7:14572548-14572765	NC_003071.7	82.143	112	4	5	30	126	2320726	2320836	3.69e-15	82.4
NC_003071.7:14572548-14572765	NC_003071.7	75.962	208	13	14	30	200	1038255	1038048	2.22e-12	73.1
NC_003071.7:14572548-14572765	NC_003076.8	93.564	202	11	1	1	200	16373651	16373852	9.35e-81	300
NC_003071.7:14572548-14572765	NC_003076.8	89.252	214	9	1	1	200	24314283	24314496	2.05e-67	255
NC_003071.7:14572548-14572765	NC_003076.8	87.556	225	11	9	1	209	26893188	26893411	4.45e-64	244
NC_003071.7:14572548-14572765	NC_003076.8	86.385	213	13	3	1	199	9867496	9867706	2.69e-56	219
NC_003071.7:14572548-14572765	NC_003076.8	86.154	195	8	6	1	176	17398095	17397901	1.63e-48	193
NC_003071.7:14572548-14572765	NC_003076.8	90.400	125	11	1	1	124	15581120	15581244	1.28e-39	163
NC_003071.7:14572548-14572765	NC_003076.8	89.844	128	11	1	1	126	16871256	16871383	1.28e-39	163
NC_003071.7:14572548-14572765	NC_003076.8	89.147	129	11	2	1	126	9557883	9557755	5.96e-38	158
NC_003071.7:14572548-14572765	NC_003076.8	88.976	127	13	1	1	126	19408597	19408471	2.14e-37	156
NC_003071.7:14572548-14572765	NC_003076.8	88.281	128	13	1	1	126	13892353	13892226	2.77e-36	152
NC_003071.7:14572548-14572765	NC_003076.8	80.717	223	19	10	1	199	14810603	14810825	2.77e-36	152
NC_003071.7:14572548-14572765	NC_003076.8	86.029	136	9	2	1	126	8749241	8749376	7.76e-32	137
NC_003071.7:14572548-14572765	NC_003076.8	85.000	140	7	4	1	126	7417661	7417800	1.30e-29	130
NC_003071.7:14572548-14572765	NC_003076.8	85.000	140	7	4	1	126	26015634	26015773	1.30e-29	130
NC_003071.7:14572548-14572765	NC_003076.8	84.672	137	10	4	1	126	5625388	5625524	1.68e-28	126
NC_003071.7:14572548-14572765	NC_003076.8	85.714	126	10	2	1	126	24586843	24586960	1.68e-28	126
NC_003071.7:14572548-14572765	NC_003076.8	81.818	154	23	5	2	153	8671466	8671616	6.04e-28	124
NC_003071.7:14572548-14572765	NC_003076.8	89.474	95	8	2	1	94	6420064	6419971	2.81e-26	119
NC_003071.7:14572548-14572765	NC_003076.8	88.421	95	9	2	1	94	24118290	24118383	1.31e-24	113
NC_003071.7:14572548-14572765	NC_003076.8	94.444	72	4	0	1	72	4937292	4937363	4.70e-24	111
NC_003071.7:14572548-14572765	NC_003076.8	81.982	111	15	4	15	125	17247879	17247774	2.20e-17	89.8
NC_003071.7:14572548-14572765	NC_003076.8	77.033	209	8	15	30	199	16030756	16030549	1.03e-15	84.2
NC_003071.7:14572548-14572765	NC_003070.9	90.141	213	7	1	1	199	29774473	29774261	3.41e-70	265
NC_003071.7:14572548-14572765	NC_003070.9	88.739	222	9	3	1	208	20172273	20172054	5.71e-68	257
NC_003071.7:14572548-14572765	NC_003070.9	92.308	169	12	1	1	169	6515129	6515296	2.07e-62	239
NC_003071.7:14572548-14572765	NC_003070.9	84.211	228	25	10	1	218	10852872	10852646	4.51e-54	211
NC_003071.7:14572548-14572765	NC_003070.9	91.667	132	9	2	70	200	5437041	5436911	3.54e-45	182
NC_003071.7:14572548-14572765	NC_003070.9	91.406	128	9	1	1	126	26881053	26881180	5.92e-43	174
NC_003071.7:14572548-14572765	NC_003070.9	91.270	126	11	0	1	126	2473121	2472996	2.13e-42	172
NC_003071.7:14572548-14572765	NC_003070.9	89.683	126	13	0	1	126	16400670	16400545	4.61e-39	161
NC_003071.7:14572548-14572765	NC_003070.9	97.849	93	1	1	1	93	5437136	5437045	1.66e-38	159
NC_003071.7:14572548-14572765	NC_003070.9	89.062	128	12	2	1	126	27241052	27241179	5.96e-38	158
NC_003071.7:14572548-14572765	NC_003070.9	88.976	127	12	2	1	126	540654	540529	2.14e-37	156
NC_003071.7:14572548-14572765	NC_003070.9	88.710	124	14	0	1	124	20205576	20205453	2.77e-36	152
NC_003071.7:14572548-14572765	NC_003070.9	79.747	237	7	10	1	199	696707	696474	1.00e-30	134
NC_003071.7:14572548-14572765	NC_003070.9	85.612	139	7	4	1	126	23125364	23125226	1.00e-30	134
NC_003071.7:14572548-14572765	NC_003070.9	85.000	140	7	4	1	126	6218813	6218674	1.30e-29	130
NC_003071.7:14572548-14572765	NC_003070.9	85.000	140	7	4	1	126	17502560	17502699	1.30e-29	130
NC_003071.7:14572548-14572765	NC_003070.9	84.173	139	9	3	1	126	5863277	5863415	2.17e-27	122
NC_003071.7:14572548-14572765	NC_003070.9	84.058	138	10	2	1	126	25780004	25780141	2.17e-27	122
NC_003071.7:14572548-14572765	NC_003070.9	84.058	138	10	3	1	126	26510903	26510766	2.17e-27	122
NC_003071.7:14572548-14572765	NC_003070.9	84.058	138	9	3	1	126	24645833	24645969	7.82e-27	121
NC_003071.7:14572548-14572765	NC_003070.9	89.474	95	8	2	1	94	11803778	11803685	2.81e-26	119
NC_003071.7:14572548-14572765	NC_003070.9	89.362	94	8	2	1	94	4770347	4770256	1.01e-25	117
NC_003071.7:14572548-14572765	NC_003070.9	85.039	127	5	4	14	126	13870210	13870336	1.01e-25	117
NC_003071.7:14572548-14572765	NC_003070.9	83.333	138	11	2	1	126	21918751	21918888	1.01e-25	117
NC_003071.7:14572548-14572765	NC_003070.9	77.966	236	14	17	1	199	10021648	10021414	1.31e-24	113
NC_003071.7:14572548-14572765	NC_003070.9	78.756	193	21	9	1	177	2986562	2986374	4.70e-24	111
NC_003071.7:14572548-14572765	NC_003070.9	82.014	139	11	4	1	126	14013607	14013470	2.19e-22	106
NC_003071.7:14572548-14572765	NC_003070.9	83.036	112	4	4	30	126	9384367	9384256	7.93e-17	87.9
NC_003071.7:14572548-14572765	NC_003074.8	90.094	212	8	4	1	199	11455770	11455559	1.23e-69	263
NC_003071.7:14572548-14572765	NC_003074.8	87.013	231	14	7	1	218	19529553	19529780	1.24e-64	246
NC_003071.7:14572548-14572765	NC_003074.8	86.784	227	13	4	1	211	8596315	8596090	7.44e-62	237
NC_003071.7:14572548-14572765	NC_003074.8	88.482	191	8	5	1	177	4468266	4468456	2.69e-56	219
NC_003071.7:14572548-14572765	NC_003074.8	90.625	128	10	1	1	126	7766394	7766521	2.75e-41	169
NC_003071.7:14572548-14572765	NC_003074.8	86.164	159	18	4	1	157	16405529	16405685	2.75e-41	169
NC_003071.7:14572548-14572765	NC_003074.8	81.614	223	18	11	1	200	10708958	10709180	1.28e-39	163
NC_003071.7:14572548-14572765	NC_003074.8	87.770	139	4	3	1	126	18171177	18171039	9.97e-36	150
NC_003071.7:14572548-14572765	NC_003074.8	88.189	127	13	2	1	126	18885845	18885720	9.97e-36	150
NC_003071.7:14572548-14572765	NC_003074.8	84.892	139	8	3	1	126	6729159	6729021	4.67e-29	128
NC_003071.7:14572548-14572765	NC_003074.8	84.783	138	9	2	1	126	10405726	10405863	4.67e-29	128
NC_003071.7:14572548-14572765	NC_003074.8	84.783	138	9	4	1	126	19740108	19740245	4.67e-29	128
NC_003071.7:14572548-14572765	NC_003074.8	84.286	140	8	3	1	126	7980317	7980178	6.04e-28	124
NC_003071.7:14572548-14572765	NC_003074.8	84.058	138	10	2	1	126	19437201	19437338	2.17e-27	122
NC_003071.7:14572548-14572765	NC_003074.8	84.173	139	9	4	1	126	21552337	21552199	2.17e-27	122
NC_003071.7:14572548-14572765	NC_003074.8	86.957	92	11	1	1	92	6940832	6940742	2.83e-21	102
NC_003071.7:14572548-14572765	NC_003074.8	82.812	128	9	3	12	126	15814268	15814395	2.83e-21	102
NC_003071.7:14572548-14572765	NC_003074.8	83.036	112	4	4	30	126	20769806	20769695	7.93e-17	87.9
NC_003071.7:14572548-14572765	NC_003075.7	89.720	214	8	1	1	200	7383627	7383414	4.41e-69	261
NC_003071.7:14572548-14572765	NC_003075.7	89.623	212	9	6	1	200	12699153	12699363	5.71e-68	257
NC_003071.7:14572548-14572765	NC_003075.7	84.286	140	8	3	1	126	9111814	9111675	6.04e-28	124
NC_003071.7:14572548-14572765	NC_003075.7	85.714	126	5	3	14	126	12606710	12606585	7.82e-27	121
NC_003071.7:14572548-14572765	NC_003075.7	83.571	140	9	4	1	126	14457957	14457818	2.81e-26	119
NC_003071.7:14572548-14572765	NC_003075.7	83.453	139	10	4	1	126	5391953	5391815	1.01e-25	117
NC_003071.7:14572548-14572765	NC_003075.7	82.609	138	12	3	1	126	572430	572293	4.70e-24	111
NC_003071.7:14572548-14572765	NC_003075.7	88.421	95	8	3	1	94	6661317	6661409	4.70e-24	111
NC_003071.7:14572548-14572765	NC_003075.7	91.781	73	4	2	1	72	1100911	1100982	1.02e-20	100
NC_003071.7:14572548-14572765	NC_003075.7	89.855	69	7	0	1	69	7572220	7572288	2.20e-17	89.8
NC_003071.7:15371098-15371880	NC_003071.7	100.000	783	0	0	1	783	15371880	15371098	0.0	1447
NC_003071.7:15371098-15371880	NC_003071.7	95.807	787	25	3	1	783	1902863	1903645	0.0	1264
NC_003071.7:15371098-15371880	NC_003071.7	94.930	789	28	5	1	783	6297988	6297206	0.0	1225
NC_003071.7:15371098-15371880	NC_003071.7	94.163	651	27	8	138	783	17300066	17299422	0.0	981
NC_003071.7:15371098-15371880	NC_003071.7	82.000	150	24	2	1	147	8854372	8854521	2.37e-27	124
NC_003071.7:15371098-15371880	NC_003071.7	76.087	230	41	11	562	783	7730347	7730570	2.39e-22	108
NC_003071.7:15371098-15371880	NC_003071.7	84.946	93	12	1	1	91	6374366	6374458	6.68e-18	93.5
NC_003071.7:15371098-15371880	NC_003071.7	100.000	29	0	0	755	783	1092259	1092287	3.15e-06	54.7
NC_003071.7:15371098-15371880	NC_003075.7	98.340	783	11	2	1	783	8769326	8768546	0.0	1373
NC_003071.7:15371098-15371880	NC_003075.7	96.334	791	16	3	1	783	7403992	7404777	0.0	1288
NC_003071.7:15371098-15371880	NC_003075.7	94.140	785	19	6	1	783	12845050	12844291	0.0	1170
NC_003071.7:15371098-15371880	NC_003075.7	94.612	631	26	8	138	767	418080	417457	0.0	970
NC_003071.7:15371098-15371880	NC_003075.7	93.846	130	4	3	25	152	418145	418018	6.41e-48	193
NC_003071.7:15371098-15371880	NC_003075.7	79.167	120	19	5	668	783	6626041	6626158	1.87e-13	78.7
NC_003071.7:15371098-15371880	NC_003070.9	96.429	784	18	6	1	783	3771816	3771042	0.0	1284
NC_003071.7:15371098-15371880	NC_003070.9	92.732	798	30	8	1	783	6234720	6233936	0.0	1127
NC_003071.7:15371098-15371880	NC_003070.9	97.214	646	14	1	138	783	12874279	12873638	0.0	1090
NC_003071.7:15371098-15371880	NC_003070.9	95.538	381	15	1	1	379	6235099	6234719	5.37e-173	608
NC_003071.7:15371098-15371880	NC_003070.9	92.635	353	21	5	285	637	16341625	16341278	2.61e-141	503
NC_003071.7:15371098-15371880	NC_003070.9	91.525	354	23	7	285	637	16339904	16339557	1.22e-134	481
NC_003071.7:15371098-15371880	NC_003070.9	94.949	297	10	4	1	294	16342970	16342676	1.59e-128	460
NC_003071.7:15371098-15371880	NC_003070.9	95.455	154	4	2	1	152	12874368	12874216	6.27e-63	243
NC_003071.7:15371098-15371880	NC_003070.9	83.453	139	14	7	1	139	12875588	12875459	3.07e-26	121
NC_003071.7:15371098-15371880	NC_003070.9	88.506	87	10	0	1	87	5659269	5659183	8.58e-22	106
NC_003071.7:15371098-15371880	NC_003074.8	96.041	783	24	3	1	783	3873815	3874590	0.0	1267
NC_003071.7:15371098-15371880	NC_003074.8	94.148	769	38	6	1	767	4217121	4216358	0.0	1164
NC_003071.7:15371098-15371880	NC_003074.8	93.878	784	22	5	1	783	3988437	3987679	0.0	1158
NC_003071.7:15371098-15371880	NC_003074.8	93.778	659	30	7	127	783	7291814	7291165	0.0	979
NC_003071.7:15371098-15371880	NC_003076.8	94.088	795	29	12	1	783	347804	347016	0.0	1192
NC_003071.7:15371098-15371880	NC_003076.8	96.898	677	16	2	1	676	7352033	7352705	0.0	1129
NC_003071.7:15371098-15371880	NC_003076.8	96.285	646	19	2	138	783	15715035	15715675	0.0	1055
NC_003071.7:15371098-15371880	NC_003076.8	94.212	622	21	4	1	612	24345544	24344928	0.0	935
NC_003071.7:15371098-15371880	NC_003076.8	94.521	511	21	6	273	781	24344597	24344092	0.0	782
NC_003071.7:15371098-15371880	NC_003076.8	93.353	346	13	2	273	612	24344933	24344592	2.61e-141	503
NC_003071.7:15371098-15371880	NC_003076.8	95.324	278	13	0	1	278	348085	347808	5.76e-123	442
NC_003071.7:15371098-15371880	NC_003076.8	95.455	154	4	2	1	152	15714946	15715098	6.27e-63	243
NC_003071.7:15371098-15371880	NC_003076.8	94.059	101	5	1	684	783	7352665	7352765	1.09e-35	152
NC_003071.7:15371098-15371880	NC_003076.8	82.468	154	18	9	1	147	14098107	14097956	6.59e-28	126
NC_003071.7:15371098-15371880	NC_003076.8	81.301	123	16	6	666	783	10072760	10072880	6.68e-18	93.5
NC_003071.7:15371098-15371880	NC_003076.8	96.970	33	1	0	751	783	6072582	6072550	8.77e-07	56.5
NC_003071.7:15134223-15134772	NC_003071.7	100.000	550	0	0	1	550	15134223	15134772	0.0	1016
NC_003071.7:15134223-15134772	NC_003071.7	94.353	549	27	1	2	550	1670335	1669791	0.0	839
NC_003071.7:15134223-15134772	NC_003071.7	92.922	551	32	4	2	550	19623101	19623646	0.0	795
NC_003071.7:15134223-15134772	NC_003071.7	93.865	489	30	0	2	490	19243136	19242648	0.0	737
NC_003071.7:15134223-15134772	NC_003071.7	86.819	569	48	13	3	550	5037751	5038313	1.03e-173	610
NC_003071.7:15134223-15134772	NC_003071.7	86.667	570	50	10	3	550	2138820	2139385	3.72e-173	608
NC_003071.7:15134223-15134772	NC_003071.7	85.053	562	67	7	2	550	6207152	6206595	1.36e-157	556
NC_003071.7:15134223-15134772	NC_003071.7	85.289	571	43	7	2	550	13101809	13102360	6.35e-156	551
NC_003071.7:15134223-15134772	NC_003071.7	84.764	571	59	9	3	550	5010652	5010087	8.21e-155	547
NC_003071.7:15134223-15134772	NC_003071.7	84.886	569	51	11	3	550	4025413	4025967	3.82e-153	542
NC_003071.7:15134223-15134772	NC_003071.7	84.946	558	59	16	3	550	9229179	9228637	3.82e-153	542
NC_003071.7:15134223-15134772	NC_003071.7	84.441	572	55	13	3	550	7340381	7340942	2.30e-150	532
NC_003071.7:15134223-15134772	NC_003071.7	84.452	566	52	12	2	548	9226026	9225478	3.85e-148	525
NC_003071.7:15134223-15134772	NC_003071.7	84.452	566	43	11	3	545	13885931	13886474	2.32e-145	516
NC_003071.7:15134223-15134772	NC_003071.7	83.741	572	60	11	2	550	1596918	1597479	1.08e-143	510
NC_003071.7:15134223-15134772	NC_003071.7	83.888	571	49	15	3	550	12556654	12557204	5.01e-142	505
NC_003071.7:15134223-15134772	NC_003071.7	83.392	572	61	24	2	550	9860515	9859955	2.33e-140	499
NC_003071.7:15134223-15134772	NC_003071.7	85.341	498	48	11	29	502	17147633	17147137	3.90e-138	492
NC_003071.7:15134223-15134772	NC_003071.7	85.451	488	47	5	2	466	19172669	19172183	1.82e-136	486
NC_003071.7:15134223-15134772	NC_003071.7	83.755	277	36	6	276	550	9433300	9433569	2.01e-66	254
NC_003071.7:15134223-15134772	NC_003071.7	86.636	217	19	5	3	211	9433091	9433305	9.40e-60	231
NC_003071.7:15134223-15134772	NC_003071.7	83.478	230	27	7	326	550	1038272	1038049	2.05e-51	204
NC_003071.7:15134223-15134772	NC_003071.7	82.988	241	20	9	327	550	1383789	1383553	9.53e-50	198
NC_003071.7:15134223-15134772	NC_003071.7	85.876	177	12	3	375	550	8907832	8907996	4.47e-43	176
NC_003071.7:15134223-15134772	NC_003071.7	86.000	150	16	3	401	550	9311474	9311618	5.82e-37	156
NC_003071.7:15134223-15134772	NC_003071.7	85.926	135	12	4	416	550	11285242	11285115	2.11e-31	137
NC_003071.7:15134223-15134772	NC_003071.7	85.821	134	11	7	417	550	7112803	7112928	7.58e-31	135
NC_003071.7:15134223-15134772	NC_003071.7	85.185	135	13	5	416	550	3212452	3212325	9.80e-30	132
NC_003071.7:15134223-15134772	NC_003071.7	85.075	134	13	4	417	550	6663995	6664121	3.53e-29	130
NC_003071.7:15134223-15134772	NC_003071.7	82.576	132	14	7	420	550	4024867	4024990	1.65e-22	108
NC_003071.7:15134223-15134772	NC_003071.7	87.356	87	6	2	464	550	9585274	9585355	1.29e-18	95.3
NC_003071.7:15134223-15134772	NC_003071.7	100.000	43	0	0	326	368	7351291	7351333	3.60e-14	80.5
NC_003071.7:15134223-15134772	NC_003071.7	100.000	29	0	0	522	550	7177618	7177590	2.18e-06	54.7
NC_003071.7:15134223-15134772	NC_003076.8	94.343	548	27	1	3	550	17043358	17043901	0.0	837
NC_003071.7:15134223-15134772	NC_003076.8	91.971	548	37	4	2	548	16712850	16713391	0.0	761
NC_003071.7:15134223-15134772	NC_003076.8	90.545	550	31	7	2	550	7069988	7070517	0.0	708
NC_003071.7:15134223-15134772	NC_003076.8	86.796	568	51	7	3	550	17726422	17726985	2.87e-174	612
NC_003071.7:15134223-15134772	NC_003076.8	86.620	568	52	5	3	550	24448812	24449375	1.34e-172	606
NC_003071.7:15134223-15134772	NC_003076.8	86.268	568	55	12	2	550	22621741	22621178	2.89e-169	595
NC_003071.7:15134223-15134772	NC_003076.8	86.323	563	56	13	2	550	14810270	14810825	1.04e-168	593
NC_003071.7:15134223-15134772	NC_003076.8	86.014	572	53	10	2	550	3566349	3566916	4.84e-167	588
NC_003071.7:15134223-15134772	NC_003076.8	85.439	570	58	11	3	550	9068735	9068169	1.75e-161	569
NC_003071.7:15134223-15134772	NC_003076.8	85.461	564	62	10	2	550	9558217	9557659	1.75e-161	569
NC_003071.7:15134223-15134772	NC_003076.8	85.027	561	67	7	3	550	13892686	13892130	4.91e-157	555
NC_003071.7:15134223-15134772	NC_003076.8	85.027	561	67	8	3	550	16870923	16871479	4.91e-157	555
NC_003071.7:15134223-15134772	NC_003076.8	84.939	571	57	13	2	550	5625057	5625620	6.35e-156	551
NC_003071.7:15134223-15134772	NC_003076.8	84.821	560	61	13	1	550	7701183	7700638	3.82e-153	542
NC_003071.7:15134223-15134772	NC_003076.8	84.247	584	50	15	3	550	7417331	7417908	8.27e-150	531
NC_003071.7:15134223-15134772	NC_003076.8	84.425	565	59	15	2	550	19101557	19102108	2.98e-149	529
NC_003071.7:15134223-15134772	NC_003076.8	84.534	569	47	13	3	550	26787654	26787106	3.85e-148	525
NC_003071.7:15134223-15134772	NC_003076.8	83.542	559	66	15	2	550	14104209	14103667	2.33e-140	499
NC_003071.7:15134223-15134772	NC_003076.8	86.871	457	34	9	29	462	26015332	26015785	5.05e-137	488
NC_003071.7:15134223-15134772	NC_003076.8	83.275	574	50	18	2	550	6420379	6419827	1.82e-136	486
NC_003071.7:15134223-15134772	NC_003076.8	82.982	570	51	10	3	550	8748925	8749470	1.41e-132	473
NC_003071.7:15134223-15134772	NC_003076.8	82.471	599	48	21	2	550	24117959	24118550	5.09e-132	472
NC_003071.7:15134223-15134772	NC_003076.8	84.095	503	60	10	3	491	22335576	22335080	6.58e-131	468
NC_003071.7:15134223-15134772	NC_003076.8	82.437	558	65	12	3	550	15580807	15581341	1.42e-127	457
NC_003071.7:15134223-15134772	NC_003076.8	88.533	375	36	3	3	370	706997	706623	8.57e-125	448
NC_003071.7:15134223-15134772	NC_003076.8	88.064	377	36	4	2	370	15882292	15882667	5.16e-122	438
NC_003071.7:15134223-15134772	NC_003076.8	87.831	378	36	7	2	370	4936960	4937336	6.67e-121	435
NC_003071.7:15134223-15134772	NC_003076.8	85.470	351	37	10	205	550	14395374	14395033	1.92e-96	353
NC_003071.7:15134223-15134772	NC_003076.8	85.470	351	37	10	205	550	14454673	14454332	1.92e-96	353
NC_003071.7:15134223-15134772	NC_003076.8	92.558	215	16	0	69	283	17885905	17885691	4.22e-83	309
NC_003071.7:15134223-15134772	NC_003076.8	85.069	288	25	4	276	550	6702209	6701927	1.19e-73	278
NC_003071.7:15134223-15134772	NC_003076.8	94.152	171	10	0	200	370	13678951	13678781	1.20e-68	261
NC_003071.7:15134223-15134772	NC_003076.8	87.081	209	20	2	5	206	14395843	14395635	3.38e-59	230
NC_003071.7:15134223-15134772	NC_003076.8	87.081	209	20	2	5	206	14455142	14454934	3.38e-59	230
NC_003071.7:15134223-15134772	NC_003076.8	84.549	233	28	3	1	226	13231667	13231898	1.57e-57	224
NC_003071.7:15134223-15134772	NC_003076.8	82.129	263	35	7	289	550	24586805	24587056	9.46e-55	215
NC_003071.7:15134223-15134772	NC_003076.8	83.898	236	20	8	326	548	13734262	13734492	4.40e-53	209
NC_003071.7:15134223-15134772	NC_003076.8	83.264	239	22	8	326	550	8602053	8601819	2.05e-51	204
NC_003071.7:15134223-15134772	NC_003076.8	82.353	238	25	8	326	550	20278847	20278614	1.59e-47	191
NC_003071.7:15134223-15134772	NC_003076.8	82.488	217	28	5	2	210	6702419	6702205	9.60e-45	182
NC_003071.7:15134223-15134772	NC_003076.8	81.224	245	27	7	321	550	14080062	14080302	3.45e-44	180
NC_003071.7:15134223-15134772	NC_003076.8	85.876	177	12	3	375	550	10041976	10041812	4.47e-43	176
NC_003071.7:15134223-15134772	NC_003076.8	86.567	134	11	5	417	550	24475417	24475291	1.63e-32	141
NC_003071.7:15134223-15134772	NC_003076.8	85.821	134	12	5	417	550	15042260	15042134	7.58e-31	135
NC_003071.7:15134223-15134772	NC_003076.8	85.821	134	10	6	417	550	21775911	21775787	2.73e-30	134
NC_003071.7:15134223-15134772	NC_003076.8	85.075	134	12	5	417	550	5428081	5427956	3.53e-29	130
NC_003071.7:15134223-15134772	NC_003076.8	84.962	133	13	4	418	550	7153309	7153184	1.27e-28	128
NC_003071.7:15134223-15134772	NC_003076.8	84.328	134	13	5	417	550	4314741	4314866	1.64e-27	124
NC_003071.7:15134223-15134772	NC_003076.8	84.328	134	14	4	417	550	15604795	15604669	1.64e-27	124
NC_003071.7:15134223-15134772	NC_003076.8	84.328	134	13	4	417	550	17796263	17796138	1.64e-27	124
NC_003071.7:15134223-15134772	NC_003076.8	83.582	134	15	7	417	550	10715496	10715622	7.63e-26	119
NC_003071.7:15134223-15134772	NC_003076.8	84.375	128	13	6	423	550	14143814	14143694	7.63e-26	119
NC_003071.7:15134223-15134772	NC_003076.8	82.836	134	15	4	417	550	16358419	16358544	3.55e-24	113
NC_003071.7:15134223-15134772	NC_003076.8	82.836	134	14	6	417	550	8744749	8744625	1.28e-23	111
NC_003071.7:15134223-15134772	NC_003076.8	82.353	136	15	9	419	550	25265207	25265337	4.59e-23	110
NC_003071.7:15134223-15134772	NC_003076.8	83.186	113	10	7	442	550	15882659	15882766	1.29e-18	95.3
NC_003071.7:15134223-15134772	NC_003076.8	100.000	43	0	0	326	368	17481786	17481828	3.60e-14	80.5
NC_003071.7:15134223-15134772	NC_003076.8	100.000	43	0	0	326	368	17955910	17955868	3.60e-14	80.5
NC_003071.7:15134223-15134772	NC_003076.8	100.000	43	0	0	326	368	26892276	26892318	3.60e-14	80.5
NC_003071.7:15134223-15134772	NC_003075.7	94.182	550	26	3	2	550	15442195	15441651	0.0	833
NC_003071.7:15134223-15134772	NC_003075.7	90.528	549	45	5	3	550	12365606	12365064	0.0	719
NC_003071.7:15134223-15134772	NC_003075.7	86.316	570	52	9	2	550	5392284	5391720	8.04e-170	597
NC_003071.7:15134223-15134772	NC_003075.7	85.965	570	53	8	2	550	1521256	1521819	6.26e-166	584
NC_003071.7:15134223-15134772	NC_003075.7	85.589	569	55	8	3	550	6115341	6115903	4.87e-162	571
NC_003071.7:15134223-15134772	NC_003075.7	85.305	558	67	12	2	550	6340023	6339472	2.93e-159	562
NC_003071.7:15134223-15134772	NC_003075.7	84.912	570	59	9	2	550	572760	572197	6.35e-156	551
NC_003071.7:15134223-15134772	NC_003075.7	84.588	571	47	6	2	550	9112131	9111580	2.98e-149	529
NC_003071.7:15134223-15134772	NC_003075.7	85.122	531	56	9	3	512	824053	823525	4.98e-147	521
NC_003071.7:15134223-15134772	NC_003075.7	83.993	581	51	17	4	550	14458283	14457711	1.79e-146	520
NC_003071.7:15134223-15134772	NC_003075.7	83.737	578	57	25	3	550	12607047	12606477	3.00e-144	512
NC_003071.7:15134223-15134772	NC_003075.7	85.366	492	51	5	2	472	6660986	6661477	1.40e-137	490
NC_003071.7:15134223-15134772	NC_003075.7	85.683	461	43	7	3	442	8947760	8947302	8.51e-130	464
NC_003071.7:15134223-15134772	NC_003075.7	85.981	321	29	4	240	548	2553631	2553947	3.24e-89	329
NC_003071.7:15134223-15134772	NC_003075.7	82.353	238	25	6	326	550	6243586	6243819	1.59e-47	191
NC_003071.7:15134223-15134772	NC_003075.7	82.353	238	22	7	326	550	9193138	9193368	5.74e-47	189
NC_003071.7:15134223-15134772	NC_003075.7	85.795	176	12	3	376	550	964026	963863	1.61e-42	174
NC_003071.7:15134223-15134772	NC_003075.7	85.821	134	13	4	417	550	4148055	4148182	2.11e-31	137
NC_003071.7:15134223-15134772	NC_003075.7	85.821	134	12	5	417	550	370914	370788	7.58e-31	135
NC_003071.7:15134223-15134772	NC_003075.7	85.821	134	11	7	417	550	684233	684358	7.58e-31	135
NC_003071.7:15134223-15134772	NC_003075.7	85.821	134	12	4	417	550	8065578	8065704	7.58e-31	135
NC_003071.7:15134223-15134772	NC_003075.7	85.821	134	12	5	417	550	11192401	11192275	7.58e-31	135
NC_003071.7:15134223-15134772	NC_003075.7	85.075	134	13	5	417	550	16863389	16863263	3.53e-29	130
NC_003071.7:15134223-15134772	NC_003075.7	83.000	100	10	6	451	550	14390354	14390262	2.78e-15	84.2
NC_003071.7:15134223-15134772	NC_003075.7	95.652	46	1	1	326	370	1100911	1100956	6.03e-12	73.1
NC_003071.7:15134223-15134772	NC_003075.7	91.304	46	2	2	506	550	3359190	3359234	1.30e-08	62.1
NC_003071.7:15134223-15134772	NC_003074.8	93.260	549	31	3	3	550	11132202	11132745	0.0	804
NC_003071.7:15134223-15134772	NC_003074.8	93.536	526	26	5	3	528	423197	422680	0.0	776
NC_003071.7:15134223-15134772	NC_003074.8	87.207	555	54	8	3	550	11315007	11315551	2.22e-175	616
NC_003071.7:15134223-15134772	NC_003074.8	85.789	570	55	8	2	550	10405395	10405959	8.10e-165	580
NC_003071.7:15134223-15134772	NC_003074.8	85.918	561	60	9	3	550	10708625	10709179	8.10e-165	580
NC_003071.7:15134223-15134772	NC_003074.8	85.739	568	55	9	2	550	23085530	23086090	1.05e-163	577
NC_003071.7:15134223-15134772	NC_003074.8	85.490	572	56	11	2	550	3080592	3080025	4.87e-162	571
NC_003071.7:15134223-15134772	NC_003074.8	85.413	569	59	8	2	550	14057123	14057687	1.75e-161	569
NC_003071.7:15134223-15134772	NC_003074.8	85.613	563	55	7	9	550	11090997	11090440	6.31e-161	568
NC_003071.7:15134223-15134772	NC_003074.8	85.305	558	68	7	2	550	10718346	10717794	8.16e-160	564
NC_003071.7:15134223-15134772	NC_003074.8	85.263	570	56	10	2	550	16485870	16485308	2.93e-159	562
NC_003071.7:15134223-15134772	NC_003074.8	85.080	563	59	9	9	550	16723678	16723120	6.35e-156	551
NC_003071.7:15134223-15134772	NC_003074.8	84.643	560	71	8	3	550	16405196	16405752	1.06e-153	544
NC_003071.7:15134223-15134772	NC_003074.8	84.536	582	53	9	1	550	6729501	6728925	3.82e-153	542
NC_003071.7:15134223-15134772	NC_003074.8	84.740	557	61	17	3	550	4584756	4585297	1.78e-151	536
NC_003071.7:15134223-15134772	NC_003074.8	84.314	561	70	9	3	550	7766062	7766617	2.30e-150	532
NC_003071.7:15134223-15134772	NC_003074.8	84.737	570	46	7	3	550	7980633	7980083	2.30e-150	532
NC_003071.7:15134223-15134772	NC_003074.8	84.048	583	54	8	3	550	10758580	10758002	3.85e-148	525
NC_003071.7:15134223-15134772	NC_003074.8	84.353	556	61	10	15	550	18634492	18633943	4.98e-147	521
NC_003071.7:15134223-15134772	NC_003074.8	83.624	574	62	10	2	550	5865863	5866429	1.08e-143	510
NC_003071.7:15134223-15134772	NC_003074.8	83.688	564	64	13	3	550	17402552	17402001	1.39e-142	507
NC_003071.7:15134223-15134772	NC_003074.8	83.392	572	57	16	3	550	21552658	21552101	3.02e-139	496
NC_003071.7:15134223-15134772	NC_003074.8	90.716	377	24	7	179	550	16235030	16234660	3.90e-138	492
NC_003071.7:15134223-15134772	NC_003074.8	82.741	591	54	20	2	550	19739756	19740340	2.35e-135	483
NC_003071.7:15134223-15134772	NC_003074.8	87.766	376	36	4	3	370	4579237	4579610	8.63e-120	431
NC_003071.7:15134223-15134772	NC_003074.8	91.573	178	15	0	135	312	18887436	18887259	3.36e-64	246
NC_003071.7:15134223-15134772	NC_003074.8	85.955	178	20	3	374	550	8645166	8645339	7.42e-46	185
NC_003071.7:15134223-15134772	NC_003074.8	86.441	177	10	8	375	550	10681555	10681392	9.60e-45	182
NC_003071.7:15134223-15134772	NC_003074.8	87.313	134	10	5	417	550	13328456	13328582	3.50e-34	147
NC_003071.7:15134223-15134772	NC_003074.8	87.218	133	10	4	418	550	18019802	18019927	1.26e-33	145
NC_003071.7:15134223-15134772	NC_003074.8	87.121	132	10	5	419	550	17061510	17061386	4.53e-33	143
NC_003071.7:15134223-15134772	NC_003074.8	86.260	131	11	4	420	550	1572003	1572126	7.58e-31	135
NC_003071.7:15134223-15134772	NC_003074.8	85.821	134	12	4	417	550	17142573	17142447	7.58e-31	135
NC_003071.7:15134223-15134772	NC_003074.8	85.185	135	13	5	416	550	3966020	3966147	9.80e-30	132
NC_003071.7:15134223-15134772	NC_003074.8	85.075	134	12	6	417	550	17275868	17275743	3.53e-29	130
NC_003071.7:15134223-15134772	NC_003074.8	84.848	132	12	6	420	550	17299274	17299150	4.56e-28	126
NC_003071.7:15134223-15134772	NC_003074.8	84.328	134	14	4	417	550	16563461	16563587	1.64e-27	124
NC_003071.7:15134223-15134772	NC_003074.8	82.090	134	17	6	417	550	10574477	10574351	1.65e-22	108
NC_003071.7:15134223-15134772	NC_003074.8	82.258	124	15	6	427	550	10321325	10321441	2.76e-20	100
NC_003071.7:15134223-15134772	NC_003074.8	100.000	29	0	0	522	550	4274958	4274930	2.18e-06	54.7
NC_003071.7:15134223-15134772	NC_003070.9	89.825	570	33	6	2	550	24718473	24719038	0.0	708
NC_003071.7:15134223-15134772	NC_003070.9	86.116	569	52	11	3	550	23125693	23125131	4.84e-167	588
NC_003071.7:15134223-15134772	NC_003070.9	86.885	549	43	7	26	550	25779694	25780237	4.84e-167	588
NC_003071.7:15134223-15134772	NC_003070.9	85.940	569	54	10	3	550	5862949	5863512	6.26e-166	584
NC_003071.7:15134223-15134772	NC_003070.9	85.971	556	64	6	3	550	5899755	5899206	2.25e-165	582
NC_003071.7:15134223-15134772	NC_003070.9	85.614	570	58	8	3	550	13495989	13495422	1.05e-163	577
NC_003071.7:15134223-15134772	NC_003070.9	85.740	561	63	8	3	550	27240719	27241275	1.05e-163	577
NC_003071.7:15134223-15134772	NC_003070.9	85.387	568	57	8	3	550	12097456	12098017	2.27e-160	566
NC_003071.7:15134223-15134772	NC_003070.9	85.458	557	61	12	2	550	29244141	29244685	2.93e-159	562
NC_003071.7:15134223-15134772	NC_003070.9	85.278	557	62	13	3	550	22192007	22192552	1.36e-157	556
NC_003071.7:15134223-15134772	NC_003070.9	85.315	572	47	15	2	550	26511227	26510670	1.36e-157	556
NC_003071.7:15134223-15134772	NC_003070.9	84.886	569	62	8	3	550	21739641	21739076	1.77e-156	553
NC_003071.7:15134223-15134772	NC_003070.9	84.892	556	72	7	3	550	20205905	20205354	6.35e-156	551
NC_003071.7:15134223-15134772	NC_003070.9	84.698	562	69	7	1	550	540989	540433	2.95e-154	545
NC_003071.7:15134223-15134772	NC_003070.9	84.982	566	52	17	3	550	4770665	4770115	1.06e-153	544
NC_003071.7:15134223-15134772	NC_003070.9	84.965	572	42	14	2	550	19769023	19769573	1.37e-152	540
NC_003071.7:15134223-15134772	NC_003070.9	84.456	579	52	27	3	550	13869873	13870444	1.78e-151	536
NC_003071.7:15134223-15134772	NC_003070.9	84.135	561	71	9	3	550	26880721	26881276	1.07e-148	527
NC_003071.7:15134223-15134772	NC_003070.9	84.826	547	56	14	2	527	4582997	4583537	3.85e-148	525
NC_003071.7:15134223-15134772	NC_003070.9	83.993	581	55	16	4	550	17502231	17502807	1.38e-147	523
NC_003071.7:15134223-15134772	NC_003070.9	86.983	484	36	8	2	462	6219141	6218662	1.79e-146	520
NC_003071.7:15134223-15134772	NC_003070.9	84.071	565	61	13	2	550	21918433	21918984	6.44e-146	518
NC_003071.7:15134223-15134772	NC_003070.9	83.717	565	67	17	2	550	10591983	10591428	1.08e-143	510
NC_003071.7:15134223-15134772	NC_003070.9	86.066	488	52	8	70	548	10930990	10931470	1.08e-143	510
NC_003071.7:15134223-15134772	NC_003070.9	83.217	572	66	17	2	550	13811467	13810903	8.39e-140	497
NC_003071.7:15134223-15134772	NC_003070.9	83.509	570	53	14	3	550	11804094	11803544	1.09e-138	494
NC_003071.7:15134223-15134772	NC_003070.9	83.509	570	51	12	3	550	10021962	10021414	3.90e-138	492
NC_003071.7:15134223-15134772	NC_003070.9	83.303	557	58	18	3	548	10853200	10852668	8.45e-135	481
NC_003071.7:15134223-15134772	NC_003070.9	82.578	574	56	19	2	550	11732351	11732905	2.37e-130	466
NC_003071.7:15134223-15134772	NC_003070.9	82.425	569	58	23	2	550	24645518	24646064	3.96e-128	459
NC_003071.7:15134223-15134772	NC_003070.9	82.343	572	58	11	2	550	28891931	28891380	1.42e-127	457
NC_003071.7:15134223-15134772	NC_003070.9	88.329	377	32	6	4	370	2587832	2587458	3.99e-123	442
NC_003071.7:15134223-15134772	NC_003070.9	81.413	538	71	15	2	528	2986893	2986374	3.13e-114	412
NC_003071.7:15134223-15134772	NC_003070.9	84.120	233	28	4	2	226	12240504	12240735	2.63e-55	217
NC_003071.7:15134223-15134772	NC_003070.9	83.193	238	32	4	316	550	2473131	2472899	1.22e-53	211
NC_003071.7:15134223-15134772	NC_003070.9	88.068	176	15	3	375	548	8622929	8622758	2.05e-51	204
NC_003071.7:15134223-15134772	NC_003070.9	87.571	177	16	5	375	550	9918624	9918453	2.65e-50	200
NC_003071.7:15134223-15134772	NC_003070.9	81.967	244	20	11	326	550	20514335	20514573	7.42e-46	185
NC_003071.7:15134223-15134772	NC_003070.9	84.181	177	22	4	375	550	20166842	20166671	2.69e-40	167
NC_003071.7:15134223-15134772	NC_003070.9	84.746	177	14	3	375	550	16858796	16858632	9.67e-40	165
NC_003071.7:15134223-15134772	NC_003070.9	83.246	191	19	8	326	503	14013607	14013417	3.48e-39	163
NC_003071.7:15134223-15134772	NC_003070.9	79.911	224	36	6	326	545	3251256	3251474	5.82e-37	156
NC_003071.7:15134223-15134772	NC_003070.9	85.606	132	12	4	419	550	16327179	16327303	9.80e-30	132
NC_003071.7:15134223-15134772	NC_003070.9	85.606	132	12	4	419	550	16826246	16826370	9.80e-30	132
NC_003071.7:15134223-15134772	NC_003070.9	85.606	132	12	5	419	550	19465214	19465090	9.80e-30	132
NC_003071.7:15134223-15134772	NC_003070.9	84.848	132	13	5	419	550	12562353	12562229	4.56e-28	126
NC_003071.7:15134223-15134772	NC_003070.9	84.848	132	12	6	420	550	22992056	22991932	4.56e-28	126
NC_003071.7:15134223-15134772	NC_003070.9	84.328	134	13	4	417	550	8489539	8489414	1.64e-27	124
NC_003071.7:15134223-15134772	NC_003070.9	84.328	134	14	4	417	550	18792738	18792864	1.64e-27	124
NC_003071.7:15134223-15134772	NC_003070.9	84.328	134	14	4	417	550	19064466	19064592	1.64e-27	124
NC_003071.7:15134223-15134772	NC_003070.9	84.328	134	13	5	417	550	23553916	23553791	1.64e-27	124
NC_003071.7:15134223-15134772	NC_003070.9	84.091	132	13	7	420	550	12328051	12327927	2.12e-26	121
NC_003071.7:15134223-15134772	NC_003070.9	83.704	135	14	5	416	550	14308890	14308764	2.12e-26	121
NC_003071.7:15134223-15134772	NC_003070.9	84.091	132	13	6	420	550	22620714	22620590	2.12e-26	121
NC_003071.7:15134223-15134772	NC_003070.9	84.091	132	13	6	420	550	30251102	30250978	2.12e-26	121
NC_003071.7:15134223-15134772	NC_003070.9	83.582	134	15	5	417	550	7037164	7037290	7.63e-26	119
NC_003071.7:15134223-15134772	NC_003070.9	83.582	134	13	7	417	550	11701603	11701727	2.75e-25	117
NC_003071.7:15134223-15134772	NC_003070.9	83.721	129	13	6	422	550	13015971	13015851	9.87e-25	115
NC_003071.7:15134223-15134772	NC_003070.9	83.333	132	14	6	419	550	25962588	25962465	9.87e-25	115
NC_003071.7:15134223-15134772	NC_003070.9	82.836	134	15	4	417	550	22451880	22452005	3.55e-24	113
NC_003071.7:15134223-15134772	NC_003070.9	100.000	28	0	0	523	550	21103382	21103355	7.85e-06	52.8
NC_003071.7:16142897-16143157	NC_003071.7	100.000	261	0	0	1	261	16142897	16143157	1.06e-135	483
NC_003071.7:16142897-16143157	NC_003076.8	81.609	261	45	1	1	261	16607124	16607381	1.53e-54	213
NC_003071.7:14274961-14275165	NC_003071.7	100.000	205	0	0	1	205	14274961	14275165	1.10e-104	379
NC_003071.7:14274961-14275165	NC_003074.8	84.615	208	25	7	1	205	15505948	15505745	9.15e-51	200
