NC_003075.7:5516924-5517824	NC_003075.7	100.000	901	0	0	1	901	5517824	5516924	0.0	1664
NC_003075.7:5516924-5517824	NC_003075.7	84.367	774	95	20	130	892	6033852	6034610	0.0	736
NC_003075.7:5516924-5517824	NC_003070.9	89.451	910	70	16	1	901	19055673	19056565	0.0	1125
NC_003075.7:5516924-5517824	NC_003070.9	79.936	932	126	40	1	899	13215271	13216174	4.76e-179	628
NC_003075.7:5516924-5517824	NC_003070.9	80.296	878	122	34	1	843	11490578	11491439	3.71e-175	616
NC_003075.7:5516924-5517824	NC_003070.9	84.195	348	44	9	504	846	8236578	8236919	1.95e-88	327
NC_003075.7:5516924-5517824	NC_003070.9	74.096	332	62	18	565	884	20820287	20820606	1.65e-24	115
NC_003075.7:5516924-5517824	NC_003071.7	87.380	935	73	18	1	901	1049251	1048328	0.0	1031
NC_003075.7:5516924-5517824	NC_003071.7	82.914	755	96	22	124	865	1442197	1442931	0.0	649
NC_003075.7:5516924-5517824	NC_003071.7	82.570	568	80	12	298	855	6249189	6248631	3.92e-135	483
NC_003075.7:5516924-5517824	NC_003074.8	84.197	772	106	15	139	901	14297806	14297042	0.0	736
NC_003075.7:5516924-5517824	NC_003074.8	81.044	939	117	37	1	901	11089248	11090163	0.0	691
NC_003075.7:5516924-5517824	NC_003074.8	80.599	835	112	32	1	799	15926602	15927422	3.73e-170	599
NC_003075.7:5516924-5517824	NC_003074.8	81.726	591	86	15	322	901	15736512	15735933	2.36e-132	473
NC_003075.7:5516924-5517824	NC_003076.8	83.232	328	43	11	579	901	11639318	11638998	2.55e-77	291
NC_003075.7:5516924-5517824	NC_003076.8	83.209	268	38	6	638	901	354138	353874	9.38e-62	239
NC_003075.7:5516924-5517824	NC_003076.8	75.972	283	49	17	553	828	18599081	18598811	2.12e-28	128
NC_003075.7:7230734-7231603	NC_003075.7	100.000	870	0	0	1	870	7230734	7231603	0.0	1607
NC_003075.7:7230734-7231603	NC_003075.7	93.603	891	35	5	1	870	8899076	8899965	0.0	1310
NC_003075.7:7230734-7231603	NC_003075.7	92.697	890	29	10	1	870	1199586	1198713	0.0	1251
NC_003075.7:7230734-7231603	NC_003075.7	93.491	845	33	5	2	827	8820690	8819849	0.0	1236
NC_003075.7:7230734-7231603	NC_003075.7	87.416	890	76	20	2	870	6169229	6168355	0.0	990
NC_003075.7:7230734-7231603	NC_003075.7	87.236	901	76	21	2	870	17501313	17502206	0.0	990
NC_003075.7:7230734-7231603	NC_003075.7	86.826	797	82	13	1	775	7384283	7383488	0.0	869
NC_003075.7:7230734-7231603	NC_003075.7	85.502	876	70	33	2	870	9192543	9193368	0.0	861
NC_003075.7:7230734-7231603	NC_003075.7	86.683	796	79	18	2	775	12698500	12699290	0.0	857
NC_003075.7:7230734-7231603	NC_003075.7	83.933	890	75	20	1	870	6242978	6243819	0.0	789
NC_003075.7:7230734-7231603	NC_003075.7	87.183	710	67	16	1	699	1100278	1100974	0.0	785
NC_003075.7:7230734-7231603	NC_003075.7	89.231	65	6	1	2	65	7154779	7154843	5.80e-14	80.5
NC_003075.7:7230734-7231603	NC_003075.7	89.231	65	6	1	2	65	7905771	7905835	5.80e-14	80.5
NC_003075.7:7230734-7231603	NC_003075.7	87.879	66	7	1	1	65	2040106	2040171	7.50e-13	76.8
NC_003075.7:7230734-7231603	NC_003075.7	87.692	65	7	1	1	64	6427217	6427153	2.70e-12	75.0
NC_003075.7:7230734-7231603	NC_003075.7	87.692	65	7	1	2	65	7652564	7652628	2.70e-12	75.0
NC_003075.7:7230734-7231603	NC_003075.7	88.710	62	6	1	2	62	12968438	12968377	2.70e-12	75.0
NC_003075.7:7230734-7231603	NC_003075.7	86.154	65	8	1	2	65	12607047	12606983	1.26e-10	69.4
NC_003075.7:7230734-7231603	NC_003075.7	85.938	64	8	1	3	65	14458283	14458220	4.52e-10	67.6
NC_003075.7:7230734-7231603	NC_003074.8	93.574	887	37	7	2	870	10900762	10901646	0.0	1304
NC_003075.7:7230734-7231603	NC_003074.8	93.764	866	31	7	1	845	16535295	16534432	0.0	1279
NC_003075.7:7230734-7231603	NC_003074.8	92.921	890	42	5	1	870	16677615	16678503	0.0	1275
NC_003075.7:7230734-7231603	NC_003074.8	92.559	887	38	8	1	868	5591638	5590761	0.0	1247
NC_003075.7:7230734-7231603	NC_003074.8	92.195	884	48	5	4	868	18496030	18495149	0.0	1230
NC_003075.7:7230734-7231603	NC_003074.8	91.094	887	42	9	1	868	16902331	16903199	0.0	1166
NC_003075.7:7230734-7231603	NC_003074.8	88.341	892	77	16	1	870	6941485	6940599	0.0	1046
NC_003075.7:7230734-7231603	NC_003074.8	87.093	891	70	21	1	870	20770465	20769599	0.0	966
NC_003075.7:7230734-7231603	NC_003074.8	91.618	680	28	10	195	870	11589291	11588637	0.0	913
NC_003075.7:7230734-7231603	NC_003074.8	86.779	832	80	19	1	808	8596968	8596143	0.0	900
NC_003075.7:7230734-7231603	NC_003074.8	85.780	865	81	24	21	861	8328648	8329494	0.0	878
NC_003075.7:7230734-7231603	NC_003074.8	86.541	795	86	14	1	775	4467612	4468405	0.0	856
NC_003075.7:7230734-7231603	NC_003074.8	85.755	702	72	19	175	852	18171658	18170961	0.0	717
NC_003075.7:7230734-7231603	NC_003074.8	83.510	473	52	15	325	775	11456100	11455632	1.08e-115	418
NC_003075.7:7230734-7231603	NC_003074.8	81.081	518	45	22	385	869	17210070	17209573	1.43e-99	364
NC_003075.7:7230734-7231603	NC_003074.8	90.547	201	16	2	2	202	19529023	19529220	5.37e-69	263
NC_003075.7:7230734-7231603	NC_003074.8	90.769	65	5	1	2	65	7659521	7659457	1.25e-15	86.1
NC_003075.7:7230734-7231603	NC_003074.8	87.838	74	7	2	2	74	19537816	19537744	1.25e-15	86.1
NC_003075.7:7230734-7231603	NC_003074.8	89.231	65	7	0	1	65	7766061	7766125	1.61e-14	82.4
NC_003075.7:7230734-7231603	NC_003074.8	89.231	65	6	1	2	65	15918691	15918627	5.80e-14	80.5
NC_003075.7:7230734-7231603	NC_003074.8	87.879	66	7	1	1	65	10082829	10082764	7.50e-13	76.8
NC_003075.7:7230734-7231603	NC_003074.8	87.500	64	7	1	3	65	16235708	16235645	9.71e-12	73.1
NC_003075.7:7230734-7231603	NC_003074.8	86.154	65	8	1	2	65	19739757	19739821	1.26e-10	69.4
NC_003075.7:7230734-7231603	NC_003074.8	100.000	30	0	0	1	30	18172793	18172764	9.78e-07	56.5
NC_003075.7:7230734-7231603	NC_003074.8	100.000	29	0	0	2	30	9540459	9540487	3.52e-06	54.7
NC_003075.7:7230734-7231603	NC_003071.7	93.363	889	39	4	1	870	1322857	1321970	0.0	1297
NC_003075.7:7230734-7231603	NC_003071.7	92.672	887	45	11	2	870	3198502	3197618	0.0	1260
NC_003075.7:7230734-7231603	NC_003071.7	92.390	841	28	11	25	845	9455339	9456163	0.0	1166
NC_003075.7:7230734-7231603	NC_003071.7	86.420	891	79	23	3	870	2320063	2320934	0.0	937
NC_003075.7:7230734-7231603	NC_003071.7	86.379	881	89	25	2	870	1384414	1383553	0.0	933
NC_003075.7:7230734-7231603	NC_003071.7	86.323	892	74	26	1	870	1038914	1038049	0.0	928
NC_003075.7:7230734-7231603	NC_003071.7	86.152	881	92	24	1	870	10997044	10996183	0.0	924
NC_003075.7:7230734-7231603	NC_003071.7	87.563	796	75	14	1	773	9029806	9030600	0.0	900
NC_003075.7:7230734-7231603	NC_003071.7	86.763	831	74	17	1	813	11909721	11908909	0.0	893
NC_003075.7:7230734-7231603	NC_003071.7	86.951	797	78	17	2	775	8172835	8173628	0.0	872
NC_003075.7:7230734-7231603	NC_003071.7	85.902	837	90	18	1	813	10070965	10070133	0.0	867
NC_003075.7:7230734-7231603	NC_003071.7	84.885	913	77	22	1	870	7350653	7351547	0.0	865
NC_003075.7:7230734-7231603	NC_003071.7	81.800	500	50	21	325	799	7094024	7094507	1.42e-104	381
NC_003075.7:7230734-7231603	NC_003071.7	92.079	202	16	0	1	202	6901190	6901391	1.15e-75	285
NC_003075.7:7230734-7231603	NC_003071.7	94.697	132	5	2	543	673	9311328	9311458	3.30e-51	204
NC_003075.7:7230734-7231603	NC_003071.7	89.231	65	6	1	2	65	6207151	6207087	5.80e-14	80.5
NC_003075.7:7230734-7231603	NC_003071.7	87.692	65	8	0	1	65	7340380	7340444	7.50e-13	76.8
NC_003075.7:7230734-7231603	NC_003071.7	88.889	63	6	1	2	63	19623102	19623164	7.50e-13	76.8
NC_003075.7:7230734-7231603	NC_003071.7	86.154	65	8	1	2	65	9433091	9433155	1.26e-10	69.4
NC_003075.7:7230734-7231603	NC_003071.7	86.154	65	8	1	2	65	9860514	9860450	1.26e-10	69.4
NC_003075.7:7230734-7231603	NC_003071.7	85.938	64	8	1	1	63	9229180	9229117	4.52e-10	67.6
NC_003075.7:7230734-7231603	NC_003070.9	93.326	884	38	8	5	870	9418943	9418063	0.0	1286
NC_003075.7:7230734-7231603	NC_003070.9	92.801	889	42	6	2	870	12618638	12619524	0.0	1267
NC_003075.7:7230734-7231603	NC_003070.9	92.688	889	43	6	1	870	20167556	20166671	0.0	1262
NC_003075.7:7230734-7231603	NC_003070.9	92.576	889	41	9	1	870	21127988	21128870	0.0	1253
NC_003075.7:7230734-7231603	NC_003070.9	92.031	891	49	5	1	870	11670246	11669357	0.0	1232
NC_003075.7:7230734-7231603	NC_003070.9	87.739	889	75	15	2	870	8538889	8539763	0.0	1007
NC_003075.7:7230734-7231603	NC_003070.9	87.205	891	76	20	1	870	18301143	18300270	0.0	979
NC_003075.7:7230734-7231603	NC_003070.9	87.079	890	78	19	2	870	9385033	9384160	0.0	972
NC_003075.7:7230734-7231603	NC_003070.9	86.127	901	87	24	2	870	20513679	20514573	0.0	937
NC_003075.7:7230734-7231603	NC_003070.9	85.620	911	81	29	1	870	697375	696474	0.0	911
NC_003075.7:7230734-7231603	NC_003070.9	85.923	888	83	25	1	865	3250606	3251474	0.0	909
NC_003075.7:7230734-7231603	NC_003070.9	85.909	880	82	23	2	868	8623608	8622758	0.0	900
NC_003075.7:7230734-7231603	NC_003070.9	85.859	891	70	13	1	870	21616152	21615297	0.0	896
NC_003075.7:7230734-7231603	NC_003070.9	85.714	847	71	14	2	828	14014231	14013415	0.0	848
NC_003075.7:7230734-7231603	NC_003070.9	86.415	795	70	22	2	775	6514476	6515253	0.0	835
NC_003075.7:7230734-7231603	NC_003070.9	92.096	582	29	10	2	567	3762158	3762738	0.0	804
NC_003075.7:7230734-7231603	NC_003070.9	85.655	718	56	23	2	673	10239320	10240036	0.0	712
NC_003075.7:7230734-7231603	NC_003070.9	91.476	481	21	11	409	870	10579662	10580141	0.0	643
NC_003075.7:7230734-7231603	NC_003070.9	90.795	478	24	12	412	870	20560076	20559600	7.69e-177	621
NC_003075.7:7230734-7231603	NC_003070.9	95.798	238	9	1	1	238	10579423	10579659	3.95e-105	383
NC_003075.7:7230734-7231603	NC_003070.9	93.776	241	13	1	616	854	3762734	3762974	1.85e-98	361
NC_003075.7:7230734-7231603	NC_003070.9	96.535	202	7	0	37	238	20560283	20560082	1.12e-90	335
NC_003075.7:7230734-7231603	NC_003070.9	89.231	65	7	0	1	65	26880720	26880784	1.61e-14	82.4
NC_003075.7:7230734-7231603	NC_003070.9	89.231	65	6	1	2	65	5899755	5899691	5.80e-14	80.5
NC_003075.7:7230734-7231603	NC_003070.9	89.231	65	6	1	1	64	8189960	8190024	5.80e-14	80.5
NC_003075.7:7230734-7231603	NC_003070.9	89.231	65	6	1	2	65	9919332	9919268	5.80e-14	80.5
NC_003075.7:7230734-7231603	NC_003070.9	89.231	65	6	1	2	65	12183991	12183927	5.80e-14	80.5
NC_003075.7:7230734-7231603	NC_003070.9	89.231	65	6	1	2	65	17605550	17605614	5.80e-14	80.5
NC_003075.7:7230734-7231603	NC_003070.9	89.231	65	6	1	2	65	18766618	18766554	5.80e-14	80.5
NC_003075.7:7230734-7231603	NC_003070.9	87.692	65	7	1	2	65	12993595	12993531	2.70e-12	75.0
NC_003075.7:7230734-7231603	NC_003070.9	87.692	65	7	1	2	65	16401003	16400939	2.70e-12	75.0
NC_003075.7:7230734-7231603	NC_003070.9	87.692	65	7	1	2	65	21918434	21918498	2.70e-12	75.0
NC_003075.7:7230734-7231603	NC_003070.9	87.692	65	7	1	2	65	26306960	26307024	2.70e-12	75.0
NC_003075.7:7230734-7231603	NC_003070.9	81.053	95	13	5	2	93	6219140	6219048	3.49e-11	71.3
NC_003075.7:7230734-7231603	NC_003070.9	86.364	66	8	1	1	65	19742139	19742074	3.49e-11	71.3
NC_003075.7:7230734-7231603	NC_003070.9	86.364	66	8	1	1	65	27240718	27240783	3.49e-11	71.3
NC_003075.7:7230734-7231603	NC_003070.9	85.938	64	9	0	2	65	2473307	2473244	1.26e-10	69.4
NC_003075.7:7230734-7231603	NC_003070.9	84.615	65	9	1	2	65	23125693	23125629	5.84e-09	63.9
NC_003075.7:7230734-7231603	NC_003076.8	93.018	888	39	7	2	868	22020973	22021858	0.0	1275
NC_003075.7:7230734-7231603	NC_003076.8	92.905	888	41	13	1	868	7488978	7488093	0.0	1271
NC_003075.7:7230734-7231603	NC_003076.8	93.271	862	38	12	2	845	15536012	15535153	0.0	1253
NC_003075.7:7230734-7231603	NC_003076.8	92.350	902	33	8	2	870	15031812	15030914	0.0	1251
NC_003075.7:7230734-7231603	NC_003076.8	91.339	889	38	14	1	870	15162254	15163122	0.0	1179
NC_003075.7:7230734-7231603	NC_003076.8	88.427	890	74	21	2	868	13733609	13734492	0.0	1046
NC_003075.7:7230734-7231603	NC_003076.8	87.808	894	77	21	2	870	20279500	20278614	0.0	1018
NC_003075.7:7230734-7231603	NC_003076.8	87.302	882	93	16	2	870	8602694	8601819	0.0	990
NC_003075.7:7230734-7231603	NC_003076.8	87.402	889	77	16	2	870	23130214	23129341	0.0	989
NC_003075.7:7230734-7231603	NC_003076.8	87.850	856	80	16	1	837	5648764	5647914	0.0	983
NC_003075.7:7230734-7231603	NC_003076.8	87.205	891	81	12	2	870	14079423	14080302	0.0	983
NC_003075.7:7230734-7231603	NC_003076.8	86.341	820	84	17	13	808	26892545	26893360	0.0	869
NC_003075.7:7230734-7231603	NC_003076.8	86.717	798	79	16	2	775	9866841	9867635	0.0	861
NC_003075.7:7230734-7231603	NC_003076.8	86.241	814	87	16	2	793	17398749	17397939	0.0	859
NC_003075.7:7230734-7231603	NC_003076.8	84.406	917	76	23	1	870	17481150	17482046	0.0	839
NC_003075.7:7230734-7231603	NC_003076.8	86.073	797	73	18	1	775	16372998	16373778	0.0	822
NC_003075.7:7230734-7231603	NC_003076.8	87.775	728	55	12	1	706	9298125	9298840	0.0	821
NC_003075.7:7230734-7231603	NC_003076.8	87.724	725	55	12	2	708	17956548	17955840	0.0	815
NC_003075.7:7230734-7231603	NC_003076.8	84.364	889	76	27	2	870	19912702	19913547	0.0	813
NC_003075.7:7230734-7231603	NC_003076.8	87.340	703	53	10	2	684	26891638	26892324	0.0	773
NC_003075.7:7230734-7231603	NC_003076.8	80.830	892	97	43	1	870	16031388	16030549	3.55e-180	632
NC_003075.7:7230734-7231603	NC_003076.8	85.106	329	34	4	541	869	19408692	19408379	8.73e-87	322
NC_003075.7:7230734-7231603	NC_003076.8	89.333	75	6	2	1	74	19153747	19153674	7.45e-18	93.5
NC_003075.7:7230734-7231603	NC_003076.8	89.394	66	6	1	1	65	14880215	14880280	1.61e-14	82.4
NC_003075.7:7230734-7231603	NC_003076.8	89.394	66	6	1	1	65	16870922	16870987	1.61e-14	82.4
NC_003075.7:7230734-7231603	NC_003076.8	89.062	64	6	1	2	64	8280718	8280781	2.09e-13	78.7
NC_003075.7:7230734-7231603	NC_003076.8	87.879	66	7	1	1	65	13892687	13892622	7.50e-13	76.8
NC_003075.7:7230734-7231603	NC_003076.8	87.692	65	7	1	2	65	15659431	15659367	2.70e-12	75.0
NC_003075.7:7230734-7231603	NC_003076.8	87.692	65	7	1	2	65	20674822	20674758	2.70e-12	75.0
NC_003075.7:7230734-7231603	NC_003076.8	86.364	66	8	1	1	65	7417330	7417395	3.49e-11	71.3
NC_003075.7:7230734-7231603	NC_003076.8	86.154	65	8	1	2	65	9558216	9558152	1.26e-10	69.4
NC_003075.7:7230734-7231603	NC_003076.8	86.154	65	8	1	2	65	14104208	14104144	1.26e-10	69.4
NC_003075.7:7230734-7231603	NC_003076.8	86.154	65	8	1	2	65	24117960	24118024	1.26e-10	69.4
NC_003075.7:7230734-7231603	NC_003076.8	85.714	63	8	1	2	63	7701181	7701119	1.62e-09	65.8
NC_003075.7:7230734-7231603	NC_003076.8	85.714	63	8	1	2	63	16712851	16712913	1.62e-09	65.8
NC_003075.7:7230734-7231603	NC_003076.8	84.615	65	9	1	2	65	6702418	6702354	5.84e-09	63.9
NC_003075.7:6157512-6159514	NC_003075.7	100.000	2003	0	0	1	2003	6157512	6159514	0.0	3699
NC_003075.7:6157512-6159514	NC_003075.7	81.925	935	110	38	366	1273	5111692	5110790	0.0	736
NC_003075.7:6157512-6159514	NC_003075.7	84.973	752	62	19	1268	1996	14978758	14978035	0.0	715
NC_003075.7:6157512-6159514	NC_003075.7	83.938	772	58	20	1265	2001	5280448	5281188	0.0	678
NC_003075.7:6157512-6159514	NC_003075.7	83.683	668	51	31	1265	1909	6274399	6273767	3.95e-163	577
NC_003075.7:6157512-6159514	NC_003075.7	85.801	331	31	4	1313	1641	13537985	13537669	7.30e-91	337
NC_003075.7:6157512-6159514	NC_003075.7	86.159	289	19	12	4	285	6274865	6274591	1.60e-77	292
NC_003075.7:6157512-6159514	NC_003075.7	91.892	111	9	0	8	118	11224159	11224269	2.19e-36	156
NC_003075.7:6157512-6159514	NC_003075.7	90.351	114	10	1	5	118	7348640	7348528	3.67e-34	148
NC_003075.7:6157512-6159514	NC_003075.7	84.375	128	17	3	7	132	18426670	18426544	2.22e-26	122
NC_003075.7:6157512-6159514	NC_003075.7	85.593	118	14	3	3	118	5604455	5604571	8.00e-26	121
NC_003075.7:6157512-6159514	NC_003075.7	95.385	65	3	0	7	71	5280340	5280276	8.06e-21	104
NC_003075.7:6157512-6159514	NC_003075.7	96.364	55	2	0	7	61	6339151	6339205	6.27e-17	91.6
NC_003075.7:6157512-6159514	NC_003075.7	94.444	54	3	0	8	61	9368715	9368768	1.05e-14	84.2
NC_003075.7:6157512-6159514	NC_003075.7	92.727	55	4	0	7	61	9079469	9079415	1.36e-13	80.5
NC_003075.7:6157512-6159514	NC_003075.7	88.525	61	6	1	2	61	6140438	6140498	2.27e-11	73.1
NC_003075.7:6157512-6159514	NC_003075.7	88.889	54	6	0	8	61	15816687	15816634	1.06e-09	67.6
NC_003075.7:6157512-6159514	NC_003071.7	94.027	904	41	7	366	1269	17904369	17905259	0.0	1358
NC_003075.7:6157512-6159514	NC_003071.7	93.154	745	37	6	1265	1999	2058812	2058072	0.0	1081
NC_003075.7:6157512-6159514	NC_003071.7	90.798	739	36	5	357	1095	7177580	7178286	0.0	959
NC_003075.7:6157512-6159514	NC_003071.7	85.151	761	68	19	1265	2002	794904	795642	0.0	737
NC_003075.7:6157512-6159514	NC_003071.7	84.595	753	68	25	1265	2002	716376	715657	0.0	704
NC_003075.7:6157512-6159514	NC_003071.7	84.079	760	74	17	1265	2003	8236691	8237424	0.0	689
NC_003075.7:6157512-6159514	NC_003071.7	84.463	605	59	12	1417	2000	5645996	5646586	3.08e-159	564
NC_003075.7:6157512-6159514	NC_003071.7	94.198	293	10	5	67	358	10682311	10682597	5.41e-122	440
NC_003075.7:6157512-6159514	NC_003071.7	89.011	364	21	11	7	367	2059190	2058843	9.05e-120	433
NC_003075.7:6157512-6159514	NC_003071.7	90.196	255	16	6	1	252	8236254	8236502	5.68e-87	324
NC_003075.7:6157512-6159514	NC_003071.7	89.960	249	13	7	8	252	2139932	2139692	4.42e-83	311
NC_003075.7:6157512-6159514	NC_003071.7	90.749	227	12	6	1262	1484	10683635	10683856	4.46e-78	294
NC_003075.7:6157512-6159514	NC_003071.7	88.496	113	12	1	7	118	6682171	6682283	2.86e-30	135
NC_003075.7:6157512-6159514	NC_003071.7	83.942	137	20	2	6	140	4355714	4355578	1.33e-28	130
NC_003075.7:6157512-6159514	NC_003071.7	89.320	103	11	0	3	105	5836741	5836843	1.33e-28	130
NC_003075.7:6157512-6159514	NC_003071.7	83.704	135	20	2	8	140	721903	722037	1.72e-27	126
NC_003075.7:6157512-6159514	NC_003071.7	88.462	104	12	0	2	105	1948499	1948396	1.72e-27	126
NC_003075.7:6157512-6159514	NC_003071.7	88.776	98	10	1	8	105	4450809	4450905	2.88e-25	119
NC_003075.7:6157512-6159514	NC_003071.7	85.185	108	15	1	8	114	1691163	1691270	1.73e-22	110
NC_003075.7:6157512-6159514	NC_003071.7	81.013	158	12	9	125	279	2140436	2140294	1.73e-22	110
NC_003075.7:6157512-6159514	NC_003071.7	94.643	56	3	0	6	61	6629876	6629821	8.12e-16	87.9
NC_003075.7:6157512-6159514	NC_003071.7	94.545	55	3	0	7	61	1076409	1076355	2.92e-15	86.1
NC_003075.7:6157512-6159514	NC_003071.7	94.444	54	3	0	8	61	2297111	2297164	1.05e-14	84.2
NC_003075.7:6157512-6159514	NC_003071.7	92.857	56	4	0	8	63	1988687	1988742	3.78e-14	82.4
NC_003075.7:6157512-6159514	NC_003071.7	92.857	56	4	0	6	61	3191791	3191736	3.78e-14	82.4
NC_003075.7:6157512-6159514	NC_003071.7	92.857	56	4	0	6	61	6288840	6288785	3.78e-14	82.4
NC_003075.7:6157512-6159514	NC_003070.9	90.642	919	53	15	367	1273	1706439	1705542	0.0	1190
NC_003075.7:6157512-6159514	NC_003070.9	83.778	863	89	36	406	1244	16889618	16890453	0.0	771
NC_003075.7:6157512-6159514	NC_003070.9	84.605	721	64	23	1265	1971	17686078	17685391	0.0	673
NC_003075.7:6157512-6159514	NC_003070.9	85.317	504	39	10	1480	1963	10568812	10569300	1.90e-136	488
NC_003075.7:6157512-6159514	NC_003070.9	85.333	450	34	13	1568	1997	4966581	4967018	7.00e-121	436
NC_003075.7:6157512-6159514	NC_003070.9	86.735	294	19	14	1	289	19054416	19054694	1.59e-82	309
NC_003075.7:6157512-6159514	NC_003070.9	90.816	98	9	0	8	105	1276614	1276517	3.70e-29	132
NC_003075.7:6157512-6159514	NC_003070.9	86.598	97	13	0	9	105	16709990	16710086	6.23e-22	108
NC_003075.7:6157512-6159514	NC_003070.9	87.342	79	9	1	7	84	26551572	26551650	2.26e-16	89.8
NC_003075.7:6157512-6159514	NC_003070.9	94.545	55	3	0	7	61	9862693	9862747	2.92e-15	86.1
NC_003075.7:6157512-6159514	NC_003070.9	86.667	60	5	3	2	60	9138324	9138267	1.37e-08	63.9
NC_003075.7:6157512-6159514	NC_003076.8	92.162	740	41	9	1265	1998	17578856	17579584	0.0	1029
NC_003075.7:6157512-6159514	NC_003076.8	89.702	738	41	19	1265	1998	10269647	10268941	0.0	909
NC_003075.7:6157512-6159514	NC_003076.8	82.759	928	104	39	367	1270	10048056	10048951	0.0	776
NC_003075.7:6157512-6159514	NC_003076.8	84.717	759	68	15	1265	2001	9363052	9363784	0.0	715
NC_003075.7:6157512-6159514	NC_003076.8	84.820	751	58	21	1268	1996	16017225	16016509	0.0	704
NC_003075.7:6157512-6159514	NC_003076.8	84.499	729	63	22	1265	1971	3903533	3904233	0.0	675
NC_003075.7:6157512-6159514	NC_003076.8	91.870	492	27	8	355	844	8281734	8281254	0.0	675
NC_003075.7:6157512-6159514	NC_003076.8	96.407	334	10	2	936	1269	10043408	10043077	8.61e-155	549
NC_003075.7:6157512-6159514	NC_003076.8	94.901	353	11	5	7	358	10271035	10270689	1.11e-153	545
NC_003075.7:6157512-6159514	NC_003076.8	78.509	912	136	43	363	1251	9224219	9223345	4.01e-153	544
NC_003075.7:6157512-6159514	NC_003076.8	91.117	394	29	6	878	1269	4737366	4737755	1.12e-148	529
NC_003075.7:6157512-6159514	NC_003076.8	88.521	453	22	17	393	844	4736940	4737363	1.88e-146	521
NC_003075.7:6157512-6159514	NC_003076.8	90.000	400	29	9	878	1273	8281251	8280859	5.26e-142	507
NC_003075.7:6157512-6159514	NC_003076.8	89.779	362	24	7	7	367	17578476	17578825	2.50e-125	451
NC_003075.7:6157512-6159514	NC_003076.8	83.519	449	47	14	1568	1999	25936334	25935896	4.27e-108	394
NC_003075.7:6157512-6159514	NC_003076.8	90.476	252	14	8	4	252	3903101	3903345	5.68e-87	324
NC_003075.7:6157512-6159514	NC_003076.8	92.593	162	12	0	4	165	9747573	9747734	9.85e-60	233
NC_003075.7:6157512-6159514	NC_003076.8	90.991	111	10	0	8	118	10369950	10370060	1.02e-34	150
NC_003075.7:6157512-6159514	NC_003076.8	85.185	135	17	3	8	140	18554907	18555040	2.86e-30	135
NC_003075.7:6157512-6159514	NC_003076.8	88.073	109	10	3	1	107	9616982	9616875	1.72e-27	126
NC_003075.7:6157512-6159514	NC_003076.8	83.088	136	20	3	7	140	9222036	9222170	8.00e-26	121
NC_003075.7:6157512-6159514	NC_003076.8	84.167	120	19	0	8	127	13520835	13520716	1.04e-24	117
NC_003075.7:6157512-6159514	NC_003076.8	81.102	127	19	4	13	135	13651962	13651837	1.35e-18	97.1
NC_003075.7:6157512-6159514	NC_003076.8	94.444	54	3	0	8	61	13829286	13829233	1.05e-14	84.2
NC_003075.7:6157512-6159514	NC_003076.8	91.525	59	5	0	8	66	11641110	11641052	3.78e-14	82.4
NC_003075.7:6157512-6159514	NC_003076.8	94.340	53	3	0	8	60	22620858	22620910	3.78e-14	82.4
NC_003075.7:6157512-6159514	NC_003076.8	87.500	56	5	2	8	62	17360102	17360048	1.37e-08	63.9
NC_003075.7:6157512-6159514	NC_003074.8	85.411	754	68	19	1265	1996	10066398	10067131	0.0	745
NC_003075.7:6157512-6159514	NC_003074.8	84.901	755	65	24	1272	2002	1283861	1283132	0.0	717
NC_003075.7:6157512-6159514	NC_003074.8	85.221	724	65	14	1265	1966	9664800	9665503	0.0	706
NC_003075.7:6157512-6159514	NC_003074.8	84.359	601	56	12	1423	2003	1602086	1602668	1.85e-156	555
NC_003075.7:6157512-6159514	NC_003074.8	89.655	116	11	1	3	118	12061953	12062067	1.32e-33	147
NC_003075.7:6157512-6159514	NC_003074.8	85.185	135	18	2	8	140	11960295	11960161	7.95e-31	137
NC_003075.7:6157512-6159514	NC_003074.8	89.216	102	11	0	4	105	10997809	10997708	4.78e-28	128
NC_003075.7:6157512-6159514	NC_003074.8	86.239	109	14	1	11	118	15189169	15189277	1.04e-24	117
NC_003075.7:6157512-6159514	NC_003074.8	94.915	59	3	0	3	61	8492135	8492077	1.74e-17	93.5
NC_003075.7:6157512-6159514	NC_003074.8	94.828	58	3	0	4	61	14127405	14127462	6.27e-17	91.6
NC_003075.7:6157512-6159514	NC_003074.8	94.828	58	3	0	4	61	14142994	14143051	6.27e-17	91.6
NC_003075.7:6157512-6159514	NC_003074.8	96.296	54	2	0	8	61	17150761	17150708	2.26e-16	89.8
NC_003075.7:6157512-6159514	NC_003074.8	94.545	55	3	0	7	61	13823339	13823393	2.92e-15	86.1
NC_003075.7:6157512-6159514	NC_003074.8	85.897	78	10	1	8	84	22215960	22215883	3.78e-14	82.4
NC_003075.7:6157512-6159514	NC_003074.8	92.593	54	4	0	8	61	10201567	10201514	4.88e-13	78.7
NC_003075.7:6157512-6159514	NC_003074.8	85.484	62	7	2	7	67	14559079	14559139	1.37e-08	63.9
NC_003075.7:6157512-6159514	NC_003074.8	94.872	39	2	0	2	40	15874743	15874705	4.92e-08	62.1
NC_003075.7:6178442-6179575	NC_003075.7	100.000	1134	0	0	1	1134	6178442	6179575	0.0	2095
NC_003075.7:6178442-6179575	NC_003075.7	94.330	582	32	1	554	1134	7059184	7058603	0.0	891
NC_003075.7:6178442-6179575	NC_003075.7	94.168	583	30	3	554	1134	312782	312202	0.0	885
NC_003075.7:6178442-6179575	NC_003075.7	93.310	583	37	2	554	1134	6280966	6281548	0.0	859
NC_003075.7:6178442-6179575	NC_003075.7	94.245	556	24	7	554	1101	9439952	9440507	0.0	843
NC_003075.7:6178442-6179575	NC_003075.7	93.514	555	26	8	7	556	7060698	7060149	0.0	817
NC_003075.7:6178442-6179575	NC_003075.7	92.029	552	26	5	7	556	314269	313734	0.0	760
NC_003075.7:6178442-6179575	NC_003075.7	92.029	552	27	4	7	556	9438785	9439321	0.0	760
NC_003075.7:6178442-6179575	NC_003075.7	91.803	549	22	11	7	555	6279022	6279547	0.0	743
NC_003075.7:6178442-6179575	NC_003075.7	93.415	410	23	4	147	554	9763576	9763169	1.02e-171	604
NC_003075.7:6178442-6179575	NC_003075.7	93.548	403	25	1	147	548	16864833	16864431	4.72e-170	599
NC_003075.7:6178442-6179575	NC_003075.7	92.718	412	28	2	147	556	1001769	1001358	2.20e-168	593
NC_003075.7:6178442-6179575	NC_003075.7	93.333	405	21	6	148	548	1349824	1350226	2.20e-168	593
NC_003075.7:6178442-6179575	NC_003075.7	93.086	405	24	4	147	548	5541151	5540748	2.84e-167	590
NC_003075.7:6178442-6179575	NC_003075.7	91.505	412	30	3	147	556	2621771	2621363	6.20e-159	562
NC_003075.7:6178442-6179575	NC_003075.7	91.153	373	23	5	763	1134	5355360	5355723	1.77e-139	497
NC_003075.7:6178442-6179575	NC_003075.7	93.814	291	13	4	4	291	5354111	5354399	5.07e-120	433
NC_003075.7:6178442-6179575	NC_003075.7	93.793	290	13	3	7	291	5353748	5354037	1.82e-119	431
NC_003075.7:6178442-6179575	NC_003075.7	89.206	315	25	8	556	867	5355097	5355405	1.44e-105	385
NC_003075.7:6178442-6179575	NC_003075.7	90.769	260	18	6	7	263	8730453	8730197	8.79e-93	342
NC_003075.7:6178442-6179575	NC_003075.7	90.530	264	18	7	3	263	16865074	16864815	8.79e-93	342
NC_003075.7:6178442-6179575	NC_003075.7	90.385	260	19	6	7	263	1002007	1001751	4.09e-91	337
NC_003075.7:6178442-6179575	NC_003075.7	90.385	260	19	6	7	263	9763814	9763558	4.09e-91	337
NC_003075.7:6178442-6179575	NC_003075.7	90.945	254	15	8	4	253	7853537	7853288	1.47e-90	335
NC_003075.7:6178442-6179575	NC_003075.7	90.385	260	18	7	7	263	11360870	11361125	1.47e-90	335
NC_003075.7:6178442-6179575	NC_003075.7	90.000	260	20	6	7	263	5541389	5541133	1.90e-89	331
NC_003075.7:6178442-6179575	NC_003075.7	89.615	260	21	6	7	263	9842608	9842352	8.85e-88	326
NC_003075.7:6178442-6179575	NC_003075.7	88.433	268	21	10	1	263	4146120	4146382	1.92e-84	315
NC_003075.7:6178442-6179575	NC_003075.7	96.970	132	4	0	554	685	6280147	6280278	1.19e-56	222
NC_003075.7:6178442-6179575	NC_003075.7	92.537	134	7	3	7	138	8063577	8063709	1.21e-46	189
NC_003075.7:6178442-6179575	NC_003075.7	91.860	86	3	4	4	86	2520881	2520965	5.80e-25	117
NC_003075.7:6178442-6179575	NC_003075.7	95.312	64	2	1	7	69	372086	372023	5.84e-20	100
NC_003075.7:6178442-6179575	NC_003075.7	84.466	103	9	7	7	105	14390988	14390889	2.72e-18	95.3
NC_003075.7:6178442-6179575	NC_003075.7	93.220	59	3	1	7	64	6166464	6166406	1.64e-15	86.1
NC_003075.7:6178442-6179575	NC_003076.8	95.329	578	25	2	558	1134	19930787	19930211	0.0	917
NC_003075.7:6178442-6179575	NC_003076.8	94.492	581	32	0	554	1134	17956595	17957175	0.0	896
NC_003075.7:6178442-6179575	NC_003076.8	94.118	578	29	3	558	1134	5129065	5128492	0.0	874
NC_003075.7:6178442-6179575	NC_003076.8	93.814	582	33	3	554	1134	7712644	7713223	0.0	872
NC_003075.7:6178442-6179575	NC_003076.8	93.493	584	35	2	554	1134	20399255	20399838	0.0	865
NC_003075.7:6178442-6179575	NC_003076.8	94.918	551	26	2	7	556	14761183	14760634	0.0	861
NC_003075.7:6178442-6179575	NC_003076.8	94.909	550	27	1	7	556	5129834	5129286	0.0	859
NC_003075.7:6178442-6179575	NC_003076.8	94.585	554	29	1	4	556	19931561	19931008	0.0	856
NC_003075.7:6178442-6179575	NC_003076.8	93.127	582	30	2	554	1134	355632	356204	0.0	845
NC_003075.7:6178442-6179575	NC_003076.8	92.784	582	36	2	554	1134	19672266	19672842	0.0	837
NC_003075.7:6178442-6179575	NC_003076.8	92.440	582	43	1	554	1134	8684510	8685091	0.0	830
NC_003075.7:6178442-6179575	NC_003076.8	92.466	584	38	6	554	1134	13983743	13984323	0.0	830
NC_003075.7:6178442-6179575	NC_003076.8	93.141	554	32	6	7	556	7711131	7711682	0.0	808
NC_003075.7:6178442-6179575	NC_003076.8	92.998	557	33	6	3	556	8682976	8683529	0.0	808
NC_003075.7:6178442-6179575	NC_003076.8	92.857	560	29	7	2	557	15342701	15342149	0.0	802
NC_003075.7:6178442-6179575	NC_003076.8	92.072	555	31	9	7	557	13918790	13918245	0.0	769
NC_003075.7:6178442-6179575	NC_003076.8	91.797	512	34	7	4	509	25264508	25265017	0.0	706
NC_003075.7:6178442-6179575	NC_003076.8	89.568	556	31	19	3	556	354137	354667	0.0	680
NC_003075.7:6178442-6179575	NC_003076.8	93.208	427	21	8	136	556	21530313	21530737	1.01e-176	621
NC_003075.7:6178442-6179575	NC_003076.8	93.735	415	23	3	144	556	8765944	8766357	3.63e-176	619
NC_003075.7:6178442-6179575	NC_003076.8	94.103	407	22	2	144	548	18854200	18854606	1.30e-175	617
NC_003075.7:6178442-6179575	NC_003076.8	94.059	404	22	2	147	548	17618447	17618044	6.07e-174	612
NC_003075.7:6178442-6179575	NC_003076.8	94.030	402	21	3	147	546	14082598	14082198	2.82e-172	606
NC_003075.7:6178442-6179575	NC_003076.8	93.237	414	25	3	144	555	17365260	17365672	2.82e-172	606
NC_003075.7:6178442-6179575	NC_003076.8	93.827	405	21	4	147	548	20281747	20281344	2.82e-172	606
NC_003075.7:6178442-6179575	NC_003076.8	93.564	404	23	3	147	548	9964779	9964377	4.72e-170	599
NC_003075.7:6178442-6179575	NC_003076.8	92.806	417	23	6	147	556	19742379	19741963	1.70e-169	597
NC_003075.7:6178442-6179575	NC_003076.8	92.944	411	25	3	147	556	20682169	20681762	6.11e-169	595
NC_003075.7:6178442-6179575	NC_003076.8	92.875	407	26	3	144	548	9590645	9591050	1.02e-166	588
NC_003075.7:6178442-6179575	NC_003076.8	95.342	365	15	2	7	369	3020196	3019832	6.15e-164	579
NC_003075.7:6178442-6179575	NC_003076.8	92.346	405	27	4	147	548	7154201	7153798	2.86e-162	573
NC_003075.7:6178442-6179575	NC_003076.8	93.299	388	20	5	147	532	4781996	4781613	1.33e-160	568
NC_003075.7:6178442-6179575	NC_003076.8	92.079	404	30	2	147	548	9559259	9558856	1.33e-160	568
NC_003075.7:6178442-6179575	NC_003076.8	91.727	411	26	5	149	556	24187673	24187268	1.72e-159	564
NC_003075.7:6178442-6179575	NC_003076.8	91.017	423	24	5	147	556	5429824	5429403	8.02e-158	558
NC_003075.7:6178442-6179575	NC_003076.8	91.505	412	26	4	147	556	14151056	14150652	8.02e-158	558
NC_003075.7:6178442-6179575	NC_003076.8	90.398	427	25	12	144	556	9612816	9613240	1.74e-154	547
NC_003075.7:6178442-6179575	NC_003076.8	93.578	327	17	4	230	556	19670974	19671296	1.38e-135	484
NC_003075.7:6178442-6179575	NC_003076.8	94.118	272	13	3	7	276	17955555	17955825	2.38e-113	411
NC_003075.7:6178442-6179575	NC_003076.8	91.288	264	17	6	3	263	9965021	9964761	1.13e-96	355
NC_003075.7:6178442-6179575	NC_003076.8	91.154	260	17	6	7	263	9590410	9590666	1.89e-94	348
NC_003075.7:6178442-6179575	NC_003076.8	90.530	264	18	7	4	263	7154443	7154183	8.79e-93	342
NC_003075.7:6178442-6179575	NC_003076.8	90.000	260	20	6	7	263	17365025	17365281	1.90e-89	331
NC_003075.7:6178442-6179575	NC_003076.8	90.000	260	20	6	7	263	21530089	21530345	1.90e-89	331
NC_003075.7:6178442-6179575	NC_003076.8	89.394	264	22	6	3	263	14151298	14151038	2.46e-88	327
NC_003075.7:6178442-6179575	NC_003076.8	89.615	260	21	6	7	263	4312436	4312692	8.85e-88	326
NC_003075.7:6178442-6179575	NC_003076.8	89.655	261	20	6	7	263	8746701	8746444	8.85e-88	326
NC_003075.7:6178442-6179575	NC_003076.8	89.139	267	21	8	1	263	15606608	15606346	8.85e-88	326
NC_003075.7:6178442-6179575	NC_003076.8	89.057	265	23	6	2	263	19742622	19742361	3.18e-87	324
NC_003075.7:6178442-6179575	NC_003076.8	89.615	260	20	7	7	263	20281984	20281729	3.18e-87	324
NC_003075.7:6178442-6179575	NC_003076.8	89.231	260	21	7	7	263	14082835	14082580	1.48e-85	318
NC_003075.7:6178442-6179575	NC_003076.8	88.803	259	23	6	8	263	5430061	5429806	6.89e-84	313
NC_003075.7:6178442-6179575	NC_003076.8	89.600	250	18	8	7	253	17796785	17796541	2.48e-83	311
NC_003075.7:6178442-6179575	NC_003076.8	88.889	243	20	7	24	263	17775746	17775984	8.98e-78	292
NC_003075.7:6178442-6179575	NC_003076.8	90.090	222	18	4	22	239	24187899	24187678	1.50e-75	285
NC_003075.7:6178442-6179575	NC_003076.8	86.447	273	18	14	7	263	18853952	18854221	1.94e-74	281
NC_003075.7:6178442-6179575	NC_003076.8	85.818	275	22	8	2	263	9559511	9559241	9.04e-73	276
NC_003075.7:6178442-6179575	NC_003076.8	92.818	181	9	3	8	186	19670802	19670980	9.11e-68	259
NC_003075.7:6178442-6179575	NC_003076.8	85.000	260	19	9	7	263	11025336	11025578	7.09e-64	246
NC_003075.7:6178442-6179575	NC_003076.8	83.206	262	24	16	7	263	9612591	9612837	1.19e-56	222
NC_003075.7:6178442-6179575	NC_003076.8	92.857	112	4	4	1	108	20398211	20398322	9.50e-38	159
NC_003075.7:6178442-6179575	NC_003076.8	97.143	70	2	0	1065	1134	15341283	15341214	1.61e-25	119
NC_003075.7:6178442-6179575	NC_003076.8	92.593	81	5	1	7	86	15043428	15043348	2.09e-24	115
NC_003075.7:6178442-6179575	NC_003076.8	87.255	102	9	4	7	105	5978053	5977953	7.50e-24	113
NC_003075.7:6178442-6179575	NC_003076.8	87.129	101	9	4	8	105	20280646	20280547	2.70e-23	111
NC_003075.7:6178442-6179575	NC_003076.8	89.773	88	6	3	1	86	21777037	21776951	9.70e-23	110
NC_003075.7:6178442-6179575	NC_003076.8	86.408	103	8	6	7	105	9133953	9134053	3.49e-22	108
NC_003075.7:6178442-6179575	NC_003076.8	85.047	107	12	4	2	105	9591742	9591847	1.26e-21	106
NC_003075.7:6178442-6179575	NC_003076.8	87.500	88	9	2	1	86	13982129	13982216	5.84e-20	100
NC_003075.7:6178442-6179575	NC_003071.7	95.329	578	25	2	558	1134	19195986	19195410	0.0	917
NC_003075.7:6178442-6179575	NC_003071.7	94.502	582	30	2	554	1134	12554615	12554035	0.0	896
NC_003075.7:6178442-6179575	NC_003071.7	95.826	551	17	5	7	556	6099530	6100075	0.0	885
NC_003075.7:6178442-6179575	NC_003071.7	94.037	587	25	4	554	1134	5465505	5464923	0.0	881
NC_003075.7:6178442-6179575	NC_003071.7	94.017	585	30	3	554	1134	10467860	10467277	0.0	881
NC_003075.7:6178442-6179575	NC_003071.7	95.644	551	20	2	7	556	12556203	12555656	0.0	881
NC_003075.7:6178442-6179575	NC_003071.7	93.643	582	34	3	554	1134	1459426	1458847	0.0	867
NC_003075.7:6178442-6179575	NC_003071.7	94.928	552	25	3	7	556	1460925	1460375	0.0	861
NC_003075.7:6178442-6179575	NC_003071.7	94.918	551	27	1	7	556	19196757	19196207	0.0	861
NC_003075.7:6178442-6179575	NC_003071.7	92.819	557	25	11	4	556	10469082	10468537	0.0	793
NC_003075.7:6178442-6179575	NC_003071.7	92.935	552	20	6	7	556	5467004	5466470	0.0	785
NC_003075.7:6178442-6179575	NC_003071.7	90.893	582	30	8	554	1134	6102168	6102727	0.0	760
NC_003075.7:6178442-6179575	NC_003071.7	94.658	468	18	7	6	469	11399378	11398914	0.0	719
NC_003075.7:6178442-6179575	NC_003071.7	94.550	422	22	1	554	974	5843059	5842638	0.0	651
NC_003075.7:6178442-6179575	NC_003071.7	93.735	415	23	3	144	556	14334020	14334433	3.63e-176	619
NC_003075.7:6178442-6179575	NC_003071.7	92.995	414	27	2	144	556	13267150	13267562	3.65e-171	603
NC_003075.7:6178442-6179575	NC_003071.7	93.350	406	23	4	147	548	17254995	17254590	1.70e-169	597
NC_003075.7:6178442-6179575	NC_003071.7	92.754	414	26	4	144	555	12801229	12801640	6.11e-169	595
NC_003075.7:6178442-6179575	NC_003071.7	93.052	403	27	1	147	548	11286901	11286499	1.02e-166	588
NC_003075.7:6178442-6179575	NC_003071.7	92.593	405	26	4	147	548	7154498	7154095	6.15e-164	579
NC_003075.7:6178442-6179575	NC_003071.7	92.593	405	27	3	147	548	12094186	12093782	6.15e-164	579
NC_003075.7:6178442-6179575	NC_003071.7	93.600	375	18	5	19	390	5843961	5843590	1.04e-156	555
NC_003075.7:6178442-6179575	NC_003071.7	94.247	365	14	3	7	369	6384054	6383695	1.34e-155	551
NC_003075.7:6178442-6179575	NC_003071.7	92.761	373	25	2	763	1134	6084955	6085326	1.04e-151	538
NC_003075.7:6178442-6179575	NC_003071.7	95.470	287	11	2	7	291	6084090	6084376	3.01e-127	457
NC_003075.7:6178442-6179575	NC_003071.7	89.776	313	22	6	556	867	6084697	6085000	8.60e-108	392
NC_003075.7:6178442-6179575	NC_003071.7	91.154	260	17	6	7	263	13908721	13908465	1.89e-94	348
NC_003075.7:6178442-6179575	NC_003071.7	90.385	260	19	6	7	263	499985	500241	4.09e-91	337
NC_003075.7:6178442-6179575	NC_003071.7	90.385	260	17	8	7	263	13338077	13337823	1.47e-90	335
NC_003075.7:6178442-6179575	NC_003071.7	91.463	246	16	5	7	249	17255233	17254990	5.29e-90	333
NC_003075.7:6178442-6179575	NC_003071.7	90.000	260	20	5	7	263	542308	542564	1.90e-89	331
NC_003075.7:6178442-6179575	NC_003071.7	90.038	261	19	7	7	263	12094425	12094168	1.90e-89	331
NC_003075.7:6178442-6179575	NC_003071.7	89.615	260	21	6	7	263	7154736	7154480	8.85e-88	326
NC_003075.7:6178442-6179575	NC_003071.7	89.098	266	22	7	1	263	6925382	6925121	3.18e-87	324
NC_003075.7:6178442-6179575	NC_003071.7	87.692	260	26	6	7	263	14333785	14334041	1.93e-79	298
NC_003075.7:6178442-6179575	NC_003071.7	88.000	250	24	6	7	253	13266915	13267161	3.23e-77	291
NC_003075.7:6178442-6179575	NC_003071.7	90.654	214	20	0	921	1134	11397698	11397485	1.50e-75	285
NC_003075.7:6178442-6179575	NC_003071.7	92.771	166	9	3	3	166	11287164	11287000	4.27e-61	237
NC_003075.7:6178442-6179575	NC_003071.7	93.750	112	6	1	8	118	6101375	6101264	5.68e-40	167
NC_003075.7:6178442-6179575	NC_003071.7	87.850	107	7	5	3	106	7814694	7814591	4.48e-26	121
NC_003075.7:6178442-6179575	NC_003071.7	89.000	100	4	6	7	104	2962805	2962711	5.80e-25	117
NC_003075.7:6178442-6179575	NC_003071.7	86.239	109	10	5	1	105	3213361	3213254	7.50e-24	113
NC_003075.7:6178442-6179575	NC_003071.7	90.805	87	5	3	3	87	7111780	7111865	7.50e-24	113
NC_003075.7:6178442-6179575	NC_003071.7	85.849	106	11	4	3	105	4024197	4024301	9.70e-23	110
NC_003075.7:6178442-6179575	NC_003071.7	86.275	102	11	3	6	105	3564381	3564481	3.49e-22	108
NC_003075.7:6178442-6179575	NC_003071.7	92.308	78	3	3	7	82	7169524	7169448	3.49e-22	108
NC_003075.7:6178442-6179575	NC_003071.7	85.437	103	11	4	7	106	980617	980516	4.51e-21	104
NC_003075.7:6178442-6179575	NC_003071.7	94.203	69	2	2	32	98	12555280	12555212	4.51e-21	104
NC_003075.7:6178442-6179575	NC_003071.7	88.571	70	1	6	1065	1134	6382806	6382744	2.74e-13	78.7
NC_003075.7:6178442-6179575	NC_003070.9	95.017	582	28	1	554	1134	19172641	19172060	0.0	913
NC_003075.7:6178442-6179575	NC_003070.9	94.983	578	27	2	558	1134	2234396	2233820	0.0	905
NC_003075.7:6178442-6179575	NC_003070.9	96.189	551	19	2	7	556	17552998	17552449	0.0	900
NC_003075.7:6178442-6179575	NC_003070.9	94.502	582	31	1	554	1134	19086262	19086843	0.0	896
NC_003075.7:6178442-6179575	NC_003070.9	94.502	582	29	3	554	1134	8290083	8289504	0.0	894
NC_003075.7:6178442-6179575	NC_003070.9	96.007	551	20	2	7	556	14299842	14299293	0.0	894
NC_003075.7:6178442-6179575	NC_003070.9	94.188	585	30	2	554	1134	17551772	17551188	0.0	889
NC_003075.7:6178442-6179575	NC_003070.9	95.978	547	20	2	10	555	18747045	18746500	0.0	887
NC_003075.7:6178442-6179575	NC_003070.9	95.153	557	26	1	1	556	2235173	2234617	0.0	878
NC_003075.7:6178442-6179575	NC_003070.9	94.326	564	28	4	554	1115	1975653	1975092	0.0	861
NC_003075.7:6178442-6179575	NC_003070.9	94.384	552	29	2	554	1104	18745509	18744959	0.0	846
NC_003075.7:6178442-6179575	NC_003070.9	93.127	582	28	3	554	1134	12854507	12853937	0.0	843
NC_003075.7:6178442-6179575	NC_003070.9	96.063	508	19	1	554	1060	14298243	14297736	0.0	826
NC_003075.7:6178442-6179575	NC_003070.9	93.502	554	30	5	7	557	6735864	6736414	0.0	819
NC_003075.7:6178442-6179575	NC_003070.9	93.141	554	33	4	7	556	1977166	1976614	0.0	808
NC_003075.7:6178442-6179575	NC_003070.9	93.466	551	19	6	7	556	19173802	19173268	0.0	802
NC_003075.7:6178442-6179575	NC_003070.9	93.285	551	22	2	7	556	19085099	19085635	0.0	798
NC_003075.7:6178442-6179575	NC_003070.9	93.774	530	28	5	30	557	29320708	29320182	0.0	791
NC_003075.7:6178442-6179575	NC_003070.9	93.738	527	28	5	34	557	17255	17779	0.0	785
NC_003075.7:6178442-6179575	NC_003070.9	93.371	528	29	6	34	557	3074698	3074173	0.0	776
NC_003075.7:6178442-6179575	NC_003070.9	91.470	551	31	3	7	556	8291571	8291036	0.0	743
NC_003075.7:6178442-6179575	NC_003070.9	90.217	552	28	12	7	556	12855993	12855466	0.0	697
NC_003075.7:6178442-6179575	NC_003070.9	94.568	405	20	2	144	546	11699931	11700335	7.79e-178	625
NC_003075.7:6178442-6179575	NC_003070.9	94.059	404	22	2	147	548	19995496	19995093	6.07e-174	612
NC_003075.7:6178442-6179575	NC_003070.9	93.447	412	24	3	147	556	12563844	12563434	7.85e-173	608
NC_003075.7:6178442-6179575	NC_003070.9	93.827	405	21	4	147	548	12329816	12329413	2.82e-172	606
NC_003075.7:6178442-6179575	NC_003070.9	93.062	418	24	5	147	562	19329028	19328614	2.82e-172	606
NC_003075.7:6178442-6179575	NC_003070.9	93.827	405	21	4	147	548	22993823	22993420	2.82e-172	606
NC_003075.7:6178442-6179575	NC_003070.9	93.812	404	23	2	147	548	30252869	30252466	2.82e-172	606
NC_003075.7:6178442-6179575	NC_003070.9	93.596	406	25	1	144	548	4785682	4786087	1.02e-171	604
NC_003075.7:6178442-6179575	NC_003070.9	92.961	412	25	4	147	556	30255285	30254876	1.70e-169	597
NC_003075.7:6178442-6179575	NC_003070.9	92.771	415	22	5	144	556	16824753	16825161	2.20e-168	593
NC_003075.7:6178442-6179575	NC_003070.9	93.120	407	25	3	144	548	16904014	16904419	2.20e-168	593
NC_003075.7:6178442-6179575	NC_003070.9	92.736	413	25	3	147	556	9867187	9866777	7.90e-168	592
NC_003075.7:6178442-6179575	NC_003070.9	92.875	407	27	2	144	548	9816445	9816851	2.84e-167	590
NC_003075.7:6178442-6179575	NC_003070.9	92.326	417	25	5	144	556	23213901	23214314	3.68e-166	586
NC_003075.7:6178442-6179575	NC_003070.9	92.157	408	27	5	144	548	8115005	8115410	1.03e-161	571
NC_003075.7:6178442-6179575	NC_003070.9	91.274	424	24	7	144	555	16807222	16807644	4.79e-160	566
NC_003075.7:6178442-6179575	NC_003070.9	91.038	424	26	7	144	555	16806377	16806800	6.20e-159	562
NC_003075.7:6178442-6179575	NC_003070.9	90.123	405	26	5	147	548	501137	500744	1.76e-144	514
NC_003075.7:6178442-6179575	NC_003070.9	88.498	426	34	12	149	562	13261968	13261546	1.37e-140	501
NC_003075.7:6178442-6179575	NC_003070.9	94.048	252	12	3	7	256	17009	17259	6.70e-104	379
NC_003075.7:6178442-6179575	NC_003070.9	92.913	254	15	3	5	256	3074946	3074694	5.22e-100	366
NC_003075.7:6178442-6179575	NC_003070.9	91.571	261	16	6	6	263	19995735	19995478	1.13e-96	355
NC_003075.7:6178442-6179575	NC_003070.9	94.690	226	11	1	144	368	15939558	15939783	5.25e-95	350
NC_003075.7:6178442-6179575	NC_003070.9	91.154	260	16	7	7	263	19061965	19062220	6.79e-94	346
NC_003075.7:6178442-6179575	NC_003070.9	90.530	264	18	7	3	263	8114767	8115026	8.79e-93	342
NC_003075.7:6178442-6179575	NC_003070.9	90.769	260	18	6	7	263	12364135	12364391	8.79e-93	342
NC_003075.7:6178442-6179575	NC_003070.9	90.769	260	18	6	7	263	16824518	16824774	8.79e-93	342
NC_003075.7:6178442-6179575	NC_003070.9	90.769	260	18	6	7	263	23213666	23213922	8.79e-93	342
NC_003075.7:6178442-6179575	NC_003070.9	90.769	260	18	6	7	263	30253107	30252851	8.79e-93	342
NC_003075.7:6178442-6179575	NC_003070.9	92.469	239	14	4	4	239	3910604	3910367	1.14e-91	339
NC_003075.7:6178442-6179575	NC_003070.9	90.385	260	19	6	7	263	19466949	19466693	4.09e-91	337
NC_003075.7:6178442-6179575	NC_003070.9	89.811	265	20	7	3	263	11737397	11737136	5.29e-90	333
NC_003075.7:6178442-6179575	NC_003070.9	91.200	250	15	7	7	253	23554439	23554194	5.29e-90	333
NC_003075.7:6178442-6179575	NC_003070.9	91.701	241	17	3	7	244	7035191	7035431	1.90e-89	331
NC_003075.7:6178442-6179575	NC_003070.9	90.000	260	20	6	7	263	9816210	9816466	1.90e-89	331
NC_003075.7:6178442-6179575	NC_003070.9	90.000	260	20	6	7	263	15939323	15939579	1.90e-89	331
NC_003075.7:6178442-6179575	NC_003070.9	90.000	260	20	6	7	263	17899863	17900119	1.90e-89	331
NC_003075.7:6178442-6179575	NC_003070.9	90.000	260	19	7	7	263	12330053	12329798	6.84e-89	329
NC_003075.7:6178442-6179575	NC_003070.9	89.615	260	19	7	7	263	11699698	11699952	3.18e-87	324
NC_003075.7:6178442-6179575	NC_003070.9	89.098	266	22	7	1	263	18790921	18791182	3.18e-87	324
NC_003075.7:6178442-6179575	NC_003070.9	89.231	260	22	6	7	263	13058823	13059079	4.12e-86	320
NC_003075.7:6178442-6179575	NC_003070.9	89.231	260	22	6	7	263	16325444	16325700	4.12e-86	320
NC_003075.7:6178442-6179575	NC_003070.9	89.231	260	22	6	7	263	26171480	26171224	4.12e-86	320
NC_003075.7:6178442-6179575	NC_003070.9	89.272	261	19	8	6	263	501373	501119	1.48e-85	318
NC_003075.7:6178442-6179575	NC_003070.9	89.272	261	19	9	7	263	22994060	22993805	1.48e-85	318
NC_003075.7:6178442-6179575	NC_003070.9	89.189	259	21	7	7	262	25963257	25963003	5.33e-85	316
NC_003075.7:6178442-6179575	NC_003070.9	88.462	260	23	7	7	263	22622305	22622050	3.21e-82	307
NC_003075.7:6178442-6179575	NC_003070.9	88.077	260	24	7	7	263	12564081	12563826	1.49e-80	302
NC_003075.7:6178442-6179575	NC_003070.9	88.417	259	15	6	7	263	9867414	9867169	1.93e-79	298
NC_003075.7:6178442-6179575	NC_003070.9	88.095	252	19	10	7	253	13262203	13261958	1.16e-76	289
NC_003075.7:6178442-6179575	NC_003070.9	87.109	256	21	7	11	263	19329256	19329010	6.99e-74	279
NC_003075.7:6178442-6179575	NC_003070.9	86.434	258	20	8	7	262	8490194	8489950	1.51e-70	268
NC_003075.7:6178442-6179575	NC_003070.9	84.586	266	21	11	1	263	4785455	4785703	7.09e-64	246
NC_003075.7:6178442-6179575	NC_003070.9	83.333	264	17	10	3	263	16903796	16904035	1.55e-55	219
NC_003075.7:6178442-6179575	NC_003070.9	93.617	94	4	2	1042	1134	14296525	14296433	1.24e-31	139
NC_003075.7:6178442-6179575	NC_003070.9	74.656	363	68	13	789	1134	19736229	19736584	1.24e-31	139
NC_003075.7:6178442-6179575	NC_003070.9	98.571	70	1	0	1065	1134	23175136	23175205	3.47e-27	124
NC_003075.7:6178442-6179575	NC_003070.9	95.714	70	3	0	1065	1134	18661	18730	7.50e-24	113
NC_003075.7:6178442-6179575	NC_003070.9	95.714	70	3	0	1065	1134	6737296	6737365	7.50e-24	113
NC_003075.7:6178442-6179575	NC_003070.9	86.792	106	8	5	1	104	18790098	18790199	7.50e-24	113
NC_003075.7:6178442-6179575	NC_003070.9	87.129	101	9	4	8	105	30251767	30251668	2.70e-23	111
NC_003075.7:6178442-6179575	NC_003070.9	86.408	103	8	6	7	105	12876928	12876828	3.49e-22	108
NC_003075.7:6178442-6179575	NC_003070.9	86.139	101	10	4	8	105	22992721	22992622	1.26e-21	106
NC_003075.7:6178442-6179575	NC_003070.9	86.139	101	9	5	8	105	12328714	12328616	4.51e-21	104
NC_003075.7:6178442-6179575	NC_003070.9	91.026	78	6	1	10	86	22621378	22621301	4.51e-21	104
NC_003075.7:6178442-6179575	NC_003070.9	88.636	88	5	5	2	86	3413549	3413634	1.62e-20	102
NC_003075.7:6178442-6179575	NC_003070.9	85.294	102	11	4	7	105	16998955	16998855	1.62e-20	102
NC_003075.7:6178442-6179575	NC_003070.9	86.905	84	8	2	7	87	19724755	19724838	3.52e-17	91.6
NC_003075.7:6178442-6179575	NC_003070.9	97.297	37	1	0	1065	1101	29319300	29319264	7.66e-09	63.9
NC_003075.7:6178442-6179575	NC_003074.8	94.840	562	25	3	554	1114	16881315	16881873	0.0	874
NC_003075.7:6178442-6179575	NC_003074.8	93.664	584	32	5	554	1134	5623543	5624124	0.0	869
NC_003075.7:6178442-6179575	NC_003074.8	93.643	582	36	1	554	1134	20483627	20483046	0.0	869
NC_003075.7:6178442-6179575	NC_003074.8	94.909	550	24	4	10	557	9559680	9559133	0.0	857
NC_003075.7:6178442-6179575	NC_003074.8	94.374	551	24	7	7	555	20485140	20484595	0.0	839
NC_003075.7:6178442-6179575	NC_003074.8	94.171	549	25	7	9	556	5622033	5622575	0.0	830
NC_003075.7:6178442-6179575	NC_003074.8	95.732	492	20	1	66	556	16879865	16880356	0.0	791
NC_003075.7:6178442-6179575	NC_003074.8	93.750	528	27	6	34	557	1371151	1370626	0.0	787
NC_003075.7:6178442-6179575	NC_003074.8	93.548	527	28	6	34	557	2630001	2629478	0.0	780
NC_003075.7:6178442-6179575	NC_003074.8	90.706	581	39	3	554	1134	20486185	20485620	0.0	760
NC_003075.7:6178442-6179575	NC_003074.8	90.175	570	41	9	1	557	3716336	3716903	0.0	728
NC_003075.7:6178442-6179575	NC_003074.8	94.860	428	19	3	7	432	10862401	10862827	0.0	665
NC_003075.7:6178442-6179575	NC_003074.8	94.175	412	21	3	147	556	17063005	17062595	7.79e-178	625
NC_003075.7:6178442-6179575	NC_003074.8	93.857	407	23	2	144	548	11536069	11536475	6.07e-174	612
NC_003075.7:6178442-6179575	NC_003074.8	93.204	412	25	3	147	555	10821208	10820797	3.65e-171	603
NC_003075.7:6178442-6179575	NC_003074.8	93.564	404	22	4	148	548	17301040	17300638	4.72e-170	599
NC_003075.7:6178442-6179575	NC_003074.8	93.103	406	27	1	144	548	16451021	16451426	2.20e-168	593
NC_003075.7:6178442-6179575	NC_003074.8	90.995	422	28	5	144	555	9890241	9890662	2.23e-158	560
NC_003075.7:6178442-6179575	NC_003074.8	90.465	430	23	10	7	433	20487142	20486728	1.34e-155	551
NC_003075.7:6178442-6179575	NC_003074.8	93.298	373	24	1	763	1134	17396351	17395979	4.82e-155	549
NC_003075.7:6178442-6179575	NC_003074.8	95.819	287	9	3	7	291	17397300	17397015	2.33e-128	460
NC_003075.7:6178442-6179575	NC_003074.8	92.744	317	22	1	818	1134	8188933	8189248	3.01e-127	457
NC_003075.7:6178442-6179575	NC_003074.8	94.718	284	14	1	554	836	10863378	10863661	3.03e-122	440
NC_003075.7:6178442-6179575	NC_003074.8	93.238	281	16	3	147	425	7996398	7996119	2.38e-113	411
NC_003075.7:6178442-6179575	NC_003074.8	89.028	319	27	7	554	870	17396615	17396303	1.11e-106	388
NC_003075.7:6178442-6179575	NC_003074.8	90.769	260	18	6	7	263	7996636	7996380	8.79e-93	342
NC_003075.7:6178442-6179575	NC_003074.8	90.385	260	18	7	7	263	17277814	17277559	1.47e-90	335
NC_003075.7:6178442-6179575	NC_003074.8	90.385	260	18	6	7	263	17301278	17301023	1.47e-90	335
NC_003075.7:6178442-6179575	NC_003074.8	89.513	267	22	5	3	263	11200620	11200886	5.29e-90	333
NC_003075.7:6178442-6179575	NC_003074.8	90.000	260	20	6	7	263	15937286	15937542	1.90e-89	331
NC_003075.7:6178442-6179575	NC_003074.8	88.889	261	21	8	7	263	10821446	10821190	1.92e-84	315
NC_003075.7:6178442-6179575	NC_003074.8	88.593	263	23	7	4	263	16561651	16561909	6.89e-84	313
NC_003075.7:6178442-6179575	NC_003074.8	88.417	259	16	8	7	263	11535844	11536090	5.37e-80	300
NC_003075.7:6178442-6179575	NC_003074.8	85.769	260	21	9	7	263	22118613	22118859	2.53e-68	261
NC_003075.7:6178442-6179575	NC_003074.8	85.769	260	17	7	7	263	17144490	17144248	3.27e-67	257
NC_003075.7:6178442-6179575	NC_003074.8	85.000	260	19	7	7	263	17063229	17062987	7.09e-64	246
NC_003075.7:6178442-6179575	NC_003074.8	95.238	147	7	0	834	980	10865705	10865851	5.52e-60	233
NC_003075.7:6178442-6179575	NC_003074.8	95.327	107	4	1	7	112	16879751	16879857	1.58e-40	169
NC_003075.7:6178442-6179575	NC_003074.8	75.499	351	58	10	791	1134	15293234	15293563	7.40e-34	147
NC_003075.7:6178442-6179575	NC_003074.8	88.350	103	6	6	7	105	18018781	18018881	1.61e-25	119
NC_003075.7:6178442-6179575	NC_003074.8	87.037	108	9	5	7	110	9890049	9890155	5.80e-25	117
NC_003075.7:6178442-6179575	NC_003074.8	88.235	102	6	6	8	105	17299939	17299840	5.80e-25	117
NC_003075.7:6178442-6179575	NC_003074.8	86.364	110	9	6	1	105	18412146	18412254	2.09e-24	115
NC_003075.7:6178442-6179575	NC_003074.8	97.015	67	2	0	1068	1134	9558269	9558203	7.50e-24	113
NC_003075.7:6178442-6179575	NC_003074.8	87.879	99	7	4	7	104	13327434	13327528	2.70e-23	111
NC_003075.7:6178442-6179575	NC_003074.8	85.849	106	12	3	2	105	16419140	16419244	9.70e-23	110
NC_003075.7:6178442-6179575	NC_003074.8	96.875	64	1	1	7	69	10557346	10557283	1.26e-21	106
NC_003075.7:6178442-6179575	NC_003074.8	100.000	38	0	0	1065	1102	1369776	1369739	4.58e-11	71.3
NC_003075.7:6168355-6169229	NC_003075.7	100.000	875	0	0	1	875	6169229	6168355	0.0	1616
NC_003075.7:6168355-6169229	NC_003075.7	89.397	896	67	19	1	875	8899077	8899965	0.0	1103
NC_003075.7:6168355-6169229	NC_003075.7	88.588	885	79	18	1	875	1199585	1198713	0.0	1055
NC_003075.7:6168355-6169229	NC_003075.7	90.966	797	52	12	1	779	7384282	7383488	0.0	1055
NC_003075.7:6168355-6169229	NC_003075.7	87.791	901	77	17	1	875	17501313	17502206	0.0	1024
NC_003075.7:6168355-6169229	NC_003075.7	88.719	851	69	21	1	833	8820690	8819849	0.0	1014
NC_003075.7:6168355-6169229	NC_003075.7	87.416	890	76	20	1	875	7230735	7231603	0.0	990
NC_003075.7:6168355-6169229	NC_003075.7	87.775	728	49	19	1	712	1100279	1100982	0.0	815
NC_003075.7:6168355-6169229	NC_003075.7	83.784	888	69	24	1	875	9192543	9193368	0.0	773
NC_003075.7:6168355-6169229	NC_003075.7	85.945	619	52	15	273	875	6243220	6243819	4.62e-179	628
NC_003075.7:6168355-6169229	NC_003075.7	91.429	175	11	4	672	844	823694	823522	3.27e-61	237
NC_003075.7:6168355-6169229	NC_003075.7	83.010	206	12	5	672	875	7034435	7034251	1.57e-39	165
NC_003075.7:6168355-6169229	NC_003075.7	90.625	64	5	1	1	63	7154779	7154842	4.51e-15	84.2
NC_003075.7:6168355-6169229	NC_003075.7	90.625	64	5	1	1	63	7652564	7652627	4.51e-15	84.2
NC_003075.7:6168355-6169229	NC_003075.7	90.625	64	5	1	1	63	7905771	7905834	4.51e-15	84.2
NC_003075.7:6168355-6169229	NC_003075.7	90.323	62	5	1	1	61	12968438	12968377	5.84e-14	80.5
NC_003075.7:6168355-6169229	NC_003075.7	89.062	64	6	1	1	63	2040107	2040170	2.10e-13	78.7
NC_003075.7:6168355-6169229	NC_003075.7	89.062	64	6	1	1	63	6427216	6427153	2.10e-13	78.7
NC_003075.7:6168355-6169229	NC_003075.7	89.062	64	6	1	1	63	12607047	12606984	2.10e-13	78.7
NC_003075.7:6168355-6169229	NC_003075.7	87.302	63	7	1	2	63	14458283	14458221	3.51e-11	71.3
NC_003075.7:6168355-6169229	NC_003070.9	96.921	877	22	5	1	875	9385033	9384160	0.0	1465
NC_003075.7:6168355-6169229	NC_003070.9	96.351	877	26	6	1	875	18301142	18300270	0.0	1437
NC_003075.7:6168355-6169229	NC_003070.9	95.672	878	32	4	1	875	8538889	8539763	0.0	1406
NC_003075.7:6168355-6169229	NC_003070.9	91.000	900	51	18	1	875	20513679	20514573	0.0	1186
NC_003075.7:6168355-6169229	NC_003070.9	90.144	903	59	16	1	875	697374	696474	0.0	1147
NC_003075.7:6168355-6169229	NC_003070.9	89.213	890	69	18	4	875	9418943	9418063	0.0	1086
NC_003075.7:6168355-6169229	NC_003070.9	89.588	874	58	16	13	870	3250618	3251474	0.0	1079
NC_003075.7:6168355-6169229	NC_003070.9	89.013	892	68	21	4	875	20167552	20166671	0.0	1077
NC_003075.7:6168355-6169229	NC_003070.9	88.591	894	76	18	1	875	12618638	12619524	0.0	1062
NC_003075.7:6168355-6169229	NC_003070.9	88.466	893	74	20	1	875	21127989	21128870	0.0	1051
NC_003075.7:6168355-6169229	NC_003070.9	87.892	892	76	20	1	875	5437788	5436912	0.0	1020
NC_003075.7:6168355-6169229	NC_003070.9	90.800	750	49	15	1	734	6514476	6515221	0.0	985
NC_003075.7:6168355-6169229	NC_003070.9	86.534	906	62	28	1	875	10239320	10240196	0.0	942
NC_003075.7:6168355-6169229	NC_003070.9	86.454	908	62	19	1	875	29775140	29774261	0.0	939
NC_003075.7:6168355-6169229	NC_003070.9	86.195	891	71	15	1	875	21616151	21615297	0.0	917
NC_003075.7:6168355-6169229	NC_003070.9	85.955	890	69	21	1	873	8623608	8622758	0.0	900
NC_003075.7:6168355-6169229	NC_003070.9	86.235	850	68	20	1	834	14014231	14013415	0.0	876
NC_003075.7:6168355-6169229	NC_003070.9	89.438	587	53	7	1	584	3762158	3762738	0.0	732
NC_003075.7:6168355-6169229	NC_003070.9	86.920	474	45	11	417	875	10579670	10580141	3.75e-145	516
NC_003075.7:6168355-6169229	NC_003070.9	91.983	237	18	1	1	237	10579424	10579659	1.46e-89	331
NC_003075.7:6168355-6169229	NC_003070.9	91.220	205	16	2	672	875	12097814	12098017	1.93e-73	278
NC_003075.7:6168355-6169229	NC_003070.9	89.320	206	18	4	673	875	21739280	21739076	9.03e-67	255
NC_003075.7:6168355-6169229	NC_003070.9	83.260	227	15	10	652	875	22192346	22192552	3.34e-46	187
NC_003075.7:6168355-6169229	NC_003070.9	86.364	176	17	6	704	875	11174636	11174808	1.20e-45	185
NC_003075.7:6168355-6169229	NC_003070.9	92.188	64	4	1	1	63	9919332	9919269	9.70e-17	89.8
NC_003075.7:6168355-6169229	NC_003070.9	90.625	64	5	1	1	63	5899755	5899692	4.51e-15	84.2
NC_003075.7:6168355-6169229	NC_003070.9	90.625	64	5	1	1	63	8189961	8190024	4.51e-15	84.2
NC_003075.7:6168355-6169229	NC_003070.9	90.625	64	5	1	1	63	12183991	12183928	4.51e-15	84.2
NC_003075.7:6168355-6169229	NC_003070.9	90.625	64	5	1	1	63	17605550	17605613	4.51e-15	84.2
NC_003075.7:6168355-6169229	NC_003070.9	90.625	64	5	1	1	63	18766618	18766555	4.51e-15	84.2
NC_003075.7:6168355-6169229	NC_003070.9	90.476	63	6	0	1	63	26880721	26880783	4.51e-15	84.2
NC_003075.7:6168355-6169229	NC_003070.9	89.062	64	6	1	1	63	6219140	6219077	2.10e-13	78.7
NC_003075.7:6168355-6169229	NC_003070.9	89.062	64	6	1	1	63	12993595	12993532	2.10e-13	78.7
NC_003075.7:6168355-6169229	NC_003070.9	89.062	64	6	1	1	63	16401003	16400940	2.10e-13	78.7
NC_003075.7:6168355-6169229	NC_003070.9	89.062	64	6	1	1	63	21918434	21918497	2.10e-13	78.7
NC_003075.7:6168355-6169229	NC_003070.9	89.062	64	6	1	1	63	23125693	23125630	2.10e-13	78.7
NC_003075.7:6168355-6169229	NC_003070.9	89.062	64	6	1	1	63	26306960	26307023	2.10e-13	78.7
NC_003075.7:6168355-6169229	NC_003070.9	89.062	64	6	1	1	63	27240719	27240782	2.10e-13	78.7
NC_003075.7:6168355-6169229	NC_003070.9	88.710	62	6	1	1	61	19742138	19742077	2.71e-12	75.0
NC_003075.7:6168355-6169229	NC_003070.9	87.302	63	8	0	1	63	2473307	2473245	9.76e-12	73.1
NC_003075.7:6168355-6169229	NC_003070.9	81.928	83	13	2	7	88	11522942	11522861	1.26e-10	69.4
NC_003075.7:6168355-6169229	NC_003071.7	96.241	878	23	6	2	875	2320063	2320934	0.0	1430
NC_003075.7:6168355-6169229	NC_003071.7	94.545	880	28	13	1	875	1038913	1038049	0.0	1341
NC_003075.7:6168355-6169229	NC_003071.7	94.618	799	32	8	1	795	11909720	11908929	0.0	1227
NC_003075.7:6168355-6169229	NC_003071.7	89.663	890	48	24	1	875	10997043	10996183	0.0	1094
NC_003075.7:6168355-6169229	NC_003071.7	89.474	893	45	28	1	875	1384414	1383553	0.0	1083
NC_003075.7:6168355-6169229	NC_003071.7	91.332	796	48	13	1	777	9029807	9030600	0.0	1068
NC_003075.7:6168355-6169229	NC_003071.7	91.080	796	52	11	1	779	8172835	8173628	0.0	1059
NC_003075.7:6168355-6169229	NC_003071.7	88.453	892	79	16	1	875	3198502	3197618	0.0	1055
NC_003075.7:6168355-6169229	NC_003071.7	90.943	795	54	10	1	779	10070964	10070172	0.0	1053
NC_003075.7:6168355-6169229	NC_003071.7	88.367	894	78	18	1	875	1322856	1321970	0.0	1051
NC_003075.7:6168355-6169229	NC_003071.7	87.794	893	63	16	1	875	1348076	1347212	0.0	1003
NC_003075.7:6168355-6169229	NC_003071.7	91.409	745	45	13	7	734	7177587	7176845	0.0	1003
NC_003075.7:6168355-6169229	NC_003071.7	87.767	842	83	17	24	856	9455339	9456169	0.0	966
NC_003075.7:6168355-6169229	NC_003071.7	86.644	891	65	23	1	875	14571894	14572746	0.0	937
NC_003075.7:6168355-6169229	NC_003071.7	85.636	912	76	33	1	875	7350654	7351547	0.0	907
NC_003075.7:6168355-6169229	NC_003071.7	83.796	432	30	22	453	875	9311218	9311618	2.39e-102	374
NC_003075.7:6168355-6169229	NC_003071.7	93.035	201	14	0	1	201	6901191	6901391	1.91e-78	294
NC_003075.7:6168355-6169229	NC_003071.7	88.889	207	18	5	672	875	12557000	12557204	4.20e-65	250
NC_003075.7:6168355-6169229	NC_003071.7	85.065	154	16	2	723	875	9228784	9228637	4.39e-35	150
NC_003075.7:6168355-6169229	NC_003071.7	85.496	131	14	5	747	875	6923418	6923291	1.59e-29	132
NC_003075.7:6168355-6169229	NC_003071.7	93.750	64	3	1	1	63	6207151	6207088	2.08e-18	95.3
NC_003075.7:6168355-6169229	NC_003071.7	89.189	74	7	1	1	73	1618253	1618180	2.70e-17	91.6
NC_003075.7:6168355-6169229	NC_003071.7	92.063	63	4	1	1	62	19623102	19623164	3.49e-16	87.9
NC_003075.7:6168355-6169229	NC_003071.7	88.889	63	7	0	1	63	7340381	7340443	2.10e-13	78.7
NC_003075.7:6168355-6169229	NC_003071.7	89.062	64	6	1	1	63	9433091	9433154	2.10e-13	78.7
NC_003075.7:6168355-6169229	NC_003071.7	87.500	64	7	1	1	63	9860514	9860451	9.76e-12	73.1
NC_003075.7:6168355-6169229	NC_003071.7	87.302	63	7	1	1	62	9229179	9229117	3.51e-11	71.3
NC_003075.7:6168355-6169229	NC_003074.8	96.237	877	20	6	1	875	20770464	20769599	0.0	1424
NC_003075.7:6168355-6169229	NC_003074.8	89.675	891	71	13	1	875	6941484	6940599	0.0	1116
NC_003075.7:6168355-6169229	NC_003074.8	89.462	892	70	16	1	875	10900762	10901646	0.0	1105
NC_003075.7:6168355-6169229	NC_003074.8	91.572	795	48	11	1	779	8596967	8596176	0.0	1079
NC_003075.7:6168355-6169229	NC_003074.8	89.001	891	66	21	1	873	5591637	5590761	0.0	1074
NC_003075.7:6168355-6169229	NC_003074.8	89.607	866	58	20	1	844	16535294	16534439	0.0	1072
NC_003075.7:6168355-6169229	NC_003074.8	88.591	894	77	21	1	875	16677616	16678503	0.0	1062
NC_003075.7:6168355-6169229	NC_003074.8	88.427	890	76	18	3	873	18496030	18495149	0.0	1048
NC_003075.7:6168355-6169229	NC_003074.8	90.578	796	55	11	1	779	4467613	4468405	0.0	1037
NC_003075.7:6168355-6169229	NC_003074.8	88.786	865	61	18	20	866	8328648	8329494	0.0	1027
NC_003075.7:6168355-6169229	NC_003074.8	86.750	883	92	21	1	873	16902332	16903199	0.0	959
NC_003075.7:6168355-6169229	NC_003074.8	89.943	696	50	11	179	857	18171653	18170961	0.0	880
NC_003075.7:6168355-6169229	NC_003074.8	83.644	697	57	32	194	875	11589291	11588637	2.80e-171	603
NC_003075.7:6168355-6169229	NC_003074.8	85.214	514	37	21	384	874	17210070	17209573	6.32e-138	492
NC_003075.7:6168355-6169229	NC_003074.8	91.542	201	14	1	1	201	19529023	19529220	2.49e-72	274
NC_003075.7:6168355-6169229	NC_003074.8	88.293	205	22	2	672	875	16485511	16485308	1.96e-63	244
NC_003075.7:6168355-6169229	NC_003074.8	85.217	230	22	6	653	875	16234884	16234660	7.08e-58	226
NC_003075.7:6168355-6169229	NC_003074.8	83.010	206	12	9	672	875	4585113	4585297	1.57e-39	165
NC_003075.7:6168355-6169229	NC_003074.8	90.411	73	7	0	1	73	19537816	19537744	5.79e-19	97.1
NC_003075.7:6168355-6169229	NC_003074.8	85.870	92	9	4	1	90	16224234	16224323	2.08e-18	95.3
NC_003075.7:6168355-6169229	NC_003074.8	92.188	64	4	1	1	63	7659521	7659458	9.70e-17	89.8
NC_003075.7:6168355-6169229	NC_003074.8	84.783	92	10	4	1	90	16042283	16042194	9.70e-17	89.8
NC_003075.7:6168355-6169229	NC_003074.8	84.783	92	10	4	1	90	16062887	16062798	9.70e-17	89.8
NC_003075.7:6168355-6169229	NC_003074.8	90.476	63	6	0	1	63	7766062	7766124	4.51e-15	84.2
NC_003075.7:6168355-6169229	NC_003074.8	90.625	64	5	1	1	63	19739757	19739820	4.51e-15	84.2
NC_003075.7:6168355-6169229	NC_003074.8	90.476	63	5	1	2	63	16235708	16235646	1.62e-14	82.4
NC_003075.7:6168355-6169229	NC_003074.8	89.062	64	6	1	1	63	10082828	10082765	2.10e-13	78.7
NC_003075.7:6168355-6169229	NC_003074.8	89.062	64	6	1	1	63	15918691	15918628	2.10e-13	78.7
NC_003075.7:6168355-6169229	NC_003074.8	100.000	29	0	0	1	29	9540459	9540487	3.54e-06	54.7
NC_003075.7:6168355-6169229	NC_003074.8	100.000	29	0	0	1	29	18172792	18172764	3.54e-06	54.7
NC_003075.7:6168355-6169229	NC_003076.8	95.216	878	35	4	1	875	23130214	23129341	0.0	1382
NC_003075.7:6168355-6169229	NC_003076.8	89.863	878	47	25	1	875	16031387	16030549	0.0	1090
NC_003075.7:6168355-6169229	NC_003076.8	89.138	893	68	18	1	873	13733609	13734492	0.0	1085
NC_003075.7:6168355-6169229	NC_003076.8	89.013	892	76	13	1	875	20279500	20278614	0.0	1085
NC_003075.7:6168355-6169229	NC_003076.8	89.126	892	64	17	1	875	8602694	8601819	0.0	1079
NC_003075.7:6168355-6169229	NC_003076.8	88.901	892	73	18	1	873	7488977	7488093	0.0	1075
NC_003075.7:6168355-6169229	NC_003076.8	89.183	869	70	16	1	852	15536012	15535151	0.0	1062
NC_003075.7:6168355-6169229	NC_003076.8	91.338	785	49	11	12	779	26892545	26893327	0.0	1055
NC_003075.7:6168355-6169229	NC_003076.8	88.229	892	80	17	1	873	22020973	22021858	0.0	1042
NC_003075.7:6168355-6169229	NC_003076.8	88.079	906	70	18	1	875	15031812	15030914	0.0	1040
NC_003075.7:6168355-6169229	NC_003076.8	90.704	796	53	13	1	779	17398749	17397958	0.0	1040
NC_003075.7:6168355-6169229	NC_003076.8	88.117	892	77	15	1	875	14079423	14080302	0.0	1033
NC_003075.7:6168355-6169229	NC_003076.8	90.339	797	57	12	1	779	9866841	9867635	0.0	1027
NC_003075.7:6168355-6169229	NC_003076.8	90.189	795	47	16	1	779	16372999	16373778	0.0	1007
NC_003075.7:6168355-6169229	NC_003076.8	89.460	797	51	16	1	779	24313641	24314422	0.0	976
NC_003075.7:6168355-6169229	NC_003076.8	87.108	892	74	30	1	875	15162255	15163122	0.0	972
NC_003075.7:6168355-6169229	NC_003076.8	88.736	728	53	15	1	712	9298126	9298840	0.0	863
NC_003075.7:6168355-6169229	NC_003076.8	84.753	892	73	20	1	875	19912702	19913547	0.0	835
NC_003075.7:6168355-6169229	NC_003076.8	89.312	683	49	15	1	678	26891638	26892301	0.0	835
NC_003075.7:6168355-6169229	NC_003076.8	89.003	682	53	10	1	678	17956548	17955885	0.0	824
NC_003075.7:6168355-6169229	NC_003076.8	88.856	682	51	12	1	678	17481151	17481811	0.0	815
NC_003075.7:6168355-6169229	NC_003076.8	83.109	521	48	19	384	874	19408889	19408379	8.36e-122	438
NC_003075.7:6168355-6169229	NC_003076.8	83.010	206	12	5	672	875	7700822	7700638	1.57e-39	165
NC_003075.7:6168355-6169229	NC_003076.8	91.781	73	6	0	1	73	19153746	19153674	1.25e-20	102
NC_003075.7:6168355-6169229	NC_003076.8	88.750	80	7	2	672	750	13678795	13678717	5.79e-19	97.1
NC_003075.7:6168355-6169229	NC_003076.8	92.188	64	4	1	1	63	8280718	8280781	9.70e-17	89.8
NC_003075.7:6168355-6169229	NC_003076.8	90.625	64	5	1	1	63	14880216	14880279	4.51e-15	84.2
NC_003075.7:6168355-6169229	NC_003076.8	90.625	64	5	1	1	63	15659431	15659368	4.51e-15	84.2
NC_003075.7:6168355-6169229	NC_003076.8	90.625	64	5	1	1	63	20674822	20674759	4.51e-15	84.2
NC_003075.7:6168355-6169229	NC_003076.8	89.062	64	6	1	1	63	7417331	7417394	2.10e-13	78.7
NC_003075.7:6168355-6169229	NC_003076.8	89.062	64	6	1	1	63	9558216	9558153	2.10e-13	78.7
NC_003075.7:6168355-6169229	NC_003076.8	89.062	64	6	1	1	63	13892686	13892623	2.10e-13	78.7
NC_003075.7:6168355-6169229	NC_003076.8	89.062	64	6	1	1	63	16870923	16870986	2.10e-13	78.7
NC_003075.7:6168355-6169229	NC_003076.8	89.062	64	6	1	1	63	24117960	24118023	2.10e-13	78.7
NC_003075.7:6168355-6169229	NC_003076.8	87.500	64	7	1	1	63	14104208	14104145	9.76e-12	73.1
NC_003075.7:6168355-6169229	NC_003076.8	87.302	63	7	1	1	62	7701181	7701119	3.51e-11	71.3
NC_003075.7:6168355-6169229	NC_003076.8	87.302	63	7	1	1	62	16712851	16712913	3.51e-11	71.3
NC_003075.7:6168355-6169229	NC_003076.8	85.938	64	8	1	1	63	6702418	6702355	4.54e-10	67.6
NC_003075.7:6140446-6140963	NC_003075.7	100.000	518	0	0	1	518	6140446	6140963	0.0	957
NC_003075.7:6140446-6140963	NC_003075.7	96.484	512	16	2	1	512	9079467	9078958	0.0	845
NC_003075.7:6140446-6140963	NC_003075.7	88.020	409	29	3	124	513	6506030	6505623	2.22e-130	466
NC_003075.7:6140446-6140963	NC_003075.7	88.071	394	40	7	122	512	6173248	6172859	1.03e-128	460
NC_003075.7:6140446-6140963	NC_003075.7	87.469	399	30	3	122	501	8836910	8836513	3.74e-123	442
NC_003075.7:6140446-6140963	NC_003075.7	92.308	130	10	0	1	130	6506268	6506139	6.97e-46	185
NC_003075.7:6140446-6140963	NC_003075.7	91.603	131	10	1	1	130	8837146	8837016	3.24e-44	180
NC_003075.7:6140446-6140963	NC_003075.7	92.742	124	9	0	1	124	9368716	9368839	3.24e-44	180
NC_003075.7:6140446-6140963	NC_003075.7	91.935	124	10	0	1	124	6339153	6339276	1.51e-42	174
NC_003075.7:6140446-6140963	NC_003075.7	89.231	130	14	0	1	130	15816686	15816557	3.26e-39	163
NC_003075.7:6140446-6140963	NC_003075.7	90.826	109	10	0	1	109	7838348	7838456	3.29e-34	147
NC_003075.7:6140446-6140963	NC_003075.7	93.846	65	4	0	60	124	2521893	2521829	9.34e-20	99.0
NC_003075.7:6140446-6140963	NC_003075.7	94.340	53	3	0	1	53	5280338	5280286	9.40e-15	82.4
NC_003075.7:6140446-6140963	NC_003075.7	92.453	53	4	0	1	53	18426668	18426616	4.37e-13	76.8
NC_003075.7:6140446-6140963	NC_003075.7	90.566	53	5	0	1	53	5604460	5604512	2.04e-11	71.3
NC_003075.7:6140446-6140963	NC_003075.7	90.566	53	5	0	1	53	6157520	6157572	2.04e-11	71.3
NC_003075.7:6140446-6140963	NC_003075.7	90.909	55	1	3	1	53	11224160	11224212	2.04e-11	71.3
NC_003075.7:6140446-6140963	NC_003076.8	90.814	381	32	3	122	499	15791352	15791732	1.31e-142	507
NC_003075.7:6140446-6140963	NC_003076.8	91.586	309	25	1	193	501	14956380	14956073	3.77e-118	425
NC_003075.7:6140446-6140963	NC_003076.8	85.222	406	29	9	124	501	13829035	13828633	4.95e-107	388
NC_003075.7:6140446-6140963	NC_003076.8	93.846	130	8	0	1	130	13829285	13829156	3.22e-49	196
NC_003075.7:6140446-6140963	NC_003076.8	92.562	121	9	0	1	121	12547099	12547219	1.51e-42	174
NC_003075.7:6140446-6140963	NC_003076.8	91.129	124	11	0	1	124	22620859	22620982	7.02e-41	169
NC_003075.7:6140446-6140963	NC_003076.8	94.340	53	3	0	1	53	9616972	9616920	9.40e-15	82.4
NC_003075.7:6140446-6140963	NC_003076.8	94.340	53	3	0	1	53	10271033	10270981	9.40e-15	82.4
NC_003075.7:6140446-6140963	NC_003076.8	94.231	52	3	0	1	52	11641109	11641058	3.38e-14	80.5
NC_003075.7:6140446-6140963	NC_003076.8	92.453	53	4	0	1	53	10369951	10370003	4.37e-13	76.8
NC_003075.7:6140446-6140963	NC_003076.8	92.453	53	4	0	1	53	18554908	18554960	4.37e-13	76.8
NC_003075.7:6140446-6140963	NC_003076.8	90.909	55	1	3	1	53	3903106	3903158	2.04e-11	71.3
NC_003075.7:6140446-6140963	NC_003076.8	88.889	54	4	2	1	53	17360101	17360049	9.47e-10	65.8
NC_003075.7:6140446-6140963	NC_003071.7	88.250	400	40	7	119	515	3191559	3191164	4.78e-132	472
NC_003075.7:6140446-6140963	NC_003071.7	86.783	401	30	4	124	501	2297361	2297761	3.77e-118	425
NC_003075.7:6140446-6140963	NC_003071.7	85.294	408	31	12	124	505	2240980	2240576	1.06e-108	394
NC_003075.7:6140446-6140963	NC_003071.7	91.349	289	23	2	122	409	10255815	10255528	1.06e-108	394
NC_003075.7:6140446-6140963	NC_003071.7	85.500	400	30	11	125	501	3598336	3598730	3.82e-108	392
NC_003075.7:6140446-6140963	NC_003071.7	83.777	413	35	13	124	510	4472065	4472471	3.00e-99	363
NC_003075.7:6140446-6140963	NC_003071.7	83.226	310	28	7	124	411	2961514	2961821	3.13e-69	263
NC_003075.7:6140446-6140963	NC_003071.7	95.041	121	6	0	1	121	2297112	2297232	1.50e-47	191
NC_003075.7:6140446-6140963	NC_003071.7	93.701	127	7	1	4	130	8078202	8078077	5.39e-47	189
NC_003075.7:6140446-6140963	NC_003071.7	92.308	130	10	0	1	130	1076407	1076278	6.97e-46	185
NC_003075.7:6140446-6140963	NC_003071.7	92.913	127	9	0	4	130	2241228	2241102	6.97e-46	185
NC_003075.7:6140446-6140963	NC_003071.7	91.729	133	8	3	1	130	10256047	10255915	9.01e-45	182
NC_003075.7:6140446-6140963	NC_003071.7	91.538	130	11	0	1	130	6288837	6288708	3.24e-44	180
NC_003075.7:6140446-6140963	NC_003071.7	92.683	123	9	0	1	123	3191788	3191666	1.17e-43	178
NC_003075.7:6140446-6140963	NC_003071.7	91.129	124	11	0	1	124	3598087	3598210	7.02e-41	169
NC_003075.7:6140446-6140963	NC_003071.7	90.000	130	13	0	1	130	8302942	8302813	7.02e-41	169
NC_003075.7:6140446-6140963	NC_003071.7	89.231	130	14	0	1	130	6629873	6629744	3.26e-39	163
NC_003075.7:6140446-6140963	NC_003071.7	88.976	127	14	0	4	130	1281519	1281393	1.52e-37	158
NC_003075.7:6140446-6140963	NC_003071.7	94.340	53	3	0	1	53	1988688	1988740	9.40e-15	82.4
NC_003075.7:6140446-6140963	NC_003071.7	92.453	53	4	0	1	53	721904	721956	4.37e-13	76.8
NC_003075.7:6140446-6140963	NC_003071.7	92.453	53	4	0	1	53	2139931	2139879	4.37e-13	76.8
NC_003075.7:6140446-6140963	NC_003071.7	92.453	53	4	0	1	53	8236262	8236314	4.37e-13	76.8
NC_003075.7:6140446-6140963	NC_003070.9	90.520	327	28	3	194	518	13624239	13623914	2.91e-119	429
NC_003075.7:6140446-6140963	NC_003070.9	86.250	400	33	3	124	501	22828874	22829273	8.16e-115	414
NC_003075.7:6140446-6140963	NC_003070.9	85.122	410	37	5	124	510	11988012	11988420	8.22e-110	398
NC_003075.7:6140446-6140963	NC_003070.9	85.642	397	33	4	124	501	26551807	26552198	2.96e-109	396
NC_003075.7:6140446-6140963	NC_003070.9	91.573	178	13	2	328	504	13346864	13346688	1.13e-63	244
NC_003075.7:6140446-6140963	NC_003070.9	94.355	124	7	0	7	130	16477700	16477823	1.50e-47	191
NC_003075.7:6140446-6140963	NC_003070.9	91.935	124	10	0	1	124	22828617	22828740	1.51e-42	174
NC_003075.7:6140446-6140963	NC_003070.9	90.000	130	13	0	1	130	3343053	3342924	7.02e-41	169
NC_003075.7:6140446-6140963	NC_003070.9	91.736	121	10	0	1	121	10597667	10597787	7.02e-41	169
NC_003075.7:6140446-6140963	NC_003070.9	90.000	130	13	0	1	130	13624552	13624423	7.02e-41	169
NC_003075.7:6140446-6140963	NC_003070.9	90.551	127	12	0	4	130	18633793	18633667	7.02e-41	169
NC_003075.7:6140446-6140963	NC_003070.9	90.323	124	11	1	1	124	9862695	9862817	1.17e-38	161
NC_003075.7:6140446-6140963	NC_003070.9	87.692	130	16	0	1	130	21428755	21428626	7.07e-36	152
NC_003075.7:6140446-6140963	NC_003070.9	89.516	124	8	2	1	124	26551574	26551692	7.07e-36	152
NC_003075.7:6140446-6140963	NC_003070.9	90.566	53	5	0	1	53	19054422	19054474	2.04e-11	71.3
NC_003075.7:6140446-6140963	NC_003070.9	88.679	53	4	2	1	52	9138318	9138267	3.41e-09	63.9
NC_003075.7:6140446-6140963	NC_003074.8	84.487	419	36	15	123	513	10049318	10048901	1.78e-106	387
NC_003075.7:6140446-6140963	NC_003074.8	84.887	397	40	3	124	501	22215721	22215326	2.30e-105	383
NC_003075.7:6140446-6140963	NC_003074.8	94.615	130	7	0	1	130	22215959	22215830	6.92e-51	202
NC_003075.7:6140446-6140963	NC_003074.8	95.161	124	6	0	1	124	14127410	14127533	3.22e-49	196
NC_003075.7:6140446-6140963	NC_003074.8	95.161	124	6	0	1	124	14142999	14143122	3.22e-49	196
NC_003075.7:6140446-6140963	NC_003074.8	92.742	124	9	0	1	124	13823341	13823464	3.24e-44	180
NC_003075.7:6140446-6140963	NC_003074.8	93.220	118	8	0	7	124	15188376	15188493	1.51e-42	174
NC_003075.7:6140446-6140963	NC_003074.8	90.152	132	9	3	1	130	17150760	17150631	7.02e-41	169
NC_003075.7:6140446-6140963	NC_003074.8	88.462	130	15	0	1	130	8492129	8492000	1.52e-37	158
NC_003075.7:6140446-6140963	NC_003074.8	88.462	130	15	0	1	130	11167393	11167264	1.52e-37	158
NC_003075.7:6140446-6140963	NC_003074.8	87.368	95	7	4	1	93	10201566	10201475	2.01e-21	104
NC_003075.7:6140446-6140963	NC_003074.8	92.593	54	3	1	57	109	15188374	15188321	4.37e-13	76.8
NC_003075.7:6140446-6140963	NC_003074.8	92.000	50	4	0	1	50	12061958	12062007	2.04e-11	71.3
NC_003075.7:6140446-6140963	NC_003074.8	88.889	54	4	2	1	53	14559081	14559133	9.47e-10	65.8
NC_003075.7:6140446-6140963	NC_003074.8	88.679	53	4	2	1	52	15874736	15874685	3.41e-09	63.9
NC_003075.7:7346926-7348638	NC_003075.7	100.000	1713	0	0	1	1713	7348638	7346926	0.0	3164
NC_003075.7:7346926-7348638	NC_003075.7	98.541	1714	21	3	2	1713	11224159	11225870	0.0	3024
NC_003075.7:7346926-7348638	NC_003075.7	92.093	1720	118	15	2	1713	5604459	5606168	0.0	2407
NC_003075.7:7346926-7348638	NC_003075.7	83.745	486	56	10	362	838	2340916	2341387	1.66e-121	438
NC_003075.7:7346926-7348638	NC_003075.7	90.179	112	10	1	1	111	6157518	6157629	4.05e-33	145
NC_003075.7:7346926-7348638	NC_003075.7	89.076	119	6	6	2	114	6274862	6274745	5.24e-32	141
NC_003075.7:7346926-7348638	NC_003074.8	96.333	1718	57	3	1	1713	12061956	12063672	0.0	2819
NC_003075.7:7346926-7348638	NC_003074.8	90.853	1465	108	16	2	1454	10202621	10201171	0.0	1940
NC_003075.7:7346926-7348638	NC_003074.8	89.634	1476	108	22	2	1451	9256519	9257975	0.0	1836
NC_003075.7:7346926-7348638	NC_003074.8	90.077	776	63	12	5	771	15189169	15189939	0.0	994
NC_003075.7:7346926-7348638	NC_003074.8	91.506	259	19	2	1457	1713	10200901	10200644	6.18e-96	353
NC_003075.7:7346926-7348638	NC_003074.8	90.909	253	22	1	1457	1709	9258249	9258500	1.73e-91	339
NC_003075.7:7346926-7348638	NC_003074.8	77.755	490	73	28	2	468	11960295	11959819	2.30e-70	268
NC_003075.7:7346926-7348638	NC_003074.8	96.970	33	0	1	1681	1713	8884034	8884065	7.02e-06	54.7
NC_003075.7:7346926-7348638	NC_003074.8	96.875	32	1	0	1682	1713	11550994	11550963	7.02e-06	54.7
NC_003075.7:7346926-7348638	NC_003074.8	96.970	33	0	1	1681	1713	12358753	12358722	7.02e-06	54.7
NC_003075.7:7346926-7348638	NC_003070.9	95.741	1714	67	5	1	1713	28312632	28310924	0.0	2756
NC_003075.7:7346926-7348638	NC_003070.9	83.726	977	107	27	1	954	13882600	13881653	0.0	876
NC_003075.7:7346926-7348638	NC_003070.9	85.448	859	98	19	1	838	11298494	11299346	0.0	869
NC_003075.7:7346926-7348638	NC_003070.9	83.265	974	120	29	6	954	7834140	7833185	0.0	856
NC_003075.7:7346926-7348638	NC_003070.9	86.267	801	86	18	48	829	16712157	16712952	0.0	848
NC_003075.7:7346926-7348638	NC_003070.9	95.280	339	14	2	1117	1454	13347431	13347094	5.72e-151	536
NC_003075.7:7346926-7348638	NC_003070.9	86.620	426	51	6	2	421	1276614	1276189	7.61e-130	466
NC_003075.7:7346926-7348638	NC_003070.9	86.651	427	49	8	1	421	8578068	8577644	7.61e-130	466
NC_003075.7:7346926-7348638	NC_003070.9	81.431	517	54	27	460	963	8577646	8577159	2.19e-105	385
NC_003075.7:7346926-7348638	NC_003070.9	85.985	264	30	6	3	260	16709990	16710252	1.38e-72	276
NC_003075.7:7346926-7348638	NC_003070.9	90.265	113	9	2	1	111	21777291	21777179	1.13e-33	147
NC_003075.7:7346926-7348638	NC_003070.9	90.265	113	9	2	1	111	21788861	21788749	1.13e-33	147
NC_003075.7:7346926-7348638	NC_003070.9	90.265	113	9	2	1	111	21813549	21813437	1.13e-33	147
NC_003075.7:7346926-7348638	NC_003070.9	90.265	113	9	2	1	111	21825119	21825007	1.13e-33	147
NC_003075.7:7346926-7348638	NC_003076.8	96.838	1170	37	0	544	1713	10370999	10372168	0.0	1956
NC_003075.7:7346926-7348638	NC_003076.8	96.584	849	24	3	1	848	3018685	3019529	0.0	1402
NC_003075.7:7346926-7348638	NC_003076.8	96.527	547	15	4	2	546	10369950	10370494	0.0	902
NC_003075.7:7346926-7348638	NC_003076.8	84.330	970	101	29	2	954	13520835	13519900	0.0	902
NC_003075.7:7346926-7348638	NC_003076.8	85.291	843	99	15	1	828	11276307	11275475	0.0	846
NC_003075.7:7346926-7348638	NC_003076.8	82.048	830	100	29	7	813	13651962	13651159	0.0	662
NC_003075.7:7346926-7348638	NC_003076.8	82.754	719	88	23	132	838	12547694	12548388	1.20e-172	608
NC_003075.7:7346926-7348638	NC_003076.8	90.857	350	24	3	1051	1400	11313459	11313118	9.85e-129	462
NC_003075.7:7346926-7348638	NC_003076.8	90.310	258	23	2	1457	1713	11312829	11312573	6.23e-91	337
NC_003075.7:7346926-7348638	NC_003076.8	78.704	324	46	18	1	305	9222036	9222355	3.97e-48	195
NC_003075.7:7346926-7348638	NC_003076.8	90.265	113	9	2	1	111	3903104	3903216	1.13e-33	147
NC_003075.7:7346926-7348638	NC_003076.8	90.265	113	8	3	1	111	10271035	10270924	4.05e-33	145
NC_003075.7:7346926-7348638	NC_003076.8	90.265	113	8	3	1	111	17578476	17578587	4.05e-33	145
NC_003075.7:7346926-7348638	NC_003071.7	90.962	863	66	11	1	856	6682171	6683028	0.0	1151
NC_003075.7:7346926-7348638	NC_003071.7	82.276	993	132	29	2	954	1691163	1692151	0.0	819
NC_003075.7:7346926-7348638	NC_003071.7	87.879	429	43	9	1	422	1948494	1948068	9.71e-139	496
NC_003075.7:7346926-7348638	NC_003071.7	87.411	421	46	7	1	415	5836745	5837164	3.52e-133	477
NC_003075.7:7346926-7348638	NC_003071.7	85.847	431	50	10	1	421	1963674	1963245	2.76e-124	448
NC_003075.7:7346926-7348638	NC_003071.7	82.318	509	52	16	460	957	1963247	1962766	4.68e-112	407
NC_003075.7:7346926-7348638	NC_003071.7	80.334	539	60	23	454	981	1948075	1947572	7.94e-100	366
NC_003075.7:7346926-7348638	NC_003071.7	82.123	358	31	12	605	954	5837232	5837564	1.38e-72	276
NC_003075.7:7346926-7348638	NC_003071.7	76.292	561	94	31	1	533	4355713	4355164	1.07e-68	263
NC_003075.7:7346926-7348638	NC_003071.7	76.316	494	75	31	2	470	721903	722379	1.41e-57	226
NC_003075.7:7346926-7348638	NC_003071.7	85.000	180	18	4	2	179	4450809	4450981	5.17e-42	174
NC_003075.7:7346926-7348638	NC_003071.7	90.000	50	5	0	1664	1713	6683064	6683113	3.24e-09	65.8
NC_003075.7:6954350-6955332	NC_003075.7	100.000	983	0	0	1	983	6954350	6955332	0.0	1816
NC_003075.7:6954350-6955332	NC_003075.7	79.314	991	138	34	1	983	5937245	5938176	4.03e-180	632
NC_003075.7:6954350-6955332	NC_003070.9	86.179	123	16	1	595	717	21580197	21580318	1.79e-29	132
NC_003075.7:6954350-6955332	NC_003076.8	86.842	114	14	1	604	717	4360974	4360862	8.33e-28	126
NC_003075.7:6911506-6912443	NC_003075.7	100.000	938	0	0	1	938	6912443	6911506	0.0	1733
NC_003075.7:6911506-6912443	NC_003075.7	92.163	906	54	10	31	927	1777275	1778172	0.0	1264
NC_003075.7:6911506-6912443	NC_003075.7	91.957	920	44	15	27	937	11979608	11978710	0.0	1262
NC_003075.7:6911506-6912443	NC_003075.7	92.876	758	29	9	31	782	16055476	16054738	0.0	1077
NC_003075.7:6911506-6912443	NC_003075.7	88.694	743	53	18	208	928	1302680	1301947	0.0	878
NC_003075.7:6911506-6912443	NC_003075.7	87.062	657	49	10	262	890	18250817	18250169	0.0	710
NC_003075.7:6911506-6912443	NC_003075.7	95.526	380	15	1	32	409	10870782	10871161	2.33e-172	606
NC_003075.7:6911506-6912443	NC_003075.7	89.562	479	29	8	423	895	6064533	6064996	8.42e-167	588
NC_003075.7:6911506-6912443	NC_003075.7	83.481	563	57	13	339	890	6756679	6757216	6.79e-138	492
NC_003075.7:6911506-6912443	NC_003075.7	92.012	338	17	5	597	927	10871353	10871687	4.12e-130	466
NC_003075.7:6911506-6912443	NC_003075.7	88.402	388	25	8	387	769	7235535	7235907	4.15e-125	449
NC_003075.7:6911506-6912443	NC_003075.7	93.574	249	14	2	30	277	7235159	7235406	3.32e-101	370
NC_003075.7:6911506-6912443	NC_003075.7	96.111	180	6	1	31	209	1302901	1302722	7.40e-78	292
NC_003075.7:6911506-6912443	NC_003075.7	95.604	182	6	2	31	211	16055644	16055464	2.66e-77	291
NC_003075.7:6911506-6912443	NC_003075.7	88.430	242	19	5	656	890	7235908	7236147	4.45e-75	283
NC_003075.7:6911506-6912443	NC_003075.7	96.491	171	4	2	65	234	18251479	18251310	1.60e-74	281
NC_003075.7:6911506-6912443	NC_003075.7	95.266	169	6	2	30	196	6758032	6757864	4.48e-70	267
NC_003075.7:6911506-6912443	NC_003075.7	82.716	324	20	16	208	529	6064243	6064532	9.70e-67	255
NC_003075.7:6911506-6912443	NC_003075.7	89.831	177	14	4	24	199	18251656	18251483	2.74e-57	224
NC_003075.7:6911506-6912443	NC_003075.7	89.437	142	14	1	789	929	16054652	16054511	2.16e-43	178
NC_003075.7:6911506-6912443	NC_003075.7	91.892	111	5	3	59	167	6757863	6757755	1.31e-35	152
NC_003075.7:6911506-6912443	NC_003075.7	96.552	87	3	0	179	265	18251226	18251140	2.19e-33	145
NC_003075.7:6911506-6912443	NC_003071.7	96.792	904	22	2	30	927	11556304	11555402	0.0	1502
NC_003075.7:6911506-6912443	NC_003071.7	94.352	903	35	7	32	929	10351572	10352463	0.0	1371
NC_003075.7:6911506-6912443	NC_003071.7	93.283	923	40	12	23	935	8854361	8855271	0.0	1341
NC_003075.7:6911506-6912443	NC_003071.7	92.115	837	42	8	97	927	241106	241924	0.0	1158
NC_003075.7:6911506-6912443	NC_003071.7	91.474	563	23	12	32	577	5607444	5607998	0.0	750
NC_003075.7:6911506-6912443	NC_003071.7	84.604	656	49	15	262	890	4086199	4085569	8.36e-172	604
NC_003075.7:6911506-6912443	NC_003071.7	92.564	390	13	10	23	409	19527930	19528306	5.14e-154	545
NC_003075.7:6911506-6912443	NC_003071.7	90.836	371	25	4	573	935	19528489	19528858	8.79e-137	488
NC_003075.7:6911506-6912443	NC_003071.7	93.962	265	15	1	31	294	240845	241109	4.24e-110	399
NC_003075.7:6911506-6912443	NC_003071.7	86.857	350	33	6	492	834	1679008	1678665	5.52e-104	379
NC_003075.7:6911506-6912443	NC_003071.7	91.489	235	13	5	38	265	10682760	10682994	4.39e-85	316
NC_003075.7:6911506-6912443	NC_003071.7	86.555	238	17	11	262	487	10683312	10683546	1.62e-64	248
NC_003075.7:6911506-6912443	NC_003071.7	81.416	226	37	5	32	255	4350131	4350353	6.01e-44	180
NC_003075.7:6911506-6912443	NC_003071.7	96.226	106	3	1	33	138	4086580	4086476	1.01e-41	172
NC_003075.7:6911506-6912443	NC_003071.7	80.000	225	34	10	44	260	4449282	4449503	1.01e-36	156
NC_003075.7:6911506-6912443	NC_003071.7	76.154	260	48	14	9	265	7024308	7024060	2.86e-27	124
NC_003075.7:6911506-6912443	NC_003076.8	96.491	912	23	4	31	935	7833874	7834783	0.0	1498
NC_003075.7:6911506-6912443	NC_003076.8	93.963	911	46	5	31	935	24436609	24435702	0.0	1369
NC_003075.7:6911506-6912443	NC_003076.8	91.150	904	54	10	32	929	19080548	19081431	0.0	1203
NC_003075.7:6911506-6912443	NC_003076.8	90.581	860	45	13	52	890	12091648	12090804	0.0	1107
NC_003075.7:6911506-6912443	NC_003076.8	89.784	881	54	12	31	890	7075336	7076201	0.0	1096
NC_003075.7:6911506-6912443	NC_003076.8	91.540	721	41	9	225	938	5063067	5062360	0.0	976
NC_003075.7:6911506-6912443	NC_003076.8	91.194	670	41	6	265	929	18555809	18556465	0.0	894
NC_003075.7:6911506-6912443	NC_003076.8	95.833	552	22	1	32	583	18554307	18554857	0.0	891
NC_003075.7:6911506-6912443	NC_003076.8	95.636	550	19	4	35	583	5063613	5063068	0.0	878
NC_003075.7:6911506-6912443	NC_003076.8	96.403	417	15	0	31	447	17276000	17275584	0.0	688
NC_003075.7:6911506-6912443	NC_003076.8	88.411	535	33	13	413	938	6073051	6072537	1.07e-175	617
NC_003075.7:6911506-6912443	NC_003076.8	96.399	361	12	1	31	390	6073212	6073572	1.81e-168	593
NC_003075.7:6911506-6912443	NC_003076.8	90.845	426	29	5	516	935	17275556	17275135	5.11e-159	562
NC_003075.7:6911506-6912443	NC_003076.8	91.026	234	15	5	38	265	10270526	10270293	2.04e-83	311
NC_003075.7:6911506-6912443	NC_003076.8	93.299	194	10	3	28	218	6073034	6073227	4.45e-75	283
NC_003075.7:6911506-6912443	NC_003076.8	90.452	199	19	0	32	230	14732803	14732605	5.80e-69	263
NC_003075.7:6911506-6912443	NC_003076.8	85.294	238	20	11	262	487	10269974	10269740	1.64e-59	231
NC_003075.7:6911506-6912443	NC_003076.8	90.361	166	14	2	1	166	6073753	6073590	4.58e-55	217
NC_003075.7:6911506-6912443	NC_003076.8	84.530	181	16	8	262	431	9754558	9754737	1.30e-40	169
NC_003075.7:6911506-6912443	NC_003076.8	94.253	87	5	0	32	118	12091725	12091639	4.74e-30	134
NC_003075.7:6911506-6912443	NC_003076.8	86.555	119	10	3	142	259	13829284	13829397	7.94e-28	126
NC_003075.7:6911506-6912443	NC_003076.8	96.429	56	2	0	225	280	18554858	18554913	8.05e-18	93.5
NC_003075.7:6911506-6912443	NC_003076.8	95.000	40	0	2	450	487	9754726	9754765	2.27e-08	62.1
NC_003075.7:6911506-6912443	NC_003076.8	100.000	31	0	0	898	928	12090319	12090289	2.94e-07	58.4
NC_003075.7:6911506-6912443	NC_003074.8	95.321	919	28	4	28	938	5380236	5379325	0.0	1445
NC_003075.7:6911506-6912443	NC_003074.8	92.873	898	52	8	31	919	5792496	5793390	0.0	1293
NC_003075.7:6911506-6912443	NC_003074.8	92.299	896	42	11	40	927	20875605	20876481	0.0	1247
NC_003075.7:6911506-6912443	NC_003074.8	90.708	861	43	8	52	890	17033331	17034176	0.0	1112
NC_003075.7:6911506-6912443	NC_003074.8	89.220	872	54	12	31	890	15978135	15977292	0.0	1053
NC_003075.7:6911506-6912443	NC_003074.8	86.280	656	53	17	262	890	14285833	14286478	0.0	678
NC_003075.7:6911506-6912443	NC_003074.8	84.195	658	41	21	262	890	10842240	10842863	1.41e-164	580
NC_003075.7:6911506-6912443	NC_003074.8	94.650	243	10	3	24	265	14272652	14272892	2.57e-102	374
NC_003075.7:6911506-6912443	NC_003074.8	95.215	209	8	1	59	265	7921762	7921554	5.64e-89	329
NC_003075.7:6911506-6912443	NC_003074.8	94.634	205	7	3	62	265	10841717	10841918	1.58e-84	315
NC_003075.7:6911506-6912443	NC_003074.8	91.262	206	11	4	589	788	7921186	7920982	2.68e-72	274
NC_003075.7:6911506-6912443	NC_003074.8	95.181	166	7	1	32	196	7922197	7922032	2.09e-68	261
NC_003075.7:6911506-6912443	NC_003074.8	94.643	168	8	1	29	196	10841547	10841713	7.50e-68	259
NC_003075.7:6911506-6912443	NC_003074.8	93.976	166	9	1	32	196	7921928	7921763	4.51e-65	250
NC_003075.7:6911506-6912443	NC_003074.8	86.580	231	21	9	262	485	10642947	10642720	5.84e-64	246
NC_003075.7:6911506-6912443	NC_003074.8	82.645	242	21	16	262	489	2647998	2648232	2.15e-48	195
NC_003075.7:6911506-6912443	NC_003074.8	92.086	139	7	3	31	167	7922458	7922322	7.72e-48	193
NC_003075.7:6911506-6912443	NC_003074.8	92.029	138	7	3	32	167	7922327	7922192	2.78e-47	191
NC_003075.7:6911506-6912443	NC_003074.8	90.991	111	6	3	59	167	7922031	7921923	6.09e-34	147
NC_003075.7:6911506-6912443	NC_003074.8	94.118	85	5	0	31	115	17033253	17033337	6.14e-29	130
NC_003075.7:6911506-6912443	NC_003074.8	78.689	183	21	14	35	209	11132806	11132978	1.03e-21	106
NC_003075.7:6911506-6912443	NC_003074.8	90.909	66	6	0	199	264	14285443	14285508	1.04e-16	89.8
NC_003075.7:6911506-6912443	NC_003070.9	91.951	907	49	12	30	927	11352405	11351514	0.0	1249
NC_003075.7:6911506-6912443	NC_003070.9	91.510	907	47	13	32	928	21260146	21261032	0.0	1221
NC_003075.7:6911506-6912443	NC_003070.9	90.238	840	42	9	58	892	13407453	13408257	0.0	1061
NC_003075.7:6911506-6912443	NC_003070.9	88.970	689	43	7	222	890	5659134	5658459	0.0	821
NC_003075.7:6911506-6912443	NC_003070.9	89.767	557	42	4	342	890	13408253	13408802	0.0	699
NC_003075.7:6911506-6912443	NC_003070.9	91.266	229	19	1	38	265	17405751	17405523	2.04e-83	311
NC_003075.7:6911506-6912443	NC_003070.9	91.228	228	19	1	39	265	17406188	17405961	7.34e-83	309
NC_003075.7:6911506-6912443	NC_003070.9	90.517	232	19	3	35	265	17107531	17107760	3.42e-81	303
NC_003075.7:6911506-6912443	NC_003070.9	89.831	236	18	5	33	265	17102269	17102501	1.59e-79	298
NC_003075.7:6911506-6912443	NC_003070.9	87.866	239	12	12	262	487	14297191	14296957	1.61e-69	265
NC_003075.7:6911506-6912443	NC_003070.9	92.500	160	6	6	333	489	16317439	16317595	2.74e-57	224
NC_003075.7:6911506-6912443	NC_003070.9	84.711	242	18	12	258	487	17110893	17111127	2.74e-57	224
NC_003075.7:6911506-6912443	NC_003070.9	92.523	107	8	0	31	137	19403475	19403369	3.64e-36	154
NC_003075.7:6911506-6912443	NC_003070.9	93.182	88	6	0	31	118	5659270	5659183	6.14e-29	130
NC_003075.7:6911506-6912443	NC_003070.9	79.290	169	29	4	38	200	17103831	17103663	6.18e-24	113
NC_003075.7:6911506-6912443	NC_003070.9	98.113	53	1	0	262	314	17405357	17405305	8.05e-18	93.5
NC_003075.7:6911506-6912443	NC_003070.9	87.059	85	6	2	262	346	17102823	17102902	2.90e-17	91.6
NC_003075.7:6911506-6912443	NC_003070.9	97.619	42	1	0	895	936	17111533	17111574	1.05e-11	73.1
NC_003075.7:6911506-6912443	NC_003070.9	97.619	42	1	0	262	303	17405795	17405754	1.05e-11	73.1
NC_003075.7:6943761-6944582	NC_003075.7	100.000	822	0	0	1	822	6944582	6943761	0.0	1519
NC_003075.7:6943761-6944582	NC_003075.7	95.125	800	34	5	26	822	5837168	5836371	0.0	1256
NC_003075.7:6943761-6944582	NC_003075.7	90.752	811	54	9	26	820	8421906	8421101	0.0	1062
NC_003075.7:6943761-6944582	NC_003075.7	90.418	814	56	12	26	820	4949067	4948257	0.0	1051
NC_003075.7:6943761-6944582	NC_003075.7	90.000	760	54	12	64	806	18233085	18232331	0.0	963
NC_003075.7:6943761-6944582	NC_003075.7	89.017	783	58	15	46	820	5479107	5478345	0.0	944
NC_003075.7:6943761-6944582	NC_003075.7	92.029	414	30	3	23	433	1598441	1598854	4.42e-164	579
NC_003075.7:6943761-6944582	NC_003074.8	91.882	813	43	13	25	820	10416864	10417670	0.0	1114
NC_003075.7:6943761-6944582	NC_003074.8	91.605	810	50	10	26	820	16186180	16185374	0.0	1103
NC_003075.7:6943761-6944582	NC_003074.8	89.693	815	52	18	26	820	12359526	12358724	0.0	1011
NC_003075.7:6943761-6944582	NC_003074.8	89.332	778	56	11	40	794	18927962	18928735	0.0	952
NC_003075.7:6943761-6944582	NC_003074.8	87.302	819	58	26	26	820	7714349	7713553	0.0	894
NC_003075.7:6943761-6944582	NC_003074.8	87.284	810	57	21	25	820	14559079	14559856	0.0	883
NC_003075.7:6943761-6944582	NC_003074.8	87.160	810	57	24	25	820	15874738	15873962	0.0	876
NC_003075.7:6943761-6944582	NC_003074.8	86.543	810	64	19	25	820	8874895	8875673	0.0	850
NC_003075.7:6943761-6944582	NC_003074.8	85.222	812	80	23	25	820	8883276	8884063	0.0	798
NC_003075.7:6943761-6944582	NC_003074.8	89.170	554	33	10	281	820	7766063	7765523	0.0	665
NC_003075.7:6943761-6944582	NC_003074.8	93.805	226	10	4	547	769	12384115	12384339	2.94e-91	337
NC_003075.7:6943761-6944582	NC_003074.8	89.354	263	24	4	30	289	12383830	12384091	1.77e-88	327
NC_003075.7:6943761-6944582	NC_003074.8	91.163	215	17	2	25	238	7766845	7766632	2.32e-77	291
NC_003075.7:6943761-6944582	NC_003074.8	81.731	208	21	10	26	230	9361785	9361978	2.46e-37	158
NC_003075.7:6943761-6944582	NC_003074.8	91.379	58	3	2	228	283	11203183	11203126	1.97e-13	78.7
NC_003075.7:6943761-6944582	NC_003070.9	91.411	815	49	10	24	820	3024296	3023485	0.0	1098
NC_003075.7:6943761-6944582	NC_003070.9	90.854	820	55	10	19	822	18632954	18632139	0.0	1081
NC_003075.7:6943761-6944582	NC_003070.9	90.652	813	54	12	26	820	1195121	1194313	0.0	1061
NC_003075.7:6943761-6944582	NC_003070.9	88.424	812	61	12	26	820	18320603	18321398	0.0	948
NC_003075.7:6943761-6944582	NC_003070.9	88.628	809	53	12	48	820	19781107	19780302	0.0	948
NC_003075.7:6943761-6944582	NC_003070.9	87.321	836	67	16	1	822	5799548	5798738	0.0	920
NC_003075.7:6943761-6944582	NC_003070.9	88.701	531	34	11	281	797	26880722	26880204	5.60e-178	625
NC_003075.7:6943761-6944582	NC_003070.9	90.368	353	17	11	482	820	20704224	20704573	1.30e-124	448
NC_003075.7:6943761-6944582	NC_003070.9	90.187	214	19	2	26	238	26881503	26881291	1.81e-73	278
NC_003075.7:6943761-6944582	NC_003070.9	80.676	207	25	8	25	230	9138320	9138128	5.32e-34	147
NC_003075.7:6943761-6944582	NC_003071.7	91.379	812	51	9	26	820	8102688	8103497	0.0	1094
NC_003075.7:6943761-6944582	NC_003071.7	90.061	815	60	10	24	820	4759876	4759065	0.0	1037
NC_003075.7:6943761-6944582	NC_003071.7	91.616	656	40	7	178	820	6262549	6263202	0.0	893
NC_003075.7:6943761-6944582	NC_003071.7	90.360	695	42	15	142	820	6992256	6992941	0.0	889
NC_003075.7:6943761-6944582	NC_003071.7	92.254	142	9	2	257	397	2952220	2952360	4.03e-50	200
NC_003075.7:6943761-6944582	NC_003071.7	95.833	72	3	0	87	158	6990933	6991004	4.17e-25	117
NC_003075.7:6943761-6944582	NC_003076.8	90.853	809	46	12	25	820	21174423	21175216	0.0	1059
NC_003075.7:6943761-6944582	NC_003076.8	90.358	809	58	7	26	820	10187480	10188282	0.0	1044
NC_003075.7:6943761-6944582	NC_003076.8	90.148	812	59	11	26	820	16211360	16212167	0.0	1037
NC_003075.7:6943761-6944582	NC_003076.8	90.000	810	58	11	30	820	5802087	5801282	0.0	1026
NC_003075.7:6943761-6944582	NC_003076.8	89.545	813	56	18	25	820	13786536	13787336	0.0	1003
NC_003075.7:6943761-6944582	NC_003076.8	86.774	809	62	20	26	820	17360102	17359325	0.0	859
NC_003075.7:6943761-6944582	NC_003076.8	86.128	656	45	13	26	638	19019567	19018915	0.0	665
NC_003075.7:6943761-6944582	NC_003076.8	94.845	194	7	3	629	820	19018814	19018622	3.86e-80	300
NC_003075.7:6943761-6944582	NC_003076.8	90.000	120	9	3	25	142	10924354	10924236	1.14e-35	152
NC_003075.7:6943761-6944582	NC_003076.8	79.907	214	20	11	25	230	15003951	15003753	1.15e-30	135
