NC_003074.8:5379338-5380237	NC_003074.8	100.000	900	0	0	1	900	5380237	5379338	0.0	1663
NC_003074.8:5379338-5380237	NC_003074.8	92.634	896	55	5	6	892	5792497	5793390	0.0	1279
NC_003074.8:5379338-5380237	NC_003074.8	91.862	897	43	14	14	900	20875605	20876481	0.0	1225
NC_003074.8:5379338-5380237	NC_003074.8	89.907	862	47	9	26	863	17033331	17034176	0.0	1074
NC_003074.8:5379338-5380237	NC_003074.8	89.106	872	52	10	6	863	15978134	15977292	0.0	1044
NC_003074.8:5379338-5380237	NC_003074.8	87.195	656	53	11	229	863	14285833	14286478	0.0	717
NC_003074.8:5379338-5380237	NC_003074.8	84.650	658	44	20	229	863	10842240	10842863	2.88e-171	603
NC_003074.8:5379338-5380237	NC_003074.8	92.083	240	9	4	1	232	14272655	14272892	5.40e-89	329
NC_003074.8:5379338-5380237	NC_003074.8	91.031	223	7	6	33	246	7921762	7921544	9.17e-77	289
NC_003074.8:5379338-5380237	NC_003074.8	95.808	167	6	1	5	170	7922198	7922032	1.19e-70	268
NC_003074.8:5379338-5380237	NC_003074.8	94.611	167	8	1	5	170	7921929	7921763	2.59e-67	257
NC_003074.8:5379338-5380237	NC_003074.8	89.756	205	10	4	36	232	10841717	10841918	1.20e-65	252
NC_003074.8:5379338-5380237	NC_003074.8	93.452	168	10	1	3	170	10841547	10841713	1.56e-64	248
NC_003074.8:5379338-5380237	NC_003074.8	93.525	139	5	3	5	141	7922328	7922192	3.42e-51	204
NC_003074.8:5379338-5380237	NC_003074.8	93.478	138	5	3	6	141	7922457	7922322	1.23e-50	202
NC_003074.8:5379338-5380237	NC_003074.8	91.892	111	5	3	33	141	7922031	7921923	1.26e-35	152
NC_003074.8:5379338-5380237	NC_003074.8	95.238	84	4	0	6	89	17033254	17033337	4.55e-30	134
NC_003074.8:5379338-5380237	NC_003074.8	96.970	33	1	0	868	900	14286941	14286973	1.01e-06	56.5
NC_003074.8:5379338-5380237	NC_003071.7	97.450	902	15	2	6	900	11556302	11555402	0.0	1531
NC_003074.8:5379338-5380237	NC_003071.7	93.909	903	36	8	5	900	10351571	10352461	0.0	1345
NC_003074.8:5379338-5380237	NC_003071.7	93.282	908	38	11	3	900	8854368	8855262	0.0	1317
NC_003074.8:5379338-5380237	NC_003071.7	91.289	838	46	8	71	900	241106	241924	0.0	1118
NC_003074.8:5379338-5380237	NC_003071.7	89.539	564	27	10	5	544	5607443	5607998	0.0	686
NC_003074.8:5379338-5380237	NC_003071.7	85.518	656	49	13	229	863	4086199	4085569	0.0	643
NC_003074.8:5379338-5380237	NC_003071.7	92.265	362	26	2	540	900	19528489	19528849	5.00e-144	512
NC_003074.8:5379338-5380237	NC_003071.7	90.838	382	15	10	3	376	19527937	19528306	1.81e-138	494
NC_003074.8:5379338-5380237	NC_003071.7	87.023	393	24	10	475	864	6249631	6249263	1.12e-115	418
NC_003074.8:5379338-5380237	NC_003071.7	90.909	264	16	2	6	261	240846	241109	1.49e-94	348
NC_003074.8:5379338-5380237	NC_003071.7	82.396	409	46	13	463	865	8455416	8455804	4.18e-90	333
NC_003074.8:5379338-5380237	NC_003071.7	93.970	199	10	2	592	789	9643241	9643438	4.24e-80	300
NC_003074.8:5379338-5380237	NC_003071.7	89.407	236	11	6	11	232	10682759	10682994	1.19e-75	285
NC_003074.8:5379338-5380237	NC_003071.7	83.978	181	25	4	5	183	17300156	17299978	3.47e-41	171
NC_003074.8:5379338-5380237	NC_003071.7	95.283	106	4	1	7	112	4086580	4086476	4.48e-40	167
NC_003074.8:5379338-5380237	NC_003071.7	87.640	89	11	0	3	91	5648343	5648255	3.56e-21	104
NC_003074.8:5379338-5380237	NC_003071.7	100.000	33	0	0	868	900	5608560	5608592	2.18e-08	62.1
NC_003074.8:5379338-5380237	NC_003071.7	100.000	30	0	0	871	900	4085103	4085074	1.01e-06	56.5
NC_003074.8:5379338-5380237	NC_003076.8	96.799	906	19	4	3	900	7833871	7834774	0.0	1504
NC_003074.8:5379338-5380237	NC_003076.8	93.598	906	46	6	2	900	24436611	24435711	0.0	1341
NC_003074.8:5379338-5380237	NC_003076.8	90.718	905	55	10	4	900	19080546	19081429	0.0	1179
NC_003074.8:5379338-5380237	NC_003076.8	89.342	882	53	14	6	863	7075337	7076201	0.0	1070
NC_003074.8:5379338-5380237	NC_003076.8	89.431	861	52	12	26	863	12091648	12090804	0.0	1050
NC_003074.8:5379338-5380237	NC_003076.8	92.113	710	41	7	192	900	5063067	5062372	0.0	987
NC_003074.8:5379338-5380237	NC_003076.8	91.928	669	40	6	232	900	18555809	18556463	0.0	924
NC_003074.8:5379338-5380237	NC_003076.8	93.852	553	26	2	5	550	18554306	18554857	0.0	826
NC_003074.8:5379338-5380237	NC_003076.8	93.625	549	24	4	9	550	5063612	5063068	0.0	809
NC_003074.8:5379338-5380237	NC_003076.8	94.471	416	16	1	6	414	17275999	17275584	1.02e-180	634
NC_003074.8:5379338-5380237	NC_003076.8	88.910	523	35	10	380	900	6073051	6072550	2.21e-177	623
NC_003074.8:5379338-5380237	NC_003076.8	92.233	412	29	3	489	900	17275551	17275143	1.35e-164	580
NC_003074.8:5379338-5380237	NC_003076.8	93.889	360	14	2	6	357	6073213	6073572	2.97e-151	536
NC_003074.8:5379338-5380237	NC_003076.8	87.664	381	26	9	474	846	22491525	22491892	2.41e-117	424
NC_003074.8:5379338-5380237	NC_003076.8	93.814	194	9	3	2	192	6073034	6073227	9.17e-77	289
NC_003074.8:5379338-5380237	NC_003076.8	89.362	235	12	8	11	232	10270527	10270293	4.27e-75	283
NC_003074.8:5379338-5380237	NC_003076.8	91.327	196	16	1	4	198	14732805	14732610	4.30e-70	267
NC_003074.8:5379338-5380237	NC_003076.8	92.254	142	10	1	3	143	6073728	6073587	4.42e-50	200
NC_003074.8:5379338-5380237	NC_003076.8	83.333	174	25	3	6	178	9442640	9442810	2.70e-37	158
NC_003074.8:5379338-5380237	NC_003076.8	85.235	149	21	1	5	153	348086	347939	1.26e-35	152
NC_003074.8:5379338-5380237	NC_003076.8	84.416	154	22	2	1	153	24345550	24345398	4.51e-35	150
NC_003074.8:5379338-5380237	NC_003076.8	83.893	149	23	1	5	153	347805	347658	2.72e-32	141
NC_003074.8:5379338-5380237	NC_003076.8	94.444	90	5	0	3	92	12091728	12091639	9.77e-32	139
NC_003074.8:5379338-5380237	NC_003076.8	88.889	54	2	4	851	900	14694038	14694091	6.05e-09	63.9
NC_003074.8:5379338-5380237	NC_003076.8	84.127	63	10	0	5	67	15181590	15181652	2.18e-08	62.1
NC_003074.8:5379338-5380237	NC_003075.7	95.695	906	26	2	2	900	6912416	6911517	0.0	1445
NC_003074.8:5379338-5380237	NC_003075.7	91.850	908	44	14	2	900	11979607	11978721	0.0	1240
NC_003074.8:5379338-5380237	NC_003075.7	91.391	906	58	10	6	900	1777276	1778172	0.0	1223
NC_003074.8:5379338-5380237	NC_003075.7	91.953	758	33	9	6	755	16055475	16054738	0.0	1037
NC_003074.8:5379338-5380237	NC_003075.7	88.509	731	49	11	191	900	1302664	1301948	0.0	852
NC_003074.8:5379338-5380237	NC_003075.7	88.128	657	48	9	229	863	18250817	18250169	0.0	754
NC_003074.8:5379338-5380237	NC_003075.7	90.506	474	30	6	390	863	6064533	6064991	4.79e-174	612
NC_003074.8:5379338-5380237	NC_003075.7	85.258	563	53	11	306	863	6756679	6757216	2.94e-156	553
NC_003074.8:5379338-5380237	NC_003075.7	93.158	380	17	2	6	376	10870782	10871161	3.81e-155	549
NC_003074.8:5379338-5380237	NC_003075.7	92.582	337	23	2	564	900	10871353	10871687	3.92e-135	483
NC_003074.8:5379338-5380237	NC_003075.7	89.203	389	26	4	354	742	7235535	7235907	8.48e-132	472
NC_003074.8:5379338-5380237	NC_003075.7	90.244	246	15	3	6	243	7235161	7235405	5.44e-84	313
NC_003074.8:5379338-5380237	NC_003075.7	96.133	181	5	2	6	185	16055643	16055464	1.97e-78	294
NC_003074.8:5379338-5380237	NC_003075.7	96.089	179	6	1	6	183	1302900	1302722	2.55e-77	291
NC_003074.8:5379338-5380237	NC_003075.7	96.407	167	4	2	6	170	6758030	6757864	2.57e-72	274
NC_003074.8:5379338-5380237	NC_003075.7	90.769	195	15	3	39	232	18251479	18251287	2.59e-67	257
NC_003074.8:5379338-5380237	NC_003075.7	82.778	180	23	6	6	183	4801847	4801674	3.49e-36	154
NC_003074.8:5379338-5380237	NC_003075.7	90.991	111	6	3	33	141	6757863	6757755	5.84e-34	147
NC_003074.8:5379338-5380237	NC_003075.7	82.237	152	26	1	2	153	8769330	8769180	5.88e-29	130
NC_003074.8:5379338-5380237	NC_003075.7	87.356	87	4	1	153	232	18251226	18251140	7.72e-18	93.5
NC_003074.8:5379338-5380237	NC_003075.7	79.545	88	16	1	7	92	1096866	1096779	2.18e-08	62.1
NC_003074.8:5379338-5380237	NC_003075.7	100.000	33	0	0	868	900	6065475	6065507	2.18e-08	62.1
NC_003074.8:5379338-5380237	NC_003070.9	91.501	906	50	13	6	900	11352403	11351514	0.0	1221
NC_003074.8:5379338-5380237	NC_003070.9	90.899	912	50	14	1	900	21260141	21261031	0.0	1194
NC_003074.8:5379338-5380237	NC_003070.9	89.905	842	42	7	32	866	13407453	13408258	0.0	1044
NC_003074.8:5379338-5380237	NC_003070.9	89.535	688	43	4	191	863	5659132	5658459	0.0	845
NC_003074.8:5379338-5380237	NC_003070.9	90.681	558	41	5	309	863	13408253	13408802	0.0	732
NC_003074.8:5379338-5380237	NC_003070.9	86.528	386	31	14	481	864	28522693	28522327	8.73e-112	405
NC_003074.8:5379338-5380237	NC_003070.9	90.000	230	17	3	9	232	17107531	17107760	7.09e-78	292
NC_003074.8:5379338-5380237	NC_003070.9	89.316	234	16	5	7	232	17102269	17102501	1.19e-75	285
NC_003074.8:5379338-5380237	NC_003070.9	89.474	228	16	2	13	232	17406188	17405961	1.53e-74	281
NC_003074.8:5379338-5380237	NC_003070.9	88.745	231	18	2	10	232	17405753	17405523	7.14e-73	276
NC_003074.8:5379338-5380237	NC_003070.9	93.396	106	7	0	6	111	19403474	19403369	2.70e-37	158
NC_003074.8:5379338-5380237	NC_003070.9	84.564	149	21	2	5	153	16342971	16342825	5.84e-34	147
NC_003074.8:5379338-5380237	NC_003070.9	83.660	153	23	2	1	153	6234724	6234574	7.55e-33	143
NC_003074.8:5379338-5380237	NC_003070.9	92.308	91	6	1	3	92	5659273	5659183	2.12e-28	128
NC_003074.8:5379338-5380237	NC_003070.9	95.062	81	4	0	6	86	17102189	17102269	2.12e-28	128
NC_003074.8:5379338-5380237	NC_003070.9	77.523	218	36	8	9	222	12904177	12903969	1.27e-25	119
NC_003074.8:5379338-5380237	NC_003070.9	80.000	160	25	5	9	168	17108400	17108552	2.13e-23	111
NC_003074.8:5379338-5380237	NC_003070.9	79.130	115	21	2	4	116	16865004	16864891	7.77e-13	76.8
NC_003074.8:5379338-5380237	NC_003070.9	100.000	33	0	0	868	900	13409285	13409317	2.18e-08	62.1
NC_003074.8:5379338-5380237	NC_003070.9	100.000	30	0	0	871	900	5657973	5657944	1.01e-06	56.5
NC_003074.8:4795954-4796829	NC_003074.8	100.000	876	0	0	1	876	4796829	4795954	0.0	1618
NC_003074.8:4795954-4796829	NC_003074.8	86.147	231	30	2	647	876	14837152	14836923	1.51e-64	248
NC_003074.8:4795954-4796829	NC_003074.8	88.235	153	14	2	209	357	6992530	6992378	5.60e-44	180
NC_003074.8:4795954-4796829	NC_003074.8	86.747	166	16	6	233	395	11133612	11133774	5.60e-44	180
NC_003074.8:4795954-4796829	NC_003075.7	87.542	891	76	14	1	876	5193727	5194597	0.0	998
NC_003074.8:4795954-4796829	NC_003075.7	82.564	866	123	17	1	852	4801847	4800996	0.0	737
NC_003074.8:4795954-4796829	NC_003075.7	79.553	895	128	33	2	874	8597593	8598454	7.85e-167	588
NC_003074.8:4795954-4796829	NC_003075.7	83.582	402	54	7	209	599	14328479	14328079	4.00e-100	366
NC_003074.8:4795954-4796829	NC_003075.7	83.085	402	56	7	209	599	6625548	6625948	8.67e-97	355
NC_003074.8:4795954-4796829	NC_003075.7	85.632	174	16	4	209	373	6625120	6625293	2.61e-42	174
NC_003074.8:4795954-4796829	NC_003076.8	86.869	891	96	11	1	875	1180517	1181402	0.0	977
NC_003074.8:4795954-4796829	NC_003076.8	87.826	575	55	10	1	562	9175634	9176206	0.0	660
NC_003074.8:4795954-4796829	NC_003076.8	86.527	334	37	7	543	875	9176244	9176570	1.86e-98	361
NC_003074.8:4795954-4796829	NC_003076.8	86.441	236	29	3	641	875	10072648	10072881	9.04e-67	255
NC_003074.8:4795954-4796829	NC_003076.8	84.746	236	32	4	641	875	14693860	14694092	4.24e-60	233
NC_003074.8:4795954-4796829	NC_003076.8	88.144	194	19	3	237	427	9721795	9721987	1.97e-58	228
NC_003074.8:4795954-4796829	NC_003076.8	85.976	164	18	3	237	397	9443551	9443712	3.37e-41	171
NC_003074.8:4795954-4796829	NC_003076.8	87.931	116	13	1	259	373	14612878	14612993	1.23e-30	135
NC_003074.8:4795954-4796829	NC_003071.7	90.090	333	15	10	1	316	7207320	7206989	3.92e-115	416
NC_003074.8:4795954-4796829	NC_003071.7	82.921	404	56	9	208	599	4087201	4086799	1.12e-95	351
NC_003074.8:4795954-4796829	NC_003071.7	78.764	518	81	20	367	876	8300543	8300047	3.16e-86	320
NC_003074.8:4795954-4796829	NC_003071.7	83.984	256	29	6	4	249	4087456	4087203	1.18e-60	235
NC_003074.8:4795954-4796829	NC_003071.7	88.500	200	13	4	234	432	1084941	1085131	4.24e-60	233
NC_003074.8:4795954-4796829	NC_003071.7	80.315	254	33	6	1	243	2256589	2256342	7.24e-43	176
NC_003074.8:4795954-4796829	NC_003070.9	78.444	617	99	21	237	844	17103571	17102980	8.61e-102	372
NC_003074.8:4795954-4796829	NC_003070.9	84.810	237	34	2	641	876	13565951	13566186	3.28e-61	237
NC_003074.8:4795954-4796829	NC_003070.9	88.024	167	15	4	233	397	13565802	13565965	7.19e-48	193
NC_003074.8:4772214-4772907	NC_003074.8	100.000	694	0	0	1	694	4772214	4772907	0.0	1282
NC_003074.8:4772214-4772907	NC_003070.9	83.309	695	114	2	1	694	20100745	20100052	0.0	640
NC_003074.8:4263015-4263233	NC_003074.8	100.000	219	0	0	1	219	4263015	4263233	1.94e-112	405
NC_003074.8:4263015-4263233	NC_003074.8	87.554	233	15	7	1	219	16052503	16052271	5.74e-68	257
NC_003074.8:4263015-4263233	NC_003070.9	82.609	184	11	13	50	219	20363133	20362957	1.68e-33	143
NC_003074.8:4584739-4585297	NC_003074.8	100.000	559	0	0	1	559	4584739	4585297	0.0	1033
NC_003074.8:4584739-4585297	NC_003074.8	89.029	556	48	11	17	559	10708624	10709179	0.0	676
NC_003074.8:4584739-4585297	NC_003074.8	87.971	557	52	9	18	559	16405196	16405752	0.0	643
NC_003074.8:4584739-4585297	NC_003074.8	87.676	568	43	13	18	559	3080591	3080025	0.0	636
NC_003074.8:4584739-4585297	NC_003074.8	87.410	556	56	10	18	559	7766062	7766617	1.04e-178	627
NC_003074.8:4584739-4585297	NC_003074.8	87.057	564	51	11	18	559	10405396	10405959	6.28e-176	617
NC_003074.8:4584739-4585297	NC_003074.8	86.809	561	47	14	24	559	16723678	16723120	6.32e-171	601
NC_003074.8:4584739-4585297	NC_003074.8	86.237	574	44	14	20	559	6729497	6728925	1.37e-167	590
NC_003074.8:4584739-4585297	NC_003074.8	86.146	563	54	13	18	559	23085531	23086090	1.77e-166	586
NC_003074.8:4584739-4585297	NC_003074.8	85.664	565	57	12	18	559	14057124	14057687	1.38e-162	573
NC_003074.8:4584739-4585297	NC_003074.8	85.841	565	45	14	17	559	7980634	7980083	6.41e-161	568
NC_003074.8:4584739-4585297	NC_003074.8	85.764	569	43	17	18	559	21552658	21552101	6.41e-161	568
NC_003074.8:4584739-4585297	NC_003074.8	84.779	565	60	13	18	559	16485869	16485308	1.08e-153	544
NC_003074.8:4584739-4585297	NC_003074.8	85.172	553	56	13	30	559	18634492	18633943	1.08e-153	544
NC_003074.8:4584739-4585297	NC_003074.8	84.534	569	64	11	14	559	19436867	19437434	3.89e-153	542
NC_003074.8:4584739-4585297	NC_003074.8	84.642	586	44	23	18	559	19739757	19740340	3.89e-153	542
NC_003074.8:4584739-4585297	NC_003074.8	84.331	568	61	16	18	559	5865864	5866429	8.41e-150	531
NC_003074.8:4584739-4585297	NC_003074.8	85.150	532	53	16	18	537	423197	422680	5.06e-147	521
NC_003074.8:4584739-4585297	NC_003074.8	89.125	423	40	6	18	436	10758580	10758160	5.06e-147	521
NC_003074.8:4584739-4585297	NC_003074.8	87.861	173	20	1	160	331	18887431	18887259	7.49e-51	202
NC_003074.8:4584739-4585297	NC_003070.9	95.788	546	19	4	18	559	22192007	22192552	0.0	878
NC_003074.8:4584739-4585297	NC_003070.9	95.596	545	20	4	18	559	29244142	29244685	0.0	870
NC_003074.8:4584739-4585297	NC_003070.9	90.054	553	43	11	18	559	20205905	20205354	0.0	706
NC_003074.8:4584739-4585297	NC_003070.9	88.949	552	49	10	18	559	5899755	5899206	0.0	671
NC_003074.8:4584739-4585297	NC_003070.9	88.462	572	40	11	14	559	13495993	13495422	0.0	667
NC_003074.8:4584739-4585297	NC_003070.9	88.360	567	42	15	17	559	21739642	21739076	0.0	660
NC_003074.8:4584739-4585297	NC_003070.9	88.319	565	42	10	18	559	5862949	5863512	0.0	656
NC_003074.8:4584739-4585297	NC_003070.9	87.971	557	52	11	18	559	27240719	27241275	0.0	643
NC_003074.8:4584739-4585297	NC_003070.9	87.748	555	55	11	18	559	540987	540433	0.0	636
NC_003074.8:4584739-4585297	NC_003070.9	87.433	557	54	12	18	559	26880721	26881276	1.04e-178	627
NC_003074.8:4584739-4585297	NC_003070.9	87.455	558	51	18	18	559	10591982	10591428	3.75e-178	625
NC_003074.8:4584739-4585297	NC_003070.9	87.102	566	48	9	17	559	23125694	23125131	6.28e-176	617
NC_003074.8:4584739-4585297	NC_003070.9	86.903	565	48	15	18	559	12097456	12098017	1.05e-173	610
NC_003074.8:4584739-4585297	NC_003070.9	87.250	549	43	13	37	559	25779690	25780237	6.32e-171	601
NC_003074.8:4584739-4585297	NC_003070.9	88.155	515	43	8	18	517	4582998	4583509	8.18e-170	597
NC_003074.8:4584739-4585297	NC_003070.9	89.027	483	43	8	83	557	10930990	10931470	1.37e-167	590
NC_003074.8:4584739-4585297	NC_003070.9	86.292	569	40	19	14	559	19769020	19769573	6.37e-166	584
NC_003074.8:4584739-4585297	NC_003070.9	85.487	565	51	17	18	559	26511226	26510670	1.07e-158	560
NC_003074.8:4584739-4585297	NC_003070.9	85.310	565	46	16	18	559	21918434	21918984	2.32e-155	549
NC_003074.8:4584739-4585297	NC_003070.9	84.956	565	48	15	18	559	4770665	4770115	5.03e-152	538
NC_003074.8:4584739-4585297	NC_003070.9	84.909	550	56	16	18	557	10853200	10852668	8.41e-150	531
NC_003074.8:4584739-4585297	NC_003070.9	86.310	504	46	12	9	492	6219152	6218652	1.09e-148	527
NC_003074.8:4584739-4585297	NC_003070.9	84.602	565	50	19	18	559	28891930	28891380	1.09e-148	527
NC_003074.8:4584739-4585297	NC_003070.9	84.211	532	65	15	16	537	2986896	2986374	2.37e-140	499
NC_003074.8:4584739-4585297	NC_003070.9	83.422	567	56	15	18	559	11732352	11732905	3.97e-138	492
NC_003074.8:4584739-4585297	NC_003070.9	82.902	579	57	19	17	559	13869872	13870444	2.39e-135	483
NC_003074.8:4584739-4585297	NC_003070.9	83.551	535	60	14	18	528	588027	587497	4.00e-133	475
NC_003074.8:4584739-4585297	NC_003070.9	87.229	415	48	5	19	428	2587832	2587418	6.69e-131	468
NC_003074.8:4584739-4585297	NC_003070.9	82.281	570	49	23	18	559	24645519	24646064	3.14e-124	446
NC_003074.8:4584739-4585297	NC_003070.9	84.490	245	33	5	4	246	12240494	12240735	2.05e-61	237
NC_003074.8:4584739-4585297	NC_003070.9	86.127	173	23	1	18	189	2473307	2473135	7.55e-46	185
NC_003074.8:4584739-4585297	NC_003075.7	95.596	545	19	5	18	559	7034793	7034251	0.0	869
NC_003074.8:4584739-4585297	NC_003075.7	90.433	554	38	13	18	559	6340022	6339472	0.0	715
NC_003074.8:4584739-4585297	NC_003075.7	88.516	566	39	13	18	559	5392283	5391720	0.0	662
NC_003074.8:4584739-4585297	NC_003075.7	88.953	516	40	6	18	517	824053	823539	4.85e-177	621
NC_003074.8:4584739-4585297	NC_003075.7	89.366	489	36	8	18	490	6660987	6661475	6.32e-171	601
NC_003074.8:4584739-4585297	NC_003075.7	86.702	564	40	13	18	559	9112130	9111580	1.06e-168	593
NC_003074.8:4584739-4585297	NC_003075.7	86.257	553	56	11	18	559	15442194	15441651	2.29e-165	582
NC_003074.8:4584739-4585297	NC_003075.7	85.841	565	55	11	18	559	6115341	6115903	1.07e-163	577
NC_003074.8:4584739-4585297	NC_003075.7	85.638	564	58	14	18	559	572759	572197	4.96e-162	571
NC_003074.8:4584739-4585297	NC_003075.7	84.201	576	53	18	19	559	14458283	14457711	3.92e-148	525
NC_003074.8:4584739-4585297	NC_003075.7	84.087	553	67	18	18	559	8947760	8947218	8.47e-145	514
NC_003074.8:4584739-4585297	NC_003075.7	84.756	492	53	8	17	492	12607048	12606563	1.44e-132	473
NC_003074.8:4584739-4585297	NC_003071.7	95.413	545	20	4	18	559	9229179	9228637	0.0	863
NC_003074.8:4584739-4585297	NC_003071.7	88.183	567	41	11	18	559	2138820	2139385	0.0	652
NC_003074.8:4584739-4585297	NC_003071.7	87.831	567	44	11	16	559	5037749	5038313	0.0	641
NC_003074.8:4584739-4585297	NC_003071.7	89.362	517	37	8	17	517	4025412	4025926	0.0	634
NC_003074.8:4584739-4585297	NC_003071.7	87.433	557	55	11	18	559	6207151	6206595	1.04e-178	627
NC_003074.8:4584739-4585297	NC_003071.7	86.879	564	39	14	18	559	13101810	13102360	2.27e-170	599
NC_003074.8:4584739-4585297	NC_003071.7	86.467	569	48	16	19	559	1409588	1410155	8.18e-170	597
NC_003074.8:4584739-4585297	NC_003071.7	85.739	582	46	18	1	559	12556637	12557204	8.24e-165	580
NC_003074.8:4584739-4585297	NC_003071.7	86.076	553	57	11	18	559	1670334	1669791	1.07e-163	577
NC_003074.8:4584739-4585297	NC_003071.7	85.866	566	52	17	18	559	7340381	7340942	1.07e-163	577
NC_003074.8:4584739-4585297	NC_003071.7	86.250	560	40	15	17	554	13885930	13886474	1.38e-162	573
NC_003074.8:4584739-4585297	NC_003071.7	85.336	566	59	12	18	559	5010652	5010087	8.30e-160	564
NC_003074.8:4584739-4585297	NC_003071.7	85.561	561	47	12	18	557	9226025	9225478	1.39e-157	556
NC_003074.8:4584739-4585297	NC_003071.7	84.740	557	61	17	18	559	15134225	15134772	1.81e-151	536
NC_003074.8:4584739-4585297	NC_003071.7	85.081	496	57	6	14	492	19172672	19172177	1.43e-137	490
NC_003074.8:4584739-4585297	NC_003071.7	87.838	222	23	4	17	236	9433090	9433309	1.58e-67	257
NC_003074.8:4584739-4585297	NC_003071.7	88.591	149	10	4	418	559	7351399	7351547	1.63e-42	174
NC_003074.8:4584739-4585297	NC_003076.8	94.862	545	24	4	18	559	7701181	7700638	0.0	848
NC_003074.8:4584739-4585297	NC_003076.8	88.752	569	37	12	17	559	9068736	9068169	0.0	671
NC_003074.8:4584739-4585297	NC_003076.8	88.673	565	39	13	18	559	22621740	22621178	0.0	665
NC_003074.8:4584739-4585297	NC_003076.8	88.536	567	40	16	18	559	3566350	3566916	0.0	664
NC_003074.8:4584739-4585297	NC_003076.8	88.309	556	50	13	18	559	14810271	14810825	0.0	652
NC_003074.8:4584739-4585297	NC_003076.8	88.172	558	50	11	18	559	9558216	9557659	0.0	651
NC_003074.8:4584739-4585297	NC_003076.8	87.792	557	53	11	18	559	13892686	13892130	0.0	638
NC_003074.8:4584739-4585297	NC_003076.8	87.411	564	48	10	18	559	5625058	5625620	1.04e-178	627
NC_003074.8:4584739-4585297	NC_003076.8	86.980	553	52	13	18	559	17043358	17043901	4.89e-172	604
NC_003074.8:4584739-4585297	NC_003076.8	87.138	552	44	17	18	559	15580807	15581341	6.32e-171	601
NC_003074.8:4584739-4585297	NC_003076.8	86.170	564	46	18	14	559	8748921	8749470	8.24e-165	580
NC_003074.8:4584739-4585297	NC_003076.8	85.664	572	46	15	9	559	26787662	26787106	1.78e-161	569
NC_003074.8:4584739-4585297	NC_003076.8	85.790	563	47	13	18	559	19101558	19102108	2.31e-160	566
NC_003074.8:4584739-4585297	NC_003076.8	85.895	553	43	15	18	559	7069989	7070517	1.39e-157	556
NC_003074.8:4584739-4585297	NC_003076.8	85.791	556	41	12	18	559	4936961	4937492	4.99e-157	555
NC_003074.8:4584739-4585297	NC_003076.8	91.582	392	28	5	16	403	706999	706609	1.81e-151	536
NC_003074.8:4584739-4585297	NC_003076.8	88.221	416	43	6	18	428	24117960	24118374	3.97e-138	492
NC_003074.8:4584739-4585297	NC_003076.8	88.325	394	40	5	20	407	15882295	15882688	6.69e-131	468
NC_003074.8:4584739-4585297	NC_003076.8	83.960	505	52	12	18	506	22335576	22335085	1.45e-127	457
NC_003074.8:4584739-4585297	NC_003076.8	88.406	345	27	11	225	559	14395374	14395033	1.91e-111	403
NC_003074.8:4584739-4585297	NC_003076.8	88.406	345	27	11	225	559	14454673	14454332	1.91e-111	403
NC_003074.8:4584739-4585297	NC_003076.8	89.474	209	20	2	20	226	14395843	14395635	3.39e-69	263
NC_003074.8:4584739-4585297	NC_003076.8	89.474	209	20	2	20	226	14455142	14454934	3.39e-69	263
NC_003074.8:4584739-4585297	NC_003076.8	87.013	231	27	3	18	246	13231669	13231898	1.58e-67	257
NC_003074.8:4584739-4585297	NC_003076.8	85.068	221	29	4	18	236	6702418	6702200	5.75e-57	222
NC_003074.8:4584739-4585297	NC_003076.8	86.127	173	23	1	18	189	24586631	24586803	7.55e-46	185
NC_003074.8:4584739-4585297	NC_003076.8	86.400	125	8	6	442	559	13677934	13677812	1.29e-28	128
NC_003074.8:4584739-4585297	NC_003076.8	97.500	40	1	0	418	457	26892384	26892423	7.93e-11	69.4
NC_003071.7:19623079-19623646	NC_003071.7	100.000	568	0	0	1	568	19623079	19623646	0.0	1050
NC_003071.7:19623079-19623646	NC_003071.7	95.978	547	21	1	22	568	1670336	1669791	0.0	887
NC_003071.7:19623079-19623646	NC_003071.7	92.922	551	32	4	23	568	15134224	15134772	0.0	795
NC_003071.7:19623079-19623646	NC_003071.7	94.960	496	22	3	18	512	19243141	19242648	0.0	774
NC_003071.7:19623079-19623646	NC_003071.7	87.302	567	46	12	24	568	5037751	5038313	3.82e-178	625
NC_003071.7:19623079-19623646	NC_003071.7	86.655	562	57	10	22	568	6207153	6206595	1.38e-172	606
NC_003071.7:19623079-19623646	NC_003071.7	86.980	553	54	7	24	568	9229179	9228637	1.38e-172	606
NC_003071.7:19623079-19623646	NC_003071.7	85.787	591	57	13	3	568	2138797	2139385	6.43e-171	601
NC_003071.7:19623079-19623646	NC_003071.7	86.116	569	52	8	24	568	5010652	5010087	5.01e-167	588
NC_003071.7:19623079-19623646	NC_003071.7	86.316	570	40	12	21	568	13101807	13102360	1.80e-166	586
NC_003071.7:19623079-19623646	NC_003071.7	85.714	567	43	8	24	568	12556654	12557204	8.44e-160	564
NC_003071.7:19623079-19623646	NC_003071.7	86.381	536	48	10	24	537	4025413	4025945	3.03e-159	562
NC_003071.7:19623079-19623646	NC_003071.7	85.464	571	48	12	24	568	7340381	7340942	3.03e-159	562
NC_003071.7:19623079-19623646	NC_003071.7	85.638	564	46	16	23	566	9226026	9225478	1.09e-158	560
NC_003071.7:19623079-19623646	NC_003071.7	84.348	575	63	6	16	568	1596910	1597479	5.11e-152	538
NC_003071.7:19623079-19623646	NC_003071.7	85.080	563	42	11	24	563	13885931	13886474	1.84e-151	536
NC_003071.7:19623079-19623646	NC_003071.7	85.825	515	45	11	42	531	17147641	17147130	5.15e-147	521
NC_003071.7:19623079-19623646	NC_003071.7	83.737	578	63	20	18	568	1409582	1410155	6.66e-146	518
NC_003071.7:19623079-19623646	NC_003071.7	83.509	570	63	17	22	568	9860516	9859955	1.87e-141	503
NC_003071.7:19623079-19623646	NC_003071.7	86.066	488	45	3	23	488	19172669	19172183	1.87e-141	503
NC_003071.7:19623079-19623646	NC_003071.7	84.926	272	38	3	298	568	9433300	9433569	5.73e-72	272
NC_003071.7:19623079-19623646	NC_003071.7	86.726	226	23	5	348	568	1038272	1038049	1.25e-63	244
NC_003071.7:19623079-19623646	NC_003071.7	87.264	212	16	5	24	227	9433091	9433299	9.72e-60	231
NC_003071.7:19623079-19623646	NC_003071.7	83.544	237	22	7	349	568	1383789	1383553	5.89e-52	206
NC_003071.7:19623079-19623646	NC_003071.7	87.861	173	12	5	397	568	8907832	8907996	1.28e-48	195
NC_003071.7:19623079-19623646	NC_003071.7	82.805	221	15	10	348	568	9311421	9311618	4.62e-43	176
NC_003071.7:19623079-19623646	NC_003071.7	87.786	131	13	3	438	568	3212452	3212325	2.80e-35	150
NC_003071.7:19623079-19623646	NC_003071.7	87.786	131	13	3	438	568	11285242	11285115	2.80e-35	150
NC_003071.7:19623079-19623646	NC_003071.7	85.385	130	16	3	439	568	6663995	6664121	1.01e-29	132
NC_003071.7:19623079-19623646	NC_003071.7	85.385	130	15	4	439	568	7112803	7112928	1.01e-29	132
NC_003071.7:19623079-19623646	NC_003071.7	91.566	83	6	1	486	568	9585274	9585355	3.67e-24	113
NC_003071.7:19623079-19623646	NC_003071.7	82.812	128	17	5	442	568	4024867	4024990	4.75e-23	110
NC_003071.7:19623079-19623646	NC_003071.7	90.476	84	7	1	24	106	11597292	11597375	4.75e-23	110
NC_003071.7:19623079-19623646	NC_003071.7	85.897	78	8	3	10	86	11909734	11909659	3.73e-14	80.5
NC_003071.7:19623079-19623646	NC_003071.7	88.889	63	6	1	24	86	6901191	6901252	4.82e-13	76.8
NC_003071.7:19623079-19623646	NC_003071.7	100.000	40	0	0	348	387	7351291	7351330	1.73e-12	75.0
NC_003071.7:19623079-19623646	NC_003071.7	84.416	77	8	3	13	86	9029793	9029868	6.23e-12	73.1
NC_003071.7:19623079-19623646	NC_003071.7	87.302	63	7	1	24	86	10070964	10070903	2.24e-11	71.3
NC_003071.7:19623079-19623646	NC_003071.7	87.097	62	7	1	24	85	3198502	3198442	8.06e-11	69.4
NC_003071.7:19623079-19623646	NC_003071.7	85.714	63	8	1	24	86	1322856	1322795	1.04e-09	65.8
NC_003071.7:19623079-19623646	NC_003071.7	85.484	62	8	1	25	86	2320063	2320123	3.75e-09	63.9
NC_003071.7:19623079-19623646	NC_003071.7	100.000	28	0	0	541	568	7177617	7177590	8.12e-06	52.8
NC_003071.7:19623079-19623646	NC_003076.8	96.697	545	17	1	24	568	17043358	17043901	0.0	905
NC_003071.7:19623079-19623646	NC_003076.8	94.301	544	29	2	23	566	16712850	16713391	0.0	832
NC_003071.7:19623079-19623646	NC_003076.8	93.613	548	17	7	22	568	7069987	7070517	0.0	802
NC_003071.7:19623079-19623646	NC_003076.8	88.319	565	45	4	24	568	24448812	24449375	0.0	658
NC_003071.7:19623079-19623646	NC_003076.8	87.153	576	51	6	14	568	17726412	17726985	2.28e-180	632
NC_003071.7:19623079-19623646	NC_003076.8	87.120	559	56	9	23	568	14810270	14810825	1.78e-176	619
NC_003071.7:19623079-19623646	NC_003076.8	86.538	572	49	9	22	568	3566348	3566916	4.97e-172	604
NC_003071.7:19623079-19623646	NC_003076.8	86.655	562	56	10	23	568	9558217	9557659	4.97e-172	604
NC_003071.7:19623079-19623646	NC_003076.8	86.583	559	59	8	24	568	13892686	13892130	1.79e-171	603
NC_003071.7:19623079-19623646	NC_003076.8	86.165	571	63	8	13	568	16870910	16871479	1.79e-171	603
NC_003071.7:19623079-19623646	NC_003076.8	86.189	572	52	16	14	568	19101547	19102108	1.08e-168	593
NC_003071.7:19623079-19623646	NC_003076.8	86.268	568	52	15	23	568	22621741	22621178	1.08e-168	593
NC_003071.7:19623079-19623646	NC_003076.8	85.891	567	58	9	22	568	5625056	5625620	6.48e-166	584
NC_003071.7:19623079-19623646	NC_003076.8	85.940	569	54	15	24	568	9068735	9068169	6.48e-166	584
NC_003071.7:19623079-19623646	NC_003076.8	85.893	560	59	8	18	568	7701186	7700638	3.01e-164	579
NC_003071.7:19623079-19623646	NC_003076.8	86.042	566	41	16	24	568	26787654	26787106	1.40e-162	573
NC_003071.7:19623079-19623646	NC_003076.8	84.854	581	49	13	24	568	7417331	7417908	2.36e-155	549
NC_003071.7:19623079-19623646	NC_003076.8	85.072	556	62	13	22	568	14104210	14103667	8.50e-155	547
NC_003071.7:19623079-19623646	NC_003076.8	84.035	570	50	11	23	568	6420379	6419827	1.11e-143	510
NC_003071.7:19623079-19623646	NC_003076.8	82.862	601	52	19	16	568	24117953	24118550	4.04e-138	492
NC_003071.7:19623079-19623646	NC_003076.8	84.706	510	56	12	18	513	22335581	22335080	1.45e-137	490
NC_003071.7:19623079-19623646	NC_003076.8	84.542	524	44	10	49	538	26015331	26015851	6.76e-136	484
NC_003071.7:19623079-19623646	NC_003076.8	83.016	577	55	13	14	568	9854336	9854891	2.43e-135	483
NC_003071.7:19623079-19623646	NC_003076.8	88.889	378	34	2	22	392	15882291	15882667	4.10e-128	459
NC_003071.7:19623079-19623646	NC_003076.8	85.788	387	43	6	16	392	4936952	4937336	2.52e-110	399
NC_003071.7:19623079-19623646	NC_003076.8	86.589	343	36	7	231	568	14395370	14395033	1.97e-101	370
NC_003071.7:19623079-19623646	NC_003076.8	86.589	343	36	7	231	568	14454669	14454332	1.97e-101	370
NC_003071.7:19623079-19623646	NC_003076.8	93.981	216	12	1	90	305	17885905	17885691	4.33e-88	326
NC_003071.7:19623079-19623646	NC_003076.8	95.906	171	7	0	222	392	13678951	13678781	1.23e-73	278
NC_003071.7:19623079-19623646	NC_003076.8	87.124	233	21	3	23	248	13231668	13231898	5.77e-67	255
NC_003071.7:19623079-19623646	NC_003076.8	84.170	259	33	6	311	568	24586805	24587056	1.25e-63	244
NC_003071.7:19623079-19623646	NC_003076.8	88.095	210	15	4	26	227	14395843	14395636	1.61e-62	241
NC_003071.7:19623079-19623646	NC_003076.8	88.095	210	15	4	26	227	14455142	14454935	1.61e-62	241
NC_003071.7:19623079-19623646	NC_003076.8	90.164	183	15	3	386	568	13231894	13232073	7.51e-61	235
NC_003071.7:19623079-19623646	NC_003076.8	85.776	232	19	6	348	566	13734262	13734492	2.70e-60	233
NC_003071.7:19623079-19623646	NC_003076.8	84.746	236	20	4	348	568	8602053	8601819	5.85e-57	222
NC_003071.7:19623079-19623646	NC_003076.8	84.188	234	24	6	348	568	20278847	20278614	9.79e-55	215
NC_003071.7:19623079-19623646	NC_003076.8	88.439	173	11	5	397	568	10041976	10041812	2.74e-50	200
NC_003071.7:19623079-19623646	NC_003076.8	85.572	201	15	6	348	535	5648113	5647914	9.86e-50	198
NC_003071.7:19623079-19623646	NC_003076.8	83.486	218	25	5	18	227	6702424	6702210	4.59e-48	193
NC_003071.7:19623079-19623646	NC_003076.8	89.231	130	9	5	439	568	21775911	21775787	1.67e-37	158
NC_003071.7:19623079-19623646	NC_003076.8	86.923	130	13	4	439	568	5428081	5427956	4.68e-33	143
NC_003071.7:19623079-19623646	NC_003076.8	88.000	125	10	5	445	568	14143814	14143694	4.68e-33	143
NC_003071.7:19623079-19623646	NC_003076.8	86.923	130	13	4	439	568	17796263	17796138	4.68e-33	143
NC_003071.7:19623079-19623646	NC_003076.8	86.822	129	14	3	440	568	7153309	7153184	1.68e-32	141
NC_003071.7:19623079-19623646	NC_003076.8	86.154	130	14	2	439	568	4314741	4314866	2.18e-31	137
NC_003071.7:19623079-19623646	NC_003076.8	86.260	131	13	5	439	568	15042260	15042134	2.18e-31	137
NC_003071.7:19623079-19623646	NC_003076.8	86.154	130	15	3	439	568	15604795	15604669	2.18e-31	137
NC_003071.7:19623079-19623646	NC_003076.8	86.154	130	14	4	439	568	16358419	16358544	2.18e-31	137
NC_003071.7:19623079-19623646	NC_003076.8	91.667	96	7	1	24	118	14880216	14880311	1.01e-29	132
NC_003071.7:19623079-19623646	NC_003076.8	90.816	98	7	1	23	118	15659432	15659335	3.65e-29	130
NC_003071.7:19623079-19623646	NC_003076.8	84.848	132	15	5	441	568	25265207	25265337	1.31e-28	128
NC_003071.7:19623079-19623646	NC_003076.8	84.615	130	17	3	439	568	10715496	10715622	4.72e-28	126
NC_003071.7:19623079-19623646	NC_003076.8	84.615	130	17	3	439	568	24475417	24475291	4.72e-28	126
NC_003071.7:19623079-19623646	NC_003076.8	84.733	131	13	5	439	568	8744749	8744625	1.70e-27	124
NC_003071.7:19623079-19623646	NC_003076.8	91.011	89	8	0	30	118	12316083	12315995	2.20e-26	121
NC_003071.7:19623079-19623646	NC_003076.8	87.156	109	9	5	464	568	15882659	15882766	7.89e-26	119
NC_003071.7:19623079-19623646	NC_003076.8	88.421	95	11	0	24	118	20674822	20674728	1.02e-24	115
NC_003071.7:19623079-19623646	NC_003076.8	83.178	107	13	4	24	126	21016569	21016464	4.79e-18	93.5
NC_003071.7:19623079-19623646	NC_003076.8	90.476	63	5	1	24	86	22020973	22021034	1.04e-14	82.4
NC_003071.7:19623079-19623646	NC_003076.8	88.889	63	6	1	24	86	17481151	17481212	4.82e-13	76.8
NC_003071.7:19623079-19623646	NC_003076.8	86.111	72	7	3	16	86	7488985	7488916	1.73e-12	75.0
NC_003071.7:19623079-19623646	NC_003076.8	87.500	64	8	0	23	86	8280717	8280780	1.73e-12	75.0
NC_003071.7:19623079-19623646	NC_003076.8	87.692	65	7	1	22	86	9866839	9866902	1.73e-12	75.0
NC_003071.7:19623079-19623646	NC_003076.8	87.692	65	7	1	22	86	15536014	15535951	1.73e-12	75.0
NC_003071.7:19623079-19623646	NC_003076.8	100.000	40	0	0	348	387	17481786	17481825	1.73e-12	75.0
NC_003071.7:19623079-19623646	NC_003076.8	97.674	43	1	0	348	390	17955910	17955868	1.73e-12	75.0
NC_003071.7:19623079-19623646	NC_003076.8	100.000	40	0	0	348	387	26892276	26892315	1.73e-12	75.0
NC_003071.7:19623079-19623646	NC_003076.8	82.143	84	12	3	24	106	19153746	19153665	8.06e-11	69.4
NC_003071.7:19623079-19623646	NC_003076.8	85.714	63	8	1	24	86	15162255	15162316	1.04e-09	65.8
NC_003071.7:19623079-19623646	NC_003075.7	95.886	559	19	4	11	568	15442206	15441651	0.0	902
NC_003071.7:19623079-19623646	NC_003075.7	90.476	546	48	4	24	568	12365606	12365064	0.0	717
NC_003071.7:19623079-19623646	NC_003075.7	87.478	567	49	5	22	568	1521255	1521819	0.0	634
NC_003071.7:19623079-19623646	NC_003075.7	87.238	572	49	7	17	568	6115336	6115903	8.20e-180	630
NC_003071.7:19623079-19623646	NC_003075.7	86.282	554	56	7	24	568	7034793	7034251	6.48e-166	584
NC_003071.7:19623079-19623646	NC_003075.7	85.395	582	58	9	9	568	5392296	5391720	3.01e-164	579
NC_003071.7:19623079-19623646	NC_003075.7	85.484	558	63	14	23	568	6340023	6339472	2.35e-160	566
NC_003071.7:19623079-19623646	NC_003075.7	85.417	576	45	6	16	568	9112139	9111580	3.03e-159	562
NC_003071.7:19623079-19623646	NC_003075.7	85.035	568	59	9	23	568	572760	572197	5.08e-157	555
NC_003071.7:19623079-19623646	NC_003075.7	84.775	578	49	11	25	568	14458283	14457711	1.10e-153	544
NC_003071.7:19623079-19623646	NC_003075.7	85.424	542	56	9	16	537	824060	823522	3.95e-153	542
NC_003071.7:19623079-19623646	NC_003075.7	83.533	583	60	20	17	568	12607054	12606477	3.10e-144	512
NC_003071.7:19623079-19623646	NC_003075.7	85.455	495	48	9	22	494	6660985	6661477	1.12e-138	494
NC_003071.7:19623079-19623646	NC_003075.7	84.188	234	24	4	348	568	6243586	6243819	9.79e-55	215
NC_003071.7:19623079-19623646	NC_003075.7	83.761	234	22	5	348	568	9193138	9193368	1.64e-52	207
NC_003071.7:19623079-19623646	NC_003075.7	88.372	172	11	5	398	568	964026	963863	9.86e-50	198
NC_003071.7:19623079-19623646	NC_003075.7	82.301	226	34	5	347	568	1198936	1198713	1.65e-47	191
NC_003071.7:19623079-19623646	NC_003075.7	87.692	130	13	3	439	568	8065578	8065704	1.01e-34	148
NC_003071.7:19623079-19623646	NC_003075.7	86.923	130	15	2	439	568	4148055	4148182	1.30e-33	145
NC_003071.7:19623079-19623646	NC_003075.7	86.923	130	14	3	439	568	370914	370788	4.68e-33	143
NC_003071.7:19623079-19623646	NC_003075.7	86.923	130	13	4	439	568	684233	684358	4.68e-33	143
NC_003071.7:19623079-19623646	NC_003075.7	86.923	130	14	3	439	568	16863389	16863263	4.68e-33	143
NC_003071.7:19623079-19623646	NC_003075.7	86.260	131	13	5	439	568	11192401	11192275	2.18e-31	137
NC_003071.7:19623079-19623646	NC_003075.7	91.667	96	8	0	23	118	7652563	7652658	2.82e-30	134
NC_003071.7:19623079-19623646	NC_003075.7	90.625	96	8	1	24	118	7154779	7154874	4.72e-28	126
NC_003071.7:19623079-19623646	NC_003075.7	89.130	92	10	0	22	113	7905769	7905860	1.02e-24	115
NC_003071.7:19623079-19623646	NC_003075.7	84.821	112	14	2	24	132	2040107	2040218	4.75e-23	110
NC_003071.7:19623079-19623646	NC_003075.7	87.500	96	11	1	24	118	6427216	6427121	4.75e-23	110
NC_003071.7:19623079-19623646	NC_003075.7	85.567	97	10	4	24	118	12968438	12968344	1.03e-19	99.0
NC_003071.7:19623079-19623646	NC_003075.7	84.375	96	12	3	473	568	14390354	14390262	1.72e-17	91.6
NC_003071.7:19623079-19623646	NC_003075.7	92.188	64	4	1	23	86	6169230	6169168	6.19e-17	89.8
NC_003071.7:19623079-19623646	NC_003075.7	87.342	79	8	2	9	86	8899062	8899139	6.19e-17	89.8
NC_003071.7:19623079-19623646	NC_003075.7	88.060	67	6	2	20	86	7230732	7230796	1.34e-13	78.7
NC_003071.7:19623079-19623646	NC_003075.7	87.692	65	7	1	22	86	9192541	9192604	1.73e-12	75.0
NC_003071.7:19623079-19623646	NC_003075.7	87.302	63	7	1	24	86	7384282	7384221	2.24e-11	71.3
NC_003071.7:19623079-19623646	NC_003075.7	85.714	63	8	1	24	86	1199585	1199524	1.04e-09	65.8
NC_003071.7:19623079-19623646	NC_003075.7	88.000	50	4	2	520	568	3359186	3359234	1.75e-07	58.4
NC_003071.7:19623079-19623646	NC_003074.8	95.963	545	21	1	24	568	11132202	11132745	0.0	883
NC_003071.7:19623079-19623646	NC_003074.8	94.656	524	21	7	24	546	423197	422680	0.0	806
NC_003071.7:19623079-19623646	NC_003074.8	88.406	552	50	4	24	568	11315007	11315551	0.0	652
NC_003071.7:19623079-19623646	NC_003074.8	87.018	570	49	10	19	568	23085526	23086090	1.78e-176	619
NC_003071.7:19623079-19623646	NC_003074.8	86.949	567	53	7	22	568	10405394	10405959	6.38e-176	617
NC_003071.7:19623079-19623646	NC_003074.8	86.738	558	58	8	24	568	10708625	10709179	1.38e-172	606
NC_003071.7:19623079-19623646	NC_003074.8	86.620	568	49	13	23	568	16485870	16485308	1.79e-171	603
NC_003071.7:19623079-19623646	NC_003074.8	86.404	559	60	8	24	568	16405196	16405752	8.32e-170	597
NC_003071.7:19623079-19623646	NC_003074.8	85.864	573	59	5	17	568	11091011	11090440	1.39e-167	590
NC_003071.7:19623079-19623646	NC_003074.8	85.989	571	54	15	22	568	3080593	3080025	5.01e-167	588
NC_003071.7:19623079-19623646	NC_003074.8	85.971	556	65	7	23	568	10718346	10717794	2.33e-165	582
NC_003071.7:19623079-19623646	NC_003074.8	85.866	566	59	4	23	568	14057123	14057687	2.33e-165	582
NC_003071.7:19623079-19623646	NC_003074.8	86.096	561	54	10	30	568	16723678	16723120	2.33e-165	582
NC_003071.7:19623079-19623646	NC_003074.8	85.891	567	55	8	24	568	19436871	19437434	8.38e-165	580
NC_003071.7:19623079-19623646	NC_003074.8	85.868	559	62	9	24	568	7766062	7766617	3.01e-164	579
NC_003071.7:19623079-19623646	NC_003074.8	86.257	553	53	7	36	568	18634492	18633943	3.01e-164	579
NC_003071.7:19623079-19623646	NC_003074.8	85.590	576	47	10	26	568	6729497	6728925	5.04e-162	571
NC_003071.7:19623079-19623646	NC_003074.8	85.229	589	50	8	15	568	10758588	10758002	5.04e-162	571
NC_003071.7:19623079-19623646	NC_003074.8	85.391	575	55	12	19	568	5865859	5866429	1.81e-161	569
NC_003071.7:19623079-19623646	NC_003074.8	85.413	569	58	13	16	568	17402560	17402001	6.52e-161	568
NC_003071.7:19623079-19623646	NC_003074.8	85.563	568	42	7	24	568	7980633	7980083	3.93e-158	558
NC_003071.7:19623079-19623646	NC_003074.8	84.407	590	47	11	21	568	19739754	19740340	5.11e-152	538
NC_003071.7:19623079-19623646	NC_003074.8	83.158	570	59	14	24	568	21552658	21552101	1.88e-136	486
NC_003071.7:19623079-19623646	NC_003074.8	90.080	373	31	4	200	568	16235030	16234660	3.14e-134	479
NC_003071.7:19623079-19623646	NC_003074.8	88.298	376	35	3	24	392	4579237	4579610	4.12e-123	442
NC_003071.7:19623079-19623646	NC_003074.8	92.697	178	12	1	157	334	18887435	18887259	5.77e-67	255
NC_003071.7:19623079-19623646	NC_003074.8	89.080	174	18	1	396	568	8645166	8645339	9.79e-55	215
NC_003071.7:19623079-19623646	NC_003074.8	88.439	173	10	6	397	568	10681555	10681392	2.74e-50	200
NC_003071.7:19623079-19623646	NC_003074.8	88.281	128	12	3	441	568	17061510	17061386	2.80e-35	150
NC_003071.7:19623079-19623646	NC_003074.8	87.692	130	13	3	439	568	13328456	13328582	1.01e-34	148
NC_003071.7:19623079-19623646	NC_003074.8	87.692	130	13	3	439	568	17142573	17142447	1.01e-34	148
NC_003071.7:19623079-19623646	NC_003074.8	87.597	129	13	3	440	568	18019802	18019927	3.62e-34	147
NC_003071.7:19623079-19623646	NC_003074.8	86.614	127	14	3	442	568	1572003	1572126	2.18e-31	137
NC_003071.7:19623079-19623646	NC_003074.8	86.154	130	14	4	439	568	17275868	17275743	2.18e-31	137
NC_003071.7:19623079-19623646	NC_003074.8	85.496	131	14	5	439	568	16563461	16563587	1.01e-29	132
NC_003071.7:19623079-19623646	NC_003074.8	84.733	131	17	3	438	568	3966020	3966147	1.31e-28	128
NC_003071.7:19623079-19623646	NC_003074.8	85.156	128	15	4	442	568	17299274	17299150	1.31e-28	128
NC_003071.7:19623079-19623646	NC_003074.8	84.615	130	17	3	439	568	10574477	10574351	4.72e-28	126
NC_003071.7:19623079-19623646	NC_003074.8	89.583	96	9	1	23	117	7659522	7659427	2.20e-26	121
NC_003071.7:19623079-19623646	NC_003074.8	88.889	99	9	2	22	118	15918693	15918595	2.20e-26	121
NC_003071.7:19623079-19623646	NC_003074.8	91.667	84	7	0	23	106	19520640	19520723	2.84e-25	117
NC_003071.7:19623079-19623646	NC_003074.8	84.298	121	14	5	449	568	10321325	10321441	3.67e-24	113
NC_003071.7:19623079-19623646	NC_003074.8	90.588	85	7	1	24	107	10082828	10082744	1.32e-23	111
NC_003071.7:19623079-19623646	NC_003074.8	88.372	86	9	1	24	108	11287475	11287390	7.95e-21	102
NC_003071.7:19623079-19623646	NC_003074.8	91.045	67	6	0	147	213	16235639	16235573	1.72e-17	91.6
NC_003071.7:19623079-19623646	NC_003074.8	87.342	79	7	3	13	89	16235721	16235644	2.23e-16	87.9
NC_003071.7:19623079-19623646	NC_003074.8	90.476	63	5	1	24	86	20770464	20770403	1.04e-14	82.4
NC_003071.7:19623079-19623646	NC_003074.8	88.889	63	6	1	24	86	8596967	8596906	4.82e-13	76.8
NC_003071.7:19623079-19623646	NC_003074.8	86.111	72	8	2	16	86	19529014	19529084	4.82e-13	76.8
NC_003071.7:19623079-19623646	NC_003074.8	82.558	86	12	3	22	106	19537818	19537735	6.23e-12	73.1
NC_003071.7:19623079-19623646	NC_003074.8	87.302	63	7	1	24	86	16677616	16677677	2.24e-11	71.3
NC_003071.7:19623079-19623646	NC_003074.8	85.714	63	8	1	24	86	16535294	16535233	1.04e-09	65.8
NC_003071.7:19623079-19623646	NC_003074.8	84.127	63	9	1	24	86	10900762	10900823	4.85e-08	60.2
NC_003071.7:19623079-19623646	NC_003074.8	92.683	41	3	0	24	64	16902332	16902372	4.85e-08	60.2
NC_003071.7:19623079-19623646	NC_003074.8	100.000	31	0	0	24	54	9540459	9540489	1.75e-07	58.4
NC_003071.7:19623079-19623646	NC_003074.8	100.000	29	0	0	24	52	18172792	18172764	2.26e-06	54.7
NC_003071.7:19623079-19623646	NC_003074.8	100.000	28	0	0	541	568	4274957	4274930	8.12e-06	52.8
NC_003071.7:19623079-19623646	NC_003070.9	92.077	568	23	2	22	568	24718472	24719038	0.0	780
NC_003071.7:19623079-19623646	NC_003070.9	87.809	566	45	6	24	568	23125693	23125131	0.0	641
NC_003071.7:19623079-19623646	NC_003070.9	87.302	567	45	10	24	568	12097456	12098017	1.37e-177	623
NC_003071.7:19623079-19623646	NC_003070.9	86.964	560	55	10	24	568	27240719	27241275	8.26e-175	614
NC_003071.7:19623079-19623646	NC_003070.9	86.980	553	61	5	24	568	5899755	5899206	2.97e-174	612
NC_003071.7:19623079-19623646	NC_003070.9	86.833	562	46	15	24	568	4770665	4770115	1.79e-171	603
NC_003071.7:19623079-19623646	NC_003070.9	86.491	570	50	10	24	568	13495989	13495422	6.43e-171	601
NC_003071.7:19623079-19623646	NC_003070.9	86.491	570	43	14	22	568	26511228	26510670	2.99e-169	595
NC_003071.7:19623079-19623646	NC_003070.9	86.933	551	44	9	43	568	25779690	25780237	1.08e-168	593
NC_003071.7:19623079-19623646	NC_003070.9	86.201	558	63	10	23	568	16401004	16400449	3.87e-168	592
NC_003071.7:19623079-19623646	NC_003070.9	86.282	554	65	8	24	568	20205905	20205354	3.87e-168	592
NC_003071.7:19623079-19623646	NC_003070.9	85.640	578	62	11	1	568	22191986	22192552	5.01e-167	588
NC_003071.7:19623079-19623646	NC_003070.9	86.306	555	57	8	23	568	29244141	29244685	1.80e-166	586
NC_003071.7:19623079-19623646	NC_003070.9	86.146	563	52	13	22	568	21918432	21918984	6.48e-166	584
NC_003071.7:19623079-19623646	NC_003070.9	85.490	572	57	12	20	568	5862944	5863512	1.40e-162	573
NC_003071.7:19623079-19623646	NC_003070.9	85.689	559	63	10	24	568	26880721	26881276	1.40e-162	573
NC_003071.7:19623079-19623646	NC_003070.9	85.387	568	58	11	24	568	21739641	21739076	2.35e-160	566
NC_003071.7:19623079-19623646	NC_003070.9	85.284	564	64	11	19	568	540991	540433	8.44e-160	564
NC_003071.7:19623079-19623646	NC_003070.9	85.294	578	50	8	25	568	17502231	17502807	8.44e-160	564
NC_003071.7:19623079-19623646	NC_003070.9	84.817	573	64	12	13	568	10591994	10591428	5.08e-157	555
NC_003071.7:19623079-19623646	NC_003070.9	85.413	569	42	12	23	568	19769023	19769573	1.83e-156	553
NC_003071.7:19623079-19623646	NC_003070.9	87.629	485	47	7	91	566	10930990	10931470	6.57e-156	551
NC_003071.7:19623079-19623646	NC_003070.9	85.607	535	51	15	24	536	588027	587497	5.11e-152	538
NC_003071.7:19623079-19623646	NC_003070.9	84.549	576	54	20	24	568	13869873	13870444	5.11e-152	538
NC_003071.7:19623079-19623646	NC_003070.9	85.125	558	45	15	23	546	6219141	6218588	1.84e-151	536
NC_003071.7:19623079-19623646	NC_003070.9	84.859	568	44	12	24	568	10021962	10021414	6.61e-151	534
NC_003071.7:19623079-19623646	NC_003070.9	84.448	553	56	17	24	566	10853200	10852668	6.66e-146	518
NC_003071.7:19623079-19623646	NC_003070.9	84.155	568	50	15	24	568	11804094	11803544	8.62e-145	514
NC_003071.7:19623079-19623646	NC_003070.9	84.142	536	59	15	22	535	4582996	4583527	3.12e-139	496
NC_003071.7:19623079-19623646	NC_003070.9	83.012	571	70	14	21	568	13811469	13810903	4.04e-138	492
NC_003071.7:19623079-19623646	NC_003070.9	82.807	570	59	14	23	568	11732351	11732905	1.46e-132	473
NC_003071.7:19623079-19623646	NC_003070.9	82.772	534	70	12	22	546	2986894	2986374	1.47e-127	457
NC_003071.7:19623079-19623646	NC_003070.9	87.003	377	38	4	25	392	2587832	2587458	8.99e-115	414
NC_003071.7:19623079-19623646	NC_003070.9	85.470	234	26	2	22	248	12240503	12240735	2.09e-61	237
NC_003071.7:19623079-19623646	NC_003070.9	85.043	234	31	4	338	568	2473131	2472899	7.51e-61	235
NC_003071.7:19623079-19623646	NC_003070.9	90.164	183	15	3	386	568	12240731	12240910	7.51e-61	235
NC_003071.7:19623079-19623646	NC_003070.9	91.228	171	13	2	399	568	13313686	13313517	9.72e-60	231
NC_003071.7:19623079-19623646	NC_003070.9	89.655	174	14	4	397	568	9918624	9918453	7.57e-56	219
NC_003071.7:19623079-19623646	NC_003070.9	82.845	239	23	7	348	568	20514335	20514573	9.86e-50	198
NC_003071.7:19623079-19623646	NC_003070.9	86.705	173	14	5	397	568	16858796	16858632	2.76e-45	183
NC_003071.7:19623079-19623646	NC_003070.9	84.656	189	24	5	383	568	20559786	20559600	2.76e-45	183
NC_003071.7:19623079-19623646	NC_003070.9	85.632	174	21	4	397	568	20166842	20166671	3.57e-44	180
NC_003071.7:19623079-19623646	NC_003070.9	83.938	193	18	8	348	527	14013607	14013415	5.97e-42	172
NC_003071.7:19623079-19623646	NC_003070.9	83.889	180	20	3	17	189	2473313	2473136	3.60e-39	163
NC_003071.7:19623079-19623646	NC_003070.9	87.500	128	13	3	441	568	16327179	16327303	1.30e-33	145
NC_003071.7:19623079-19623646	NC_003070.9	87.500	128	13	3	441	568	16826246	16826370	1.30e-33	145
NC_003071.7:19623079-19623646	NC_003070.9	87.500	128	13	3	441	568	19465214	19465090	1.30e-33	145
NC_003071.7:19623079-19623646	NC_003070.9	86.923	130	13	4	439	568	8489539	8489414	4.68e-33	143
NC_003071.7:19623079-19623646	NC_003070.9	86.923	130	13	4	439	568	23553916	23553791	4.68e-33	143
NC_003071.7:19623079-19623646	NC_003070.9	86.719	128	14	3	441	568	12562353	12562229	6.06e-32	139
NC_003071.7:19623079-19623646	NC_003070.9	86.154	130	15	3	439	568	19064466	19064592	2.18e-31	137
NC_003071.7:19623079-19623646	NC_003070.9	86.154	130	13	5	439	568	11701603	11701727	7.84e-31	135
NC_003071.7:19623079-19623646	NC_003070.9	86.400	125	13	4	444	568	13015971	13015851	2.82e-30	134
NC_003071.7:19623079-19623646	NC_003070.9	85.496	131	15	4	438	568	14308890	14308764	2.82e-30	134
NC_003071.7:19623079-19623646	NC_003070.9	85.385	130	16	3	439	568	7037164	7037290	1.01e-29	132
NC_003071.7:19623079-19623646	NC_003070.9	88.393	112	10	3	10	118	12993611	12993500	1.01e-29	132
NC_003071.7:19623079-19623646	NC_003070.9	85.496	131	14	5	439	568	18792738	18792864	1.01e-29	132
NC_003071.7:19623079-19623646	NC_003070.9	85.385	130	15	4	439	568	22451880	22452005	1.01e-29	132
NC_003071.7:19623079-19623646	NC_003070.9	90.625	96	9	0	23	118	17605549	17605644	1.31e-28	128
NC_003071.7:19623079-19623646	NC_003070.9	85.156	128	15	4	442	568	22992056	22991932	1.31e-28	128
NC_003071.7:19623079-19623646	NC_003070.9	85.156	128	15	4	441	568	25962588	25962465	1.31e-28	128
NC_003071.7:19623079-19623646	NC_003070.9	90.625	96	8	1	24	118	8189961	8190056	4.72e-28	126
NC_003071.7:19623079-19623646	NC_003070.9	84.375	128	16	4	442	568	12328051	12327927	6.10e-27	122
NC_003071.7:19623079-19623646	NC_003070.9	84.375	128	16	4	442	568	22620714	22620590	6.10e-27	122
NC_003071.7:19623079-19623646	NC_003070.9	84.375	128	16	4	442	568	30251102	30250978	6.10e-27	122
NC_003071.7:19623079-19623646	NC_003070.9	88.542	96	10	1	24	118	9919332	9919237	1.02e-24	115
NC_003071.7:19623079-19623646	NC_003070.9	88.542	96	10	1	24	118	26306960	26307055	1.02e-24	115
NC_003071.7:19623079-19623646	NC_003070.9	86.111	108	11	4	23	127	12137684	12137578	3.67e-24	113
NC_003071.7:19623079-19623646	NC_003070.9	87.368	95	12	0	24	118	12183991	12183897	4.75e-23	110
NC_003071.7:19623079-19623646	NC_003070.9	86.598	97	11	1	24	118	19742138	19742042	6.15e-22	106
NC_003071.7:19623079-19623646	NC_003070.9	89.744	78	8	0	22	99	18766620	18766543	2.86e-20	100
NC_003071.7:19623079-19623646	NC_003070.9	87.500	80	9	1	30	108	18450390	18450311	1.72e-17	91.6
NC_003071.7:19623079-19623646	NC_003070.9	90.625	64	5	1	23	86	6514475	6514537	2.88e-15	84.2
NC_003071.7:19623079-19623646	NC_003070.9	87.324	71	6	3	16	86	18301148	18301081	1.34e-13	78.7
NC_003071.7:19623079-19623646	NC_003070.9	88.889	63	6	1	24	86	9385033	9384972	4.82e-13	76.8
NC_003071.7:19623079-19623646	NC_003070.9	85.507	69	8	2	19	86	12618633	12618700	2.24e-11	71.3
NC_003071.7:19623079-19623646	NC_003070.9	85.484	62	8	1	24	85	10579424	10579484	3.75e-09	63.9
NC_003071.7:19623079-19623646	NC_003070.9	100.000	28	0	0	541	568	21103382	21103355	8.12e-06	52.8
NC_003074.8:5590758-5591638	NC_003074.8	100.000	881	0	0	1	881	5591638	5590758	0.0	1628
NC_003074.8:5590758-5591638	NC_003074.8	94.576	885	38	6	2	878	10900762	10901644	0.0	1360
NC_003074.8:5590758-5591638	NC_003074.8	94.948	871	33	7	1	861	16535295	16534426	0.0	1354
NC_003074.8:5590758-5591638	NC_003074.8	94.250	887	42	5	1	878	16677615	16678501	0.0	1347
NC_003074.8:5590758-5591638	NC_003074.8	93.115	886	50	7	4	880	18496030	18495147	0.0	1288
NC_003074.8:5590758-5591638	NC_003074.8	92.680	888	40	9	1	880	16902331	16903201	0.0	1256
NC_003074.8:5590758-5591638	NC_003074.8	88.578	893	85	10	1	881	6941485	6940598	0.0	1068
NC_003074.8:5590758-5591638	NC_003074.8	87.821	895	68	17	1	881	20770465	20769598	0.0	1011
NC_003074.8:5590758-5591638	NC_003074.8	87.846	831	84	12	1	819	8596968	8596143	0.0	959
NC_003074.8:5590758-5591638	NC_003074.8	87.281	857	79	17	22	865	8328649	8329488	0.0	952
NC_003074.8:5590758-5591638	NC_003074.8	87.704	797	82	10	1	784	4467612	4468405	0.0	915
NC_003074.8:5590758-5591638	NC_003074.8	88.319	702	70	11	169	862	18171658	18170961	0.0	832
NC_003074.8:5590758-5591638	NC_003074.8	96.610	354	8	4	189	540	11589291	11588940	1.02e-165	584
NC_003074.8:5590758-5591638	NC_003074.8	87.104	473	51	8	318	784	11456100	11455632	1.75e-148	527
NC_003074.8:5590758-5591638	NC_003074.8	91.789	341	21	6	548	881	11588976	11588636	1.07e-130	468
NC_003074.8:5590758-5591638	NC_003074.8	82.500	520	49	22	378	878	17210070	17209574	1.10e-115	418
NC_003074.8:5590758-5591638	NC_003074.8	89.552	201	15	2	2	196	11456304	11456104	4.23e-65	250
NC_003074.8:5590758-5591638	NC_003074.8	86.567	201	18	4	2	196	19529023	19529220	5.55e-54	213
NC_003074.8:5590758-5591638	NC_003074.8	97.727	44	1	0	1	44	16279409	16279452	7.60e-13	76.8
NC_003074.8:5590758-5591638	NC_003070.9	94.785	882	35	7	1	875	21127988	21128865	0.0	1363
NC_003074.8:5590758-5591638	NC_003070.9	94.331	882	39	7	5	878	9418943	9418065	0.0	1341
NC_003074.8:5590758-5591638	NC_003070.9	94.018	886	43	5	1	878	20167556	20166673	0.0	1334
NC_003074.8:5590758-5591638	NC_003070.9	93.792	886	45	5	2	878	12618638	12619522	0.0	1323
NC_003074.8:5590758-5591638	NC_003070.9	93.581	888	47	6	1	878	11670246	11669359	0.0	1315
NC_003074.8:5590758-5591638	NC_003070.9	88.539	890	72	16	2	878	8538889	8539761	0.0	1051
NC_003074.8:5590758-5591638	NC_003070.9	88.229	892	70	18	2	878	9385033	9384162	0.0	1033
NC_003074.8:5590758-5591638	NC_003070.9	87.821	895	75	17	1	881	18301143	18300269	0.0	1018
NC_003074.8:5590758-5591638	NC_003070.9	87.263	895	81	20	1	881	3250606	3251481	0.0	990
NC_003074.8:5590758-5591638	NC_003070.9	86.652	899	92	18	2	878	20513679	20514571	0.0	970
NC_003074.8:5590758-5591638	NC_003070.9	86.233	908	87	23	1	878	697375	696476	0.0	950
NC_003074.8:5590758-5591638	NC_003070.9	86.614	889	73	12	1	878	21616152	21615299	0.0	941
NC_003074.8:5590758-5591638	NC_003070.9	86.588	850	68	20	2	838	14014231	14013415	0.0	896
NC_003074.8:5590758-5591638	NC_003070.9	94.492	581	26	2	2	576	3762158	3762738	0.0	891
NC_003074.8:5590758-5591638	NC_003070.9	86.918	795	75	12	2	784	6514476	6515253	0.0	865
NC_003074.8:5590758-5591638	NC_003070.9	84.994	893	82	16	2	881	8623608	8622755	0.0	859
NC_003074.8:5590758-5591638	NC_003070.9	85.395	849	92	15	2	823	5437788	5436945	0.0	852
NC_003074.8:5590758-5591638	NC_003070.9	85.076	851	94	18	2	823	29775140	29774294	0.0	837
NC_003074.8:5590758-5591638	NC_003070.9	95.397	478	21	1	402	878	10579662	10580139	0.0	760
NC_003074.8:5590758-5591638	NC_003070.9	95.010	481	23	1	402	881	20560079	20559599	0.0	754
NC_003074.8:5590758-5591638	NC_003070.9	86.370	719	58	18	2	682	10239320	10240036	0.0	749
NC_003074.8:5590758-5591638	NC_003070.9	95.851	241	9	1	625	864	3762734	3762974	8.60e-107	388
NC_003074.8:5590758-5591638	NC_003070.9	93.697	238	8	2	1	232	10579423	10579659	4.06e-95	350
NC_003074.8:5590758-5591638	NC_003070.9	97.849	186	4	0	47	232	20560267	20560082	8.84e-87	322
NC_003074.8:5590758-5591638	NC_003070.9	88.936	235	22	4	645	878	12097784	12098015	3.23e-76	287
NC_003074.8:5590758-5591638	NC_003070.9	90.099	202	12	4	2	196	20172809	20172609	9.10e-67	255
NC_003074.8:5590758-5591638	NC_003070.9	100.000	29	0	0	850	878	1706409	1706437	3.56e-06	54.7
NC_003074.8:5590758-5591638	NC_003071.7	94.357	886	44	2	2	881	3198502	3197617	0.0	1354
NC_003074.8:5590758-5591638	NC_003071.7	93.701	889	48	3	1	881	1322857	1321969	0.0	1325
NC_003074.8:5590758-5591638	NC_003071.7	92.874	870	37	9	1	861	9455316	9456169	0.0	1240
NC_003074.8:5590758-5591638	NC_003071.7	87.780	892	67	23	1	878	1038914	1038051	0.0	1005
NC_003074.8:5590758-5591638	NC_003071.7	87.444	892	74	18	3	878	2320063	2320932	0.0	992
NC_003074.8:5590758-5591638	NC_003071.7	88.457	797	75	11	1	782	9029806	9030600	0.0	946
NC_003074.8:5590758-5591638	NC_003071.7	87.380	832	86	13	2	819	8172835	8173661	0.0	937
NC_003074.8:5590758-5591638	NC_003071.7	86.044	910	78	19	1	878	7350653	7351545	0.0	931
NC_003074.8:5590758-5591638	NC_003071.7	87.260	832	87	14	1	818	10070965	10070139	0.0	931
NC_003074.8:5590758-5591638	NC_003071.7	87.066	835	74	20	1	823	11909721	11908909	0.0	913
NC_003074.8:5590758-5591638	NC_003071.7	86.499	837	95	13	1	823	1348077	1347245	0.0	904
NC_003074.8:5590758-5591638	NC_003071.7	85.426	892	84	29	1	878	10997044	10996185	0.0	885
NC_003074.8:5590758-5591638	NC_003071.7	85.347	894	86	27	2	881	1384414	1383552	0.0	883
NC_003074.8:5590758-5591638	NC_003071.7	87.231	791	71	14	8	784	7177587	7176813	0.0	874
NC_003074.8:5590758-5591638	NC_003071.7	86.951	751	81	12	2	738	14571894	14572641	0.0	828
NC_003074.8:5590758-5591638	NC_003071.7	84.600	500	54	12	318	810	7094024	7094507	6.41e-133	475
NC_003074.8:5590758-5591638	NC_003071.7	90.148	203	12	5	1	196	9584606	9584807	2.53e-67	257
NC_003074.8:5590758-5591638	NC_003071.7	86.179	246	22	9	444	682	9311218	9311458	9.10e-67	255
NC_003074.8:5590758-5591638	NC_003071.7	88.557	201	17	1	2	196	7093820	7094020	9.16e-62	239
NC_003074.8:5590758-5591638	NC_003071.7	88.119	202	18	2	1	196	6901190	6901391	1.19e-60	235
NC_003074.8:5590758-5591638	NC_003075.7	94.263	889	39	6	1	878	8899076	8899963	0.0	1349
NC_003074.8:5590758-5591638	NC_003075.7	93.123	887	37	9	1	878	1199586	1198715	0.0	1279
NC_003074.8:5590758-5591638	NC_003075.7	94.194	844	39	4	2	837	8820690	8819849	0.0	1279
NC_003074.8:5590758-5591638	NC_003075.7	92.559	887	38	8	1	878	7230734	7231601	0.0	1247
NC_003074.8:5590758-5591638	NC_003075.7	89.001	891	66	21	2	878	6169229	6168357	0.0	1074
NC_003074.8:5590758-5591638	NC_003075.7	88.320	899	76	16	2	878	17501313	17502204	0.0	1051
NC_003074.8:5590758-5591638	NC_003075.7	87.500	832	81	18	2	818	12698500	12699323	0.0	939
NC_003074.8:5590758-5591638	NC_003075.7	87.985	799	78	12	1	784	7384283	7383488	0.0	928
NC_003074.8:5590758-5591638	NC_003075.7	85.489	889	69	16	1	878	6242978	6243817	0.0	872
NC_003074.8:5590758-5591638	NC_003075.7	87.260	730	56	16	1	717	1100278	1100983	0.0	798
NC_003074.8:5590758-5591638	NC_003075.7	83.802	889	67	29	2	878	9192543	9193366	0.0	773
NC_003074.8:5590758-5591638	NC_003075.7	79.386	228	34	8	2	219	4621821	4622045	1.59e-34	148
NC_003074.8:5590758-5591638	NC_003076.8	93.778	900	36	6	2	881	15031812	15030913	0.0	1334
NC_003074.8:5590758-5591638	NC_003076.8	93.912	887	44	5	1	878	7488978	7488093	0.0	1330
NC_003074.8:5590758-5591638	NC_003076.8	94.432	862	42	2	2	857	15536012	15535151	0.0	1321
NC_003074.8:5590758-5591638	NC_003076.8	93.567	886	48	5	2	878	22020973	22021858	0.0	1312
NC_003074.8:5590758-5591638	NC_003076.8	92.525	883	39	14	1	875	15162254	15163117	0.0	1240
NC_003074.8:5590758-5591638	NC_003076.8	89.001	891	77	16	2	878	13733609	13734492	0.0	1083
NC_003074.8:5590758-5591638	NC_003076.8	88.504	896	79	16	2	881	20279500	20278613	0.0	1062
NC_003074.8:5590758-5591638	NC_003076.8	88.799	866	77	16	1	854	5648764	5647907	0.0	1044
NC_003074.8:5590758-5591638	NC_003076.8	87.978	890	82	17	2	878	14079423	14080300	0.0	1027
NC_003074.8:5590758-5591638	NC_003076.8	88.018	893	76	15	2	881	23130214	23129340	0.0	1027
NC_003074.8:5590758-5591638	NC_003076.8	86.771	892	85	22	2	878	8602694	8601821	0.0	963
NC_003074.8:5590758-5591638	NC_003076.8	88.221	798	76	13	2	784	9866841	9867635	0.0	937
NC_003074.8:5590758-5591638	NC_003076.8	87.348	822	83	15	13	819	26892545	26893360	0.0	922
NC_003074.8:5590758-5591638	NC_003076.8	86.993	838	83	19	2	818	17398749	17397917	0.0	920
NC_003074.8:5590758-5591638	NC_003076.8	85.699	916	72	24	1	878	17481150	17482044	0.0	911
NC_003074.8:5590758-5591638	NC_003076.8	88.767	730	56	14	1	717	9298125	9298841	0.0	870
NC_003074.8:5590758-5591638	NC_003076.8	86.826	797	76	14	1	784	16372998	16373778	0.0	863
NC_003074.8:5590758-5591638	NC_003076.8	88.690	725	57	14	2	717	17956548	17955840	0.0	861
NC_003074.8:5590758-5591638	NC_003076.8	86.575	797	78	18	2	784	24313641	24314422	0.0	852
NC_003074.8:5590758-5591638	NC_003076.8	84.927	889	77	22	2	878	19912702	19913545	0.0	846
NC_003074.8:5590758-5591638	NC_003076.8	88.352	704	51	16	2	692	26891638	26892323	0.0	817
NC_003074.8:5590758-5591638	NC_003076.8	82.886	894	87	29	1	881	16031388	16030548	0.0	743
NC_003074.8:5590758-5591638	NC_003076.8	82.231	529	47	16	378	878	19408889	19408380	5.10e-114	412
NC_003074.8:5590758-5591638	NC_003076.8	86.122	245	27	2	2	240	5592791	5593034	2.53e-67	257
NC_003074.8:7291164-7291968	NC_003074.8	100.000	805	0	0	1	805	7291968	7291164	0.0	1487
NC_003074.8:7291164-7291968	NC_003074.8	89.602	779	47	12	1	775	4217121	4216373	0.0	959
NC_003074.8:7291164-7291968	NC_003074.8	92.890	661	37	9	149	804	3873935	3874590	0.0	952
NC_003074.8:7291164-7291968	NC_003074.8	90.992	655	32	8	155	804	3988311	3987679	0.0	857
NC_003074.8:7291164-7291968	NC_003071.7	90.764	812	40	12	1	805	6297988	6297205	0.0	1051
NC_003074.8:7291164-7291968	NC_003071.7	93.778	659	30	7	155	804	15371754	15371098	0.0	979
NC_003074.8:7291164-7291968	NC_003071.7	92.793	666	37	9	149	805	1902983	1903646	0.0	953
NC_003074.8:7291164-7291968	NC_003071.7	93.210	648	34	6	166	805	17300066	17299421	0.0	944
NC_003074.8:7291164-7291968	NC_003071.7	86.275	306	16	8	1	306	17300435	17300156	6.27e-83	309
NC_003074.8:7291164-7291968	NC_003071.7	82.334	317	37	15	368	671	4085515	4085205	2.30e-67	257
NC_003074.8:7291164-7291968	NC_003071.7	93.798	129	8	0	1	129	17300155	17300027	1.83e-48	195
NC_003074.8:7291164-7291968	NC_003070.9	93.902	656	31	8	155	805	3771692	3771041	0.0	981
NC_003074.8:7291164-7291968	NC_003070.9	93.323	644	36	7	166	804	12874279	12873638	0.0	944
NC_003074.8:7291164-7291968	NC_003070.9	91.168	668	32	11	155	804	6234594	6233936	0.0	881
NC_003074.8:7291164-7291968	NC_003070.9	94.000	350	19	2	310	659	16341625	16341278	4.42e-149	529
NC_003074.8:7291164-7291968	NC_003070.9	93.162	351	20	4	310	659	16339904	16339557	4.45e-144	512
NC_003074.8:7291164-7291968	NC_003070.9	93.725	255	11	2	155	404	6234973	6234719	1.70e-103	377
NC_003074.8:7291164-7291968	NC_003070.9	85.099	302	17	10	1	301	16342970	16342696	3.80e-75	283
NC_003074.8:7291164-7291968	NC_003070.9	78.261	460	64	27	368	805	17111121	17111566	3.83e-70	267
NC_003074.8:7291164-7291968	NC_003070.9	82.609	276	19	12	27	301	16341245	16340998	3.91e-55	217
NC_003074.8:7291164-7291968	NC_003070.9	85.714	147	18	3	413	557	13571213	13571358	1.12e-35	152
NC_003074.8:7291164-7291968	NC_003070.9	86.260	131	16	1	1	129	14297749	14297619	2.42e-32	141
NC_003074.8:7291164-7291968	NC_003070.9	91.250	80	7	0	1	80	17102189	17102268	6.83e-23	110
NC_003074.8:7291164-7291968	NC_003075.7	92.985	670	31	9	149	805	7404112	7404778	0.0	963
NC_003074.8:7291164-7291968	NC_003075.7	93.333	660	31	9	155	805	8769200	8768545	0.0	963
NC_003074.8:7291164-7291968	NC_003075.7	93.312	628	33	9	166	788	418080	417457	0.0	918
NC_003074.8:7291164-7291968	NC_003075.7	90.729	658	31	11	155	805	12844924	12844290	0.0	850
NC_003074.8:7291164-7291968	NC_003075.7	81.875	320	39	15	365	671	6757267	6757580	1.07e-65	252
NC_003074.8:7291164-7291968	NC_003075.7	81.090	312	40	16	371	669	18250112	18249807	1.40e-59	231
NC_003074.8:7291164-7291968	NC_003075.7	93.939	99	5	1	31	129	418139	418042	1.45e-34	148
NC_003074.8:7291164-7291968	NC_003076.8	92.868	645	38	7	166	805	15715035	15715676	0.0	929
NC_003074.8:7291164-7291968	NC_003076.8	92.192	666	35	9	155	805	347678	347015	0.0	926
NC_003074.8:7291164-7291968	NC_003076.8	89.857	700	42	7	1	698	7352033	7352705	0.0	872
NC_003074.8:7291164-7291968	NC_003076.8	93.886	507	28	2	298	802	24344597	24344092	0.0	761
NC_003074.8:7291164-7291968	NC_003076.8	93.103	493	19	8	155	634	24345418	24344928	0.0	708
NC_003074.8:7291164-7291968	NC_003076.8	93.294	343	16	5	298	634	24344933	24344592	3.47e-140	499
NC_003074.8:7291164-7291968	NC_003076.8	86.275	306	16	8	1	306	348367	348088	6.27e-83	309
NC_003074.8:7291164-7291968	NC_003076.8	95.425	153	5	1	155	305	347959	347807	6.45e-63	243
NC_003074.8:7291164-7291968	NC_003076.8	86.154	130	17	1	1	129	13676439	13676568	8.71e-32	139
NC_003074.8:7291164-7291968	NC_003076.8	82.443	131	21	2	1	129	9753625	9753755	5.28e-24	113
NC_003074.8:7291164-7291968	NC_003076.8	96.875	32	1	0	1	32	17478665	17478696	3.25e-06	54.7
NC_003074.8:7291164-7291968	NC_003076.8	96.875	32	1	0	1	32	17482920	17482951	3.25e-06	54.7
NC_003074.8:6991480-6991938	NC_003074.8	100.000	459	0	0	1	459	6991938	6991480	0.0	848
NC_003074.8:6991480-6991938	NC_003074.8	92.157	51	3	1	240	289	15339344	15339394	1.79e-11	71.3
NC_003074.8:6991480-6991938	NC_003075.7	97.155	457	9	3	1	455	6625716	6626170	0.0	769
NC_003074.8:6991480-6991938	NC_003075.7	96.847	444	13	1	1	444	14328311	14327869	0.0	741
NC_003074.8:6991480-6991938	NC_003075.7	86.294	197	26	1	229	424	4801190	4800994	2.81e-54	213
NC_003074.8:6991480-6991938	NC_003071.7	90.698	473	26	8	1	459	4087033	4086565	6.60e-175	614
NC_003074.8:6991480-6991938	NC_003070.9	78.014	141	20	9	225	359	16860175	16860040	1.07e-13	78.7
NC_003074.8:6991480-6991938	NC_003076.8	91.071	56	1	4	230	281	16979279	16979334	4.98e-12	73.1
NC_003074.8:8596104-8596970	NC_003074.8	100.000	867	0	0	1	867	8596970	8596104	0.0	1602
NC_003074.8:8596104-8596970	NC_003074.8	96.104	847	31	2	2	846	4467611	4468457	0.0	1380
NC_003074.8:8596104-8596970	NC_003074.8	90.704	796	48	8	2	795	20770466	20769695	0.0	1037
NC_003074.8:8596104-8596970	NC_003074.8	89.586	797	73	9	3	795	16535295	16534505	0.0	1003
NC_003074.8:8596104-8596970	NC_003074.8	89.295	794	77	8	4	795	10900762	10901549	0.0	989
NC_003074.8:8596104-8596970	NC_003074.8	89.223	798	75	11	3	795	16677615	16678406	0.0	987
NC_003074.8:8596104-8596970	NC_003074.8	88.945	796	81	6	3	795	6941485	6940694	0.0	976
NC_003074.8:8596104-8596970	NC_003074.8	87.846	831	84	12	3	828	5591638	5590820	0.0	959
NC_003074.8:8596104-8596970	NC_003074.8	87.590	830	88	14	6	828	18496030	18495209	0.0	948
NC_003074.8:8596104-8596970	NC_003074.8	88.317	796	72	11	23	815	8328648	8329425	0.0	935
NC_003074.8:8596104-8596970	NC_003074.8	94.032	620	32	5	179	795	18171656	18171039	0.0	935
NC_003074.8:8596104-8596970	NC_003074.8	86.315	833	85	18	2	828	16902330	16903139	0.0	880
NC_003074.8:8596104-8596970	NC_003074.8	93.358	542	30	6	330	867	11456098	11455559	0.0	797
NC_003074.8:8596104-8596970	NC_003074.8	92.791	541	34	5	330	867	19529226	19529764	0.0	778
NC_003074.8:8596104-8596970	NC_003074.8	91.713	543	37	6	330	867	4977474	4978013	0.0	747
NC_003074.8:8596104-8596970	NC_003074.8	90.725	345	25	7	209	551	11589279	11588940	2.96e-126	453
NC_003074.8:8596104-8596970	NC_003074.8	96.000	200	8	0	4	203	11456304	11456105	6.72e-88	326
NC_003074.8:8596104-8596970	NC_003074.8	93.500	200	10	2	4	203	19529023	19529219	1.90e-78	294
NC_003074.8:8596104-8596970	NC_003074.8	90.000	140	12	2	656	795	19437201	19437338	5.54e-44	180
NC_003074.8:8596104-8596970	NC_003074.8	88.722	133	13	2	656	788	19740108	19740238	2.01e-38	161
NC_003074.8:8596104-8596970	NC_003074.8	87.143	140	17	1	656	795	5866196	5866334	2.60e-37	158
NC_003074.8:8596104-8596970	NC_003074.8	86.429	140	17	2	656	795	16485541	16485404	1.21e-35	152
NC_003074.8:8596104-8596970	NC_003074.8	80.085	236	21	10	656	867	17402234	17402001	1.21e-35	152
NC_003074.8:8596104-8596970	NC_003074.8	93.506	77	4	1	792	867	15918169	15918093	5.70e-24	113
NC_003074.8:8596104-8596970	NC_003074.8	93.151	73	5	0	4	76	19537816	19537744	2.65e-22	108
NC_003074.8:8596104-8596970	NC_003074.8	92.000	75	5	1	3	76	16224233	16224307	3.43e-21	104
NC_003074.8:8596104-8596970	NC_003074.8	85.714	98	9	5	3	99	16062888	16062795	1.60e-19	99.0
NC_003074.8:8596104-8596970	NC_003074.8	90.667	75	6	1	794	867	20769673	20769599	1.60e-19	99.0
NC_003074.8:8596104-8596970	NC_003074.8	84.694	98	10	5	3	99	16042284	16042191	7.42e-18	93.5
NC_003074.8:8596104-8596970	NC_003074.8	90.625	64	6	0	3	66	7766061	7766124	1.24e-15	86.1
NC_003074.8:8596104-8596970	NC_003074.8	90.625	64	5	1	4	66	7659521	7659458	4.47e-15	84.2
NC_003074.8:8596104-8596970	NC_003074.8	89.062	64	6	1	4	66	15918691	15918628	2.08e-13	78.7
NC_003074.8:8596104-8596970	NC_003074.8	88.889	63	6	1	5	66	16235708	16235646	7.48e-13	76.8
NC_003074.8:8596104-8596970	NC_003074.8	87.500	64	7	1	4	66	19739757	19739820	9.67e-12	73.1
NC_003074.8:8596104-8596970	NC_003074.8	86.154	65	8	1	3	66	10082829	10082765	1.25e-10	69.4
NC_003074.8:8596104-8596970	NC_003074.8	100.000	30	0	0	3	32	18172793	18172764	9.74e-07	56.5
NC_003074.8:8596104-8596970	NC_003074.8	100.000	29	0	0	4	32	9540459	9540487	3.50e-06	54.7
NC_003074.8:8596104-8596970	NC_003076.8	98.596	855	10	2	15	867	26892545	26893399	0.0	1511
NC_003074.8:8596104-8596970	NC_003076.8	97.463	867	18	4	4	867	9866841	9867706	0.0	1476
NC_003074.8:8596104-8596970	NC_003076.8	95.535	851	26	8	4	844	17398749	17397901	0.0	1351
NC_003074.8:8596104-8596970	NC_003076.8	93.433	868	40	8	3	867	16372998	16373851	0.0	1271
NC_003074.8:8596104-8596970	NC_003076.8	93.326	869	39	9	4	867	24313641	24314495	0.0	1266
NC_003074.8:8596104-8596970	NC_003076.8	90.075	796	59	11	4	795	8602694	8601915	0.0	1014
NC_003074.8:8596104-8596970	NC_003076.8	90.063	795	59	8	4	795	23130214	23129437	0.0	1013
NC_003074.8:8596104-8596970	NC_003076.8	88.677	839	80	14	3	834	7488978	7488148	0.0	1009
NC_003074.8:8596104-8596970	NC_003076.8	88.795	830	81	12	4	828	15536012	15535190	0.0	1007
NC_003074.8:8596104-8596970	NC_003076.8	88.675	830	79	12	3	827	5648764	5647945	0.0	998
NC_003074.8:8596104-8596970	NC_003076.8	88.805	795	82	7	4	795	20279500	20278710	0.0	968
NC_003074.8:8596104-8596970	NC_003076.8	88.708	797	79	9	4	795	13733609	13734399	0.0	963
NC_003074.8:8596104-8596970	NC_003076.8	88.693	796	81	9	4	795	22020973	22021763	0.0	963
NC_003074.8:8596104-8596970	NC_003076.8	88.366	808	73	11	4	795	15031812	15031010	0.0	952
NC_003074.8:8596104-8596970	NC_003076.8	87.050	834	79	22	3	832	15162254	15163062	0.0	915
NC_003074.8:8596104-8596970	NC_003076.8	87.563	796	83	10	4	795	14079423	14080206	0.0	907
NC_003074.8:8596104-8596970	NC_003076.8	89.291	719	61	8	3	717	9298125	9298831	0.0	887
NC_003074.8:8596104-8596970	NC_003076.8	84.852	878	87	17	4	867	19912702	19913547	0.0	843
NC_003074.8:8596104-8596970	NC_003076.8	88.068	704	64	7	4	704	26891638	26892324	0.0	817
NC_003074.8:8596104-8596970	NC_003076.8	88.068	704	63	8	3	704	17481150	17481834	0.0	815
NC_003074.8:8596104-8596970	NC_003076.8	87.172	725	74	12	4	726	17956548	17955841	0.0	806
NC_003074.8:8596104-8596970	NC_003076.8	84.316	797	68	28	3	795	16031388	16030645	0.0	726
NC_003074.8:8596104-8596970	NC_003076.8	92.800	125	7	2	4	127	13204307	13204184	5.54e-44	180
NC_003074.8:8596104-8596970	NC_003076.8	90.000	140	12	2	656	795	17726752	17726889	5.54e-44	180
NC_003074.8:8596104-8596970	NC_003076.8	88.732	142	14	2	654	795	24449140	24449279	9.27e-42	172
NC_003074.8:8596104-8596970	NC_003076.8	87.857	140	14	3	656	795	19101876	19102012	2.01e-38	161
NC_003074.8:8596104-8596970	NC_003076.8	78.070	228	19	12	656	867	14103879	14103667	1.58e-24	115
NC_003074.8:8596104-8596970	NC_003076.8	94.595	74	4	0	3	76	19153747	19153674	1.58e-24	115
NC_003074.8:8596104-8596970	NC_003076.8	76.712	219	39	11	656	867	24586843	24587056	2.05e-23	111
NC_003074.8:8596104-8596970	NC_003076.8	76.233	223	34	17	656	867	7700852	7700638	4.44e-20	100
NC_003074.8:8596104-8596970	NC_003076.8	92.188	64	4	1	4	66	24117960	24118023	9.60e-17	89.8
NC_003074.8:8596104-8596970	NC_003076.8	90.769	65	5	1	3	66	14880215	14880279	1.24e-15	86.1
NC_003074.8:8596104-8596970	NC_003076.8	90.625	64	6	0	804	867	20278677	20278614	1.24e-15	86.1
NC_003074.8:8596104-8596970	NC_003076.8	90.625	64	5	1	4	66	9558216	9558153	4.47e-15	84.2
NC_003074.8:8596104-8596970	NC_003076.8	90.625	64	5	1	4	66	14104208	14104145	4.47e-15	84.2
NC_003074.8:8596104-8596970	NC_003076.8	90.476	63	5	1	4	65	7701181	7701119	1.61e-14	82.4
NC_003074.8:8596104-8596970	NC_003076.8	86.486	74	10	0	794	867	13232000	13232073	1.61e-14	82.4
NC_003074.8:8596104-8596970	NC_003076.8	90.476	63	5	1	4	65	16712851	16712913	1.61e-14	82.4
NC_003074.8:8596104-8596970	NC_003076.8	89.231	65	6	1	3	66	7417330	7417394	5.78e-14	80.5
NC_003074.8:8596104-8596970	NC_003076.8	89.231	65	6	1	3	66	13892687	13892623	5.78e-14	80.5
NC_003074.8:8596104-8596970	NC_003076.8	91.525	59	4	1	810	867	15030972	15030914	5.78e-14	80.5
NC_003074.8:8596104-8596970	NC_003076.8	89.231	65	6	1	3	66	16870922	16870986	5.78e-14	80.5
NC_003074.8:8596104-8596970	NC_003076.8	89.062	64	6	1	4	66	8280718	8280781	2.08e-13	78.7
NC_003074.8:8596104-8596970	NC_003076.8	89.062	64	6	1	4	66	15659431	15659368	2.08e-13	78.7
NC_003074.8:8596104-8596970	NC_003076.8	87.500	64	7	1	4	66	6702418	6702355	9.67e-12	73.1
NC_003074.8:8596104-8596970	NC_003076.8	87.500	64	7	1	4	66	20674822	20674759	9.67e-12	73.1
NC_003074.8:8596104-8596970	NC_003076.8	88.889	45	4	1	824	867	14080258	14080302	3.50e-06	54.7
NC_003074.8:8596104-8596970	NC_003071.7	97.921	866	16	2	4	867	8172835	8173700	0.0	1498
NC_003074.8:8596104-8596970	NC_003071.7	96.416	865	28	3	3	865	10070965	10070102	0.0	1423
NC_003074.8:8596104-8596970	NC_003071.7	94.954	872	39	5	1	867	9029804	9030675	0.0	1362
NC_003074.8:8596104-8596970	NC_003071.7	93.786	869	49	5	2	867	1348078	1347212	0.0	1301
NC_003074.8:8596104-8596970	NC_003071.7	93.511	863	36	7	10	867	7177587	7176740	0.0	1266
NC_003074.8:8596104-8596970	NC_003071.7	91.935	868	51	7	4	867	14571894	14572746	0.0	1197
NC_003074.8:8596104-8596970	NC_003071.7	89.171	868	69	12	3	867	11909721	11908876	0.0	1059
NC_003074.8:8596104-8596970	NC_003071.7	90.050	794	56	9	5	795	2320063	2320836	0.0	1007
NC_003074.8:8596104-8596970	NC_003071.7	88.313	830	85	12	4	828	3198502	3197680	0.0	985
NC_003074.8:8596104-8596970	NC_003071.7	89.447	796	56	12	3	795	1038914	1038144	0.0	979
NC_003074.8:8596104-8596970	NC_003071.7	88.722	798	78	10	3	795	1322857	1322067	0.0	965
NC_003074.8:8596104-8596970	NC_003071.7	89.070	796	52	19	4	795	1384414	1383650	0.0	955
NC_003074.8:8596104-8596970	NC_003071.7	88.819	796	56	18	3	795	10997044	10996279	0.0	946
NC_003074.8:8596104-8596970	NC_003071.7	87.694	772	74	12	27	795	9455339	9456092	0.0	880
NC_003074.8:8596104-8596970	NC_003071.7	85.679	817	79	14	1	795	7350651	7351451	0.0	826
NC_003074.8:8596104-8596970	NC_003071.7	93.370	543	31	4	330	867	9584813	9585355	0.0	798
NC_003074.8:8596104-8596970	NC_003071.7	90.959	542	31	6	330	867	7094026	7094553	0.0	713
NC_003074.8:8596104-8596970	NC_003071.7	90.775	542	30	7	330	867	6901397	6901922	0.0	706
NC_003074.8:8596104-8596970	NC_003071.7	95.025	201	10	0	3	203	6901190	6901390	4.05e-85	316
NC_003074.8:8596104-8596970	NC_003071.7	95.025	201	10	0	3	203	9584606	9584806	4.05e-85	316
NC_003074.8:8596104-8596970	NC_003071.7	95.000	200	10	0	4	203	7093820	7094019	1.46e-84	315
NC_003074.8:8596104-8596970	NC_003071.7	87.143	140	16	2	656	795	5038080	5038217	2.60e-37	158
NC_003074.8:8596104-8596970	NC_003071.7	94.805	77	3	1	792	867	7178939	7179015	1.22e-25	119
NC_003074.8:8596104-8596970	NC_003071.7	76.126	222	35	17	656	867	9228850	9228637	4.44e-20	100
NC_003074.8:8596104-8596970	NC_003071.7	88.312	77	6	3	794	867	2320858	2320934	9.60e-17	89.8
NC_003074.8:8596104-8596970	NC_003071.7	92.188	64	4	1	4	66	6207151	6207088	9.60e-17	89.8
NC_003074.8:8596104-8596970	NC_003071.7	89.855	69	6	1	800	867	1383621	1383553	3.45e-16	87.9
NC_003074.8:8596104-8596970	NC_003071.7	87.838	74	8	1	4	76	1618253	1618180	1.24e-15	86.1
NC_003074.8:8596104-8596970	NC_003071.7	90.625	64	6	0	3	66	7340380	7340443	1.24e-15	86.1
NC_003074.8:8596104-8596970	NC_003071.7	90.625	64	5	1	4	66	9433091	9433154	4.47e-15	84.2
NC_003074.8:8596104-8596970	NC_003071.7	89.062	64	6	1	3	65	9229180	9229117	2.08e-13	78.7
NC_003074.8:8596104-8596970	NC_003071.7	89.062	64	6	1	4	66	9860514	9860451	2.08e-13	78.7
NC_003074.8:8596104-8596970	NC_003071.7	86.957	69	8	1	800	867	10996251	10996183	7.48e-13	76.8
NC_003074.8:8596104-8596970	NC_003071.7	88.889	63	6	1	4	65	19623102	19623164	7.48e-13	76.8
NC_003074.8:8596104-8596970	NC_003071.7	79.208	101	13	7	773	867	7566647	7566549	5.82e-09	63.9
NC_003074.8:8596104-8596970	NC_003075.7	96.536	866	25	4	4	867	12698500	12699362	0.0	1428
NC_003074.8:8596104-8596970	NC_003075.7	94.713	870	42	4	2	867	7384284	7383415	0.0	1349
NC_003074.8:8596104-8596970	NC_003075.7	91.572	795	48	11	4	795	6169229	6168451	0.0	1079
NC_003074.8:8596104-8596970	NC_003075.7	89.724	798	70	12	3	795	8899076	8899866	0.0	1009
NC_003074.8:8596104-8596970	NC_003075.7	88.833	797	75	13	4	795	8820690	8819903	0.0	966
NC_003074.8:8596104-8596970	NC_003075.7	87.796	803	84	9	4	795	17501313	17502112	0.0	928
NC_003074.8:8596104-8596970	NC_003075.7	88.080	797	71	15	3	795	1199586	1198810	0.0	924
NC_003074.8:8596104-8596970	NC_003075.7	87.563	796	75	16	3	795	7230734	7231508	0.0	900
NC_003074.8:8596104-8596970	NC_003075.7	88.705	726	59	12	3	726	1100278	1100982	0.0	865
NC_003074.8:8596104-8596970	NC_003075.7	86.444	509	40	11	4	511	9192543	9193023	1.33e-149	531
NC_003074.8:8596104-8596970	NC_003075.7	84.261	521	63	7	277	795	6243220	6243723	2.25e-137	490
NC_003074.8:8596104-8596970	NC_003075.7	90.000	140	12	2	656	795	1521587	1521724	5.54e-44	180
NC_003074.8:8596104-8596970	NC_003075.7	76.233	223	34	17	656	867	7034465	7034251	4.44e-20	100
NC_003074.8:8596104-8596970	NC_003075.7	89.610	77	7	1	792	867	7906292	7906368	5.74e-19	97.1
NC_003074.8:8596104-8596970	NC_003075.7	87.059	85	7	3	4	86	12968438	12968356	7.42e-18	93.5
NC_003074.8:8596104-8596970	NC_003075.7	90.625	64	5	1	4	66	7154779	7154842	4.47e-15	84.2
NC_003074.8:8596104-8596970	NC_003075.7	90.625	64	5	1	4	66	7652564	7652627	4.47e-15	84.2
NC_003074.8:8596104-8596970	NC_003075.7	90.625	64	5	1	4	66	7905771	7905834	4.47e-15	84.2
NC_003074.8:8596104-8596970	NC_003075.7	90.476	63	5	1	5	66	14458283	14458221	1.61e-14	82.4
NC_003074.8:8596104-8596970	NC_003075.7	89.231	65	6	1	3	66	2040106	2040170	5.78e-14	80.5
NC_003074.8:8596104-8596970	NC_003075.7	89.231	65	6	1	3	66	6427217	6427153	5.78e-14	80.5
NC_003074.8:8596104-8596970	NC_003075.7	87.879	66	7	1	1	65	7034796	7034731	7.48e-13	76.8
NC_003074.8:8596104-8596970	NC_003075.7	87.879	66	3	4	4	66	12607047	12606984	9.67e-12	73.1
NC_003074.8:8596104-8596970	NC_003075.7	79.208	101	13	8	773	867	1957605	1957703	5.82e-09	63.9
NC_003074.8:8596104-8596970	NC_003070.9	93.295	880	40	6	4	867	5437788	5436912	0.0	1280
NC_003074.8:8596104-8596970	NC_003070.9	92.517	882	46	8	4	867	29775140	29774261	0.0	1245
NC_003074.8:8596104-8596970	NC_003070.9	93.206	839	40	8	1	837	6514473	6515296	0.0	1218
NC_003074.8:8596104-8596970	NC_003070.9	90.330	910	39	19	1	867	697377	696474	0.0	1147
NC_003074.8:8596104-8596970	NC_003070.9	91.814	794	47	7	4	795	9385033	9384256	0.0	1090
NC_003074.8:8596104-8596970	NC_003070.9	91.069	795	52	8	3	795	18301143	18300366	0.0	1057
NC_003074.8:8596104-8596970	NC_003070.9	90.932	794	55	7	4	795	8538889	8539667	0.0	1051
NC_003074.8:8596104-8596970	NC_003070.9	90.375	800	65	10	4	795	20513679	20514474	0.0	1040
NC_003074.8:8596104-8596970	NC_003070.9	89.407	793	71	12	7	795	9418943	9418160	0.0	987
NC_003074.8:8596104-8596970	NC_003070.9	89.210	797	66	16	2	795	3250605	3251384	0.0	977
NC_003074.8:8596104-8596970	NC_003070.9	87.784	835	86	15	3	828	11670246	11669419	0.0	963
NC_003074.8:8596104-8596970	NC_003070.9	88.611	799	76	14	3	795	20167556	20166767	0.0	957
NC_003074.8:8596104-8596970	NC_003070.9	88.582	797	78	12	3	795	21127988	21128775	0.0	955
NC_003074.8:8596104-8596970	NC_003070.9	88.331	797	81	12	4	795	12618638	12619427	0.0	946
NC_003074.8:8596104-8596970	NC_003070.9	87.883	718	58	13	4	693	10239320	10240036	0.0	817
NC_003074.8:8596104-8596970	NC_003070.9	86.038	795	70	15	4	795	8623608	8622852	0.0	815
NC_003074.8:8596104-8596970	NC_003070.9	93.186	543	32	5	330	867	20172603	20172061	0.0	793
NC_003074.8:8596104-8596970	NC_003070.9	85.283	795	80	19	3	795	21616152	21615393	0.0	785
NC_003074.8:8596104-8596970	NC_003070.9	85.031	795	83	15	4	795	14014231	14013470	0.0	776
NC_003074.8:8596104-8596970	NC_003070.9	88.699	584	59	7	4	585	3762158	3762736	0.0	706
NC_003074.8:8596104-8596970	NC_003070.9	87.268	377	44	4	421	795	10579670	10580044	1.79e-118	427
NC_003074.8:8596104-8596970	NC_003070.9	85.442	419	52	8	421	834	20560071	20559657	1.79e-118	427
NC_003074.8:8596104-8596970	NC_003070.9	92.050	239	17	2	3	241	10579423	10579659	1.12e-90	335
NC_003074.8:8596104-8596970	NC_003070.9	95.500	200	9	0	4	203	20172809	20172610	3.13e-86	320
NC_003074.8:8596104-8596970	NC_003070.9	88.652	141	14	2	656	795	19769340	19769479	3.33e-41	171
NC_003074.8:8596104-8596970	NC_003070.9	88.652	141	13	3	656	795	21739311	21739173	1.20e-40	169
NC_003074.8:8596104-8596970	NC_003070.9	82.192	219	16	7	656	865	10852872	10852668	4.31e-40	167
NC_003074.8:8596104-8596970	NC_003070.9	82.857	140	10	7	656	795	10591649	10591524	5.70e-24	113
NC_003074.8:8596104-8596970	NC_003070.9	92.308	78	3	3	792	867	29078937	29079013	2.65e-22	108
NC_003074.8:8596104-8596970	NC_003070.9	90.667	75	6	1	794	867	8539689	8539763	1.60e-19	99.0
NC_003074.8:8596104-8596970	NC_003070.9	89.610	77	6	2	792	867	3497827	3497752	5.74e-19	97.1
NC_003074.8:8596104-8596970	NC_003070.9	89.610	77	7	1	792	867	12993072	12992996	5.74e-19	97.1
NC_003074.8:8596104-8596970	NC_003070.9	89.610	77	6	2	792	867	14012887	14012812	5.74e-19	97.1
NC_003074.8:8596104-8596970	NC_003070.9	88.462	78	7	2	792	867	2587909	2587832	7.42e-18	93.5
NC_003074.8:8596104-8596970	NC_003070.9	91.045	67	6	0	801	867	21615363	21615297	2.67e-17	91.6
NC_003074.8:8596104-8596970	NC_003070.9	92.188	64	4	1	4	66	9919332	9919269	9.60e-17	89.8
NC_003074.8:8596104-8596970	NC_003070.9	90.769	65	5	1	3	66	8189960	8190024	1.24e-15	86.1
NC_003074.8:8596104-8596970	NC_003070.9	90.625	64	6	0	3	66	26880720	26880783	1.24e-15	86.1
NC_003074.8:8596104-8596970	NC_003070.9	90.476	63	6	0	4	66	2473307	2473245	4.47e-15	84.2
NC_003074.8:8596104-8596970	NC_003070.9	90.625	64	5	1	4	66	5899755	5899692	4.47e-15	84.2
NC_003074.8:8596104-8596970	NC_003070.9	90.769	65	3	3	4	66	12993595	12993532	4.47e-15	84.2
NC_003074.8:8596104-8596970	NC_003070.9	90.625	64	5	1	4	66	18766618	18766555	4.47e-15	84.2
NC_003074.8:8596104-8596970	NC_003070.9	80.508	118	14	9	10	126	11522942	11522833	1.61e-14	82.4
NC_003074.8:8596104-8596970	NC_003070.9	86.486	74	10	0	794	867	12240837	12240910	1.61e-14	82.4
NC_003074.8:8596104-8596970	NC_003070.9	90.476	63	5	1	3	64	19742139	19742077	1.61e-14	82.4
NC_003074.8:8596104-8596970	NC_003070.9	89.062	64	6	1	4	66	6219140	6219077	2.08e-13	78.7
NC_003074.8:8596104-8596970	NC_003070.9	89.062	64	6	1	4	66	12183991	12183928	2.08e-13	78.7
NC_003074.8:8596104-8596970	NC_003070.9	89.062	64	6	1	4	66	16401003	16400940	2.08e-13	78.7
NC_003074.8:8596104-8596970	NC_003070.9	89.062	64	6	1	4	66	21918434	21918497	2.08e-13	78.7
NC_003074.8:8596104-8596970	NC_003070.9	89.062	64	6	1	4	66	26306960	26307023	2.08e-13	78.7
NC_003074.8:8596104-8596970	NC_003070.9	87.692	65	7	1	3	66	27240718	27240782	2.69e-12	75.0
NC_003074.8:8596104-8596970	NC_003070.9	89.655	58	5	1	811	867	10580084	10580141	9.67e-12	73.1
NC_003074.8:8596104-8596970	NC_003070.9	89.655	58	5	1	811	867	12619467	12619524	9.67e-12	73.1
NC_003074.8:8596104-8596970	NC_003070.9	87.500	64	7	1	4	66	17605550	17605613	9.67e-12	73.1
NC_003074.8:8596104-8596970	NC_003070.9	87.500	64	7	1	4	66	23125693	23125630	9.67e-12	73.1
