NC_003074.8:16407945-16408194	NC_003074.8	100.000	250	0	0	1	250	16407945	16408194	1.31e-129	462
NC_003074.8:16407945-16408194	NC_003070.9	82.890	263	32	5	1	250	16422273	16422011	6.75e-58	224
NC_003074.8:16407945-16408194	NC_003071.7	84.577	201	22	6	57	249	4651222	4651023	6.85e-48	191
NC_003074.8:18495120-18495382	NC_003074.8	100.000	263	0	0	1	263	18495382	18495120	8.25e-137	486
NC_003074.8:18495120-18495382	NC_003074.8	97.021	235	6	1	1	234	11588873	11588639	5.14e-109	394
NC_003074.8:18495120-18495382	NC_003074.8	96.596	235	7	1	1	234	16678267	16678501	2.39e-107	388
NC_003074.8:18495120-18495382	NC_003074.8	94.141	256	8	7	1	253	10901411	10901662	1.11e-105	383
NC_003074.8:18495120-18495382	NC_003074.8	94.884	215	9	2	1	213	16534644	16534430	3.16e-91	335
NC_003074.8:18495120-18495382	NC_003074.8	91.949	236	19	0	1	236	5590994	5590759	4.09e-90	331
NC_003074.8:18495120-18495382	NC_003074.8	89.344	244	22	4	1	243	10405726	10405966	8.92e-82	303
NC_003074.8:18495120-18495382	NC_003074.8	88.189	254	22	8	1	252	6729159	6728912	1.49e-79	296
NC_003074.8:18495120-18495382	NC_003074.8	89.121	239	20	6	1	238	23085859	23086092	1.93e-78	292
NC_003074.8:18495120-18495382	NC_003074.8	88.936	235	21	5	1	234	19740108	19740338	3.23e-76	285
NC_003074.8:18495120-18495382	NC_003074.8	87.805	246	24	6	1	244	18634175	18633934	1.16e-75	283
NC_003074.8:18495120-18495382	NC_003074.8	88.511	235	23	4	1	234	14057454	14057685	4.18e-75	281
NC_003074.8:18495120-18495382	NC_003074.8	88.559	236	22	5	1	234	15814257	15814489	4.18e-75	281
NC_003074.8:18495120-18495382	NC_003074.8	86.614	254	30	4	1	252	3080260	3080009	5.40e-74	278
NC_003074.8:18495120-18495382	NC_003074.8	88.703	239	12	2	1	238	16902979	16903203	5.40e-74	278
NC_003074.8:18495120-18495382	NC_003074.8	87.603	242	25	5	1	240	11090673	11090435	1.94e-73	276
NC_003074.8:18495120-18495382	NC_003074.8	88.085	235	24	4	1	234	19437201	19437432	1.94e-73	276
NC_003074.8:18495120-18495382	NC_003074.8	87.500	240	25	5	1	237	21552337	21552100	2.51e-72	272
NC_003074.8:18495120-18495382	NC_003074.8	85.992	257	30	5	1	255	6940832	6940580	9.04e-72	270
NC_003074.8:18495120-18495382	NC_003074.8	86.864	236	25	6	1	234	5866196	5866427	1.96e-68	259
NC_003074.8:18495120-18495382	NC_003074.8	86.498	237	25	7	1	234	7980317	7980085	9.11e-67	254
NC_003074.8:18495120-18495382	NC_003074.8	86.667	240	14	6	1	238	10708958	10709181	1.18e-65	250
NC_003074.8:18495120-18495382	NC_003074.8	88.835	206	19	4	31	234	20769804	20769601	1.18e-65	250
NC_003074.8:18495120-18495382	NC_003074.8	84.937	239	22	6	1	238	7766394	7766619	1.53e-59	230
NC_003074.8:18495120-18495382	NC_003074.8	83.333	264	23	10	1	263	10718014	10717771	7.14e-58	224
NC_003074.8:18495120-18495382	NC_003074.8	85.388	219	29	3	1	218	18171177	18170961	7.14e-58	224
NC_003074.8:18495120-18495382	NC_003074.8	84.810	237	18	8	1	234	16405529	16405750	2.57e-57	222
NC_003074.8:18495120-18495382	NC_003074.8	83.884	242	22	8	1	240	8329280	8329506	4.30e-55	215
NC_003074.8:18495120-18495382	NC_003074.8	82.627	236	23	7	1	234	18885845	18885626	2.01e-48	193
NC_003074.8:18495120-18495382	NC_003074.8	82.553	235	18	12	1	234	4585083	4585295	3.37e-46	185
NC_003074.8:18495120-18495382	NC_003074.8	85.083	181	23	3	64	241	8645167	8645346	4.36e-45	182
NC_003074.8:18495120-18495382	NC_003074.8	83.173	208	11	11	1	205	17209789	17209603	3.39e-41	169
NC_003074.8:18495120-18495382	NC_003074.8	83.529	170	17	9	66	234	10681553	10681394	4.42e-35	148
NC_003074.8:18495120-18495382	NC_003074.8	82.456	171	27	3	65	234	7659105	7658937	1.59e-34	147
NC_003074.8:18495120-18495382	NC_003074.8	94.340	53	3	0	1	53	4579566	4579618	4.55e-15	82.4
NC_003074.8:18495120-18495382	NC_003071.7	97.447	235	5	1	1	234	1322206	1321972	1.11e-110	399
NC_003074.8:18495120-18495382	NC_003071.7	92.636	258	16	3	1	258	3197853	3197599	3.12e-101	368
NC_003074.8:18495120-18495382	NC_003071.7	90.638	235	18	4	1	234	5038080	5038311	1.92e-83	309
NC_003074.8:18495120-18495382	NC_003071.7	91.549	213	4	6	1	213	9455967	9456165	4.18e-75	281
NC_003074.8:18495120-18495382	NC_003071.7	88.136	236	24	4	1	234	2139150	2139383	5.40e-74	278
NC_003074.8:18495120-18495382	NC_003071.7	87.500	240	25	5	1	238	1597245	1597481	2.51e-72	272
NC_003074.8:18495120-18495382	NC_003071.7	86.614	254	24	8	1	249	7340709	7340957	2.51e-72	272
NC_003074.8:18495120-18495382	NC_003071.7	87.764	237	22	7	1	234	12556970	12557202	9.04e-72	270
NC_003074.8:18495120-18495382	NC_003071.7	89.352	216	18	5	1	213	4025741	4025954	1.17e-70	267
NC_003074.8:18495120-18495382	NC_003071.7	85.771	253	26	10	1	248	5010322	5010075	1.96e-68	259
NC_003074.8:18495120-18495382	NC_003071.7	85.887	248	27	8	1	244	13102126	13102369	7.04e-68	257
NC_003074.8:18495120-18495382	NC_003071.7	87.179	234	21	9	1	231	13886247	13886474	7.04e-68	257
NC_003074.8:18495120-18495382	NC_003071.7	84.064	251	32	8	1	248	4306056	4306301	3.30e-61	235
NC_003074.8:18495120-18495382	NC_003071.7	84.362	243	21	8	1	240	6206818	6206590	2.57e-57	222
NC_003074.8:18495120-18495382	NC_003071.7	86.567	201	20	7	1	198	17147325	17147129	4.30e-55	215
NC_003074.8:18495120-18495382	NC_003071.7	82.979	235	23	12	1	234	9225696	9225478	1.56e-49	196
NC_003074.8:18495120-18495382	NC_003071.7	81.933	238	21	8	1	238	9228850	9228635	4.36e-45	182
NC_003074.8:18495120-18495382	NC_003071.7	84.659	176	24	3	65	238	7178843	7179017	2.62e-42	172
NC_003074.8:18495120-18495382	NC_003071.7	84.302	172	24	3	66	234	826101	826272	4.39e-40	165
NC_003074.8:18495120-18495382	NC_003071.7	83.529	170	25	3	67	234	4758271	4758103	2.64e-37	156
NC_003074.8:18495120-18495382	NC_003071.7	82.941	170	19	7	66	234	8907834	8907994	5.72e-34	145
NC_003074.8:18495120-18495382	NC_003071.7	81.183	186	24	8	66	249	9891408	9891232	2.66e-32	139
NC_003074.8:18495120-18495382	NC_003071.7	81.176	170	22	7	66	234	17992706	17992546	5.76e-29	128
NC_003074.8:18495120-18495382	NC_003070.9	95.745	235	8	2	1	234	9418298	9418065	5.18e-104	377
NC_003074.8:18495120-18495382	NC_003070.9	95.745	235	9	1	1	234	10579905	10580139	5.18e-104	377
NC_003074.8:18495120-18495382	NC_003070.9	94.958	238	11	1	1	237	11669593	11669356	2.41e-102	372
NC_003074.8:18495120-18495382	NC_003070.9	95.475	221	9	1	1	220	3762754	3762974	3.14e-96	351
NC_003074.8:18495120-18495382	NC_003070.9	93.939	231	13	1	1	231	21128636	21128865	4.06e-95	348
NC_003074.8:18495120-18495382	NC_003070.9	93.191	235	15	1	1	234	20559836	20559602	5.25e-94	344
NC_003074.8:18495120-18495382	NC_003070.9	92.766	235	15	2	1	234	12619289	12619522	2.44e-92	339
NC_003074.8:18495120-18495382	NC_003070.9	91.736	242	19	1	1	242	20166905	20166665	3.16e-91	335
NC_003074.8:18495120-18495382	NC_003070.9	90.213	235	19	4	1	234	25780004	25780235	8.92e-82	303
NC_003074.8:18495120-18495382	NC_003070.9	89.787	235	20	4	1	234	12097784	12098015	4.15e-80	298
NC_003074.8:18495120-18495382	NC_003070.9	89.121	239	22	4	1	238	26510903	26510668	5.37e-79	294
NC_003074.8:18495120-18495382	NC_003070.9	88.936	235	22	4	1	234	21918751	21918982	8.98e-77	287
NC_003074.8:18495120-18495382	NC_003070.9	88.983	236	20	6	1	234	23125364	23125133	8.98e-77	287
NC_003074.8:18495120-18495382	NC_003070.9	88.285	239	23	5	1	238	4770347	4770113	4.18e-75	281
NC_003074.8:18495120-18495382	NC_003070.9	87.866	239	24	4	1	236	8622992	8622756	1.94e-73	276
NC_003074.8:18495120-18495382	NC_003070.9	87.500	240	26	4	1	238	5863277	5863514	6.99e-73	274
NC_003074.8:18495120-18495382	NC_003070.9	85.714	266	27	11	1	263	19769340	19769597	9.04e-72	270
NC_003074.8:18495120-18495382	NC_003070.9	87.660	235	23	6	1	234	24645833	24646062	3.25e-71	268
NC_003074.8:18495120-18495382	NC_003070.9	85.882	255	27	8	1	249	13495659	13495408	1.51e-69	263
NC_003074.8:18495120-18495382	NC_003070.9	86.920	237	24	7	1	234	10021648	10021416	1.96e-68	259
NC_003074.8:18495120-18495382	NC_003070.9	86.076	237	26	7	2	234	13811138	13810905	4.24e-65	248
NC_003074.8:18495120-18495382	NC_003070.9	84.800	250	29	9	1	246	11803778	11803534	1.97e-63	243
NC_003074.8:18495120-18495382	NC_003070.9	84.190	253	29	11	1	248	28891614	28891368	3.30e-61	235
NC_003074.8:18495120-18495382	NC_003070.9	89.385	179	17	2	56	234	12240732	12240908	7.14e-58	224
NC_003074.8:18495120-18495382	NC_003070.9	84.519	239	23	5	1	238	26881053	26881278	7.14e-58	224
NC_003074.8:18495120-18495382	NC_003070.9	85.714	217	24	6	1	213	4583324	4583537	2.57e-57	222
NC_003074.8:18495120-18495382	NC_003070.9	84.810	237	17	7	1	234	2473121	2472901	9.24e-57	220
NC_003074.8:18495120-18495382	NC_003070.9	84.746	236	18	7	1	235	10931253	10931471	9.24e-57	220
NC_003074.8:18495120-18495382	NC_003070.9	84.454	238	21	8	1	237	16400670	16400448	9.24e-57	220
NC_003074.8:18495120-18495382	NC_003070.9	84.322	236	19	6	1	234	540654	540435	4.30e-55	215
NC_003074.8:18495120-18495382	NC_003070.9	83.544	237	31	5	1	234	696707	696476	4.30e-55	215
NC_003074.8:18495120-18495382	NC_003070.9	83.740	246	21	8	1	245	5899425	5899198	4.30e-55	215
NC_003074.8:18495120-18495382	NC_003070.9	84.100	239	21	5	1	237	20205576	20205353	4.30e-55	215
NC_003074.8:18495120-18495382	NC_003070.9	83.475	236	23	7	1	234	27241052	27241273	2.59e-52	206
NC_003074.8:18495120-18495382	NC_003070.9	82.988	241	26	6	1	240	3251256	3251482	9.30e-52	204
NC_003074.8:18495120-18495382	NC_003070.9	85.222	203	25	5	56	257	13313696	13313498	9.30e-52	204
NC_003074.8:18495120-18495382	NC_003070.9	81.818	253	21	11	1	252	29244471	29244699	2.61e-47	189
NC_003074.8:18495120-18495382	NC_003070.9	86.628	172	19	4	66	234	19741712	19741542	9.37e-47	187
NC_003074.8:18495120-18495382	NC_003070.9	84.699	183	26	2	66	247	25358252	25358433	4.36e-45	182
NC_003074.8:18495120-18495382	NC_003070.9	84.795	171	23	3	66	234	2588003	2587834	3.39e-41	169
NC_003074.8:18495120-18495382	NC_003070.9	84.795	171	23	3	66	234	8190388	8190557	3.39e-41	169
NC_003074.8:18495120-18495382	NC_003070.9	83.908	174	22	5	64	234	11174636	11174806	5.68e-39	161
NC_003074.8:18495120-18495382	NC_003070.9	82.558	172	28	2	64	234	12458082	12458252	1.23e-35	150
NC_003074.8:18495120-18495382	NC_003070.9	83.117	154	22	4	83	234	21336374	21336525	9.57e-32	137
NC_003074.8:18495120-18495382	NC_003070.9	81.977	172	21	7	66	236	26307343	26307505	9.57e-32	137
NC_003074.8:18495120-18495382	NC_003070.9	76.871	147	22	6	14	160	21602156	21602022	2.74e-12	73.1
NC_003074.8:18495120-18495382	NC_003076.8	93.600	250	12	4	1	247	22021624	22021872	8.67e-102	370
NC_003074.8:18495120-18495382	NC_003076.8	94.215	242	12	1	1	240	7488328	7488087	3.12e-101	368
NC_003074.8:18495120-18495382	NC_003076.8	97.653	213	5	0	1	213	15535363	15535151	1.12e-100	366
NC_003074.8:18495120-18495382	NC_003076.8	91.600	250	17	4	1	246	15162886	15163135	1.89e-93	342
NC_003074.8:18495120-18495382	NC_003076.8	91.165	249	6	5	1	234	15031163	15030916	6.84e-88	324
NC_003074.8:18495120-18495382	NC_003076.8	89.958	239	20	4	1	238	24449142	24449377	2.48e-82	305
NC_003074.8:18495120-18495382	NC_003076.8	89.787	235	20	4	1	234	17726752	17726983	4.15e-80	298
NC_003074.8:18495120-18495382	NC_003076.8	89.787	235	19	5	1	234	19101876	19102106	1.49e-79	296
NC_003074.8:18495120-18495382	NC_003076.8	88.750	240	23	4	1	238	22621413	22621176	6.94e-78	291
NC_003074.8:18495120-18495382	NC_003076.8	88.333	240	23	5	1	239	5625388	5625623	1.16e-75	283
NC_003074.8:18495120-18495382	NC_003076.8	88.285	239	21	6	1	234	9068407	9068171	1.50e-74	279
NC_003074.8:18495120-18495382	NC_003076.8	86.555	238	26	6	1	234	3566679	3566914	7.04e-68	257
NC_003074.8:18495120-18495382	NC_003076.8	84.937	239	28	8	1	234	6420064	6419829	3.30e-61	235
NC_003074.8:18495120-18495382	NC_003076.8	85.062	241	24	10	1	238	8749241	8749472	3.30e-61	235
NC_003074.8:18495120-18495382	NC_003076.8	84.739	249	22	10	1	247	13892353	13892119	3.30e-61	235
NC_003074.8:18495120-18495382	NC_003076.8	85.973	221	26	5	1	220	5648113	5647897	4.27e-60	231
NC_003074.8:18495120-18495382	NC_003076.8	85.106	235	22	6	1	234	9557883	9557661	5.52e-59	228
NC_003074.8:18495120-18495382	NC_003076.8	89.385	179	17	2	56	234	13231895	13232071	7.14e-58	224
NC_003074.8:18495120-18495382	NC_003076.8	84.255	235	23	6	1	234	16871256	16871477	1.20e-55	217
NC_003074.8:18495120-18495382	NC_003076.8	83.830	235	18	8	1	234	14395250	14395035	2.59e-52	206
NC_003074.8:18495120-18495382	NC_003076.8	83.830	235	18	8	1	234	14454549	14454334	2.59e-52	206
NC_003074.8:18495120-18495382	NC_003076.8	83.264	239	16	9	1	238	24586843	24587058	4.33e-50	198
NC_003074.8:18495120-18495382	NC_003076.8	86.517	178	21	3	65	240	14880641	14880817	2.01e-48	193
NC_003074.8:18495120-18495382	NC_003076.8	82.231	242	23	11	1	239	15581120	15581344	7.24e-48	191
NC_003074.8:18495120-18495382	NC_003076.8	82.553	235	24	9	1	234	17043681	17043899	7.24e-48	191
NC_003074.8:18495120-18495382	NC_003076.8	82.278	237	21	7	1	237	7700852	7700637	3.37e-46	185
NC_003074.8:18495120-18495382	NC_003076.8	81.702	235	25	8	1	234	19408597	19408380	1.57e-44	180
NC_003074.8:18495120-18495382	NC_003076.8	89.362	141	13	2	1	140	9867496	9867635	2.03e-43	176
NC_003074.8:18495120-18495382	NC_003076.8	83.529	170	18	7	66	234	19114743	19114583	1.23e-35	150
NC_003074.8:18495120-18495382	NC_003076.8	82.759	174	20	7	66	238	10041974	10041810	1.59e-34	147
NC_003074.8:18495120-18495382	NC_003076.8	85.211	142	18	3	66	205	19480002	19480142	2.06e-33	143
NC_003074.8:18495120-18495382	NC_003076.8	82.353	170	20	7	66	234	22464040	22464200	2.66e-32	139
NC_003074.8:18495120-18495382	NC_003076.8	84.496	129	17	3	109	234	4937362	4937490	7.45e-28	124
NC_003074.8:18495120-18495382	NC_003076.8	97.222	72	1	1	1	72	4937292	4937362	9.64e-27	121
NC_003074.8:18495120-18495382	NC_003076.8	93.103	58	4	0	1	58	15882623	15882680	3.52e-16	86.1
NC_003074.8:18495120-18495382	NC_003076.8	82.828	99	14	3	109	205	17247804	17247707	3.52e-16	86.1
NC_003074.8:18495120-18495382	NC_003075.7	94.093	237	11	2	1	234	8899727	8899963	6.75e-98	357
NC_003074.8:18495120-18495382	NC_003075.7	92.340	235	15	2	1	234	7231369	7231601	4.09e-90	331
NC_003074.8:18495120-18495382	NC_003075.7	95.876	194	7	1	1	193	8820042	8819849	1.48e-84	313
NC_003074.8:18495120-18495382	NC_003075.7	90.417	240	18	5	1	239	1521587	1521822	5.33e-84	311
NC_003074.8:18495120-18495382	NC_003075.7	90.213	235	18	5	1	234	6115671	6115901	3.21e-81	302
NC_003074.8:18495120-18495382	NC_003075.7	90.213	235	8	4	1	234	1198935	1198715	1.93e-78	292
NC_003074.8:18495120-18495382	NC_003075.7	88.655	238	22	5	1	237	2553717	2553950	3.23e-76	285
NC_003074.8:18495120-18495382	NC_003075.7	86.885	244	24	8	1	240	9111814	9111575	1.17e-70	267
NC_003074.8:18495120-18495382	NC_003075.7	86.638	232	24	7	1	230	5391953	5391727	1.18e-65	250
NC_003074.8:18495120-18495382	NC_003075.7	85.306	245	30	6	1	242	572430	572189	4.24e-65	248
NC_003074.8:18495120-18495382	NC_003075.7	86.017	236	27	5	1	234	17501973	17502204	4.24e-65	248
NC_003074.8:18495120-18495382	NC_003075.7	88.406	207	18	6	1	205	823724	823522	5.48e-64	244
NC_003074.8:18495120-18495382	NC_003075.7	91.304	161	11	3	1	160	6661317	6661475	1.20e-55	217
NC_003074.8:18495120-18495382	NC_003075.7	83.534	249	19	10	1	244	6339695	6339464	1.55e-54	213
NC_003074.8:18495120-18495382	NC_003075.7	81.746	252	28	7	1	250	12365284	12365049	5.60e-49	195
NC_003074.8:18495120-18495382	NC_003075.7	82.479	234	20	7	1	234	7034465	7034253	3.37e-46	185
NC_003074.8:18495120-18495382	NC_003075.7	84.656	189	24	5	64	249	6426789	6426603	1.21e-45	183
NC_003074.8:18495120-18495382	NC_003075.7	85.465	172	22	3	67	237	6895116	6894947	2.03e-43	176
NC_003074.8:18495120-18495382	NC_003075.7	85.294	170	23	2	66	234	7906198	7906366	7.29e-43	174
NC_003074.8:18495120-18495382	NC_003075.7	84.091	176	25	3	65	238	7155204	7155378	1.22e-40	167
NC_003074.8:18495120-18495382	NC_003075.7	82.895	152	22	4	89	239	9146878	9147026	1.24e-30	134
NC_003074.8:18495120-18495382	NC_003075.7	81.208	149	16	8	66	213	12968056	12967919	2.09e-23	110
NC_003074.8:18495120-18495382	NC_003075.7	91.892	74	4	2	1	73	1100911	1100983	3.49e-21	102
NC_003074.8:18495120-18495382	NC_003075.7	91.429	70	5	1	1	70	7572220	7572288	5.84e-19	95.3
NC_003074.8:18948362-18949364	NC_003074.8	100.000	1003	0	0	1	1003	18948362	18949364	0.0	1853
NC_003074.8:18948362-18949364	NC_003074.8	86.350	967	92	20	1	956	11152927	11151990	0.0	1018
NC_003074.8:18948362-18949364	NC_003076.8	94.930	1006	39	7	1	1003	10873661	10874657	0.0	1565
NC_003074.8:18948362-18949364	NC_003076.8	86.713	1016	101	24	1	1001	14393511	14394507	0.0	1098
NC_003074.8:18948362-18949364	NC_003076.8	86.713	1016	101	24	1	1001	14452810	14453806	0.0	1098
NC_003074.8:18948362-18949364	NC_003076.8	88.921	686	59	11	1	680	14265609	14264935	0.0	830
NC_003074.8:18948362-18949364	NC_003076.8	82.979	423	36	23	1	413	19413062	19413458	4.64e-95	350
NC_003074.8:18948362-18949364	NC_003076.8	87.745	204	23	2	801	1003	14264914	14264712	3.77e-61	237
NC_003074.8:18948362-18949364	NC_003075.7	94.836	1007	40	8	1	1003	13537670	13536672	0.0	1561
NC_003074.8:18948362-18949364	NC_003075.7	94.317	1003	44	10	5	1003	9190195	9189202	0.0	1524
NC_003074.8:18948362-18949364	NC_003075.7	93.737	974	45	7	1	973	6537345	6538303	0.0	1447
NC_003074.8:18948362-18949364	NC_003075.7	88.953	344	27	6	1	341	2040107	2040442	1.62e-114	414
NC_003074.8:18948362-18949364	NC_003071.7	88.299	1017	92	20	1	1003	6411149	6412152	0.0	1194
NC_003074.8:18948362-18949364	NC_003071.7	87.901	967	94	17	1	958	4353559	4352607	0.0	1116
NC_003074.8:18948362-18949364	NC_003071.7	87.021	1017	94	24	1	1003	4796347	4797339	0.0	1112
NC_003074.8:18948362-18949364	NC_003071.7	86.476	1013	98	26	1	1001	2262405	2261420	0.0	1075
NC_003074.8:18948362-18949364	NC_003070.9	87.992	1016	96	19	1	1003	1160224	1161226	0.0	1177
NC_003074.8:18948362-18949364	NC_003070.9	87.710	952	81	18	2	944	12525582	12526506	0.0	1077
NC_003074.8:18948362-18949364	NC_003070.9	84.749	977	102	26	7	971	21388993	21388052	0.0	935
NC_003074.8:18948362-18949364	NC_003070.9	86.176	897	71	22	83	968	10158949	10159803	0.0	920
NC_003074.8:18948362-18949364	NC_003070.9	90.092	434	33	8	163	591	13080595	13081023	9.15e-157	555
NC_003074.8:18948362-18949364	NC_003070.9	87.240	337	38	3	483	814	9367635	9367971	5.91e-104	379
NC_003074.8:18948362-18949364	NC_003070.9	82.609	207	25	7	1	205	9367448	9367645	1.08e-41	172
NC_003074.8:18976715-18977156	NC_003074.8	100.000	442	0	0	1	442	18976715	18977156	0.0	817
NC_003074.8:18976715-18977156	NC_003074.8	94.749	438	22	1	6	442	15783155	15783592	0.0	680
NC_003074.8:18976715-18977156	NC_003074.8	95.714	420	17	1	4	422	15642911	15643330	0.0	675
NC_003074.8:18976715-18977156	NC_003074.8	94.521	438	23	1	6	442	16851842	16851405	0.0	675
NC_003074.8:18976715-18977156	NC_003074.8	93.197	441	28	2	3	442	10791552	10791113	0.0	647
NC_003074.8:18976715-18977156	NC_003074.8	92.237	438	33	1	6	442	19648580	19648143	1.37e-176	619
NC_003074.8:18976715-18977156	NC_003074.8	89.965	289	28	1	155	442	10908292	10908004	4.22e-102	372
NC_003074.8:18976715-18977156	NC_003074.8	82.028	434	52	16	9	439	538783	539193	2.56e-94	346
NC_003074.8:18976715-18977156	NC_003074.8	81.716	443	55	19	5	442	9767682	9768103	2.56e-94	346
NC_003074.8:18976715-18977156	NC_003074.8	93.810	210	13	0	6	215	10908474	10908265	2.01e-85	316
NC_003074.8:18976715-18977156	NC_003074.8	95.361	194	8	1	5	198	14785552	14785360	1.21e-82	307
NC_003074.8:18976715-18977156	NC_003075.7	94.749	438	22	1	6	442	4650110	4650547	0.0	680
NC_003074.8:18976715-18977156	NC_003075.7	94.292	438	22	3	6	442	2316524	2316089	0.0	667
NC_003074.8:18976715-18977156	NC_003075.7	94.064	438	25	1	6	442	4685638	4686075	0.0	664
NC_003074.8:18976715-18977156	NC_003075.7	93.394	439	26	3	6	442	12714136	12713699	0.0	647
NC_003074.8:18976715-18977156	NC_003075.7	91.781	438	35	1	6	442	16705425	16705862	2.96e-173	608
NC_003074.8:18976715-18977156	NC_003075.7	93.842	341	18	3	6	344	4906330	4905991	8.58e-144	510
NC_003074.8:18976715-18977156	NC_003075.7	94.853	272	14	0	6	277	4909348	4909077	3.20e-118	425
NC_003074.8:18976715-18977156	NC_003075.7	91.444	187	15	1	6	192	15592391	15592206	4.44e-67	255
NC_003074.8:18976715-18977156	NC_003076.8	94.292	438	22	3	6	440	8178107	8177670	0.0	667
NC_003074.8:18976715-18977156	NC_003076.8	95.465	419	18	1	6	423	17438315	17438733	0.0	667
NC_003074.8:18976715-18977156	NC_003076.8	92.255	439	30	4	6	442	14985232	14984796	1.37e-176	619
NC_003074.8:18976715-18977156	NC_003076.8	91.324	438	24	4	6	442	15213323	15212899	1.39e-166	586
NC_003074.8:18976715-18977156	NC_003076.8	82.688	439	47	23	9	442	26233530	26233116	2.54e-99	363
NC_003074.8:18976715-18977156	NC_003076.8	95.610	205	8	1	12	216	13608302	13608505	9.27e-89	327
NC_003074.8:18976715-18977156	NC_003076.8	93.953	215	12	1	6	219	8808995	8809209	1.20e-87	324
NC_003074.8:18976715-18977156	NC_003076.8	94.737	209	10	1	9	216	18113644	18113852	1.20e-87	324
NC_003074.8:18976715-18977156	NC_003076.8	80.516	426	54	24	13	434	16480788	16481188	2.02e-80	300
NC_003074.8:18976715-18977156	NC_003076.8	92.708	192	14	0	6	197	18147553	18147744	9.47e-74	278
NC_003074.8:18976715-18977156	NC_003076.8	93.220	177	12	0	6	182	16387691	16387867	9.54e-69	261
NC_003074.8:18976715-18977156	NC_003070.9	93.836	438	25	2	6	442	9062084	9062520	0.0	658
NC_003074.8:18976715-18977156	NC_003070.9	92.009	438	34	1	6	442	10652930	10652493	6.35e-175	614
NC_003074.8:18976715-18977156	NC_003070.9	90.519	443	29	3	1	442	18287188	18287618	1.08e-162	573
NC_003074.8:18976715-18977156	NC_003070.9	92.231	399	28	2	6	403	8723513	8723117	2.33e-159	562
NC_003074.8:18976715-18977156	NC_003070.9	84.091	440	38	20	9	442	16998809	16998396	2.51e-109	396
NC_003074.8:18976715-18977156	NC_003070.9	94.141	256	14	1	188	442	13808353	13808608	4.19e-107	388
NC_003074.8:18976715-18977156	NC_003070.9	83.066	437	48	17	9	442	28750313	28749900	1.17e-102	374
NC_003074.8:18976715-18977156	NC_003070.9	95.349	215	9	1	6	219	8375151	8374937	1.19e-92	340
NC_003074.8:18976715-18977156	NC_003070.9	94.884	215	10	1	6	219	16822273	16822487	5.54e-91	335
NC_003074.8:18976715-18977156	NC_003070.9	94.388	196	10	1	21	216	18126621	18126815	2.02e-80	300
NC_003074.8:18976715-18977156	NC_003070.9	95.055	182	9	0	1	182	13808199	13808380	1.57e-76	287
NC_003074.8:18976715-18977156	NC_003070.9	89.744	156	13	3	27	181	6102896	6102743	2.73e-49	196
NC_003074.8:18976715-18977156	NC_003071.7	93.151	438	29	1	6	442	2735215	2734778	0.0	641
NC_003074.8:18976715-18977156	NC_003071.7	92.922	438	29	2	6	442	2820420	2820856	0.0	636
NC_003074.8:18976715-18977156	NC_003071.7	92.184	435	32	2	3	435	6946151	6946585	6.35e-175	614
NC_003074.8:18976715-18977156	NC_003071.7	91.034	435	26	2	6	439	4307703	4307281	3.00e-163	575
NC_003074.8:18976715-18977156	NC_003071.7	95.755	212	8	1	9	219	11129216	11129005	1.19e-92	340
NC_003074.8:18976715-18977156	NC_003071.7	94.931	217	10	1	4	219	10406499	10406715	4.28e-92	339
NC_003074.8:18976715-18977156	NC_003071.7	94.787	211	10	1	6	215	510988	511198	9.27e-89	327
NC_003074.8:18976715-18977156	NC_003071.7	93.519	216	12	2	6	219	19269200	19268985	1.55e-86	320
NC_003074.8:16727565-16728663	NC_003074.8	100.000	1099	0	0	1	1099	16727565	16728663	0.0	2030
NC_003074.8:16727565-16728663	NC_003074.8	93.767	1107	48	12	1	1098	16553354	16554448	0.0	1642
NC_003074.8:16727565-16728663	NC_003074.8	86.432	199	18	5	245	442	11539725	11539535	9.01e-53	209
NC_003074.8:16727565-16728663	NC_003074.8	83.333	90	14	1	3	92	16485869	16485781	2.05e-14	82.4
NC_003074.8:16727565-16728663	NC_003070.9	94.198	1103	48	10	1	1099	13981810	13980720	0.0	1668
NC_003074.8:16727565-16728663	NC_003070.9	87.380	626	63	12	253	867	13064993	13064373	0.0	704
NC_003074.8:16727565-16728663	NC_003070.9	88.421	95	8	3	4	98	14012812	14012721	2.61e-23	111
NC_003074.8:16727565-16728663	NC_003071.7	92.785	790	36	15	3	785	5347126	5347901	0.0	1123
NC_003074.8:16727565-16728663	NC_003071.7	84.832	1101	103	29	3	1077	5761056	5759994	0.0	1050
NC_003074.8:16727565-16728663	NC_003071.7	85.874	807	80	20	252	1047	5559025	5558242	0.0	828
NC_003074.8:16727565-16728663	NC_003071.7	79.446	686	75	32	422	1098	5804651	5804023	8.22e-118	425
NC_003074.8:16727565-16728663	NC_003071.7	86.926	283	24	9	819	1099	7439223	7438952	1.12e-81	305
NC_003074.8:16727565-16728663	NC_003071.7	88.060	201	15	5	245	442	6657674	6657868	6.91e-59	230
NC_003074.8:16727565-16728663	NC_003071.7	87.437	199	17	4	245	442	9091321	9091512	1.16e-56	222
NC_003074.8:16727565-16728663	NC_003071.7	87.000	200	17	5	245	442	1789721	1789529	5.38e-55	217
NC_003074.8:16727565-16728663	NC_003076.8	87.644	348	27	9	753	1099	9770414	9770082	3.00e-107	390
NC_003074.8:16727565-16728663	NC_003076.8	79.836	610	52	37	521	1099	13815300	13815869	6.49e-104	379
NC_003074.8:16727565-16728663	NC_003076.8	86.667	195	18	5	244	437	9369128	9369315	9.01e-53	209
NC_003074.8:16727565-16728663	NC_003076.8	85.437	206	20	4	894	1098	6171342	6171146	1.17e-51	206
NC_003074.8:16727565-16728663	NC_003075.7	86.111	180	17	5	245	424	16378052	16378223	4.22e-46	187
NC_003074.8:16677615-16678503	NC_003074.8	100.000	889	0	0	1	889	16677615	16678503	0.0	1642
NC_003074.8:16677615-16678503	NC_003074.8	96.396	888	29	3	2	889	10900762	10901646	0.0	1459
NC_003074.8:16677615-16678503	NC_003074.8	96.429	868	27	4	1	866	16535295	16534430	0.0	1428
NC_003074.8:16677615-16678503	NC_003074.8	95.475	884	38	2	4	887	18496030	18495149	0.0	1410
NC_003074.8:16677615-16678503	NC_003074.8	94.250	887	42	5	1	887	5591638	5590761	0.0	1347
NC_003074.8:16677615-16678503	NC_003074.8	92.785	887	46	5	1	887	16902331	16903199	0.0	1267
NC_003074.8:16677615-16678503	NC_003074.8	89.250	893	86	7	1	889	6941485	6940599	0.0	1109
NC_003074.8:16677615-16678503	NC_003074.8	87.933	895	74	17	1	889	20770465	20769599	0.0	1024
NC_003074.8:16677615-16678503	NC_003074.8	89.223	798	75	11	1	792	8596968	8596176	0.0	987
NC_003074.8:16677615-16678503	NC_003074.8	87.486	863	83	16	21	877	8328648	8329491	0.0	972
NC_003074.8:16677615-16678503	NC_003074.8	87.594	798	89	9	1	792	4467612	4468405	0.0	917
NC_003074.8:16677615-16678503	NC_003074.8	87.892	702	76	8	175	871	18171658	18170961	0.0	817
NC_003074.8:16677615-16678503	NC_003074.8	97.740	354	5	3	195	547	11589291	11588940	2.20e-172	606
NC_003074.8:16677615-16678503	NC_003074.8	95.886	316	12	1	574	889	11588951	11588637	1.77e-143	510
NC_003074.8:16677615-16678503	NC_003074.8	89.451	237	22	3	653	889	14057454	14057687	5.41e-79	296
NC_003074.8:16677615-16678503	NC_003074.8	87.815	238	25	4	653	889	15814257	15814491	7.05e-73	276
NC_003074.8:16677615-16678503	NC_003074.8	89.552	201	18	1	2	202	19529023	19529220	1.19e-65	252
NC_003074.8:16677615-16678503	NC_003074.8	88.614	202	21	2	2	202	4977268	4977468	1.99e-63	244
NC_003074.8:16677615-16678503	NC_003074.8	84.800	250	23	3	653	889	10758249	10758002	3.33e-61	237
NC_003074.8:16677615-16678503	NC_003074.8	82.773	238	17	10	653	889	4585083	4585297	2.63e-47	191
NC_003074.8:16677615-16678503	NC_003074.8	91.667	72	4	2	2	72	19537816	19537746	1.64e-19	99.0
NC_003074.8:16677615-16678503	NC_003074.8	85.714	91	12	1	2	91	16553356	16553446	2.12e-18	95.3
NC_003074.8:16677615-16678503	NC_003074.8	92.308	65	5	0	1	65	7766061	7766125	7.62e-18	93.5
NC_003074.8:16677615-16678503	NC_003074.8	90.769	65	5	1	2	65	15918691	15918627	1.27e-15	86.1
NC_003074.8:16677615-16678503	NC_003074.8	90.625	64	5	1	3	65	16235708	16235645	4.59e-15	84.2
NC_003074.8:16677615-16678503	NC_003074.8	89.394	66	6	1	1	65	10082829	10082764	1.65e-14	82.4
NC_003074.8:16677615-16678503	NC_003074.8	89.231	65	6	1	2	65	7659521	7659457	5.93e-14	80.5
NC_003074.8:16677615-16678503	NC_003074.8	89.231	65	6	1	2	65	19739757	19739821	5.93e-14	80.5
NC_003074.8:16677615-16678503	NC_003074.8	100.000	30	0	0	1	30	18172793	18172764	1.00e-06	56.5
NC_003074.8:16677615-16678503	NC_003074.8	100.000	29	0	0	2	30	9540459	9540487	3.60e-06	54.7
NC_003074.8:16677615-16678503	NC_003071.7	96.400	889	31	1	1	889	1322857	1321970	0.0	1463
NC_003074.8:16677615-16678503	NC_003071.7	94.820	888	43	3	2	889	3198502	3197618	0.0	1382
NC_003074.8:16677615-16678503	NC_003071.7	94.781	843	27	4	25	866	9455339	9456165	0.0	1297
NC_003074.8:16677615-16678503	NC_003071.7	87.388	896	80	18	3	889	2320063	2320934	0.0	998
NC_003074.8:16677615-16678503	NC_003071.7	89.084	797	78	8	1	790	9029806	9030600	0.0	981
NC_003074.8:16677615-16678503	NC_003071.7	88.722	798	79	10	2	792	8172835	8173628	0.0	965
NC_003074.8:16677615-16678503	NC_003071.7	86.309	913	83	13	1	889	7350653	7351547	0.0	955
NC_003074.8:16677615-16678503	NC_003071.7	87.500	832	93	10	1	826	10070965	10070139	0.0	950
NC_003074.8:16677615-16678503	NC_003071.7	87.577	813	76	13	1	808	11909721	11908929	0.0	918
NC_003074.8:16677615-16678503	NC_003071.7	88.829	743	75	7	8	744	7177587	7176847	0.0	905
NC_003074.8:16677615-16678503	NC_003071.7	91.089	202	18	0	1	202	6901190	6901391	2.54e-72	274
NC_003074.8:16677615-16678503	NC_003071.7	87.029	239	26	5	653	889	5010322	5010087	1.53e-69	265
NC_003074.8:16677615-16678503	NC_003071.7	91.228	171	11	4	653	823	17147325	17147159	5.57e-59	230
NC_003074.8:16677615-16678503	NC_003071.7	81.013	237	22	10	653	889	9228850	9228637	4.43e-40	167
NC_003074.8:16677615-16678503	NC_003071.7	87.805	82	9	1	11	91	2443209	2443128	2.12e-18	95.3
NC_003074.8:16677615-16678503	NC_003071.7	90.769	65	6	0	1	65	7340380	7340444	3.54e-16	87.9
NC_003074.8:16677615-16678503	NC_003071.7	90.769	65	5	1	2	65	6207151	6207087	1.27e-15	86.1
NC_003074.8:16677615-16678503	NC_003071.7	89.231	65	6	1	2	65	9433091	9433155	5.93e-14	80.5
NC_003074.8:16677615-16678503	NC_003071.7	87.692	65	7	1	2	65	9860514	9860450	2.76e-12	75.0
NC_003074.8:16677615-16678503	NC_003071.7	87.500	64	7	1	1	63	9229180	9229117	9.93e-12	73.1
NC_003074.8:16677615-16678503	NC_003071.7	87.302	63	7	1	2	63	19623102	19623164	3.57e-11	71.3
NC_003074.8:16677615-16678503	NC_003076.8	96.171	888	31	3	1	887	7488978	7488093	0.0	1448
NC_003074.8:16677615-16678503	NC_003076.8	96.301	865	29	3	2	866	15536012	15535151	0.0	1417
NC_003074.8:16677615-16678503	NC_003076.8	95.265	887	40	2	2	887	22020973	22021858	0.0	1404
NC_003074.8:16677615-16678503	NC_003076.8	94.013	902	37	5	2	889	15031812	15030914	0.0	1351
NC_003074.8:16677615-16678503	NC_003076.8	93.363	889	39	6	1	889	15162254	15163122	0.0	1297
NC_003074.8:16677615-16678503	NC_003076.8	89.910	892	76	13	2	887	13733609	13734492	0.0	1136
NC_003074.8:16677615-16678503	NC_003076.8	89.238	892	80	11	2	889	14079423	14080302	0.0	1101
NC_003074.8:16677615-16678503	NC_003076.8	89.498	876	81	11	1	873	5648764	5647897	0.0	1098
NC_003074.8:16677615-16678503	NC_003076.8	88.939	895	84	13	2	889	20279500	20278614	0.0	1090
NC_003074.8:16677615-16678503	NC_003076.8	87.248	894	90	15	2	889	8602694	8601819	0.0	998
NC_003074.8:16677615-16678503	NC_003076.8	88.596	798	81	9	2	792	9866841	9867635	0.0	961
NC_003074.8:16677615-16678503	NC_003076.8	87.956	822	86	11	13	827	26892545	26893360	0.0	957
NC_003074.8:16677615-16678503	NC_003076.8	88.317	796	84	8	2	792	17398749	17397958	0.0	946
NC_003074.8:16677615-16678503	NC_003076.8	85.948	918	79	16	1	889	17481150	17482046	0.0	935
NC_003074.8:16677615-16678503	NC_003076.8	88.981	726	61	12	2	725	17956548	17955840	0.0	880
NC_003074.8:16677615-16678503	NC_003076.8	86.881	808	69	13	2	804	19912702	19913477	0.0	870
NC_003074.8:16677615-16678503	NC_003076.8	86.675	803	65	13	2	779	26891638	26892423	0.0	852
NC_003074.8:16677615-16678503	NC_003076.8	90.717	237	18	4	653	889	19101876	19102108	5.37e-84	313
NC_003074.8:16677615-16678503	NC_003076.8	89.451	237	21	4	653	889	6702159	6701927	5.41e-79	296
NC_003074.8:16677615-16678503	NC_003076.8	88.382	241	22	5	653	889	9068407	9068169	1.17e-75	285
NC_003074.8:16677615-16678503	NC_003076.8	86.250	240	28	5	653	889	3566679	3566916	9.18e-67	255
NC_003074.8:16677615-16678503	NC_003076.8	84.861	251	21	9	653	889	7417661	7417908	3.33e-61	237
NC_003074.8:16677615-16678503	NC_003076.8	82.773	238	25	4	652	889	17043680	17043901	1.57e-49	198
NC_003074.8:16677615-16678503	NC_003076.8	82.700	237	22	6	653	889	14395250	14395033	7.30e-48	193
NC_003074.8:16677615-16678503	NC_003076.8	82.700	237	22	6	653	889	14454549	14454332	7.30e-48	193
NC_003074.8:16677615-16678503	NC_003076.8	82.700	237	17	7	653	889	14103879	14103667	9.45e-47	189
NC_003074.8:16677615-16678503	NC_003076.8	82.278	237	20	9	653	889	7700852	7700638	1.22e-45	185
NC_003074.8:16677615-16678503	NC_003076.8	95.833	72	2	1	653	724	4937292	4937362	1.63e-24	115
NC_003074.8:16677615-16678503	NC_003076.8	93.151	73	3	2	1	72	19153747	19153676	9.79e-22	106
NC_003074.8:16677615-16678503	NC_003076.8	95.000	60	2	1	653	712	706667	706609	7.62e-18	93.5
NC_003074.8:16677615-16678503	NC_003076.8	92.424	66	4	1	1	65	14880215	14880280	7.62e-18	93.5
NC_003074.8:16677615-16678503	NC_003076.8	96.296	54	2	0	2	55	13733030	13733083	9.86e-17	89.8
NC_003074.8:16677615-16678503	NC_003076.8	90.909	66	5	1	1	65	13892687	13892622	3.54e-16	87.9
NC_003074.8:16677615-16678503	NC_003076.8	84.444	90	10	1	1	90	9770644	9770559	1.27e-15	86.1
NC_003074.8:16677615-16678503	NC_003076.8	90.769	65	5	1	2	65	24117960	24118024	1.27e-15	86.1
NC_003074.8:16677615-16678503	NC_003076.8	90.625	64	5	1	2	64	8280718	8280781	4.59e-15	84.2
NC_003074.8:16677615-16678503	NC_003076.8	89.394	66	6	1	1	65	7417330	7417395	1.65e-14	82.4
NC_003074.8:16677615-16678503	NC_003076.8	90.476	63	5	1	2	63	16712851	16712913	1.65e-14	82.4
NC_003074.8:16677615-16678503	NC_003076.8	89.394	66	6	1	1	65	16870922	16870987	1.65e-14	82.4
NC_003074.8:16677615-16678503	NC_003076.8	89.231	65	6	1	2	65	9558216	9558152	5.93e-14	80.5
NC_003074.8:16677615-16678503	NC_003076.8	89.231	65	6	1	2	65	14104208	14104144	5.93e-14	80.5
NC_003074.8:16677615-16678503	NC_003076.8	89.231	65	6	1	2	65	15659431	15659367	5.93e-14	80.5
NC_003074.8:16677615-16678503	NC_003076.8	89.231	65	6	1	2	65	20674822	20674758	5.93e-14	80.5
NC_003074.8:16677615-16678503	NC_003076.8	87.692	65	7	1	2	65	6702418	6702354	2.76e-12	75.0
NC_003074.8:16677615-16678503	NC_003076.8	85.135	74	8	3	12	84	10536306	10536377	9.93e-12	73.1
NC_003074.8:16677615-16678503	NC_003076.8	87.302	63	7	1	2	63	7701181	7701119	3.57e-11	71.3
NC_003074.8:16677615-16678503	NC_003070.9	96.158	885	30	4	5	889	9418943	9418063	0.0	1443
NC_003074.8:16677615-16678503	NC_003070.9	95.062	891	41	3	1	889	11670246	11669357	0.0	1399
NC_003074.8:16677615-16678503	NC_003070.9	94.944	890	37	8	1	889	21127988	21128870	0.0	1387
NC_003074.8:16677615-16678503	NC_003070.9	94.376	889	47	3	2	889	12618638	12619524	0.0	1362
NC_003074.8:16677615-16678503	NC_003070.9	94.270	890	46	5	1	889	20167556	20166671	0.0	1356
NC_003074.8:16677615-16678503	NC_003070.9	87.919	894	82	14	2	889	9385033	9384160	0.0	1029
NC_003074.8:16677615-16678503	NC_003070.9	87.723	896	81	17	1	889	18301143	18300270	0.0	1018
NC_003074.8:16677615-16678503	NC_003070.9	87.220	892	75	10	1	889	21616152	21615297	0.0	979
NC_003074.8:16677615-16678503	NC_003070.9	86.593	910	93	17	1	889	697375	696474	0.0	977
NC_003074.8:16677615-16678503	NC_003070.9	86.854	890	90	17	1	884	3250606	3251474	0.0	970
NC_003074.8:16677615-16678503	NC_003070.9	95.017	582	28	1	2	583	3762158	3762738	0.0	913
NC_003074.8:16677615-16678503	NC_003070.9	86.706	850	76	16	2	847	14014231	14013415	0.0	909
NC_003074.8:16677615-16678503	NC_003070.9	87.218	798	75	17	2	792	6514476	6515253	0.0	883
NC_003074.8:16677615-16678503	NC_003070.9	84.865	892	88	18	2	887	8623608	8622758	0.0	856
NC_003074.8:16677615-16678503	NC_003070.9	86.528	720	63	16	2	690	10239320	10240036	0.0	761
NC_003074.8:16677615-16678503	NC_003070.9	94.421	484	25	2	406	889	20560081	20559600	0.0	743
NC_003074.8:16677615-16678503	NC_003070.9	96.218	238	8	1	1	238	10579423	10579659	8.68e-107	388
NC_003074.8:16677615-16678503	NC_003070.9	95.397	239	11	0	635	873	3762736	3762974	1.45e-104	381
NC_003074.8:16677615-16678503	NC_003070.9	96.535	202	7	0	37	238	20560283	20560082	1.15e-90	335
NC_003074.8:16677615-16678503	NC_003070.9	87.866	239	23	6	653	889	10021648	10021414	7.05e-73	276
NC_003074.8:16677615-16678503	NC_003070.9	82.773	238	25	3	653	889	20205576	20205354	1.57e-49	198
NC_003074.8:16677615-16678503	NC_003070.9	82.353	238	18	9	653	889	29244471	29244685	1.22e-45	185
NC_003074.8:16677615-16678503	NC_003070.9	93.846	65	3	1	2	65	9919332	9919268	5.89e-19	97.1
NC_003074.8:16677615-16678503	NC_003070.9	92.308	65	5	0	1	65	26880720	26880784	7.62e-18	93.5
NC_003074.8:16677615-16678503	NC_003070.9	92.308	65	4	1	1	64	8189960	8190024	2.74e-17	91.6
NC_003074.8:16677615-16678503	NC_003070.9	92.308	65	4	1	2	65	18766618	18766554	2.74e-17	91.6
NC_003074.8:16677615-16678503	NC_003070.9	84.615	91	13	1	2	91	13981808	13981718	9.86e-17	89.8
NC_003074.8:16677615-16678503	NC_003070.9	90.769	65	5	1	2	65	6219140	6219076	1.27e-15	86.1
NC_003074.8:16677615-16678503	NC_003070.9	90.769	65	5	1	2	65	12183991	12183927	1.27e-15	86.1
NC_003074.8:16677615-16678503	NC_003070.9	90.769	65	5	1	2	65	16401003	16400939	1.27e-15	86.1
NC_003074.8:16677615-16678503	NC_003070.9	90.769	65	5	1	2	65	21918434	21918498	1.27e-15	86.1
NC_003074.8:16677615-16678503	NC_003070.9	90.769	65	5	1	2	65	26306960	26307024	1.27e-15	86.1
NC_003074.8:16677615-16678503	NC_003070.9	89.394	66	6	1	1	65	19742139	19742074	1.65e-14	82.4
NC_003074.8:16677615-16678503	NC_003070.9	89.394	66	6	1	1	65	27240718	27240783	1.65e-14	82.4
NC_003074.8:16677615-16678503	NC_003070.9	89.062	64	7	0	2	65	2473307	2473244	5.93e-14	80.5
NC_003074.8:16677615-16678503	NC_003070.9	89.231	65	6	1	2	65	5899755	5899691	5.93e-14	80.5
NC_003074.8:16677615-16678503	NC_003070.9	89.231	65	6	1	2	65	12993595	12993531	5.93e-14	80.5
NC_003074.8:16677615-16678503	NC_003070.9	89.231	65	6	1	2	65	17605550	17605614	5.93e-14	80.5
NC_003074.8:16677615-16678503	NC_003070.9	87.692	65	7	1	2	65	23125693	23125629	2.76e-12	75.0
NC_003074.8:16677615-16678503	NC_003075.7	95.404	892	36	5	1	889	8899076	8899965	0.0	1415
NC_003074.8:16677615-16678503	NC_003075.7	95.503	845	35	2	2	846	8820690	8819849	0.0	1347
NC_003074.8:16677615-16678503	NC_003075.7	93.933	890	37	5	1	889	1199586	1198713	0.0	1328
NC_003074.8:16677615-16678503	NC_003075.7	92.921	890	42	5	1	889	7230734	7231603	0.0	1275
NC_003074.8:16677615-16678503	NC_003075.7	88.470	902	82	14	2	889	17501313	17502206	0.0	1070
NC_003074.8:16677615-16678503	NC_003075.7	88.591	894	77	21	2	889	6169229	6168355	0.0	1062
NC_003074.8:16677615-16678503	NC_003075.7	88.596	798	83	7	1	792	7384283	7383488	0.0	963
NC_003074.8:16677615-16678503	NC_003075.7	88.582	797	79	11	2	792	12698500	12699290	0.0	957
NC_003074.8:16677615-16678503	NC_003075.7	85.634	891	77	18	1	889	6242978	6243819	0.0	889
NC_003074.8:16677615-16678503	NC_003075.7	87.945	730	59	12	1	725	1100278	1100983	0.0	833
NC_003074.8:16677615-16678503	NC_003075.7	86.837	509	33	16	2	505	9192543	9193022	8.14e-152	538
NC_003074.8:16677615-16678503	NC_003075.7	88.085	235	24	4	653	887	2553717	2553947	7.05e-73	276
NC_003074.8:16677615-16678503	NC_003075.7	82.278	237	20	9	653	889	7034465	7034251	1.22e-45	185
NC_003074.8:16677615-16678503	NC_003075.7	81.579	228	35	6	2	225	4621821	4622045	1.58e-44	182
NC_003074.8:16677615-16678503	NC_003075.7	92.308	65	4	1	2	65	7154779	7154843	2.74e-17	91.6
NC_003074.8:16677615-16678503	NC_003075.7	92.308	65	4	1	2	65	7905771	7905835	2.74e-17	91.6
NC_003074.8:16677615-16678503	NC_003075.7	90.909	66	5	1	1	65	2040106	2040171	3.54e-16	87.9
NC_003074.8:16677615-16678503	NC_003075.7	90.769	65	5	1	1	64	6427217	6427153	1.27e-15	86.1
NC_003074.8:16677615-16678503	NC_003075.7	89.231	65	6	1	2	65	7652564	7652628	5.93e-14	80.5
NC_003074.8:16677615-16678503	NC_003075.7	89.231	65	6	1	2	65	12607047	12606983	5.93e-14	80.5
NC_003074.8:16677615-16678503	NC_003075.7	89.062	64	6	1	3	65	14458283	14458220	2.13e-13	78.7
NC_003074.8:16677615-16678503	NC_003075.7	88.710	62	6	1	2	62	12968438	12968377	2.76e-12	75.0
NC_003074.8:17395979-17397300	NC_003074.8	100.000	1322	0	0	1	1322	17397300	17395979	0.0	2442
NC_003074.8:17395979-17397300	NC_003074.8	93.255	682	37	4	281	958	16880912	16881588	0.0	996
NC_003074.8:17395979-17397300	NC_003074.8	92.140	687	45	5	281	964	10862979	10863659	0.0	961
NC_003074.8:17395979-17397300	NC_003074.8	91.354	694	50	5	281	968	5623140	5623829	0.0	941
NC_003074.8:17395979-17397300	NC_003074.8	90.844	699	54	6	281	974	20484028	20483335	0.0	928
NC_003074.8:17395979-17397300	NC_003074.8	91.246	674	38	8	281	952	20486572	20485918	0.0	898
NC_003074.8:17395979-17397300	NC_003074.8	92.916	367	26	0	956	1322	5623758	5624124	1.58e-150	534
NC_003074.8:17395979-17397300	NC_003074.8	92.098	367	29	0	956	1322	20483412	20483046	1.59e-145	518
NC_003074.8:17395979-17397300	NC_003074.8	92.918	353	22	2	950	1302	16881524	16881873	2.66e-143	510
NC_003074.8:17395979-17397300	NC_003074.8	93.060	317	21	1	1006	1322	8188933	8189248	7.56e-129	462
NC_003074.8:17395979-17397300	NC_003074.8	89.544	373	23	6	950	1322	20485976	20485620	9.79e-128	459
NC_003074.8:17395979-17397300	NC_003074.8	95.439	285	10	3	3	286	5622033	5622315	1.64e-125	451
NC_003074.8:17395979-17397300	NC_003074.8	95.139	288	10	3	1	286	20485140	20484855	1.64e-125	451
NC_003074.8:17395979-17397300	NC_003074.8	94.425	287	15	1	1	286	10862401	10862687	3.54e-122	440
NC_003074.8:17395979-17397300	NC_003074.8	92.508	307	16	3	281	587	2628870	2628571	5.93e-120	433
NC_003074.8:17395979-17397300	NC_003074.8	93.750	288	16	2	1	286	3716342	3716629	2.13e-119	431
NC_003074.8:17395979-17397300	NC_003074.8	94.014	284	16	1	4	286	9559680	9559397	7.67e-119	429
NC_003074.8:17395979-17397300	NC_003074.8	92.542	295	16	1	281	575	9558569	9558281	1.66e-115	418
NC_003074.8:17395979-17397300	NC_003074.8	94.636	261	12	2	28	286	1371151	1370891	4.65e-111	403
NC_003074.8:17395979-17397300	NC_003074.8	94.048	252	14	1	1	251	1371398	1371147	2.18e-104	381
NC_003074.8:17395979-17397300	NC_003074.8	93.651	252	14	2	1	251	2630247	2629997	1.01e-102	375
NC_003074.8:17395979-17397300	NC_003074.8	90.842	273	18	3	315	587	1370060	1369795	1.02e-97	359
NC_003074.8:17395979-17397300	NC_003074.8	91.506	259	19	3	1	258	7996636	7996380	4.75e-96	353
NC_003074.8:17395979-17397300	NC_003074.8	91.506	259	18	4	1	258	17277814	17277559	4.75e-96	353
NC_003074.8:17395979-17397300	NC_003074.8	89.547	287	17	3	1	286	20487142	20486868	1.71e-95	351
NC_003074.8:17395979-17397300	NC_003074.8	90.734	259	21	3	1	258	15937286	15937542	1.03e-92	342
NC_003074.8:17395979-17397300	NC_003074.8	90.734	259	20	3	1	258	17301278	17301023	1.03e-92	342
NC_003074.8:17395979-17397300	NC_003074.8	91.532	248	18	3	1	247	11200624	11200869	1.33e-91	339
NC_003074.8:17395979-17397300	NC_003074.8	90.038	261	19	7	1	258	10821446	10821190	2.23e-89	331
NC_003074.8:17395979-17397300	NC_003074.8	89.575	259	23	4	1	258	16561654	16561909	1.04e-87	326
NC_003074.8:17395979-17397300	NC_003074.8	88.417	259	17	4	1	258	11535844	11536090	6.28e-80	300
NC_003074.8:17395979-17397300	NC_003074.8	86.486	259	22	10	1	258	22118613	22118859	1.37e-71	272
NC_003074.8:17395979-17397300	NC_003074.8	86.486	259	18	4	1	258	17144490	17144248	1.77e-70	268
NC_003074.8:17395979-17397300	NC_003074.8	86.100	259	19	9	1	258	17063229	17062987	8.23e-69	263
NC_003074.8:17395979-17397300	NC_003074.8	94.083	169	10	0	1154	1322	10865881	10866049	3.83e-67	257
NC_003074.8:17395979-17397300	NC_003074.8	95.302	149	5	2	140	286	11536069	11536217	1.80e-60	235
NC_003074.8:17395979-17397300	NC_003074.8	95.302	149	5	2	140	286	17063008	17062860	1.80e-60	235
NC_003074.8:17395979-17397300	NC_003074.8	95.302	149	5	2	140	286	17144269	17144121	1.80e-60	235
NC_003074.8:17395979-17397300	NC_003074.8	95.238	147	7	0	1022	1168	10865705	10865851	6.46e-60	233
NC_003074.8:17395979-17397300	NC_003074.8	94.631	149	6	2	140	286	5745687	5745539	8.35e-59	230
NC_003074.8:17395979-17397300	NC_003074.8	94.667	150	4	4	140	286	7996401	7996253	8.35e-59	230
NC_003074.8:17395979-17397300	NC_003074.8	94.631	149	6	2	140	286	10821211	10821063	8.35e-59	230
NC_003074.8:17395979-17397300	NC_003074.8	94.631	149	6	2	140	286	17277580	17277432	8.35e-59	230
NC_003074.8:17395979-17397300	NC_003074.8	94.631	149	6	2	140	286	17301044	17300896	8.35e-59	230
NC_003074.8:17395979-17397300	NC_003074.8	94.631	149	6	2	140	286	20786634	20786782	8.35e-59	230
NC_003074.8:17395979-17397300	NC_003074.8	94.595	148	7	1	140	286	16451021	16451168	3.00e-58	228
NC_003074.8:17395979-17397300	NC_003074.8	93.960	149	7	2	140	286	15937521	15937669	3.89e-57	224
NC_003074.8:17395979-17397300	NC_003074.8	93.289	149	8	2	140	286	9386113	9385965	1.81e-55	219
NC_003074.8:17395979-17397300	NC_003074.8	93.333	150	7	2	140	286	18746423	18746572	1.81e-55	219
NC_003074.8:17395979-17397300	NC_003074.8	93.525	139	7	2	140	276	22118838	22118976	1.41e-51	206
NC_003074.8:17395979-17397300	NC_003074.8	95.370	108	4	1	1	108	16879751	16879857	5.13e-41	171
NC_003074.8:17395979-17397300	NC_003074.8	96.667	90	2	1	281	370	9385451	9385539	2.41e-34	148
NC_003074.8:17395979-17397300	NC_003074.8	74.930	359	64	11	970	1322	15293225	15293563	4.03e-32	141
NC_003074.8:17395979-17397300	NC_003074.8	98.571	70	1	0	1253	1322	9558272	9558203	4.05e-27	124
NC_003074.8:17395979-17397300	NC_003074.8	91.463	82	4	3	1	80	18018781	18018861	1.14e-22	110
NC_003074.8:17395979-17397300	NC_003074.8	91.358	81	4	3	2	80	17299939	17299860	4.08e-22	108
NC_003074.8:17395979-17397300	NC_003074.8	90.123	81	7	1	1	80	13327434	13327514	5.28e-21	104
NC_003074.8:17395979-17397300	NC_003074.8	90.123	81	7	1	1	80	18412154	18412234	5.28e-21	104
NC_003074.8:17395979-17397300	NC_003074.8	95.312	64	3	0	1	64	10557346	10557283	1.90e-20	102
NC_003074.8:17395979-17397300	NC_003074.8	87.500	88	9	1	1	88	16419144	16419229	6.83e-20	100
NC_003074.8:17395979-17397300	NC_003074.8	90.625	64	5	1	894	956	17396351	17396288	6.88e-15	84.2
NC_003074.8:17395979-17397300	NC_003074.8	90.625	64	5	1	950	1013	17396407	17396345	6.88e-15	84.2
NC_003074.8:17395979-17397300	NC_003074.8	93.617	47	2	1	1256	1302	1369773	1369728	1.93e-10	69.4
NC_003074.8:17395979-17397300	NC_003076.8	93.886	687	33	5	281	964	355233	355913	0.0	1027
NC_003074.8:17395979-17397300	NC_003076.8	93.642	692	30	7	281	968	7712248	7712929	0.0	1022
NC_003074.8:17395979-17397300	NC_003076.8	94.162	668	32	3	300	964	8684128	8684791	0.0	1011
NC_003074.8:17395979-17397300	NC_003076.8	91.919	693	45	6	281	968	20398855	20399541	0.0	959
NC_003074.8:17395979-17397300	NC_003076.8	91.210	694	51	6	281	968	19671863	19672552	0.0	935
NC_003074.8:17395979-17397300	NC_003076.8	94.638	373	17	3	950	1322	7712854	7713223	9.31e-163	575
NC_003074.8:17395979-17397300	NC_003076.8	94.086	372	21	1	951	1322	17956805	17957175	2.02e-159	564
NC_003074.8:17395979-17397300	NC_003076.8	93.460	367	23	1	956	1322	19930576	19930211	2.63e-153	544
NC_003074.8:17395979-17397300	NC_003076.8	93.207	368	23	2	956	1322	13983957	13984323	3.40e-152	540
NC_003074.8:17395979-17397300	NC_003076.8	92.761	373	26	1	950	1322	8684720	8685091	1.22e-151	538
NC_003074.8:17395979-17397300	NC_003076.8	92.916	367	22	3	956	1322	5128854	5128492	2.04e-149	531
NC_003074.8:17395979-17397300	NC_003076.8	91.328	369	30	1	956	1322	20399470	20399838	4.46e-141	503
NC_003074.8:17395979-17397300	NC_003076.8	91.008	367	28	1	956	1322	19672481	19672842	3.47e-137	490
NC_003074.8:17395979-17397300	NC_003076.8	90.617	373	25	2	950	1322	355842	356204	4.49e-136	486
NC_003074.8:17395979-17397300	NC_003076.8	89.730	370	25	6	281	649	13982918	13983275	2.72e-128	460
NC_003074.8:17395979-17397300	NC_003076.8	95.470	287	12	1	1	286	3020196	3019910	3.52e-127	457
NC_003074.8:17395979-17397300	NC_003076.8	91.343	335	24	4	638	968	17956547	17956880	4.55e-126	453
NC_003074.8:17395979-17397300	NC_003076.8	93.485	307	14	2	281	587	13917681	13917381	1.64e-125	451
NC_003074.8:17395979-17397300	NC_003076.8	94.774	287	12	3	1	286	5129834	5129550	2.74e-123	444
NC_003074.8:17395979-17397300	NC_003076.8	94.425	287	14	2	1	286	19931558	19931273	3.54e-122	440
NC_003074.8:17395979-17397300	NC_003076.8	94.097	288	14	3	1	286	25264511	25264797	1.65e-120	435
NC_003074.8:17395979-17397300	NC_003076.8	94.097	288	11	4	1	286	15342696	15342413	5.93e-120	433
NC_003074.8:17395979-17397300	NC_003076.8	95.131	267	11	2	1	266	17955555	17955820	4.62e-116	420
NC_003074.8:17395979-17397300	NC_003076.8	93.380	287	11	2	1	286	13918790	13918511	1.66e-115	418
NC_003074.8:17395979-17397300	NC_003076.8	92.734	289	18	2	1	286	7711131	7711419	2.15e-114	414
NC_003074.8:17395979-17397300	NC_003076.8	92.708	288	18	2	1	286	8682979	8683265	7.73e-114	412
NC_003074.8:17395979-17397300	NC_003076.8	88.791	339	30	7	635	968	13983692	13984027	1.00e-112	409
NC_003074.8:17395979-17397300	NC_003076.8	92.527	281	13	4	315	594	15341564	15341291	7.78e-109	396
NC_003074.8:17395979-17397300	NC_003076.8	89.547	287	26	3	692	974	19930785	19930499	2.84e-98	361
NC_003074.8:17395979-17397300	NC_003076.8	91.892	259	18	3	1	258	9590410	9590666	1.02e-97	359
NC_003074.8:17395979-17397300	NC_003076.8	91.892	259	18	3	1	258	9965017	9964761	1.02e-97	359
NC_003074.8:17395979-17397300	NC_003076.8	89.680	281	25	3	692	968	5129063	5128783	1.32e-96	355
NC_003074.8:17395979-17397300	NC_003076.8	89.583	288	12	10	1	286	354140	354411	6.14e-95	350
NC_003074.8:17395979-17397300	NC_003076.8	90.734	259	21	3	1	258	7154439	7154183	1.03e-92	342
NC_003074.8:17395979-17397300	NC_003076.8	90.734	259	20	4	1	258	15606601	15606346	1.03e-92	342
NC_003074.8:17395979-17397300	NC_003076.8	90.734	259	21	3	1	258	21530089	21530345	1.03e-92	342
NC_003074.8:17395979-17397300	NC_003076.8	90.385	260	21	3	1	258	8746701	8746444	1.33e-91	339
NC_003074.8:17395979-17397300	NC_003076.8	90.347	259	22	3	1	258	14151294	14151038	4.78e-91	337
NC_003074.8:17395979-17397300	NC_003076.8	90.347	259	22	3	1	258	17365025	17365281	4.78e-91	337
NC_003074.8:17395979-17397300	NC_003076.8	90.347	259	21	4	1	258	20281984	20281729	4.78e-91	337
NC_003074.8:17395979-17397300	NC_003076.8	89.961	259	22	4	1	258	14082835	14082580	2.23e-89	331
NC_003074.8:17395979-17397300	NC_003076.8	90.763	249	18	5	1	248	17796785	17796541	2.88e-88	327
NC_003074.8:17395979-17397300	NC_003076.8	89.575	259	24	3	1	258	19742617	19742361	1.04e-87	326
NC_003074.8:17395979-17397300	NC_003076.8	87.361	269	21	11	1	258	9559507	9559241	8.12e-79	296
NC_003074.8:17395979-17397300	NC_003076.8	86.813	273	18	6	1	258	18853952	18854221	1.36e-76	289
NC_003074.8:17395979-17397300	NC_003076.8	92.857	182	9	3	2	182	19670802	19670980	2.96e-68	261
NC_003074.8:17395979-17397300	NC_003076.8	85.328	259	21	5	1	258	11025336	11025578	1.78e-65	252
NC_003074.8:17395979-17397300	NC_003076.8	95.973	149	4	2	140	286	14082601	14082453	3.86e-62	241
NC_003074.8:17395979-17397300	NC_003076.8	95.302	149	5	2	140	286	9590645	9590793	1.80e-60	235
NC_003074.8:17395979-17397300	NC_003076.8	95.302	149	5	2	140	286	18854200	18854348	1.80e-60	235
NC_003074.8:17395979-17397300	NC_003076.8	95.270	148	6	1	140	286	8765944	8766091	6.46e-60	233
NC_003074.8:17395979-17397300	NC_003076.8	95.270	148	6	1	140	286	16356709	16356856	6.46e-60	233
NC_003074.8:17395979-17397300	NC_003076.8	94.737	152	5	3	138	286	17365257	17365408	6.46e-60	233
NC_003074.8:17395979-17397300	NC_003076.8	94.631	149	6	2	140	286	9964782	9964634	8.35e-59	230
NC_003074.8:17395979-17397300	NC_003076.8	94.631	149	6	2	140	286	11025557	11025705	8.35e-59	230
NC_003074.8:17395979-17397300	NC_003076.8	94.667	150	5	2	140	286	15606367	15606218	8.35e-59	230
NC_003074.8:17395979-17397300	NC_003076.8	94.631	149	6	2	140	286	17618450	17618302	8.35e-59	230
NC_003074.8:17395979-17397300	NC_003076.8	94.631	149	6	2	140	286	19742382	19742234	8.35e-59	230
NC_003074.8:17395979-17397300	NC_003076.8	94.631	149	6	2	140	286	20281750	20281602	8.35e-59	230
NC_003074.8:17395979-17397300	NC_003076.8	94.667	150	5	2	140	286	21530324	21530473	8.35e-59	230
NC_003074.8:17395979-17397300	NC_003076.8	93.960	149	7	2	140	286	4312768	4312916	3.89e-57	224
NC_003074.8:17395979-17397300	NC_003076.8	93.960	149	6	3	140	286	4781999	4781852	1.40e-56	222
NC_003074.8:17395979-17397300	NC_003076.8	93.919	148	5	3	140	286	20682172	20682028	5.03e-56	220
NC_003074.8:17395979-17397300	NC_003076.8	93.333	150	7	2	140	286	8746465	8746316	1.81e-55	219
NC_003074.8:17395979-17397300	NC_003076.8	92.617	149	9	2	140	286	9559262	9559114	8.41e-54	213
NC_003074.8:17395979-17397300	NC_003076.8	92.053	151	8	3	140	286	9612816	9612966	1.09e-52	209
NC_003074.8:17395979-17397300	NC_003076.8	91.946	149	10	2	140	286	1898411	1898263	3.91e-52	207
NC_003074.8:17395979-17397300	NC_003076.8	91.946	149	10	2	140	286	7154204	7154056	3.91e-52	207
NC_003074.8:17395979-17397300	NC_003076.8	91.549	142	9	3	140	278	24187678	24187537	1.10e-47	193
NC_003074.8:17395979-17397300	NC_003076.8	95.000	100	4	1	1	100	20398218	20398316	1.44e-36	156
NC_003074.8:17395979-17397300	NC_003076.8	98.507	67	1	0	1256	1322	15341280	15341214	1.89e-25	119
NC_003074.8:17395979-17397300	NC_003076.8	91.250	80	7	0	1	80	15043428	15043349	1.14e-22	110
NC_003074.8:17395979-17397300	NC_003076.8	95.522	67	3	0	1256	1322	13917359	13917293	4.08e-22	108
NC_003074.8:17395979-17397300	NC_003076.8	90.123	81	7	1	1	80	5978053	5977973	5.28e-21	104
NC_003074.8:17395979-17397300	NC_003076.8	90.000	80	7	1	2	80	20280646	20280567	1.90e-20	102
NC_003074.8:17395979-17397300	NC_003076.8	89.024	82	6	3	1	80	9133953	9134033	2.46e-19	99.0
NC_003074.8:17395979-17397300	NC_003076.8	88.750	80	8	1	2	80	9591748	9591827	8.84e-19	97.1
NC_003074.8:17395979-17397300	NC_003076.8	87.654	81	9	1	1	80	13982135	13982215	1.14e-17	93.5
NC_003074.8:17395979-17397300	NC_003075.7	95.906	635	22	4	1	633	5354476	5355108	0.0	1027
NC_003074.8:17395979-17397300	NC_003075.7	93.058	677	35	9	302	974	313158	312490	0.0	979
NC_003074.8:17395979-17397300	NC_003075.7	92.052	692	47	5	281	968	6280565	6281252	0.0	966
NC_003074.8:17395979-17397300	NC_003075.7	91.261	698	53	4	281	974	7059585	7058892	0.0	944
NC_003074.8:17395979-17397300	NC_003075.7	92.779	637	34	3	688	1322	5355097	5355723	0.0	911
NC_003074.8:17395979-17397300	NC_003075.7	92.126	635	41	5	339	968	9439608	9440238	0.0	887
NC_003074.8:17395979-17397300	NC_003075.7	94.723	379	15	3	1	374	5353748	5354126	1.55e-165	584
NC_003074.8:17395979-17397300	NC_003075.7	94.695	377	15	3	1	374	5354114	5354488	2.00e-164	580
NC_003074.8:17395979-17397300	NC_003075.7	93.298	373	24	1	950	1322	6179204	6179575	5.64e-155	549
NC_003074.8:17395979-17397300	NC_003075.7	93.048	374	25	1	949	1322	7058975	7058603	7.30e-154	545
NC_003074.8:17395979-17397300	NC_003075.7	92.781	374	23	3	950	1322	312572	312202	1.22e-151	538
NC_003074.8:17395979-17397300	NC_003075.7	91.421	373	30	2	952	1322	6281176	6281548	2.66e-143	510
NC_003074.8:17395979-17397300	NC_003075.7	95.819	287	9	3	1	286	6178448	6178732	2.72e-128	460
NC_003074.8:17395979-17397300	NC_003075.7	90.831	349	20	11	950	1289	9440162	9440507	3.52e-127	457
NC_003074.8:17395979-17397300	NC_003075.7	93.080	289	14	4	1	286	7060698	7060413	1.66e-115	418
NC_003074.8:17395979-17397300	NC_003075.7	89.241	316	26	7	686	995	6178995	6179308	1.30e-106	388
NC_003074.8:17395979-17397300	NC_003075.7	90.210	286	14	1	1	286	314269	313998	2.84e-98	361
NC_003074.8:17395979-17397300	NC_003075.7	91.506	259	19	3	1	258	8730453	8730197	4.75e-96	353
NC_003074.8:17395979-17397300	NC_003075.7	91.506	259	18	4	1	258	11360870	11361125	4.75e-96	353
NC_003074.8:17395979-17397300	NC_003075.7	92.369	249	15	4	1	248	7853533	7853288	1.71e-95	351
NC_003074.8:17395979-17397300	NC_003075.7	91.120	259	20	3	1	258	1002007	1001751	2.21e-94	348
NC_003074.8:17395979-17397300	NC_003075.7	90.734	259	21	3	1	258	9763814	9763558	1.03e-92	342
NC_003074.8:17395979-17397300	NC_003075.7	90.734	259	20	4	1	258	16865070	16864815	1.03e-92	342
NC_003074.8:17395979-17397300	NC_003075.7	90.347	259	22	3	1	258	9842608	9842352	4.78e-91	337
NC_003074.8:17395979-17397300	NC_003075.7	90.000	260	21	5	1	258	5541389	5541133	2.23e-89	331
NC_003074.8:17395979-17397300	NC_003075.7	92.208	231	12	3	587	815	6280052	6280278	1.34e-86	322
NC_003074.8:17395979-17397300	NC_003075.7	89.272	261	21	7	1	258	4146126	4146382	4.82e-86	320
NC_003074.8:17395979-17397300	NC_003075.7	87.456	287	11	6	1	286	6279022	6279284	3.75e-82	307
NC_003074.8:17395979-17397300	NC_003075.7	95.973	149	4	2	140	286	8730218	8730070	3.86e-62	241
NC_003074.8:17395979-17397300	NC_003075.7	95.302	149	4	3	140	286	4146361	4146508	6.46e-60	233
NC_003074.8:17395979-17397300	NC_003075.7	95.270	148	6	1	140	286	16864836	16864689	6.46e-60	233
NC_003074.8:17395979-17397300	NC_003075.7	94.631	149	6	2	140	286	9842373	9842225	8.35e-59	230
NC_003074.8:17395979-17397300	NC_003075.7	93.960	149	7	2	140	286	1001772	1001624	3.89e-57	224
NC_003074.8:17395979-17397300	NC_003075.7	93.960	149	7	2	140	286	5541154	5541006	3.89e-57	224
NC_003074.8:17395979-17397300	NC_003075.7	93.960	149	7	2	140	286	8063845	8063993	3.89e-57	224
NC_003074.8:17395979-17397300	NC_003075.7	93.421	152	7	3	138	286	9763582	9763431	1.40e-56	222
NC_003074.8:17395979-17397300	NC_003075.7	93.919	148	8	1	140	286	10397150	10397003	1.40e-56	222
NC_003074.8:17395979-17397300	NC_003075.7	92.617	149	9	2	140	286	1349820	1349968	8.41e-54	213
NC_003074.8:17395979-17397300	NC_003075.7	92.667	150	8	3	140	286	2621774	2621625	8.41e-54	213
NC_003074.8:17395979-17397300	NC_003075.7	81.754	285	15	17	1	248	8063577	8063861	5.06e-51	204
NC_003074.8:17395979-17397300	NC_003075.7	91.566	83	2	5	1	80	2520884	2520964	1.14e-22	110
NC_003074.8:17395979-17397300	NC_003075.7	95.385	65	1	2	1	64	372086	372023	1.90e-20	102
NC_003074.8:17395979-17397300	NC_003075.7	91.781	73	4	2	950	1022	5355304	5355374	6.83e-20	100
NC_003074.8:17395979-17397300	NC_003075.7	92.063	63	5	0	1	63	14390988	14390926	1.48e-16	89.8
NC_003074.8:17395979-17397300	NC_003075.7	91.525	59	5	0	1	59	6166464	6166406	2.47e-14	82.4
NC_003074.8:17395979-17397300	NC_003070.9	93.895	688	27	10	281	964	12854904	12854228	0.0	1024
NC_003074.8:17395979-17397300	NC_003070.9	92.785	693	39	7	281	968	14298644	14297958	0.0	992
NC_003074.8:17395979-17397300	NC_003070.9	92.478	678	40	6	281	956	1976050	1975382	0.0	959
NC_003074.8:17395979-17397300	NC_003070.9	91.159	690	49	6	282	964	17552172	17551488	0.0	926
NC_003074.8:17395979-17397300	NC_003070.9	90.544	698	54	7	281	974	18745906	18745217	0.0	913
NC_003074.8:17395979-17397300	NC_003070.9	92.500	640	39	5	339	974	19172983	19172349	0.0	907
NC_003074.8:17395979-17397300	NC_003070.9	92.429	634	39	5	339	968	19085920	19086548	0.0	896
NC_003074.8:17395979-17397300	NC_003070.9	89.700	699	51	7	281	974	8290473	8289791	0.0	872
NC_003074.8:17395979-17397300	NC_003070.9	94.278	367	20	1	956	1322	2234185	2233820	2.61e-158	560
NC_003074.8:17395979-17397300	NC_003070.9	93.617	376	20	2	950	1322	17551562	17551188	9.38e-158	558
NC_003074.8:17395979-17397300	NC_003070.9	93.188	367	25	0	956	1322	19086477	19086843	3.40e-152	540
NC_003074.8:17395979-17397300	NC_003070.9	92.761	373	26	1	950	1322	19172431	19172060	1.22e-151	538
NC_003074.8:17395979-17397300	NC_003070.9	94.068	354	20	1	950	1303	1975444	1975092	4.39e-151	536
NC_003074.8:17395979-17397300	NC_003070.9	92.225	373	26	3	950	1322	8289873	8289504	9.51e-148	525
NC_003074.8:17395979-17397300	NC_003070.9	90.349	373	24	3	950	1322	12854297	12853937	7.51e-134	479
NC_003074.8:17395979-17397300	NC_003070.9	91.520	342	27	2	950	1291	18745299	18744960	4.52e-131	470
NC_003074.8:17395979-17397300	NC_003070.9	96.167	287	9	2	1	286	17552998	17552713	1.63e-130	468
NC_003074.8:17395979-17397300	NC_003070.9	95.470	287	11	2	1	286	2235167	2234882	3.52e-127	457
NC_003074.8:17395979-17397300	NC_003070.9	95.486	288	9	3	1	286	14299842	14299557	3.52e-127	457
NC_003074.8:17395979-17397300	NC_003070.9	93.811	307	13	2	281	587	23174817	23175117	3.52e-127	457
NC_003074.8:17395979-17397300	NC_003070.9	95.070	284	12	2	4	286	18747045	18746763	7.62e-124	446
NC_003074.8:17395979-17397300	NC_003070.9	93.160	307	14	3	281	587	29319618	29319319	2.74e-123	444
NC_003074.8:17395979-17397300	NC_003070.9	92.532	308	15	4	281	587	18342	18642	1.65e-120	435
NC_003074.8:17395979-17397300	NC_003070.9	93.056	288	17	3	1	286	6735864	6736150	1.66e-115	418
NC_003074.8:17395979-17397300	NC_003070.9	91.667	300	23	2	950	1248	14298034	14297736	2.15e-114	414
NC_003074.8:17395979-17397300	NC_003070.9	95.019	261	11	2	28	286	17255	17515	1.00e-112	409
NC_003074.8:17395979-17397300	NC_003070.9	90.879	307	21	4	281	587	6736978	6737277	1.29e-111	405
NC_003074.8:17395979-17397300	NC_003070.9	95.219	251	12	0	1	251	17009	17259	2.16e-109	398
NC_003074.8:17395979-17397300	NC_003070.9	93.561	264	16	1	24	286	29320708	29320445	1.01e-107	392
NC_003074.8:17395979-17397300	NC_003070.9	89.902	307	24	3	281	587	3073611	3073312	1.30e-106	388
NC_003074.8:17395979-17397300	NC_003070.9	91.638	287	8	3	1	286	19085099	19085370	6.06e-105	383
NC_003074.8:17395979-17397300	NC_003070.9	94.024	251	15	0	1	251	3074944	3074694	2.18e-104	381
NC_003074.8:17395979-17397300	NC_003070.9	92.278	259	17	3	1	258	19995734	19995478	2.19e-99	364
NC_003074.8:17395979-17397300	NC_003070.9	89.547	287	26	3	692	974	2234394	2234108	2.84e-98	361
NC_003074.8:17395979-17397300	NC_003070.9	90.244	287	10	5	1	286	19173802	19173533	1.02e-97	359
NC_003074.8:17395979-17397300	NC_003070.9	89.691	291	13	10	1	289	12855993	12855718	1.32e-96	355
NC_003074.8:17395979-17397300	NC_003070.9	91.506	259	19	3	1	258	8114770	8115026	4.75e-96	353
NC_003074.8:17395979-17397300	NC_003070.9	91.506	259	19	3	1	258	12364135	12364391	4.75e-96	353
NC_003074.8:17395979-17397300	NC_003070.9	91.506	259	19	3	1	258	16824518	16824774	4.75e-96	353
NC_003074.8:17395979-17397300	NC_003070.9	91.506	259	18	4	1	258	19061965	19062220	4.75e-96	353
NC_003074.8:17395979-17397300	NC_003070.9	91.506	259	19	3	1	258	23213666	23213922	4.75e-96	353
NC_003074.8:17395979-17397300	NC_003070.9	91.506	259	19	3	1	258	30253107	30252851	4.75e-96	353
NC_003074.8:17395979-17397300	NC_003070.9	91.120	259	20	3	1	258	9816210	9816466	2.21e-94	348
NC_003074.8:17395979-17397300	NC_003070.9	90.805	261	18	6	1	258	11737393	11737136	2.86e-93	344
NC_003074.8:17395979-17397300	NC_003070.9	90.734	259	20	4	1	258	12330053	12329798	1.03e-92	342
NC_003074.8:17395979-17397300	NC_003070.9	90.734	259	21	3	1	258	15939323	15939579	1.03e-92	342
NC_003074.8:17395979-17397300	NC_003070.9	92.797	236	15	2	1	235	3910601	3910367	3.70e-92	340
NC_003074.8:17395979-17397300	NC_003070.9	91.566	249	17	4	1	248	23554439	23554194	3.70e-92	340
NC_003074.8:17395979-17397300	NC_003070.9	90.347	259	21	4	1	258	18790927	18791182	4.78e-91	337
NC_003074.8:17395979-17397300	NC_003070.9	90.347	259	22	3	1	258	19466949	19466693	4.78e-91	337
NC_003074.8:17395979-17397300	NC_003070.9	90.347	259	20	4	1	258	11699698	11699952	1.72e-90	335
NC_003074.8:17395979-17397300	NC_003070.9	90.310	258	21	4	1	257	25963257	25963003	1.72e-90	335
NC_003074.8:17395979-17397300	NC_003070.9	90.000	260	21	5	1	258	26171480	26171224	2.23e-89	331
NC_003074.8:17395979-17397300	NC_003070.9	89.189	259	25	3	1	258	16325444	16325700	4.82e-86	320
NC_003074.8:17395979-17397300	NC_003070.9	89.189	259	24	4	1	258	22622305	22622050	4.82e-86	320
NC_003074.8:17395979-17397300	NC_003070.9	88.846	260	23	6	1	258	22994060	22993805	2.24e-84	315
NC_003074.8:17395979-17397300	NC_003070.9	88.417	259	26	4	1	258	12564081	12563826	1.04e-82	309
NC_003074.8:17395979-17397300	NC_003070.9	88.417	259	16	5	1	258	9867414	9867169	6.28e-80	300
NC_003074.8:17395979-17397300	NC_003070.9	87.843	255	22	4	5	258	19329256	19329010	3.78e-77	291
NC_003074.8:17395979-17397300	NC_003070.9	86.822	258	20	5	1	257	8490194	8489950	1.06e-72	276
NC_003074.8:17395979-17397300	NC_003070.9	85.328	259	21	6	1	258	4785461	4785703	1.78e-65	252
NC_003074.8:17395979-17397300	NC_003070.9	96.644	149	3	2	140	286	9816445	9816593	8.29e-64	246
NC_003074.8:17395979-17397300	NC_003070.9	95.973	149	4	2	140	286	11699931	11700079	3.86e-62	241
NC_003074.8:17395979-17397300	NC_003070.9	96.000	150	2	4	140	286	12364370	12364518	3.86e-62	241
NC_003074.8:17395979-17397300	NC_003070.9	95.973	149	4	2	140	286	12563847	12563699	3.86e-62	241
NC_003074.8:17395979-17397300	NC_003070.9	95.973	149	4	2	140	286	15939558	15939706	3.86e-62	241
NC_003074.8:17395979-17397300	NC_003070.9	95.973	149	4	2	140	286	16824753	16824901	3.86e-62	241
NC_003074.8:17395979-17397300	NC_003070.9	95.973	149	4	2	140	286	22993826	22993678	3.86e-62	241
NC_003074.8:17395979-17397300	NC_003070.9	95.946	148	5	1	140	286	4785682	4785829	1.39e-61	239
NC_003074.8:17395979-17397300	NC_003070.9	95.918	147	4	2	140	284	30255288	30255142	4.99e-61	237
NC_003074.8:17395979-17397300	NC_003070.9	95.302	149	5	2	140	286	13059058	13059206	1.80e-60	235
NC_003074.8:17395979-17397300	NC_003070.9	95.302	149	5	2	140	286	16325679	16325827	1.80e-60	235
NC_003074.8:17395979-17397300	NC_003070.9	95.302	149	5	2	140	286	19995499	19995351	1.80e-60	235
NC_003074.8:17395979-17397300	NC_003070.9	95.302	149	5	2	140	286	22622071	22621923	1.80e-60	235
NC_003074.8:17395979-17397300	NC_003070.9	95.302	149	5	2	140	286	23213901	23214049	1.80e-60	235
NC_003074.8:17395979-17397300	NC_003070.9	94.631	149	6	2	140	286	7035426	7035574	8.35e-59	230
NC_003074.8:17395979-17397300	NC_003070.9	94.667	150	5	2	140	286	11737157	11737008	8.35e-59	230
NC_003074.8:17395979-17397300	NC_003070.9	94.631	149	6	2	140	286	12329819	12329671	8.35e-59	230
NC_003074.8:17395979-17397300	NC_003070.9	94.667	150	5	2	140	286	19062199	19062348	8.35e-59	230
NC_003074.8:17395979-17397300	NC_003070.9	94.631	149	6	2	140	286	19329031	19328883	8.35e-59	230
NC_003074.8:17395979-17397300	NC_003070.9	94.667	150	5	2	140	286	19466714	19466565	8.35e-59	230
NC_003074.8:17395979-17397300	NC_003070.9	94.631	149	6	2	140	286	30252872	30252724	8.35e-59	230
NC_003074.8:17395979-17397300	NC_003070.9	94.631	149	5	3	140	286	16904014	16904161	3.00e-58	228
NC_003074.8:17395979-17397300	NC_003070.9	93.960	149	7	2	140	286	501140	500992	3.89e-57	224
NC_003074.8:17395979-17397300	NC_003070.9	93.464	153	6	3	138	286	9867193	9867041	3.89e-57	224
NC_003074.8:17395979-17397300	NC_003070.9	93.960	149	7	2	140	286	16807222	16807370	3.89e-57	224
NC_003074.8:17395979-17397300	NC_003070.9	83.784	259	18	7	1	258	16903800	16904035	3.89e-57	224
NC_003074.8:17395979-17397300	NC_003070.9	93.421	152	7	3	138	286	17900095	17900246	1.40e-56	222
NC_003074.8:17395979-17397300	NC_003070.9	93.289	149	8	2	140	286	26171245	26171097	1.81e-55	219
NC_003074.8:17395979-17397300	NC_003070.9	92.617	149	8	3	140	286	8115005	8115152	3.03e-53	211
NC_003074.8:17395979-17397300	NC_003070.9	95.868	121	3	1	168	286	19062922	19063042	3.05e-48	195
NC_003074.8:17395979-17397300	NC_003070.9	91.034	145	9	3	145	286	13261968	13261825	1.10e-47	193
NC_003074.8:17395979-17397300	NC_003070.9	75.132	378	68	9	959	1322	13634778	13634413	5.17e-36	154
NC_003074.8:17395979-17397300	NC_003070.9	94.737	95	3	2	1229	1322	14296526	14296433	8.65e-34	147
NC_003074.8:17395979-17397300	NC_003070.9	78.279	244	35	5	1086	1322	19736352	19736584	4.03e-32	141
NC_003074.8:17395979-17397300	NC_003070.9	98.571	70	1	0	1253	1322	23175136	23175205	4.05e-27	124
NC_003074.8:17395979-17397300	NC_003070.9	95.714	70	3	0	1253	1322	18661	18730	8.78e-24	113
NC_003074.8:17395979-17397300	NC_003070.9	95.714	70	3	0	1253	1322	6737296	6737365	8.78e-24	113
NC_003074.8:17395979-17397300	NC_003070.9	90.000	80	7	1	2	80	30251767	30251688	1.90e-20	102
NC_003074.8:17395979-17397300	NC_003070.9	89.024	82	6	3	1	80	12876928	12876848	2.46e-19	99.0
NC_003074.8:17395979-17397300	NC_003070.9	88.889	81	8	1	1	80	18790103	18790183	2.46e-19	99.0
NC_003074.8:17395979-17397300	NC_003070.9	89.610	77	8	0	4	80	22621378	22621302	2.46e-19	99.0
NC_003074.8:17395979-17397300	NC_003070.9	88.750	80	7	2	2	80	12328714	12328636	8.84e-19	97.1
NC_003074.8:17395979-17397300	NC_003070.9	88.750	80	8	1	2	80	22992721	22992642	8.84e-19	97.1
NC_003074.8:17395979-17397300	NC_003070.9	87.805	82	7	3	1	80	3413553	3413633	1.14e-17	93.5
NC_003074.8:17395979-17397300	NC_003070.9	87.654	81	9	1	1	80	16998955	16998875	1.14e-17	93.5
NC_003074.8:17395979-17397300	NC_003070.9	88.312	77	7	2	1	76	19724755	19724830	4.11e-17	91.6
NC_003074.8:17395979-17397300	NC_003070.9	95.745	47	1	1	241	286	13017571	13017525	4.14e-12	75.0
NC_003074.8:17395979-17397300	NC_003070.9	97.059	34	1	0	1256	1289	29319297	29319264	4.17e-07	58.4
NC_003074.8:17395979-17397300	NC_003071.7	92.132	699	45	6	281	974	5465907	5465214	0.0	977
NC_003074.8:17395979-17397300	NC_003071.7	94.637	634	18	3	1	633	6084090	6084708	0.0	968
NC_003074.8:17395979-17397300	NC_003071.7	92.500	680	40	7	281	958	5843456	5842786	0.0	963
NC_003074.8:17395979-17397300	NC_003071.7	94.035	637	29	4	688	1322	6084697	6085326	0.0	957
NC_003074.8:17395979-17397300	NC_003071.7	91.571	700	48	7	281	974	12555018	12554324	0.0	955
NC_003074.8:17395979-17397300	NC_003071.7	91.437	689	48	5	282	964	10468260	10467577	0.0	935
NC_003074.8:17395979-17397300	NC_003071.7	91.176	680	53	4	281	958	11398374	11397700	0.0	917
NC_003074.8:17395979-17397300	NC_003071.7	91.199	659	47	6	315	968	6101802	6102454	0.0	885
NC_003074.8:17395979-17397300	NC_003071.7	90.526	665	52	6	315	974	1459792	1459134	0.0	869
NC_003074.8:17395979-17397300	NC_003071.7	94.823	367	18	1	956	1322	19195775	19195410	1.20e-161	571
NC_003074.8:17395979-17397300	NC_003071.7	93.566	373	23	1	950	1322	12554406	12554035	1.21e-156	555
NC_003074.8:17395979-17397300	NC_003071.7	93.085	376	22	2	950	1322	10467651	10467277	2.03e-154	547
NC_003074.8:17395979-17397300	NC_003071.7	92.593	378	19	4	950	1322	5465296	5464923	1.58e-150	534
NC_003074.8:17395979-17397300	NC_003071.7	91.689	373	28	3	950	1322	1459216	1458847	2.06e-144	514
NC_003074.8:17395979-17397300	NC_003071.7	96.154	286	11	0	1	286	11399377	11399092	1.63e-130	468
NC_003074.8:17395979-17397300	NC_003071.7	95.819	287	8	3	1	286	6099530	6099813	2.72e-128	460
NC_003074.8:17395979-17397300	NC_003071.7	94.774	287	13	2	1	286	19196757	19196472	7.62e-124	446
NC_003074.8:17395979-17397300	NC_003071.7	94.774	287	12	3	1	286	1460925	1460641	2.74e-123	444
NC_003074.8:17395979-17397300	NC_003071.7	89.101	367	18	5	956	1322	6102383	6102727	4.58e-121	436
NC_003074.8:17395979-17397300	NC_003071.7	94.077	287	12	3	1	286	12556203	12555921	2.13e-119	431
NC_003074.8:17395979-17397300	NC_003071.7	93.380	287	13	4	1	286	6384054	6383773	4.62e-116	420
NC_003074.8:17395979-17397300	NC_003071.7	93.818	275	13	3	13	286	5843961	5843690	2.78e-113	411
NC_003074.8:17395979-17397300	NC_003071.7	90.554	307	11	3	281	587	6383113	6382825	3.62e-107	390
NC_003074.8:17395979-17397300	NC_003071.7	90.877	285	13	6	5	286	10469076	10468802	4.72e-101	370
NC_003074.8:17395979-17397300	NC_003071.7	91.892	259	18	3	1	258	13908721	13908465	1.02e-97	359
NC_003074.8:17395979-17397300	NC_003071.7	89.199	287	27	3	692	974	19195984	19195698	1.32e-96	355
NC_003074.8:17395979-17397300	NC_003071.7	91.120	259	20	3	1	258	499985	500241	2.21e-94	348
NC_003074.8:17395979-17397300	NC_003071.7	90.769	260	20	4	1	258	12094425	12094168	2.86e-93	344
NC_003074.8:17395979-17397300	NC_003071.7	89.199	287	14	10	1	286	5467004	5466734	1.03e-92	342
NC_003074.8:17395979-17397300	NC_003071.7	90.734	259	19	5	1	258	13338077	13337823	3.70e-92	340
NC_003074.8:17395979-17397300	NC_003071.7	90.347	259	22	3	1	258	7154736	7154480	4.78e-91	337
NC_003074.8:17395979-17397300	NC_003071.7	89.961	259	23	2	1	258	542308	542564	2.23e-89	331
NC_003074.8:17395979-17397300	NC_003071.7	90.000	260	21	5	1	258	6925377	6925121	2.23e-89	331
NC_003074.8:17395979-17397300	NC_003071.7	93.458	214	14	0	1109	1322	11397698	11397485	1.73e-85	318
NC_003074.8:17395979-17397300	NC_003071.7	92.991	214	13	2	950	1162	5842850	5842638	2.90e-83	311
NC_003074.8:17395979-17397300	NC_003071.7	88.417	259	27	3	1	258	14333785	14334041	1.04e-82	309
NC_003074.8:17395979-17397300	NC_003071.7	87.952	249	27	3	1	248	13266915	13267161	3.78e-77	291
NC_003074.8:17395979-17397300	NC_003071.7	84.342	281	19	8	1	258	11287161	11286883	1.78e-65	252
NC_003074.8:17395979-17397300	NC_003071.7	95.973	149	4	2	140	286	12094189	12094041	3.86e-62	241
NC_003074.8:17395979-17397300	NC_003071.7	95.973	149	4	2	140	286	14334020	14334168	3.86e-62	241
NC_003074.8:17395979-17397300	NC_003071.7	95.946	148	5	1	140	286	11286904	11286757	1.39e-61	239
NC_003074.8:17395979-17397300	NC_003071.7	95.302	149	5	2	140	286	13908486	13908338	1.80e-60	235
NC_003074.8:17395979-17397300	NC_003071.7	94.667	150	5	2	140	286	17254998	17254849	8.35e-59	230
NC_003074.8:17395979-17397300	NC_003071.7	94.079	152	6	3	138	286	12801226	12801377	3.00e-58	228
NC_003074.8:17395979-17397300	NC_003071.7	93.377	151	8	2	138	286	13337846	13337696	1.40e-56	222
NC_003074.8:17395979-17397300	NC_003071.7	93.377	151	6	2	140	286	707676	707826	5.03e-56	220
NC_003074.8:17395979-17397300	NC_003071.7	93.289	149	8	2	140	286	500220	500368	1.81e-55	219
NC_003074.8:17395979-17397300	NC_003071.7	93.289	149	8	2	140	286	542543	542691	1.81e-55	219
NC_003074.8:17395979-17397300	NC_003071.7	93.289	149	8	2	140	286	6925142	6924994	1.81e-55	219
NC_003074.8:17395979-17397300	NC_003071.7	92.568	148	9	2	140	286	13267150	13267296	3.03e-53	211
NC_003074.8:17395979-17397300	NC_003071.7	94.521	73	2	2	950	1022	6084899	6084969	3.16e-23	111
NC_003074.8:17395979-17397300	NC_003071.7	91.358	81	5	2	1	80	2962805	2962726	1.14e-22	110
NC_003074.8:17395979-17397300	NC_003071.7	88.636	88	8	1	1	88	7814691	7814606	1.47e-21	106
NC_003074.8:17395979-17397300	NC_003071.7	90.123	81	7	1	1	80	3213354	3213274	5.28e-21	104
NC_003074.8:17395979-17397300	NC_003071.7	90.123	81	6	2	1	80	7111784	7111863	5.28e-21	104
NC_003074.8:17395979-17397300	NC_003071.7	89.412	85	5	3	1	82	7169524	7169441	5.28e-21	104
NC_003074.8:17395979-17397300	NC_003071.7	95.312	64	3	0	1	64	4024201	4024264	1.90e-20	102
NC_003074.8:17395979-17397300	NC_003071.7	87.500	88	8	2	1	88	3564382	3564466	2.46e-19	99.0
NC_003074.8:17395979-17397300	NC_003071.7	87.654	81	9	1	1	80	980617	980537	1.14e-17	93.5
NC_003074.8:17395979-17397300	NC_003071.7	88.060	67	1	4	1256	1322	6382803	6382744	1.49e-11	73.1
NC_003074.8:16106126-16107552	NC_003074.8	100.000	1427	0	0	1	1427	16106126	16107552	0.0	2636
NC_003074.8:16106126-16107552	NC_003074.8	88.827	716	74	6	715	1427	11346937	11347649	0.0	874
NC_003074.8:16106126-16107552	NC_003074.8	88.722	665	62	11	773	1427	11824469	11823808	0.0	800
NC_003074.8:16106126-16107552	NC_003074.8	86.188	724	78	9	708	1427	16852944	16852239	0.0	763
NC_003074.8:16106126-16107552	NC_003074.8	88.203	551	47	9	1	547	11825308	11824772	0.0	641
NC_003074.8:16106126-16107552	NC_003074.8	88.160	549	49	8	1	547	16853729	16853195	0.0	640
NC_003074.8:16106126-16107552	NC_003074.8	89.528	487	47	3	715	1200	11201658	11201175	2.13e-174	614
NC_003074.8:16106126-16107552	NC_003074.8	86.885	549	55	10	1	547	6053417	6053950	5.97e-170	599
NC_003074.8:16106126-16107552	NC_003074.8	82.677	635	94	13	660	1287	14473095	14472470	6.10e-155	549
NC_003074.8:16106126-16107552	NC_003074.8	88.069	461	35	9	89	547	11346241	11346683	7.95e-149	529
NC_003074.8:16106126-16107552	NC_003074.8	84.091	572	44	14	1	547	10585266	10584717	1.04e-142	508
NC_003074.8:16106126-16107552	NC_003074.8	87.213	305	26	3	250	547	11202215	11201917	1.86e-90	335
NC_003074.8:16106126-16107552	NC_003074.8	90.291	103	10	0	553	655	11824713	11824611	2.02e-30	135
NC_003074.8:16106126-16107552	NC_003074.8	87.963	108	10	3	550	655	16853139	16853033	4.38e-27	124
NC_003074.8:16106126-16107552	NC_003076.8	91.106	1428	92	9	1	1427	9373365	9371972	0.0	1901
NC_003074.8:16106126-16107552	NC_003076.8	92.363	1113	75	8	272	1382	9030655	9031759	0.0	1576
NC_003074.8:16106126-16107552	NC_003076.8	89.930	715	68	4	715	1427	13729073	13728361	0.0	918
NC_003074.8:16106126-16107552	NC_003076.8	88.252	715	75	8	715	1427	14095605	14094898	0.0	846
NC_003074.8:16106126-16107552	NC_003076.8	87.291	716	72	7	715	1427	13617996	13617297	0.0	800
NC_003074.8:16106126-16107552	NC_003076.8	88.013	609	65	8	788	1391	7507798	7507193	0.0	713
NC_003074.8:16106126-16107552	NC_003076.8	89.837	551	38	8	1	547	14154927	14154391	0.0	691
NC_003074.8:16106126-16107552	NC_003076.8	88.408	578	60	6	853	1427	21100664	21100091	0.0	689
NC_003074.8:16106126-16107552	NC_003076.8	87.500	552	46	12	1	547	13514377	13513844	5.93e-175	616
NC_003074.8:16106126-16107552	NC_003076.8	89.486	428	40	5	999	1425	13513334	13512911	4.75e-151	536
NC_003074.8:16106126-16107552	NC_003076.8	87.500	464	34	11	89	547	13618700	13618256	2.23e-144	514
NC_003074.8:16106126-16107552	NC_003076.8	84.420	552	44	12	1	547	14096380	14095866	1.34e-141	505
NC_003074.8:16106126-16107552	NC_003076.8	86.177	463	41	10	89	547	13729776	13729333	8.12e-134	479
NC_003074.8:16106126-16107552	NC_003076.8	86.977	430	33	14	715	1141	14152952	14152543	8.18e-129	462
NC_003074.8:16106126-16107552	NC_003076.8	89.080	348	30	5	1	347	7508543	7508203	1.07e-117	425
NC_003074.8:16106126-16107552	NC_003076.8	92.797	236	12	4	1	236	9030423	9030653	5.17e-91	337
NC_003074.8:16106126-16107552	NC_003076.8	89.811	265	21	3	388	646	7508213	7507949	1.86e-90	335
NC_003074.8:16106126-16107552	NC_003076.8	90.566	106	8	2	550	655	13618200	13618097	1.57e-31	139
NC_003074.8:16106126-16107552	NC_003076.8	90.566	106	8	2	550	655	13729277	13729174	1.57e-31	139
NC_003074.8:16106126-16107552	NC_003075.7	92.408	1146	81	5	283	1427	9763034	9761894	0.0	1629
NC_003074.8:16106126-16107552	NC_003075.7	93.152	1066	66	6	365	1427	6808834	6809895	0.0	1557
NC_003074.8:16106126-16107552	NC_003075.7	91.297	1149	85	11	283	1427	9841828	9840691	0.0	1554
NC_003074.8:16106126-16107552	NC_003075.7	88.223	467	49	5	963	1427	5541883	5541421	4.72e-156	553
NC_003074.8:16106126-16107552	NC_003075.7	89.591	269	28	0	696	964	5545802	5545534	1.11e-92	342
NC_003074.8:16106126-16107552	NC_003075.7	87.960	299	23	5	252	545	7033288	7033578	4.00e-92	340
NC_003074.8:16106126-16107552	NC_003075.7	89.130	92	10	0	89	180	7033174	7033265	2.64e-24	115
NC_003074.8:16106126-16107552	NC_003075.7	81.818	121	9	6	546	655	7033633	7033751	1.60e-16	89.8
NC_003074.8:16106126-16107552	NC_003071.7	89.046	776	71	11	660	1427	5841892	5841123	0.0	950
NC_003074.8:16106126-16107552	NC_003071.7	92.354	667	39	11	766	1427	12877333	12876674	0.0	939
NC_003074.8:16106126-16107552	NC_003071.7	87.849	716	78	8	715	1427	4475572	4476281	0.0	832
NC_003074.8:16106126-16107552	NC_003071.7	88.506	609	64	6	818	1423	3193355	3193960	0.0	732
NC_003074.8:16106126-16107552	NC_003071.7	88.182	330	33	4	1100	1427	6469467	6469792	1.41e-106	388
NC_003074.8:16106126-16107552	NC_003071.7	89.273	289	29	2	1140	1427	3195713	3196000	3.07e-98	361
NC_003074.8:16106126-16107552	NC_003071.7	82.443	393	49	11	160	547	4474933	4475310	1.12e-87	326
NC_003074.8:16106126-16107552	NC_003071.7	95.337	193	9	0	355	547	5842450	5842258	4.05e-82	307
NC_003074.8:16106126-16107552	NC_003071.7	88.591	149	13	3	1	149	5842616	5842472	3.32e-43	178
NC_003074.8:16106126-16107552	NC_003071.7	87.903	124	14	1	89	211	3193168	3193291	3.36e-33	145
NC_003074.8:16106126-16107552	NC_003071.7	91.509	106	8	1	550	655	5842202	5842098	3.36e-33	145
NC_003074.8:16106126-16107552	NC_003071.7	79.717	212	31	11	860	1064	4048827	4048621	1.21e-32	143
NC_003074.8:16106126-16107552	NC_003071.7	90.566	106	7	2	550	653	4475366	4475470	5.63e-31	137
NC_003074.8:16106126-16107552	NC_003070.9	88.571	770	78	9	660	1427	19393555	19394316	0.0	926
NC_003074.8:16106126-16107552	NC_003070.9	88.687	716	72	9	715	1427	11721727	11722436	0.0	865
NC_003074.8:16106126-16107552	NC_003070.9	87.430	716	69	7	715	1427	11981385	11982082	0.0	804
NC_003074.8:16106126-16107552	NC_003070.9	86.509	719	73	10	715	1427	16160102	16159402	0.0	769
NC_003074.8:16106126-16107552	NC_003070.9	89.888	534	52	2	895	1427	16701425	16701957	0.0	686
NC_003074.8:16106126-16107552	NC_003070.9	87.473	463	35	10	89	547	16700145	16700588	8.01e-144	512
NC_003074.8:16106126-16107552	NC_003070.9	93.714	175	9	2	374	547	16160538	16160365	3.20e-68	261
NC_003074.8:16106126-16107552	NC_003070.9	92.614	176	10	2	374	547	11980951	11981125	6.93e-65	250
NC_003074.8:16106126-16107552	NC_003070.9	90.411	146	11	2	1	146	19392899	19393041	1.53e-46	189
NC_003074.8:16106126-16107552	NC_003070.9	86.667	150	18	2	1280	1427	16828671	16828820	2.58e-39	165
NC_003074.8:16106126-16107552	NC_003070.9	90.566	106	8	2	550	655	16700644	16700747	1.57e-31	139
NC_003074.8:16106126-16107552	NC_003070.9	88.889	108	8	3	550	653	19393241	19393348	9.42e-29	130
NC_003074.8:16106126-16107552	NC_003070.9	87.850	107	9	3	550	653	11721523	11721628	1.58e-26	122
NC_003074.8:16129742-16131157	NC_003074.8	100.000	1416	0	0	1	1416	16131157	16129742	0.0	2615
NC_003074.8:16129742-16131157	NC_003074.8	77.665	591	78	35	860	1416	11850743	11851313	3.11e-83	311
NC_003074.8:16129742-16131157	NC_003074.8	83.500	200	22	6	890	1088	16347699	16347888	1.18e-42	176
NC_003074.8:16129742-16131157	NC_003071.7	85.788	584	47	12	850	1416	1790555	1789991	4.61e-166	586
NC_003074.8:16129742-16131157	NC_003071.7	86.978	407	23	7	1	406	1792014	1791637	2.29e-119	431
NC_003074.8:16129742-16131157	NC_003071.7	83.708	356	20	19	531	850	1791358	1791005	1.87e-80	302
NC_003074.8:16129742-16131157	NC_003076.8	83.616	354	41	12	872	1222	15087140	15086801	6.68e-85	316
NC_003074.8:16185372-16186180	NC_003074.8	100.000	809	0	0	1	809	16186180	16185372	0.0	1495
NC_003074.8:16185372-16186180	NC_003074.8	93.827	810	47	2	1	809	10416865	10417672	0.0	1216
NC_003074.8:16185372-16186180	NC_003074.8	95.220	774	27	3	18	781	18927962	18928735	0.0	1216
NC_003074.8:16185372-16186180	NC_003074.8	91.288	815	55	6	1	809	12359526	12358722	0.0	1098
NC_003074.8:16185372-16186180	NC_003074.8	89.229	817	62	15	1	809	7714349	7713551	0.0	998
NC_003074.8:16185372-16186180	NC_003074.8	93.182	572	37	2	239	809	14559288	14559858	0.0	839
NC_003074.8:16185372-16186180	NC_003074.8	93.007	572	38	2	239	809	8875105	8875675	0.0	833
NC_003074.8:16185372-16186180	NC_003074.8	92.469	571	42	1	239	809	15874529	15873960	0.0	815
NC_003074.8:16185372-16186180	NC_003074.8	90.566	583	40	12	239	809	8883486	8884065	0.0	758
NC_003074.8:16185372-16186180	NC_003074.8	89.842	571	44	4	242	809	7766080	7765521	0.0	721
NC_003074.8:16185372-16186180	NC_003074.8	91.154	260	21	2	5	263	12383830	12384088	1.03e-95	351
NC_003074.8:16185372-16186180	NC_003074.8	93.644	236	12	3	523	756	12384105	12384339	3.72e-95	350
NC_003074.8:16185372-16186180	NC_003074.8	93.839	211	13	0	1	211	7766844	7766634	1.05e-85	318
NC_003074.8:16185372-16186180	NC_003074.8	92.925	212	13	2	1	211	15874737	15874527	2.27e-82	307
NC_003074.8:16185372-16186180	NC_003074.8	91.981	212	16	1	1	211	8874896	8875107	4.91e-79	296
NC_003074.8:16185372-16186180	NC_003074.8	91.981	212	15	2	1	211	14559080	14559290	4.91e-79	296
NC_003074.8:16185372-16186180	NC_003074.8	89.151	212	22	1	1	211	8883277	8883488	4.98e-69	263
NC_003074.8:16185372-16186180	NC_003074.8	80.488	205	28	5	1	205	9361785	9361977	5.23e-34	147
NC_003074.8:16185372-16186180	NC_003070.9	96.287	808	28	2	1	807	18632947	18632141	0.0	1325
NC_003074.8:16185372-16186180	NC_003070.9	93.489	814	45	7	1	809	1195121	1194311	0.0	1203
NC_003074.8:16185372-16186180	NC_003070.9	93.227	812	52	2	1	809	3024294	3023483	0.0	1192
NC_003074.8:16185372-16186180	NC_003070.9	91.267	813	52	5	1	809	18320603	18321400	0.0	1090
NC_003074.8:16185372-16186180	NC_003070.9	90.247	810	48	8	1	807	5799521	5798740	0.0	1029
NC_003074.8:16185372-16186180	NC_003070.9	90.000	810	56	6	23	809	19781107	19780300	0.0	1024
NC_003074.8:16185372-16186180	NC_003070.9	89.214	547	44	7	242	784	26880739	26880204	0.0	669
NC_003074.8:16185372-16186180	NC_003070.9	92.351	353	24	2	459	809	20704224	20704575	3.49e-140	499
NC_003074.8:16185372-16186180	NC_003070.9	92.891	211	15	0	1	211	26881503	26881293	2.27e-82	307
NC_003074.8:16185372-16186180	NC_003075.7	95.813	812	27	4	1	809	8421906	8421099	0.0	1304
NC_003074.8:16185372-16186180	NC_003075.7	92.138	814	58	3	1	809	4949067	4948255	0.0	1144
NC_003074.8:16185372-16186180	NC_003075.7	91.708	808	54	6	1	807	5837168	5836373	0.0	1109
NC_003074.8:16185372-16186180	NC_003075.7	91.605	810	50	10	1	807	6944557	6943763	0.0	1103
NC_003074.8:16185372-16186180	NC_003075.7	91.821	758	56	5	39	793	18233085	18232331	0.0	1051
NC_003074.8:16185372-16186180	NC_003075.7	91.001	789	45	7	22	809	5479106	5478343	0.0	1040
NC_003074.8:16185372-16186180	NC_003075.7	96.594	411	13	1	1	410	1598444	1598854	0.0	680
NC_003074.8:16185372-16186180	NC_003076.8	95.684	811	32	2	1	809	16211360	16212169	0.0	1301
NC_003074.8:16185372-16186180	NC_003076.8	95.068	811	32	5	1	809	10187480	10188284	0.0	1269
NC_003074.8:16185372-16186180	NC_003076.8	93.696	809	46	4	5	809	5802087	5801280	0.0	1206
NC_003074.8:16185372-16186180	NC_003076.8	91.739	811	49	7	1	809	21174424	21175218	0.0	1110
NC_003074.8:16185372-16186180	NC_003076.8	90.999	811	62	6	1	809	13786537	13787338	0.0	1083
NC_003074.8:16185372-16186180	NC_003076.8	93.019	573	37	2	239	809	17359894	17359323	0.0	833
NC_003074.8:16185372-16186180	NC_003076.8	88.702	655	41	19	1	624	19019567	19018915	0.0	769
NC_003074.8:16185372-16186180	NC_003076.8	94.500	200	11	0	610	809	19018819	19018620	6.31e-83	309
NC_003074.8:16185372-16186180	NC_003076.8	92.417	211	16	0	1	211	17360102	17359892	1.06e-80	302
NC_003074.8:16185372-16186180	NC_003076.8	90.756	119	9	2	1	118	10924353	10924236	2.42e-37	158
NC_003074.8:16185372-16186180	NC_003071.7	92.857	812	55	3	1	809	8102688	8103499	0.0	1175
NC_003074.8:16185372-16186180	NC_003071.7	91.759	813	62	3	1	809	4759874	4759063	0.0	1125
NC_003074.8:16185372-16186180	NC_003071.7	93.084	694	40	4	118	809	6992256	6992943	0.0	1009
NC_003074.8:16185372-16186180	NC_003071.7	93.405	652	41	2	159	809	6262554	6263204	0.0	965
NC_003074.8:16185372-16186180	NC_003071.7	94.118	136	7	1	234	369	2952220	2952354	8.51e-52	206
