NC_003074.8:15918082-15918710	NC_003074.8	100.000	629	0	0	1	629	15918710	15918082	0.0	1162
NC_003074.8:15918082-15918710	NC_003074.8	88.924	632	62	8	1	629	8644723	8645349	0.0	773
NC_003074.8:15918082-15918710	NC_003074.8	88.704	602	52	9	19	618	19520640	19521227	0.0	721
NC_003074.8:15918082-15918710	NC_003074.8	87.789	606	57	12	15	618	7659525	7658935	0.0	693
NC_003074.8:15918082-15918710	NC_003074.8	87.687	601	59	7	20	618	7937571	7936984	0.0	686
NC_003074.8:15918082-15918710	NC_003074.8	85.289	605	72	7	17	618	18147112	18146522	4.28e-173	608
NC_003074.8:15918082-15918710	NC_003074.8	84.526	601	51	17	20	618	10681952	10681392	1.57e-157	556
NC_003074.8:15918082-15918710	NC_003074.8	90.230	174	16	1	445	618	20769771	20769599	5.03e-58	226
NC_003074.8:15918082-15918710	NC_003074.8	89.714	175	15	3	447	621	5866261	5866432	2.34e-56	220
NC_003074.8:15918082-15918710	NC_003074.8	88.372	172	18	2	447	618	17402170	17402001	6.55e-52	206
NC_003074.8:15918082-15918710	NC_003074.8	87.931	174	17	4	446	618	16485478	16485308	8.48e-51	202
NC_003074.8:15918082-15918710	NC_003074.8	89.308	159	15	2	460	618	19740184	19740340	1.10e-49	198
NC_003074.8:15918082-15918710	NC_003074.8	95.181	83	4	0	17	99	7318499	7318581	1.13e-29	132
NC_003074.8:15918082-15918710	NC_003074.8	94.118	85	4	1	20	104	7766062	7766145	1.46e-28	128
NC_003074.8:15918082-15918710	NC_003074.8	87.611	113	10	4	9	117	8772133	8772245	1.46e-28	128
NC_003074.8:15918082-15918710	NC_003074.8	93.103	87	6	0	18	104	19739755	19739841	1.46e-28	128
NC_003074.8:15918082-15918710	NC_003074.8	92.941	85	5	1	20	103	10082828	10082744	6.79e-27	122
NC_003074.8:15918082-15918710	NC_003074.8	92.771	83	6	0	22	104	6729497	6729415	2.44e-26	121
NC_003074.8:15918082-15918710	NC_003074.8	91.860	86	7	0	19	104	14057123	14057208	2.44e-26	121
NC_003074.8:15918082-15918710	NC_003074.8	93.506	77	4	1	542	618	8596179	8596104	4.09e-24	113
NC_003074.8:15918082-15918710	NC_003074.8	88.636	88	10	0	17	104	7274657	7274744	1.90e-22	108
NC_003074.8:15918082-15918710	NC_003074.8	89.535	86	8	1	20	104	15812961	15813046	1.90e-22	108
NC_003074.8:15918082-15918710	NC_003074.8	95.385	65	3	0	21	85	16235708	16235644	2.46e-21	104
NC_003074.8:15918082-15918710	NC_003074.8	92.453	53	3	1	16	68	11315004	11315055	1.93e-12	75.0
NC_003074.8:15918082-15918710	NC_003074.8	84.932	73	11	0	32	104	18634492	18634420	1.93e-12	75.0
NC_003074.8:15918082-15918710	NC_003076.8	95.987	598	21	3	20	616	14880216	14880811	0.0	968
NC_003074.8:15918082-15918710	NC_003076.8	95.263	570	23	4	20	588	19479577	19480143	0.0	900
NC_003074.8:15918082-15918710	NC_003076.8	90.264	606	54	4	19	622	15659432	15658830	0.0	787
NC_003074.8:15918082-15918710	NC_003076.8	89.884	603	56	3	20	618	349810	350411	0.0	771
NC_003074.8:15918082-15918710	NC_003076.8	89.037	602	59	7	17	616	9545735	9546331	0.0	739
NC_003074.8:15918082-15918710	NC_003076.8	88.322	608	68	3	13	619	14873449	14874054	0.0	726
NC_003074.8:15918082-15918710	NC_003076.8	87.399	619	58	10	6	618	20674838	20674234	0.0	693
NC_003074.8:15918082-15918710	NC_003076.8	87.667	600	57	7	20	616	9979173	9978588	0.0	682
NC_003074.8:15918082-15918710	NC_003076.8	85.669	628	59	10	10	619	25178767	25179381	2.54e-180	632
NC_003074.8:15918082-15918710	NC_003076.8	85.855	608	61	8	13	618	23662588	23662004	1.53e-177	623
NC_003074.8:15918082-15918710	NC_003076.8	85.008	607	51	14	15	619	10042379	10041811	9.32e-165	580
NC_003074.8:15918082-15918710	NC_003076.8	87.893	413	40	5	207	618	22463799	22464202	1.26e-133	477
NC_003074.8:15918082-15918710	NC_003076.8	90.341	176	14	3	447	621	17726816	17726989	1.40e-58	228
NC_003074.8:15918082-15918710	NC_003076.8	90.805	174	11	3	447	618	20278784	20278614	1.40e-58	228
NC_003074.8:15918082-15918710	NC_003076.8	90.173	173	15	2	447	619	24449206	24449376	1.81e-57	224
NC_003074.8:15918082-15918710	NC_003076.8	90.476	168	15	1	451	618	19101942	19102108	2.34e-56	220
NC_003074.8:15918082-15918710	NC_003076.8	91.304	161	12	2	459	618	15031073	15030914	8.42e-56	219
NC_003074.8:15918082-15918710	NC_003076.8	88.953	172	18	1	447	618	14080132	14080302	1.41e-53	211
NC_003074.8:15918082-15918710	NC_003076.8	89.091	165	17	1	459	623	8601978	8601815	2.36e-51	204
NC_003074.8:15918082-15918710	NC_003076.8	88.372	172	17	3	447	618	13231905	13232073	2.36e-51	204
NC_003074.8:15918082-15918710	NC_003076.8	91.111	135	12	0	485	619	24586923	24587057	3.07e-45	183
NC_003074.8:15918082-15918710	NC_003076.8	89.362	141	14	1	23	162	22463661	22463801	5.14e-43	176
NC_003074.8:15918082-15918710	NC_003076.8	87.417	151	13	6	470	620	7700780	7700636	8.60e-41	169
NC_003074.8:15918082-15918710	NC_003076.8	95.294	85	4	0	20	104	13892686	13892602	8.72e-31	135
NC_003074.8:15918082-15918710	NC_003076.8	84.247	146	15	3	474	619	14103803	14103666	8.72e-31	135
NC_003074.8:15918082-15918710	NC_003076.8	94.318	88	4	1	13	100	9763127	9763041	3.14e-30	134
NC_003074.8:15918082-15918710	NC_003076.8	93.333	90	5	1	15	104	16870919	16871007	1.13e-29	132
NC_003074.8:15918082-15918710	NC_003076.8	94.118	85	5	0	20	104	24448812	24448896	4.06e-29	130
NC_003074.8:15918082-15918710	NC_003076.8	90.722	97	7	2	20	116	7417331	7417425	1.46e-28	128
NC_003074.8:15918082-15918710	NC_003076.8	91.111	90	8	0	15	104	6702423	6702334	6.79e-27	122
NC_003074.8:15918082-15918710	NC_003076.8	90.698	86	8	0	19	104	13231668	13231753	1.14e-24	115
NC_003074.8:15918082-15918710	NC_003076.8	89.130	92	9	1	17	108	10873658	10873748	4.09e-24	113
NC_003074.8:15918082-15918710	NC_003076.8	92.308	78	5	1	542	619	26893324	26893400	5.29e-23	110
NC_003074.8:15918082-15918710	NC_003076.8	88.372	86	10	0	542	627	16373775	16373860	2.46e-21	104
NC_003074.8:15918082-15918710	NC_003076.8	90.789	76	7	0	19	94	7701182	7701107	8.85e-21	102
NC_003074.8:15918082-15918710	NC_003076.8	88.235	85	9	1	542	625	24314419	24314503	3.18e-20	100
NC_003074.8:15918082-15918710	NC_003075.7	95.183	602	24	4	20	619	7154779	7155377	0.0	946
NC_003074.8:15918082-15918710	NC_003075.7	94.572	608	27	5	16	620	6427219	6426615	0.0	935
NC_003074.8:15918082-15918710	NC_003075.7	94.527	603	30	3	17	618	7905768	7906368	0.0	928
NC_003074.8:15918082-15918710	NC_003075.7	88.723	603	61	6	19	619	6895544	6894947	0.0	730
NC_003074.8:15918082-15918710	NC_003075.7	87.521	601	53	10	19	619	8725656	8725078	0.0	675
NC_003074.8:15918082-15918710	NC_003075.7	87.013	616	54	17	8	619	9146431	9147024	0.0	671
NC_003074.8:15918082-15918710	NC_003075.7	86.985	607	63	9	13	618	13124460	13123869	0.0	669
NC_003074.8:15918082-15918710	NC_003075.7	86.656	607	65	6	14	618	3897166	3897758	0.0	658
NC_003074.8:15918082-15918710	NC_003075.7	87.651	413	42	4	207	618	964267	963863	5.85e-132	472
NC_003074.8:15918082-15918710	NC_003075.7	86.410	390	42	6	207	595	12968298	12967919	2.78e-115	416
NC_003074.8:15918082-15918710	NC_003075.7	90.286	175	14	3	445	619	1521649	1521820	5.03e-58	226
NC_003074.8:15918082-15918710	NC_003075.7	88.889	144	14	2	20	162	12968438	12968296	5.14e-43	176
NC_003074.8:15918082-15918710	NC_003075.7	87.248	149	13	6	470	618	7034393	7034251	1.11e-39	165
NC_003074.8:15918082-15918710	NC_003075.7	91.000	100	6	3	10	108	13537680	13537583	1.13e-29	132
NC_003074.8:15918082-15918710	NC_003075.7	93.258	89	5	1	20	108	2040107	2040194	4.06e-29	130
NC_003074.8:15918082-15918710	NC_003075.7	90.722	97	7	2	20	116	12607047	12606953	1.46e-28	128
NC_003074.8:15918082-15918710	NC_003075.7	95.062	81	3	1	19	99	2987146	2987225	5.25e-28	126
NC_003074.8:15918082-15918710	NC_003075.7	92.045	88	5	2	19	104	8564949	8564862	6.79e-27	122
NC_003074.8:15918082-15918710	NC_003075.7	89.583	96	8	2	21	116	14458283	14458190	2.44e-26	121
NC_003074.8:15918082-15918710	NC_003075.7	91.566	83	7	0	542	624	7383491	7383409	1.14e-24	115
NC_003074.8:15918082-15918710	NC_003075.7	93.590	78	4	1	542	619	12699287	12699363	1.14e-24	115
NC_003074.8:15918082-15918710	NC_003075.7	87.368	95	11	1	14	108	6638799	6638892	1.90e-22	108
NC_003074.8:15918082-15918710	NC_003075.7	89.412	85	9	0	20	104	12365606	12365522	1.90e-22	108
NC_003074.8:15918082-15918710	NC_003075.7	92.188	64	5	0	20	83	5431587	5431524	1.91e-17	91.6
NC_003074.8:15918082-15918710	NC_003075.7	91.837	49	3	1	570	618	1957656	1957703	3.23e-10	67.6
NC_003074.8:15918082-15918710	NC_003070.9	94.884	606	24	6	16	618	19742141	19741540	0.0	941
NC_003074.8:15918082-15918710	NC_003070.9	94.719	606	25	7	20	621	8189961	8190563	0.0	935
NC_003074.8:15918082-15918710	NC_003070.9	94.399	607	28	6	14	618	2588434	2587832	0.0	928
NC_003074.8:15918082-15918710	NC_003070.9	94.389	606	31	3	15	618	25357818	25358422	0.0	928
NC_003074.8:15918082-15918710	NC_003070.9	93.178	601	37	4	20	618	29078415	29079013	0.0	880
NC_003074.8:15918082-15918710	NC_003070.9	89.292	607	59	5	15	618	12993599	12992996	0.0	756
NC_003074.8:15918082-15918710	NC_003070.9	89.221	603	59	5	19	619	5531295	5531893	0.0	749
NC_003074.8:15918082-15918710	NC_003070.9	89.167	600	61	4	21	618	14013409	14012812	0.0	745
NC_003074.8:15918082-15918710	NC_003070.9	88.449	606	60	8	18	618	11174208	11174808	0.0	723
NC_003074.8:15918082-15918710	NC_003070.9	88.487	608	56	13	14	616	17632417	17633015	0.0	723
NC_003074.8:15918082-15918710	NC_003070.9	87.854	601	57	6	20	618	12183991	12183405	0.0	691
NC_003074.8:15918082-15918710	NC_003070.9	87.171	608	70	5	18	621	13879655	13879052	0.0	684
NC_003074.8:15918082-15918710	NC_003070.9	87.315	607	60	7	14	618	20509428	20508837	0.0	678
NC_003074.8:15918082-15918710	NC_003070.9	87.650	583	54	8	40	618	19717926	19718494	0.0	662
NC_003074.8:15918082-15918710	NC_003070.9	86.545	602	62	8	20	619	21335944	21336528	0.0	645
NC_003074.8:15918082-15918710	NC_003070.9	86.897	580	60	11	18	595	18805115	18804550	0.0	636
NC_003074.8:15918082-15918710	NC_003070.9	87.342	553	48	12	72	618	12457718	12458254	9.19e-175	614
NC_003074.8:15918082-15918710	NC_003070.9	88.333	480	52	4	142	619	3498228	3497751	1.56e-162	573
NC_003074.8:15918082-15918710	NC_003070.9	90.981	377	31	3	243	618	9918827	9918453	5.77e-142	505
NC_003074.8:15918082-15918710	NC_003070.9	87.923	414	41	4	207	619	16859036	16858631	3.50e-134	479
NC_003074.8:15918082-15918710	NC_003070.9	86.893	412	44	5	207	616	26307100	26307503	2.12e-126	453
NC_003074.8:15918082-15918710	NC_003070.9	91.667	192	16	0	20	211	9919332	9919141	2.96e-70	267
NC_003074.8:15918082-15918710	NC_003070.9	91.329	173	14	1	447	619	21615467	21615296	8.36e-61	235
NC_003074.8:15918082-15918710	NC_003070.9	90.230	174	16	1	447	620	8539593	8539765	5.03e-58	226
NC_003074.8:15918082-15918710	NC_003070.9	88.462	182	19	2	447	627	10579970	10580150	8.42e-56	219
NC_003074.8:15918082-15918710	NC_003070.9	89.655	174	14	4	445	618	19769404	19769573	8.42e-56	219
NC_003074.8:15918082-15918710	NC_003070.9	90.123	162	14	2	459	618	696635	696474	5.07e-53	209
NC_003074.8:15918082-15918710	NC_003070.9	88.571	175	17	3	445	618	12619352	12619524	5.07e-53	209
NC_003074.8:15918082-15918710	NC_003070.9	92.414	145	10	1	19	162	16859178	16859034	6.55e-52	206
NC_003074.8:15918082-15918710	NC_003070.9	88.372	172	17	3	447	618	12240742	12240910	2.36e-51	204
NC_003074.8:15918082-15918710	NC_003070.9	92.308	143	11	0	20	162	26306960	26307102	2.36e-51	204
NC_003074.8:15918082-15918710	NC_003070.9	95.349	86	4	0	19	104	16401004	16400919	2.42e-31	137
NC_003074.8:15918082-15918710	NC_003070.9	94.253	87	5	0	18	104	21918432	21918518	3.14e-30	134
NC_003074.8:15918082-15918710	NC_003070.9	94.118	85	5	0	20	104	5899755	5899671	4.06e-29	130
NC_003074.8:15918082-15918710	NC_003070.9	93.258	89	4	2	18	104	18766620	18766532	4.06e-29	130
NC_003074.8:15918082-15918710	NC_003070.9	89.899	99	7	3	12	108	1160214	1160311	1.89e-27	124
NC_003074.8:15918082-15918710	NC_003070.9	92.135	89	5	2	20	106	19665948	19666036	1.89e-27	124
NC_003074.8:15918082-15918710	NC_003070.9	92.941	85	5	1	20	104	26880721	26880804	6.79e-27	122
NC_003074.8:15918082-15918710	NC_003070.9	89.583	96	9	1	10	104	13313934	13313839	2.44e-26	121
NC_003074.8:15918082-15918710	NC_003070.9	94.805	77	4	0	542	618	29774337	29774261	2.44e-26	121
NC_003074.8:15918082-15918710	NC_003070.9	91.860	86	6	1	19	104	2473308	2473224	8.78e-26	119
NC_003074.8:15918082-15918710	NC_003070.9	91.011	89	7	1	183	270	12457966	12458054	8.78e-26	119
NC_003074.8:15918082-15918710	NC_003070.9	91.765	85	7	0	20	104	23125693	23125609	8.78e-26	119
NC_003074.8:15918082-15918710	NC_003070.9	91.566	83	6	1	26	108	12525587	12525668	4.09e-24	113
NC_003074.8:15918082-15918710	NC_003070.9	88.636	88	10	0	183	270	3498052	3497965	1.90e-22	108
NC_003074.8:15918082-15918710	NC_003070.9	89.412	85	9	0	17	101	10929423	10929507	1.90e-22	108
NC_003074.8:15918082-15918710	NC_003070.9	92.000	50	3	1	570	619	9837534	9837582	8.97e-11	69.4
NC_003074.8:15918082-15918710	NC_003071.7	94.719	606	28	4	15	619	7178414	7179016	0.0	939
NC_003074.8:15918082-15918710	NC_003071.7	90.713	603	50	6	20	619	2299067	2299666	0.0	798
NC_003074.8:15918082-15918710	NC_003071.7	90.050	603	53	6	18	618	4758698	4758101	0.0	774
NC_003074.8:15918082-15918710	NC_003071.7	90.053	563	53	3	20	580	10239495	10238934	0.0	726
NC_003074.8:15918082-15918710	NC_003071.7	87.396	603	57	12	20	618	11597292	11597879	0.0	675
NC_003074.8:15918082-15918710	NC_003071.7	87.000	600	53	6	19	616	8046270	8045694	0.0	652
NC_003074.8:15918082-15918710	NC_003071.7	87.409	413	43	4	207	618	8907592	8907996	2.72e-130	466
NC_003074.8:15918082-15918710	NC_003071.7	87.409	413	42	5	207	618	17992947	17992544	2.72e-130	466
NC_003074.8:15918082-15918710	NC_003071.7	86.988	415	43	6	207	619	9891650	9891245	1.64e-127	457
NC_003074.8:15918082-15918710	NC_003071.7	89.655	174	17	1	446	618	1383726	1383553	2.34e-56	220
NC_003074.8:15918082-15918710	NC_003071.7	89.080	174	19	0	446	619	10996355	10996182	3.03e-55	217
NC_003074.8:15918082-15918710	NC_003071.7	88.636	176	17	3	445	618	2320760	2320934	1.41e-53	211
NC_003074.8:15918082-15918710	NC_003071.7	89.286	168	18	0	451	618	7351380	7351547	1.41e-53	211
NC_003074.8:15918082-15918710	NC_003071.7	87.791	172	19	2	447	618	5038144	5038313	3.05e-50	200
NC_003074.8:15918082-15918710	NC_003071.7	87.006	177	19	4	445	620	5010258	5010085	3.94e-49	196
NC_003074.8:15918082-15918710	NC_003071.7	87.671	146	12	6	474	619	9228775	9228636	1.11e-39	165
NC_003074.8:15918082-15918710	NC_003071.7	91.429	105	7	2	12	116	9860522	9860420	5.21e-33	143
NC_003074.8:15918082-15918710	NC_003071.7	93.182	88	6	0	17	104	9433088	9433175	4.06e-29	130
NC_003074.8:15918082-15918710	NC_003071.7	89.899	99	10	0	20	118	7439723	7439625	1.46e-28	128
NC_003074.8:15918082-15918710	NC_003071.7	93.103	87	4	2	20	104	1303113	1303027	5.25e-28	126
NC_003074.8:15918082-15918710	NC_003071.7	91.304	92	7	1	17	108	6411146	6411236	1.89e-27	124
NC_003074.8:15918082-15918710	NC_003071.7	93.023	86	5	1	16	101	7340377	7340461	1.89e-27	124
NC_003074.8:15918082-15918710	NC_003071.7	94.805	77	4	0	542	618	1347288	1347212	2.44e-26	121
NC_003074.8:15918082-15918710	NC_003071.7	90.323	93	8	1	16	108	2262409	2262318	2.44e-26	121
NC_003074.8:15918082-15918710	NC_003071.7	91.765	85	7	0	20	104	5037751	5037835	8.78e-26	119
NC_003074.8:15918082-15918710	NC_003071.7	93.590	78	5	0	542	619	6901846	6901923	3.16e-25	117
NC_003074.8:15918082-15918710	NC_003071.7	89.888	89	9	0	20	108	1552862	1552774	1.14e-24	115
NC_003074.8:15918082-15918710	NC_003071.7	93.506	77	4	1	542	618	8173625	8173700	4.09e-24	113
NC_003074.8:15918082-15918710	NC_003071.7	88.421	95	10	1	14	108	9229184	9229091	4.09e-24	113
NC_003074.8:15918082-15918710	NC_003071.7	88.298	94	10	1	15	108	1955465	1955557	1.47e-23	111
NC_003074.8:15918082-15918710	NC_003071.7	90.476	84	7	1	188	270	4758396	4758313	5.29e-23	110
NC_003074.8:15918082-15918710	NC_003071.7	89.610	77	8	0	542	618	9030599	9030675	1.14e-19	99.0
NC_003074.8:15918082-15918710	NC_003071.7	93.878	49	2	1	570	618	7566596	7566549	6.94e-12	73.1
NC_003074.8:15918082-15918710	NC_003071.7	92.683	41	2	1	581	621	1367511	1367472	1.94e-07	58.4
NC_003074.8:15936562-15936887	NC_003074.8	100.000	326	0	0	1	326	15936562	15936887	9.93e-172	603
NC_003074.8:15936562-15936887	NC_003075.7	83.191	351	23	8	1	326	5981445	5981106	3.16e-77	289
NC_003074.8:16852236-16854256	NC_003074.8	100.000	2021	0	0	1	2021	16854256	16852236	0.0	3733
NC_003074.8:16852236-16854256	NC_003074.8	90.182	1864	121	31	194	2021	11825641	11823804	0.0	2372
NC_003074.8:16852236-16854256	NC_003074.8	89.827	1848	149	23	194	2018	6053084	6054915	0.0	2335
NC_003074.8:16852236-16854256	NC_003074.8	90.420	1430	94	22	615	2020	11346241	11347651	0.0	1842
NC_003074.8:16852236-16854256	NC_003074.8	87.379	1553	141	32	194	1722	10585585	10584064	0.0	1731
NC_003074.8:16852236-16854256	NC_003074.8	91.439	1063	72	10	754	1802	11202232	11201175	0.0	1441
NC_003074.8:16852236-16854256	NC_003074.8	86.188	724	78	9	1313	2018	16106833	16107552	0.0	763
NC_003074.8:16852236-16854256	NC_003074.8	88.351	558	49	8	519	1062	16106117	16106672	0.0	656
NC_003074.8:16852236-16854256	NC_003074.8	82.788	581	82	11	1319	1890	14473041	14472470	6.86e-141	503
NC_003074.8:16852236-16854256	NC_003074.8	87.952	332	24	9	228	558	11345932	11346248	4.34e-103	377
NC_003074.8:16852236-16854256	NC_003074.8	94.969	159	6	1	25	183	11826016	11825860	3.55e-64	248
NC_003074.8:16852236-16854256	NC_003074.8	94.340	159	8	1	25	183	6052708	6052865	1.65e-62	243
NC_003074.8:16852236-16854256	NC_003074.8	90.449	178	12	3	13	186	10585978	10585802	1.29e-58	230
NC_003074.8:16852236-16854256	NC_003074.8	90.395	177	13	2	14	186	11202775	11202599	1.29e-58	230
NC_003074.8:16852236-16854256	NC_003074.8	89.205	176	10	7	14	182	11345760	11345933	4.66e-53	211
NC_003074.8:16852236-16854256	NC_003074.8	89.809	157	11	3	27	180	16085446	16085600	1.30e-48	196
NC_003074.8:16852236-16854256	NC_003074.8	90.291	103	10	0	1918	2020	11243593	11243491	2.88e-30	135
NC_003074.8:16852236-16854256	NC_003076.8	89.553	1857	125	29	194	2020	14096713	14094896	0.0	2290
NC_003074.8:16852236-16854256	NC_003076.8	90.833	1429	95	19	615	2019	13729776	13728360	0.0	1881
NC_003074.8:16852236-16854256	NC_003076.8	90.007	1421	94	21	625	2021	13618690	13617294	0.0	1794
NC_003074.8:16852236-16854256	NC_003076.8	90.288	1390	102	22	194	1562	13514712	13513335	0.0	1788
NC_003074.8:16852236-16854256	NC_003076.8	92.111	900	57	10	194	1085	14155261	14154368	0.0	1256
NC_003074.8:16852236-16854256	NC_003076.8	87.071	874	74	14	200	1062	9373692	9372847	0.0	952
NC_003074.8:16852236-16854256	NC_003076.8	86.538	884	71	14	1117	1982	7508046	7507193	0.0	929
NC_003074.8:16852236-16854256	NC_003076.8	90.803	685	56	6	187	869	7508882	7508203	0.0	909
NC_003074.8:16852236-16854256	NC_003076.8	85.114	880	75	28	194	1062	9030096	9030930	0.0	848
NC_003074.8:16852236-16854256	NC_003076.8	88.872	674	46	14	1081	1745	14153194	14152541	0.0	802
NC_003074.8:16852236-16854256	NC_003076.8	86.860	723	71	13	1313	2018	9372687	9371972	0.0	787
NC_003074.8:16852236-16854256	NC_003076.8	86.431	678	69	14	1313	1973	9031088	9031759	0.0	721
NC_003074.8:16852236-16854256	NC_003076.8	88.396	586	48	10	1451	2019	21100672	21100090	0.0	688
NC_003074.8:16852236-16854256	NC_003076.8	88.993	427	32	7	1602	2016	13513334	13512911	3.17e-144	514
NC_003074.8:16852236-16854256	NC_003076.8	89.197	361	25	7	202	559	13619041	13618692	1.96e-121	438
NC_003074.8:16852236-16854256	NC_003076.8	88.701	354	25	9	209	557	13730113	13729770	2.56e-115	418
NC_003074.8:16852236-16854256	NC_003076.8	92.778	180	12	1	1743	1922	14151488	14151310	1.64e-67	259
NC_003074.8:16852236-16854256	NC_003076.8	92.045	176	7	5	13	182	14155656	14155482	5.94e-62	241
NC_003074.8:16852236-16854256	NC_003076.8	93.252	163	9	2	904	1064	7508213	7508051	2.14e-61	239
NC_003074.8:16852236-16854256	NC_003076.8	91.975	162	13	0	25	186	13515089	13514928	4.63e-58	228
NC_003074.8:16852236-16854256	NC_003076.8	89.944	179	14	3	7	183	14097109	14096933	4.63e-58	228
NC_003074.8:16852236-16854256	NC_003076.8	91.566	166	9	4	25	186	9374081	9373917	5.98e-57	224
NC_003074.8:16852236-16854256	NC_003076.8	89.759	166	10	2	25	189	7509294	7509135	2.17e-51	206
NC_003074.8:16852236-16854256	NC_003076.8	89.241	158	15	2	25	180	9029717	9029874	1.30e-48	196
NC_003074.8:16852236-16854256	NC_003076.8	90.441	136	11	2	25	159	21100823	21100689	4.72e-43	178
NC_003074.8:16852236-16854256	NC_003076.8	83.178	107	15	3	1566	1671	14522485	14522381	4.89e-18	95.3
NC_003074.8:16852236-16854256	NC_003070.9	90.476	1428	100	20	615	2019	11721023	11722437	0.0	1851
NC_003074.8:16852236-16854256	NC_003070.9	90.385	1144	89	14	890	2021	11980951	11982085	0.0	1483
NC_003074.8:16852236-16854256	NC_003070.9	89.878	1146	92	16	890	2019	16160538	16159401	0.0	1452
NC_003074.8:16852236-16854256	NC_003070.9	91.688	794	53	8	615	1402	16700145	16700931	0.0	1088
NC_003074.8:16852236-16854256	NC_003070.9	86.364	726	72	14	1313	2020	19393602	19394318	0.0	767
NC_003074.8:16852236-16854256	NC_003070.9	90.994	533	36	5	1498	2018	16701425	16701957	0.0	708
NC_003074.8:16852236-16854256	NC_003070.9	87.708	480	37	12	194	670	19392579	19393039	5.23e-152	540
NC_003074.8:16852236-16854256	NC_003070.9	85.339	457	34	19	194	649	16161061	16160637	1.52e-122	442
NC_003074.8:16852236-16854256	NC_003070.9	86.389	360	33	10	202	557	16699804	16700151	1.21e-103	379
NC_003074.8:16852236-16854256	NC_003070.9	87.009	331	29	6	228	554	11720705	11721025	4.37e-98	361
NC_003074.8:16852236-16854256	NC_003070.9	92.638	163	11	1	25	186	16161439	16161277	9.94e-60	233
NC_003074.8:16852236-16854256	NC_003070.9	89.385	179	14	4	8	183	19392184	19392360	7.74e-56	220
NC_003074.8:16852236-16854256	NC_003070.9	86.096	187	20	4	1	183	11980301	11980485	1.30e-48	196
NC_003074.8:16852236-16854256	NC_003070.9	91.589	107	9	0	694	800	16160641	16160535	3.70e-34	148
NC_003074.8:16852236-16854256	NC_003070.9	85.484	124	16	2	1526	1648	13655175	13655053	4.83e-28	128
NC_003074.8:16852236-16854256	NC_003070.9	84.615	78	12	0	1557	1634	16989213	16989290	4.93e-13	78.7
NC_003074.8:16852236-16854256	NC_003070.9	97.143	35	1	0	1975	2009	11992622	11992656	1.79e-07	60.2
NC_003074.8:16852236-16854256	NC_003071.7	88.188	1363	117	21	686	2018	4474933	4476281	0.0	1585
NC_003074.8:16852236-16854256	NC_003071.7	86.301	730	69	13	1313	2018	5841845	5841123	0.0	765
NC_003074.8:16852236-16854256	NC_003071.7	88.760	605	47	11	1427	2014	3193360	3193960	0.0	721
NC_003074.8:16852236-16854256	NC_003071.7	91.079	482	34	8	848	1322	5842473	5841994	0.0	643
NC_003074.8:16852236-16854256	NC_003071.7	88.611	360	27	7	202	557	3192825	3193174	1.53e-117	425
NC_003074.8:16852236-16854256	NC_003071.7	86.446	332	26	9	1702	2019	6469467	6469793	1.22e-93	346
NC_003074.8:16852236-16854256	NC_003071.7	85.911	291	28	4	1742	2020	3195713	3196002	3.48e-79	298
NC_003074.8:16852236-16854256	NC_003071.7	90.206	194	14	3	615	808	3193168	3193356	3.55e-64	248
NC_003074.8:16852236-16854256	NC_003071.7	91.351	185	11	5	486	670	5842656	5842477	3.55e-64	248
NC_003074.8:16852236-16854256	NC_003071.7	88.202	178	12	5	15	183	6469094	6469271	7.79e-51	204
NC_003074.8:16852236-16854256	NC_003071.7	87.500	184	10	7	7	183	4474412	4474589	1.01e-49	200
NC_003074.8:16852236-16854256	NC_003071.7	82.482	137	24	0	1518	1654	2628736	2628872	8.08e-26	121
NC_003074.8:16852236-16854256	NC_003071.7	82.482	137	21	3	1525	1659	2628284	2628419	1.04e-24	117
NC_003074.8:16852236-16854256	NC_003071.7	81.752	137	22	3	1525	1659	2652347	2652482	4.86e-23	111
NC_003074.8:16852236-16854256	NC_003071.7	100.000	50	0	0	1972	2021	5011211	5011162	1.76e-17	93.5
NC_003074.8:16852236-16854256	NC_003071.7	93.333	60	3	1	1566	1624	6469416	6469475	8.19e-16	87.9
NC_003074.8:16852236-16854256	NC_003071.7	88.000	75	6	3	1584	1657	6206594	6206522	2.95e-15	86.1
NC_003074.8:16852236-16854256	NC_003071.7	90.698	43	3	1	1568	1610	4147878	4147919	2.31e-06	56.5
NC_003074.8:16852236-16854256	NC_003075.7	90.141	994	65	16	749	1716	7033264	7034250	0.0	1262
NC_003074.8:16852236-16854256	NC_003075.7	87.921	712	64	14	1326	2019	6809189	6809896	0.0	819
NC_003074.8:16852236-16854256	NC_003075.7	86.490	718	73	13	1319	2019	9762603	9761893	0.0	767
NC_003074.8:16852236-16854256	NC_003075.7	85.873	722	70	18	1319	2020	9841398	9840689	0.0	739
NC_003074.8:16852236-16854256	NC_003075.7	86.695	466	46	8	1566	2018	5541883	5541421	6.86e-141	503
NC_003074.8:16852236-16854256	NC_003075.7	87.744	359	31	7	202	557	7032832	7033180	5.54e-112	407
NC_003074.8:16852236-16854256	NC_003075.7	87.842	329	25	8	1704	2019	7034779	7035105	2.02e-101	372
NC_003074.8:16852236-16854256	NC_003075.7	91.353	266	15	3	804	1062	9763034	9762770	5.65e-97	357
NC_003074.8:16852236-16854256	NC_003075.7	90.226	266	18	3	804	1062	9841828	9841564	5.69e-92	340
NC_003074.8:16852236-16854256	NC_003075.7	89.811	265	24	3	194	458	5546063	5545802	7.37e-91	337
NC_003074.8:16852236-16854256	NC_003075.7	92.553	188	12	2	876	1062	6808829	6809015	2.73e-70	268
NC_003074.8:16852236-16854256	NC_003075.7	88.587	184	17	4	1	180	6808224	6808407	7.74e-56	220
NC_003074.8:16852236-16854256	NC_003075.7	90.123	162	16	0	25	186	5546442	5546281	4.66e-53	211
NC_003074.8:16852236-16854256	NC_003075.7	86.567	134	15	3	6	139	3784076	3784206	4.79e-33	145
NC_003074.8:16852236-16854256	NC_003075.7	89.216	102	11	0	1918	2019	563609	563508	4.83e-28	128
NC_003074.8:16852236-16854256	NC_003075.7	91.304	92	8	0	615	706	7033174	7033265	1.74e-27	126
NC_003074.8:16851389-16851847	NC_003074.8	100.000	459	0	0	1	459	16851847	16851389	0.0	848
NC_003074.8:16851389-16851847	NC_003074.8	94.785	441	23	0	4	444	15783153	15783593	0.0	688
NC_003074.8:16851389-16851847	NC_003074.8	96.394	416	15	0	6	421	15642913	15643328	0.0	686
NC_003074.8:16851389-16851847	NC_003074.8	94.521	438	23	1	6	443	18976720	18977156	0.0	675
NC_003074.8:16851389-16851847	NC_003074.8	93.651	441	27	1	6	446	10791549	10791110	0.0	658
NC_003074.8:16851389-16851847	NC_003074.8	92.711	439	32	0	6	444	19648580	19648142	0.0	634
NC_003074.8:16851389-16851847	NC_003074.8	92.784	291	21	0	155	445	10908292	10908002	4.29e-117	422
NC_003074.8:16851389-16851847	NC_003074.8	82.540	441	48	17	9	445	538783	539198	9.49e-99	361
NC_003074.8:16851389-16851847	NC_003074.8	95.327	214	8	2	9	220	9767685	9767898	4.45e-92	339
NC_003074.8:16851389-16851847	NC_003074.8	94.286	210	12	0	6	215	10908474	10908265	4.48e-87	322
NC_003074.8:16851389-16851847	NC_003074.8	96.891	193	5	1	6	198	14785551	14785360	4.48e-87	322
NC_003074.8:16851389-16851847	NC_003076.8	97.593	457	8	3	5	459	8178108	8177653	0.0	780
NC_003074.8:16851389-16851847	NC_003076.8	96.875	416	13	0	6	421	17438315	17438730	0.0	697
NC_003074.8:16851389-16851847	NC_003076.8	91.391	453	35	4	6	457	14985232	14984783	5.10e-176	617
NC_003074.8:16851389-16851847	NC_003076.8	92.466	438	20	3	6	443	15213323	15212899	6.60e-175	614
NC_003074.8:16851389-16851847	NC_003076.8	82.927	451	45	25	9	453	26233530	26233106	9.42e-104	377
NC_003074.8:16851389-16851847	NC_003076.8	96.667	210	5	2	12	220	13608302	13608510	7.39e-95	348
NC_003074.8:16851389-16851847	NC_003076.8	95.392	217	9	1	5	220	18113641	18113857	9.56e-94	344
NC_003074.8:16851389-16851847	NC_003076.8	94.340	212	12	0	5	216	8808994	8809205	3.46e-88	326
NC_003074.8:16851389-16851847	NC_003076.8	94.819	193	10	0	5	197	18147552	18147744	5.83e-81	302
NC_003074.8:16851389-16851847	NC_003076.8	90.431	209	18	2	13	220	16480788	16480995	1.27e-72	274
NC_003074.8:16851389-16851847	NC_003076.8	93.855	179	11	0	5	183	16387690	16387868	1.65e-71	270
NC_003074.8:16851389-16851847	NC_003076.8	94.340	106	6	0	338	443	18113898	18114003	2.87e-39	163
NC_003074.8:16851389-16851847	NC_003076.8	92.523	107	8	0	342	448	18147806	18147912	1.73e-36	154
NC_003074.8:16851389-16851847	NC_003075.7	95.526	447	18	2	6	450	4650110	4650556	0.0	713
NC_003074.8:16851389-16851847	NC_003075.7	95.078	447	20	2	6	450	4685638	4686084	0.0	702
NC_003074.8:16851389-16851847	NC_003075.7	95.023	442	20	2	2	443	2316528	2316089	0.0	693
NC_003074.8:16851389-16851847	NC_003075.7	94.131	443	26	0	5	447	12714137	12713695	0.0	675
NC_003074.8:16851389-16851847	NC_003075.7	91.837	441	36	0	4	444	16705423	16705863	1.83e-175	616
NC_003074.8:16851389-16851847	NC_003075.7	94.135	341	19	1	4	344	4906332	4905993	5.32e-146	518
NC_003074.8:16851389-16851847	NC_003075.7	95.620	274	12	0	4	277	4909350	4909077	1.19e-122	440
NC_003074.8:16851389-16851847	NC_003075.7	95.588	68	3	0	342	409	4875809	4875742	3.80e-23	110
NC_003074.8:16851389-16851847	NC_003070.9	94.558	441	23	1	4	444	9062082	9062521	0.0	680
NC_003074.8:16851389-16851847	NC_003070.9	91.503	459	34	4	1	459	10652934	10652481	8.48e-179	627
NC_003074.8:16851389-16851847	NC_003070.9	93.797	403	23	2	2	404	8723517	8723117	3.97e-172	604
NC_003074.8:16851389-16851847	NC_003070.9	89.625	453	33	4	3	454	18287189	18287628	6.74e-160	564
NC_003074.8:16851389-16851847	NC_003070.9	94.531	256	14	0	188	443	13808353	13808608	2.60e-109	396
NC_003074.8:16851389-16851847	NC_003070.9	83.710	442	46	18	5	444	28750316	28749899	9.36e-109	394
NC_003074.8:16851389-16851847	NC_003070.9	95.455	220	8	2	2	220	16998814	16998596	2.05e-95	350
NC_003074.8:16851389-16851847	NC_003070.9	95.814	215	9	0	2	216	8375155	8374941	7.39e-95	348
NC_003074.8:16851389-16851847	NC_003070.9	95.735	211	9	0	6	216	16822273	16822483	1.24e-92	340
NC_003074.8:16851389-16851847	NC_003070.9	94.634	205	9	2	18	220	18126616	18126820	2.08e-85	316
NC_003074.8:16851389-16851847	NC_003070.9	94.505	182	10	0	1	182	13808199	13808380	7.60e-75	281
NC_003074.8:16851389-16851847	NC_003070.9	89.744	156	13	3	27	181	6102896	6102743	2.83e-49	196
NC_003074.8:16851389-16851847	NC_003070.9	94.690	113	5	1	337	448	8374659	8374547	1.33e-42	174
NC_003074.8:16851389-16851847	NC_003070.9	96.226	106	4	0	342	447	16998497	16998392	1.33e-42	174
NC_003074.8:16851389-16851847	NC_003070.9	93.519	108	6	1	342	448	16822787	16822894	3.72e-38	159
NC_003074.8:16851389-16851847	NC_003070.9	85.714	119	16	1	5	122	13496477	13496359	1.36e-27	124
NC_003074.8:16851389-16851847	NC_003070.9	94.595	74	2	2	372	444	11805858	11805786	2.93e-24	113
NC_003074.8:16851389-16851847	NC_003071.7	93.864	440	26	1	5	444	2820419	2820857	0.0	662
NC_003074.8:16851389-16851847	NC_003071.7	93.622	439	28	0	6	444	2735215	2734777	0.0	656
NC_003074.8:16851389-16851847	NC_003071.7	93.735	431	27	0	6	436	6946155	6946585	0.0	647
NC_003074.8:16851389-16851847	NC_003071.7	91.991	437	23	1	4	440	4307705	4307281	1.43e-171	603
NC_003074.8:16851389-16851847	NC_003071.7	96.262	214	6	2	9	220	11129216	11129003	2.05e-95	350
NC_003074.8:16851389-16851847	NC_003071.7	96.209	211	7	1	6	215	510988	511198	9.56e-94	344
NC_003074.8:16851389-16851847	NC_003071.7	95.735	211	9	0	6	216	10406501	10406711	1.24e-92	340
NC_003074.8:16851389-16851847	NC_003071.7	94.340	212	11	1	6	216	19269200	19268989	1.25e-87	324
NC_003074.8:16851389-16851847	NC_003071.7	94.079	152	8	1	298	449	511194	511344	2.79e-59	230
NC_003074.8:16851389-16851847	NC_003071.7	93.519	108	6	1	337	443	10406987	10407094	3.72e-38	159
NC_003074.8:16851389-16851847	NC_003071.7	94.949	99	4	1	345	443	11128909	11128812	1.73e-36	154
NC_003074.8:14762376-14765878	NC_003074.8	100.000	3503	0	0	1	3503	14765878	14762376	0.0	6469
NC_003074.8:14762376-14765878	NC_003074.8	87.365	1575	142	23	1966	3503	11776554	11775000	0.0	1753
NC_003074.8:14762376-14765878	NC_003074.8	84.496	774	79	22	1	748	11779063	11778305	0.0	726
NC_003074.8:14762376-14765878	NC_003074.8	79.094	861	142	22	1	832	11781347	11780496	2.52e-157	558
NC_003074.8:14762376-14765878	NC_003074.8	94.048	168	10	0	3217	3384	14785717	14785550	3.70e-66	255
NC_003074.8:14762376-14765878	NC_003074.8	91.954	174	13	1	790	963	11778170	11777998	2.88e-62	243
NC_003074.8:15740378-15741395	NC_003074.8	100.000	1018	0	0	1	1018	15740378	15741395	0.0	1881
NC_003074.8:15740378-15741395	NC_003074.8	89.754	244	20	4	1	244	15188298	15188060	2.87e-82	307
NC_003074.8:15740378-15741395	NC_003074.8	97.297	37	1	0	970	1006	16279309	16279345	6.87e-09	63.9
NC_003074.8:15740378-15741395	NC_003071.7	81.346	1040	134	40	1	1018	8537701	8536700	0.0	791
NC_003074.8:15783153-15783593	NC_003074.8	100.000	441	0	0	1	441	15783153	15783593	0.0	815
NC_003074.8:15783153-15783593	NC_003074.8	94.785	441	23	0	1	441	16851844	16851404	0.0	688
NC_003074.8:15783153-15783593	NC_003074.8	94.749	438	22	1	3	440	18976720	18977156	0.0	680
NC_003074.8:15783153-15783593	NC_003074.8	95.192	416	20	0	3	418	15642913	15643328	0.0	658
NC_003074.8:15783153-15783593	NC_003074.8	93.607	438	27	1	3	440	10791549	10791113	0.0	652
NC_003074.8:15783153-15783593	NC_003074.8	92.483	439	33	0	3	441	19648580	19648142	2.26e-179	628
NC_003074.8:15783153-15783593	NC_003074.8	93.103	290	20	0	152	441	10908292	10908003	3.19e-118	425
NC_003074.8:15783153-15783593	NC_003074.8	81.818	440	51	17	6	441	538783	539197	3.30e-93	342
NC_003074.8:15783153-15783593	NC_003074.8	93.814	194	11	1	3	196	14785551	14785359	1.21e-77	291
NC_003074.8:15783153-15783593	NC_003074.8	90.952	210	19	0	3	212	10908474	10908265	2.03e-75	283
NC_003074.8:15783153-15783593	NC_003074.8	87.037	108	12	2	336	441	9767997	9768104	1.68e-26	121
NC_003074.8:15783153-15783593	NC_003074.8	88.350	103	8	1	343	441	14785296	14785194	1.68e-26	121
NC_003074.8:15783153-15783593	NC_003075.7	94.761	439	23	0	3	441	4650110	4650548	0.0	684
NC_003074.8:15783153-15783593	NC_003075.7	94.305	439	25	0	3	441	4685638	4686076	0.0	673
NC_003074.8:15783153-15783593	NC_003075.7	93.864	440	25	2	1	440	2316526	2316089	0.0	662
NC_003074.8:15783153-15783593	NC_003075.7	93.424	441	27	2	2	441	12714137	12713698	0.0	652
NC_003074.8:15783153-15783593	NC_003075.7	91.610	441	37	0	1	441	16705423	16705863	8.20e-174	610
NC_003074.8:15783153-15783593	NC_003075.7	94.169	343	19	1	1	343	4906332	4905991	3.95e-147	521
NC_003074.8:15783153-15783593	NC_003075.7	93.796	274	17	0	1	274	4909350	4909077	2.48e-114	412
NC_003074.8:15783153-15783593	NC_003075.7	91.795	195	15	1	3	196	4876061	4875867	1.58e-71	270
NC_003074.8:15783153-15783593	NC_003075.7	90.426	188	17	1	2	189	15592392	15592206	2.66e-64	246
NC_003074.8:15783153-15783593	NC_003076.8	94.344	442	23	2	2	441	8178108	8177667	0.0	676
NC_003074.8:15783153-15783593	NC_003076.8	95.192	416	20	0	3	418	17438315	17438730	0.0	658
NC_003074.8:15783153-15783593	NC_003076.8	91.344	439	35	3	3	440	14985232	14984796	6.38e-170	597
NC_003074.8:15783153-15783593	NC_003076.8	90.639	438	28	3	3	440	15213323	15212899	1.39e-161	569
NC_003074.8:15783153-15783593	NC_003076.8	81.963	438	53	18	6	440	26233530	26233116	7.10e-95	348
NC_003074.8:15783153-15783593	NC_003076.8	93.396	212	14	0	2	213	18113641	18113852	7.20e-85	315
NC_003074.8:15783153-15783593	NC_003076.8	93.659	205	12	1	9	213	13608302	13608505	4.33e-82	305
NC_003074.8:15783153-15783593	NC_003076.8	91.667	216	17	1	2	216	8808994	8809209	7.25e-80	298
NC_003074.8:15783153-15783593	NC_003076.8	91.061	179	16	0	2	180	16387690	16387868	3.45e-63	243
NC_003074.8:15783153-15783593	NC_003076.8	92.381	105	8	0	336	440	18113899	18114003	2.15e-35	150
NC_003074.8:15783153-15783593	NC_003076.8	92.308	104	8	0	337	440	18147804	18147907	7.73e-35	148
NC_003074.8:15783153-15783593	NC_003076.8	90.909	99	7	2	336	432	16481090	16481188	7.78e-30	132
NC_003074.8:15783153-15783593	NC_003070.9	93.424	441	28	1	1	441	9062082	9062521	0.0	652
NC_003074.8:15783153-15783593	NC_003070.9	92.255	439	34	0	3	441	10652930	10652492	1.05e-177	623
NC_003074.8:15783153-15783593	NC_003070.9	90.205	439	29	4	3	440	18287193	18287618	8.38e-159	560
NC_003074.8:15783153-15783593	NC_003070.9	91.729	399	31	1	3	401	8723513	8723117	1.40e-156	553
NC_003074.8:15783153-15783593	NC_003070.9	94.922	256	13	0	185	440	13808353	13808608	5.37e-111	401
NC_003074.8:15783153-15783593	NC_003070.9	83.484	442	40	19	6	441	16998809	16998395	7.00e-105	381
NC_003074.8:15783153-15783593	NC_003070.9	82.313	441	54	13	2	441	28750316	28749899	9.12e-99	361
NC_003074.8:15783153-15783593	NC_003070.9	93.023	215	14	1	3	216	8375151	8374937	2.59e-84	313
NC_003074.8:15783153-15783593	NC_003070.9	93.023	215	14	1	3	216	16822273	16822487	2.59e-84	313
NC_003074.8:15783153-15783593	NC_003070.9	93.069	202	12	2	12	213	18126616	18126815	9.38e-79	294
NC_003074.8:15783153-15783593	NC_003070.9	91.509	212	17	1	6	216	11806171	11805960	1.21e-77	291
NC_003074.8:15783153-15783593	NC_003070.9	92.090	177	14	0	3	179	13808204	13808380	2.06e-65	250
NC_003074.8:15783153-15783593	NC_003070.9	92.523	107	7	1	336	441	8374657	8374551	5.97e-36	152
NC_003074.8:15783153-15783593	NC_003070.9	91.589	107	8	1	336	441	16822783	16822889	2.78e-34	147
NC_003074.8:15783153-15783593	NC_003070.9	95.890	73	3	0	369	441	11805858	11805786	6.06e-26	119
NC_003074.8:15783153-15783593	NC_003071.7	93.409	440	28	1	2	441	2820419	2820857	0.0	651
NC_003074.8:15783153-15783593	NC_003071.7	93.735	431	27	0	3	433	6946155	6946585	0.0	647
NC_003074.8:15783153-15783593	NC_003071.7	92.938	439	31	0	3	441	2735215	2734777	0.0	640
NC_003074.8:15783153-15783593	NC_003071.7	90.847	437	28	1	1	437	4307705	4307281	2.99e-163	575
NC_003074.8:15783153-15783593	NC_003071.7	93.839	211	12	1	3	212	510988	511198	2.00e-85	316
NC_003074.8:15783153-15783593	NC_003071.7	92.925	212	14	1	6	216	11129216	11129005	1.20e-82	307
NC_003074.8:15783153-15783593	NC_003071.7	92.093	215	16	1	3	216	10406501	10406715	5.61e-81	302
NC_003074.8:15783153-15783593	NC_003071.7	91.667	216	16	2	3	216	19269200	19268985	7.25e-80	298
NC_003074.8:15783153-15783593	NC_003071.7	94.558	147	8	0	295	441	511194	511340	9.65e-59	228
NC_003074.8:15783153-15783593	NC_003071.7	91.509	106	8	1	336	440	10406989	10407094	1.00e-33	145
NC_003074.8:15783153-15783593	NC_003071.7	93.684	95	6	0	346	440	11128906	11128812	3.60e-33	143
NC_003074.8:15783153-15783593	NC_003071.7	90.654	107	9	1	336	441	19268703	19268597	1.29e-32	141
NC_003074.8:15341583-15341877	NC_003074.8	100.000	295	0	0	1	295	15341877	15341583	1.52e-154	545
NC_003074.8:15341583-15341877	NC_003074.8	85.938	64	7	2	108	169	10733407	10733470	1.44e-10	67.6
NC_003074.8:15341583-15341877	NC_003075.7	92.593	297	16	4	1	295	2755043	2755335	2.68e-117	422
NC_003074.8:15341583-15341877	NC_003075.7	93.396	106	6	1	1	105	2754915	2755020	3.00e-37	156
NC_003074.8:15341583-15341877	NC_003076.8	87.584	298	27	6	1	295	13801837	13801547	9.97e-92	337
NC_003074.8:15341583-15341877	NC_003076.8	86.538	156	9	7	2	153	15145368	15145221	6.44e-39	161
NC_003070.9:25263234-25263497	NC_003070.9	100.000	264	0	0	1	264	25263497	25263234	2.30e-137	488
NC_003070.9:25263234-25263497	NC_003070.9	80.364	275	38	13	1	264	9516584	9516315	5.62e-49	195
NC_003070.9:24645493-24646067	NC_003070.9	100.000	575	0	0	1	575	24645493	24646067	0.0	1062
NC_003070.9:24645493-24646067	NC_003070.9	90.334	569	35	11	17	572	21918423	21918984	0.0	728
NC_003070.9:24645493-24646067	NC_003070.9	89.840	561	38	7	27	575	4770665	4770112	0.0	702
NC_003070.9:24645493-24646067	NC_003070.9	88.792	571	30	10	27	572	12097456	12098017	0.0	669
NC_003070.9:24645493-24646067	NC_003070.9	88.266	571	34	9	27	572	23125693	23125131	0.0	652
NC_003070.9:24645493-24646067	NC_003070.9	87.130	575	35	11	26	575	26511227	26510667	2.33e-175	616
NC_003070.9:24645493-24646067	NC_003070.9	87.706	545	40	9	55	572	25779693	25780237	1.08e-173	610
NC_003070.9:24645493-24646067	NC_003070.9	86.690	571	34	8	27	574	5899755	5899204	3.03e-169	595
NC_003070.9:24645493-24646067	NC_003070.9	86.004	543	42	16	23	539	588032	587498	6.65e-156	551
NC_003070.9:24645493-24646067	NC_003070.9	85.140	572	44	13	27	572	27240719	27241275	8.61e-155	547
NC_003070.9:24645493-24646067	NC_003070.9	84.696	575	54	15	27	573	13495989	13495421	1.11e-153	544
NC_003070.9:24645493-24646067	NC_003070.9	84.642	586	42	26	28	573	17502231	17502808	1.44e-152	540
NC_003070.9:24645493-24646067	NC_003070.9	84.337	581	53	17	20	572	5862942	5863512	6.70e-151	534
NC_003070.9:24645493-24646067	NC_003070.9	84.441	572	57	9	27	572	21739641	21739076	6.70e-151	534
NC_003070.9:24645493-24646067	NC_003070.9	84.174	575	53	19	26	572	13811467	13810903	1.45e-147	523
NC_003070.9:24645493-24646067	NC_003070.9	84.375	576	43	17	25	572	16401005	16400449	5.22e-147	521
NC_003070.9:24645493-24646067	NC_003070.9	84.375	576	41	22	26	572	540988	540433	1.88e-146	520
NC_003070.9:24645493-24646067	NC_003070.9	86.965	491	26	12	104	570	10930994	10931470	6.75e-146	518
NC_003070.9:24645493-24646067	NC_003070.9	84.146	574	45	14	27	572	26880721	26881276	8.73e-145	514
NC_003070.9:24645493-24646067	NC_003070.9	84.055	577	41	21	26	572	10591983	10591428	4.06e-143	508
NC_003070.9:24645493-24646067	NC_003070.9	82.890	602	54	18	1	575	19768997	19769576	3.16e-139	496
NC_003070.9:24645493-24646067	NC_003070.9	83.509	570	46	13	26	572	29244141	29244685	5.29e-137	488
NC_003070.9:24645493-24646067	NC_003070.9	83.692	558	41	26	26	544	6219141	6218595	8.85e-135	481
NC_003070.9:24645493-24646067	NC_003070.9	82.765	586	49	28	27	573	13869873	13870445	4.12e-133	475
NC_003070.9:24645493-24646067	NC_003070.9	83.012	571	47	18	27	572	22192007	22192552	5.33e-132	472
NC_003070.9:24645493-24646067	NC_003070.9	83.101	574	33	25	27	574	10853200	10852665	8.92e-130	464
NC_003070.9:24645493-24646067	NC_003070.9	82.496	577	51	16	25	572	11732350	11732905	1.15e-128	460
NC_003070.9:24645493-24646067	NC_003070.9	82.517	572	54	14	27	572	20205905	20205354	1.15e-128	460
NC_003070.9:24645493-24646067	NC_003070.9	82.373	573	56	19	27	574	11804094	11803542	1.49e-127	457
NC_003070.9:24645493-24646067	NC_003070.9	83.057	543	53	12	56	573	28891907	28891379	1.49e-127	457
NC_003070.9:24645493-24646067	NC_003070.9	82.312	571	54	21	27	572	10021962	10021414	6.94e-126	451
NC_003070.9:24645493-24646067	NC_003070.9	83.432	507	38	15	57	539	2986868	2986384	3.25e-119	429
NC_003070.9:24645493-24646067	NC_003070.9	81.350	563	65	21	11	544	4582981	4583532	5.44e-117	422
NC_003070.9:24645493-24646067	NC_003070.9	84.009	444	39	12	28	445	2587832	2587395	9.17e-110	398
NC_003070.9:24645493-24646067	NC_003070.9	90.756	238	19	3	341	575	21615530	21615293	9.50e-85	315
NC_003070.9:24645493-24646067	NC_003070.9	89.121	239	19	5	341	573	8622992	8622755	1.60e-77	291
NC_003070.9:24645493-24646067	NC_003070.9	89.076	238	21	5	341	573	10579905	10580142	1.60e-77	291
NC_003070.9:24645493-24646067	NC_003070.9	89.076	238	19	7	341	573	21128636	21128871	5.76e-77	289
NC_003070.9:24645493-24646067	NC_003070.9	87.712	236	25	4	341	572	9418298	9418063	5.80e-72	272
NC_003070.9:24645493-24646067	NC_003070.9	87.764	237	24	5	341	572	11669593	11669357	5.80e-72	272
NC_003070.9:24645493-24646067	NC_003070.9	87.045	247	15	8	331	573	2473131	2472898	3.49e-69	263
NC_003070.9:24645493-24646067	NC_003070.9	87.783	221	22	5	341	556	3762754	3762974	2.10e-66	254
NC_003070.9:24645493-24646067	NC_003070.9	88.835	206	19	4	371	572	9384365	9384160	2.72e-65	250
NC_003070.9:24645493-24646067	NC_003070.9	84.716	229	23	5	341	567	3251256	3251474	7.66e-56	219
NC_003070.9:24645493-24646067	NC_003070.9	83.410	217	18	5	26	230	12240504	12240714	7.77e-46	185
NC_003070.9:24645493-24646067	NC_003070.9	90.000	140	11	3	341	477	29774473	29774334	1.30e-43	178
NC_003070.9:24645493-24646067	NC_003070.9	77.637	237	36	15	341	572	5437136	5436912	1.33e-28	128
NC_003070.9:24645493-24646067	NC_003070.9	76.233	223	28	12	354	570	21602156	21601953	1.35e-18	95.3
NC_003070.9:24645493-24646067	NC_003070.9	86.486	74	7	3	55	126	9367469	9367541	1.36e-13	78.7
NC_003070.9:24645493-24646067	NC_003076.8	90.536	560	34	6	26	573	19101557	19102109	0.0	723
NC_003070.9:24645493-24646067	NC_003076.8	89.298	570	31	6	27	572	17726422	17726985	0.0	688
NC_003070.9:24645493-24646067	NC_003076.8	89.134	543	33	10	55	572	24448834	24449375	0.0	652
NC_003070.9:24645493-24646067	NC_003076.8	87.543	578	39	13	20	572	5625051	5625620	0.0	638
NC_003070.9:24645493-24646067	NC_003076.8	89.066	503	38	5	27	518	22335576	22335080	3.89e-173	608
NC_003070.9:24645493-24646067	NC_003076.8	85.739	575	42	14	25	573	9558218	9557658	5.11e-162	571
NC_003070.9:24645493-24646067	NC_003076.8	85.370	581	34	23	24	574	14810268	14810827	5.14e-157	555
NC_003070.9:24645493-24646067	NC_003076.8	84.497	587	45	24	27	574	7417331	7417910	5.18e-152	538
NC_003070.9:24645493-24646067	NC_003076.8	84.522	575	46	12	27	574	13892686	13892128	3.12e-149	529
NC_003070.9:24645493-24646067	NC_003076.8	84.229	577	54	20	26	573	3566349	3566917	1.12e-148	527
NC_003070.9:24645493-24646067	NC_003076.8	84.402	577	47	15	24	573	16870920	16871480	1.12e-148	527
NC_003070.9:24645493-24646067	NC_003076.8	84.588	571	36	17	26	572	14104209	14103667	1.88e-146	520
NC_003070.9:24645493-24646067	NC_003076.8	82.957	575	63	15	24	572	22621743	22621178	1.90e-136	486
NC_003070.9:24645493-24646067	NC_003076.8	82.812	576	62	16	27	573	9068735	9068168	8.85e-135	481
NC_003070.9:24645493-24646067	NC_003076.8	86.463	458	33	16	58	489	26015331	26015785	4.12e-133	475
NC_003070.9:24645493-24646067	NC_003076.8	82.801	564	59	19	27	572	17043358	17043901	1.92e-131	470
NC_003070.9:24645493-24646067	NC_003076.8	82.837	571	53	19	27	573	26787654	26787105	1.92e-131	470
NC_003070.9:24645493-24646067	NC_003076.8	82.692	572	47	16	27	572	8748925	8749470	1.15e-128	460
NC_003070.9:24645493-24646067	NC_003076.8	82.167	600	46	27	26	572	24117959	24118550	4.15e-128	459
NC_003070.9:24645493-24646067	NC_003076.8	82.487	571	50	16	26	572	7701182	7700638	5.37e-127	455
NC_003070.9:24645493-24646067	NC_003076.8	81.771	576	55	23	24	574	9854343	9854893	1.94e-121	436
NC_003070.9:24645493-24646067	NC_003076.8	81.661	578	52	24	26	573	6420379	6419826	9.04e-120	431
NC_003070.9:24645493-24646067	NC_003076.8	94.056	286	14	3	291	574	6702209	6701925	9.04e-120	431
NC_003070.9:24645493-24646067	NC_003076.8	81.722	569	47	21	27	572	15580807	15581341	5.44e-117	422
NC_003070.9:24645493-24646067	NC_003076.8	86.318	402	24	5	26	402	15882292	15882687	4.24e-113	409
NC_003070.9:24645493-24646067	NC_003076.8	83.374	409	38	9	25	409	4936959	4937361	7.24e-96	351
NC_003070.9:24645493-24646067	NC_003076.8	92.544	228	15	2	224	449	13678942	13678715	4.39e-88	326
NC_003070.9:24645493-24646067	NC_003076.8	82.500	400	40	12	23	399	707001	706609	1.58e-87	324
NC_003070.9:24645493-24646067	NC_003076.8	90.826	218	17	3	341	556	5648113	5647897	5.76e-77	289
NC_003070.9:24645493-24646067	NC_003076.8	86.232	276	15	7	301	572	24586800	24587056	1.25e-73	278
NC_003070.9:24645493-24646067	NC_003076.8	86.441	236	26	6	341	570	7488328	7488093	2.10e-66	254
NC_003070.9:24645493-24646067	NC_003076.8	89.216	204	16	6	341	539	15535363	15535161	2.72e-65	250
NC_003070.9:24645493-24646067	NC_003076.8	84.980	253	16	10	341	573	15031163	15030913	2.12e-61	237
NC_003070.9:24645493-24646067	NC_003076.8	84.937	239	31	4	341	574	22021624	22021862	2.12e-61	237
NC_003070.9:24645493-24646067	NC_003076.8	87.019	208	23	3	371	574	16030754	16030547	9.84e-60	231
NC_003070.9:24645493-24646067	NC_003076.8	83.613	238	13	12	341	571	19408597	19408379	2.78e-50	200
NC_003070.9:24645493-24646067	NC_003076.8	85.052	194	25	4	52	243	24586650	24586841	1.29e-48	195
NC_003070.9:24645493-24646067	NC_003076.8	82.759	232	21	4	11	230	13231653	13231877	6.01e-47	189
NC_003070.9:24645493-24646067	NC_003076.8	83.408	223	17	6	24	234	14395847	14395633	6.01e-47	189
NC_003070.9:24645493-24646067	NC_003076.8	83.408	223	17	6	24	234	14455146	14454932	6.01e-47	189
NC_003070.9:24645493-24646067	NC_003076.8	82.819	227	18	10	26	239	6702419	6702201	2.80e-45	183
NC_003070.9:24645493-24646067	NC_003076.8	90.000	140	11	3	341	477	9867496	9867635	1.30e-43	178
NC_003070.9:24645493-24646067	NC_003076.8	90.000	140	11	3	341	477	24314283	24314422	1.30e-43	178
NC_003070.9:24645493-24646067	NC_003076.8	89.130	138	14	1	341	477	17398095	17397958	2.18e-41	171
NC_003070.9:24645493-24646067	NC_003076.8	88.571	140	13	3	341	477	26893188	26893327	2.82e-40	167
NC_003070.9:24645493-24646067	NC_003076.8	79.654	231	32	6	342	570	8671466	8671683	7.88e-36	152
NC_003070.9:24645493-24646067	NC_003076.8	83.152	184	13	11	358	539	17247876	17247709	7.88e-36	152
NC_003070.9:24645493-24646067	NC_003076.8	80.788	203	22	7	112	298	17885892	17885691	4.75e-33	143
NC_003070.9:24645493-24646067	NC_003074.8	89.803	559	39	6	27	573	17402552	17402000	0.0	701
NC_003070.9:24645493-24646067	NC_003074.8	88.091	571	38	11	26	572	10405395	10405959	0.0	651
NC_003070.9:24645493-24646067	NC_003074.8	89.094	541	35	9	56	572	11090980	11090440	0.0	651
NC_003070.9:24645493-24646067	NC_003074.8	87.719	570	38	10	26	572	23085530	23086090	0.0	636
NC_003070.9:24645493-24646067	NC_003074.8	87.478	575	38	10	24	572	14057121	14057687	2.31e-180	632
NC_003070.9:24645493-24646067	NC_003074.8	87.215	571	43	12	27	573	19436871	19437435	1.39e-177	623
NC_003070.9:24645493-24646067	NC_003074.8	88.029	543	39	11	55	573	18634482	18633942	1.80e-176	619
NC_003070.9:24645493-24646067	NC_003074.8	87.365	554	33	13	55	572	6729477	6728925	6.51e-171	601
NC_003070.9:24645493-24646067	NC_003074.8	86.325	585	35	12	27	572	10758580	10758002	3.03e-169	595
NC_003070.9:24645493-24646067	NC_003074.8	86.189	572	35	13	26	572	10718346	10717794	3.05e-164	579
NC_003070.9:24645493-24646067	NC_003074.8	85.714	595	29	13	26	573	19739756	19740341	1.10e-163	577
NC_003070.9:24645493-24646067	NC_003074.8	85.515	573	51	14	26	572	5865863	5866429	1.84e-161	569
NC_003070.9:24645493-24646067	NC_003074.8	85.565	575	34	20	27	572	10708625	10709179	1.43e-157	556
NC_003070.9:24645493-24646067	NC_003074.8	83.932	585	58	12	19	574	3080600	3080023	1.12e-148	527
NC_003070.9:24645493-24646067	NC_003074.8	84.229	577	44	18	27	574	16405196	16405754	6.75e-146	518
NC_003070.9:24645493-24646067	NC_003074.8	83.944	573	48	11	27	572	7766062	7766617	4.06e-143	508
NC_003070.9:24645493-24646067	NC_003074.8	83.770	573	46	13	27	573	7980633	7980082	2.44e-140	499
NC_003070.9:24645493-24646067	NC_003074.8	83.449	574	51	21	27	572	21552658	21552101	1.14e-138	494
NC_003070.9:24645493-24646067	NC_003074.8	83.176	529	51	20	27	539	423197	422691	2.50e-125	449
NC_003070.9:24645493-24646067	NC_003074.8	82.281	570	49	23	27	572	4584756	4585297	3.23e-124	446
NC_003070.9:24645493-24646067	NC_003074.8	86.494	385	36	9	205	574	15814110	15814493	4.24e-113	409
NC_003070.9:24645493-24646067	NC_003074.8	86.118	389	25	12	27	393	4579237	4579618	4.27e-108	392
NC_003070.9:24645493-24646067	NC_003074.8	88.703	239	22	5	341	574	11588873	11588635	2.07e-76	287
NC_003070.9:24645493-24646067	NC_003074.8	87.764	237	25	4	341	574	6940832	6940597	1.61e-72	274
NC_003070.9:24645493-24646067	NC_003074.8	87.395	238	26	4	341	574	10901411	10901648	2.09e-71	270
NC_003070.9:24645493-24646067	NC_003074.8	87.660	235	23	6	341	570	18495382	18495149	7.50e-71	268
NC_003070.9:24645493-24646067	NC_003074.8	90.338	207	16	4	371	573	20769804	20769598	7.50e-71	268
NC_003070.9:24645493-24646067	NC_003074.8	85.115	262	19	9	319	575	18885867	18885621	2.72e-65	250
NC_003070.9:24645493-24646067	NC_003074.8	87.615	218	22	5	341	554	18171177	18170961	9.78e-65	248
NC_003070.9:24645493-24646067	NC_003074.8	87.168	226	15	5	341	563	8329280	8329494	1.26e-63	244
NC_003070.9:24645493-24646067	NC_003074.8	83.761	234	21	7	341	570	16902979	16903199	5.97e-52	206
NC_003070.9:24645493-24646067	NC_003074.8	84.971	173	18	3	27	198	15812961	15813126	7.83e-41	169
NC_003070.9:24645493-24646067	NC_003074.8	87.143	140	15	3	341	477	4468266	4468405	6.09e-37	156
NC_003070.9:24645493-24646067	NC_003074.8	85.034	147	11	4	192	327	18887405	18887259	6.14e-32	139
NC_003070.9:24645493-24646067	NC_003074.8	88.496	113	7	1	27	139	7274660	7274766	1.03e-29	132
NC_003070.9:24645493-24646067	NC_003074.8	82.653	98	10	3	341	436	14400374	14400282	3.77e-14	80.5
NC_003070.9:24645493-24646067	NC_003071.7	88.986	572	32	8	27	574	5037751	5038315	0.0	678
NC_003070.9:24645493-24646067	NC_003071.7	86.538	572	41	19	27	572	7340381	7340942	8.43e-170	597
NC_003070.9:24645493-24646067	NC_003071.7	86.609	575	33	10	24	574	9226028	9225474	3.03e-169	595
NC_003070.9:24645493-24646067	NC_003071.7	86.014	572	48	10	27	572	5010652	5010087	6.56e-166	584
NC_003070.9:24645493-24646067	NC_003071.7	87.059	510	35	14	55	535	17147637	17147130	8.61e-155	547
NC_003070.9:24645493-24646067	NC_003071.7	85.767	541	48	15	57	572	1596943	1597479	3.10e-154	545
NC_003070.9:24645493-24646067	NC_003071.7	85.043	575	41	10	26	572	6207152	6206595	1.11e-153	544
NC_003070.9:24645493-24646067	NC_003071.7	84.522	575	53	15	27	573	2138820	2139386	1.86e-151	536
NC_003070.9:24645493-24646067	NC_003071.7	85.000	540	45	14	27	539	4025413	4025943	2.43e-145	516
NC_003070.9:24645493-24646067	NC_003071.7	86.028	501	37	20	25	499	19172670	19172177	1.46e-142	507
NC_003070.9:24645493-24646067	NC_003071.7	83.916	572	47	11	26	572	13101809	13102360	5.25e-142	505
NC_003070.9:24645493-24646067	NC_003071.7	83.012	571	52	17	27	572	12556654	12557204	4.12e-133	475
NC_003070.9:24645493-24646067	NC_003071.7	83.799	537	46	15	56	567	13885954	13886474	5.33e-132	472
NC_003070.9:24645493-24646067	NC_003071.7	82.456	570	58	23	26	573	15134224	15134773	1.15e-128	460
NC_003070.9:24645493-24646067	NC_003071.7	82.373	573	50	17	27	575	9229179	9228634	6.94e-126	451
NC_003070.9:24645493-24646067	NC_003071.7	81.507	584	48	29	26	572	9860515	9859955	4.21e-118	425
NC_003070.9:24645493-24646067	NC_003071.7	90.678	236	17	3	342	572	10996418	10996183	4.42e-83	309
NC_003070.9:24645493-24646067	NC_003071.7	88.655	238	22	5	341	573	1322206	1321969	7.45e-76	285
NC_003070.9:24645493-24646067	NC_003071.7	88.235	238	22	6	341	573	3197853	3197617	3.47e-74	279
NC_003070.9:24645493-24646067	NC_003071.7	89.474	209	17	4	371	574	2320728	2320936	4.52e-68	259
NC_003070.9:24645493-24646067	NC_003071.7	88.835	206	18	4	371	572	1038253	1038049	9.78e-65	248
NC_003070.9:24645493-24646067	NC_003071.7	85.648	216	12	4	27	230	9433091	9433299	4.61e-53	209
NC_003070.9:24645493-24646067	NC_003071.7	84.729	203	13	9	341	539	9455967	9456155	2.16e-46	187
NC_003070.9:24645493-24646067	NC_003071.7	90.000	140	11	3	341	477	1347424	1347285	1.30e-43	178
NC_003070.9:24645493-24646067	NC_003071.7	89.928	139	12	2	341	477	10070310	10070172	1.30e-43	178
NC_003070.9:24645493-24646067	NC_003071.7	89.130	138	12	3	341	475	9030463	9030600	7.83e-41	169
NC_003070.9:24645493-24646067	NC_003071.7	84.058	138	9	3	341	477	14572548	14572673	2.22e-26	121
NC_003070.9:24645493-24646067	NC_003071.7	83.486	109	10	3	27	133	1552862	1552760	1.35e-18	95.3
NC_003070.9:24645493-24646067	NC_003075.7	87.979	574	38	9	23	572	1521253	1521819	0.0	649
NC_003070.9:24645493-24646067	NC_003075.7	87.566	571	40	9	27	573	6115341	6115904	2.31e-180	632
NC_003070.9:24645493-24646067	NC_003075.7	87.435	573	41	9	24	572	572762	572197	8.31e-180	630
NC_003070.9:24645493-24646067	NC_003075.7	84.468	573	59	14	26	574	5392284	5391718	5.18e-152	538
NC_003070.9:24645493-24646067	NC_003075.7	84.547	563	50	17	27	572	12365606	12365064	1.45e-147	523
NC_003070.9:24645493-24646067	NC_003075.7	84.740	557	41	25	55	572	14458262	14457711	6.75e-146	518
NC_003070.9:24645493-24646067	NC_003075.7	83.701	589	48	13	11	573	9112145	9111579	3.14e-144	512
NC_003070.9:24645493-24646067	NC_003075.7	86.910	466	31	7	27	469	8947760	8947302	3.16e-139	496
NC_003070.9:24645493-24646067	NC_003075.7	84.708	497	44	12	26	497	6660986	6661475	6.89e-131	468
NC_003070.9:24645493-24646067	NC_003075.7	82.564	585	51	26	27	573	12607047	12606476	6.89e-131	468
NC_003070.9:24645493-24646067	NC_003075.7	81.802	577	54	23	24	572	6340025	6339472	1.94e-121	436
NC_003070.9:24645493-24646067	NC_003075.7	91.483	317	26	1	255	570	2553631	2553947	6.99e-121	435
NC_003070.9:24645493-24646067	NC_003075.7	89.167	240	19	7	341	573	8899727	8899966	4.45e-78	292
NC_003070.9:24645493-24646067	NC_003075.7	87.448	239	21	8	341	573	7231369	7231604	2.70e-70	267
NC_003070.9:24645493-24646067	NC_003075.7	86.383	235	28	3	341	572	17501973	17502206	2.10e-66	254
NC_003070.9:24645493-24646067	NC_003075.7	89.855	138	13	1	341	477	12699153	12699290	4.68e-43	176
NC_003070.9:24645493-24646067	NC_003075.7	93.056	72	2	3	341	409	1100911	1100982	8.05e-21	102
NC_003070.9:24645493-24646067	NC_003075.7	92.754	69	4	1	341	408	7572220	7572288	1.04e-19	99.0
NC_003070.9:24645493-24646067	NC_003075.7	86.316	95	6	3	20	114	2553542	2553629	3.75e-19	97.1
