NC_003070.9:13371474-13386482	NC_003070.9	100.000	15009	0	0	1	15009	13371474	13386482	0.0	27717
NC_003070.9:13371474-13386482	NC_003070.9	87.908	1836	206	16	9695	11523	13803949	13805775	0.0	2146
NC_003070.9:13371474-13386482	NC_003070.9	90.119	1427	128	7	8271	9695	13757356	13758771	0.0	1842
NC_003070.9:13371474-13386482	NC_003070.9	78.383	2882	480	106	807	3621	13751094	13753899	0.0	1738
NC_003070.9:13371474-13386482	NC_003070.9	83.422	1888	284	27	12696	14570	15777935	15779806	0.0	1725
NC_003070.9:13371474-13386482	NC_003070.9	84.773	1077	128	23	11573	12634	13805772	13806827	0.0	1048
NC_003070.9:13371474-13386482	NC_003070.9	94.158	291	14	2	1	288	15663427	15663717	4.10e-121	440
NC_003070.9:13371474-13386482	NC_003070.9	94.158	291	14	2	1	288	15674643	15674933	4.10e-121	440
NC_003070.9:13371474-13386482	NC_003070.9	85.593	236	28	6	1	233	12231331	12231099	1.24e-61	243
NC_003070.9:13371474-13386482	NC_003070.9	85.294	238	28	7	1	234	13214178	13213944	1.61e-60	239
NC_003070.9:13371474-13386482	NC_003071.7	95.957	6084	236	6	6563	12644	6155955	6162030	0.0	9864
NC_003070.9:13371474-13386482	NC_003071.7	92.350	5752	379	37	1	5729	6148549	6154262	0.0	8128
NC_003070.9:13371474-13386482	NC_003071.7	90.650	1615	137	12	12964	14572	1815638	1814032	0.0	2134
NC_003070.9:13371474-13386482	NC_003071.7	91.667	720	51	7	5800	6515	6155245	6155959	0.0	989
NC_003070.9:13371474-13386482	NC_003071.7	83.285	688	106	7	9650	10334	4683937	4684618	1.05e-176	625
NC_003070.9:13371474-13386482	NC_003071.7	81.559	526	78	15	1040	1557	4669760	4670274	6.91e-114	416
NC_003070.9:13371474-13386482	NC_003071.7	78.120	585	111	12	2015	2594	4670340	4670912	1.53e-95	355
NC_003070.9:13371474-13386482	NC_003071.7	85.042	361	27	12	14673	15009	6163225	6163582	1.19e-91	342
NC_003070.9:13371474-13386482	NC_003071.7	86.325	234	25	7	1	230	2517552	2517782	2.67e-63	248
NC_003070.9:13371474-13386482	NC_003071.7	85.088	228	26	8	1	224	4651691	4651914	1.25e-56	226
NC_003070.9:13371474-13386482	NC_003071.7	84.940	166	25	0	7898	8063	4675511	4675676	2.14e-39	169
NC_003070.9:13371474-13386482	NC_003074.8	96.009	3758	145	5	8887	12643	12803912	12800159	0.0	6104
NC_003070.9:13371474-13386482	NC_003074.8	76.903	4256	865	92	8258	12463	4280945	4276758	0.0	2305
NC_003070.9:13371474-13386482	NC_003074.8	96.036	1337	52	1	7561	8896	12806212	12804876	0.0	2174
NC_003070.9:13371474-13386482	NC_003074.8	86.897	1885	226	19	12696	14572	13012375	13010504	0.0	2093
NC_003070.9:13371474-13386482	NC_003074.8	77.790	1783	355	37	10733	12500	14276893	14275137	0.0	1061
NC_003070.9:13371474-13386482	NC_003074.8	75.716	1083	219	38	12696	13762	14526960	14528014	5.16e-140	503
NC_003070.9:13371474-13386482	NC_003074.8	84.810	237	28	8	1	233	14905187	14904955	2.69e-58	231
NC_003070.9:13371474-13386482	NC_003076.8	92.997	3970	243	21	1	3964	13252487	13248547	0.0	5758
NC_003070.9:13371474-13386482	NC_003076.8	96.288	1886	64	5	10763	12644	13248242	13246359	0.0	3090
NC_003070.9:13371474-13386482	NC_003076.8	91.165	1777	136	9	12805	14572	13246155	13244391	0.0	2392
NC_003070.9:13371474-13386482	NC_003076.8	81.034	1877	305	46	12696	14550	14664522	14666369	0.0	1447
NC_003070.9:13371474-13386482	NC_003076.8	87.631	1051	107	13	12696	13733	12896883	12897923	0.0	1199
NC_003070.9:13371474-13386482	NC_003076.8	87.007	862	101	10	13716	14572	12902597	12903452	0.0	961
NC_003070.9:13371474-13386482	NC_003076.8	95.177	311	11	2	4807	5114	13248547	13248238	1.44e-135	488
NC_003070.9:13371474-13386482	NC_003076.8	75.553	1039	211	35	11020	12037	10194515	10193499	1.45e-130	472
NC_003070.9:13371474-13386482	NC_003076.8	78.146	604	124	8	11885	12485	11448770	11449368	3.26e-102	377
NC_003070.9:13371474-13386482	NC_003076.8	81.132	318	44	14	1	309	11022152	11021842	4.46e-61	241
NC_003070.9:13371474-13386482	NC_003076.8	84.937	239	29	7	1	235	10037203	10036968	2.08e-59	235
NC_003070.9:13371474-13386482	NC_003076.8	93.043	115	8	0	14817	14931	13243969	13243855	2.14e-39	169
NC_003070.9:13371474-13386482	NC_003075.7	96.947	917	25	2	1	914	1887151	1886235	0.0	1535
NC_003070.9:13371474-13386482	NC_003075.7	77.837	1877	350	55	12696	14550	4166065	4164233	0.0	1101
NC_003070.9:13371474-13386482	NC_003075.7	95.283	318	12	2	1	315	11191548	11191865	1.85e-139	501
NC_003070.9:13371474-13386482	NC_003075.7	84.259	540	21	27	14515	15009	1884822	1884302	1.88e-129	468
NC_003070.9:13371474-13386482	NC_003075.7	81.905	315	45	10	1	308	3894019	3894328	1.59e-65	255
NC_003070.9:13386475-13389033	NC_003070.9	100.000	2559	0	0	1	2559	13386475	13389033	0.0	4726
NC_003070.9:13386475-13389033	NC_003070.9	87.592	1217	108	24	1362	2548	13386535	13387738	0.0	1371
NC_003070.9:13386475-13389033	NC_003070.9	87.592	1217	108	24	61	1264	13387836	13389022	0.0	1371
NC_003070.9:13386475-13389033	NC_003070.9	89.209	695	66	7	308	999	13390112	13390800	0.0	859
NC_003070.9:13386475-13389033	NC_003070.9	88.745	693	64	9	1591	2273	13390112	13390800	0.0	835
NC_003070.9:13386475-13389033	NC_003070.9	92.199	423	30	3	346	768	13425354	13424935	1.40e-168	595
NC_003070.9:13386475-13389033	NC_003070.9	90.353	425	35	4	1626	2046	13425357	13424935	8.53e-156	553
NC_003070.9:13386475-13389033	NC_003070.9	86.990	392	37	10	2167	2549	18507177	18507563	1.50e-118	429
NC_003070.9:13386475-13389033	NC_003070.9	85.349	430	41	9	858	1269	18507142	18507567	1.94e-117	425
NC_003070.9:13386475-13389033	NC_003070.9	79.647	624	93	24	665	1264	15941870	15941257	3.25e-115	418
NC_003070.9:13386475-13389033	NC_003070.9	92.896	183	11	1	1266	1446	13386508	13386690	4.47e-69	265
NC_003070.9:13386475-13389033	NC_003070.9	92.896	183	11	1	34	216	13387740	13387920	4.47e-69	265
NC_003070.9:13386475-13389033	NC_003070.9	85.496	262	18	7	2268	2527	13396405	13396648	2.69e-66	255
NC_003070.9:13386475-13389033	NC_003070.9	92.208	77	3	3	1356	1430	13387762	13387837	2.87e-21	106
NC_003070.9:13386475-13389033	NC_003070.9	92.208	77	3	3	1288	1363	13387830	13387904	2.87e-21	106
NC_003070.9:13386475-13389033	NC_003070.9	90.909	77	6	1	1288	1363	13386598	13386674	3.71e-20	102
NC_003070.9:13386475-13389033	NC_003070.9	90.909	77	6	1	124	200	13387762	13387837	3.71e-20	102
NC_003070.9:13386475-13389033	NC_003074.8	88.762	1317	105	25	1266	2559	17098071	17099367	0.0	1572
NC_003070.9:13386475-13389033	NC_003074.8	89.266	1062	94	15	215	1264	17098303	17099356	0.0	1312
NC_003070.9:13386475-13389033	NC_003074.8	88.775	1069	101	14	1266	2323	14363608	14364668	0.0	1291
NC_003070.9:13386475-13389033	NC_003074.8	89.869	839	70	12	215	1051	14363843	14364668	0.0	1064
NC_003070.9:13386475-13389033	NC_003074.8	88.628	809	73	13	1361	2162	14319276	14318480	0.0	966
NC_003070.9:13386475-13389033	NC_003074.8	86.149	888	92	26	26	911	14319310	14318452	0.0	929
NC_003070.9:13386475-13389033	NC_003074.8	87.736	742	71	11	470	1210	11718959	11718237	0.0	848
NC_003070.9:13386475-13389033	NC_003074.8	87.978	366	37	5	901	1264	14317189	14316829	1.94e-117	425
NC_003070.9:13386475-13389033	NC_003074.8	87.467	375	34	4	2175	2549	14317189	14316828	9.02e-116	420
NC_003070.9:13386475-13389033	NC_003074.8	92.718	206	14	1	7	212	17098044	17098248	1.59e-78	296
NC_003070.9:13386475-13389033	NC_003074.8	91.626	203	17	0	7	209	14363581	14363783	4.44e-74	281
NC_003070.9:13386475-13389033	NC_003074.8	86.070	201	21	4	320	516	15831696	15831499	2.13e-52	209
NC_003070.9:13386475-13389033	NC_003074.8	84.772	197	25	4	320	512	15832175	15831980	2.14e-47	193
NC_003070.9:13386475-13389033	NC_003074.8	83.505	194	27	4	1606	1795	15832172	15831980	2.16e-42	176
NC_003070.9:13386475-13389033	NC_003074.8	91.837	98	8	0	1266	1363	17099388	17099485	1.02e-30	137
NC_003070.9:13386475-13389033	NC_003074.8	92.391	92	7	0	129	220	14319276	14319185	4.74e-29	132
NC_003070.9:13386475-13389033	NC_003074.8	90.816	98	8	1	569	666	15831388	15831292	1.70e-28	130
NC_003070.9:13386475-13389033	NC_003074.8	84.800	125	18	1	1	125	15957559	15957682	7.92e-27	124
NC_003070.9:13386475-13389033	NC_003074.8	88.776	98	11	0	1266	1363	14319302	14319205	1.03e-25	121
NC_003070.9:13386475-13389033	NC_003074.8	85.593	118	12	4	1831	1944	15831408	15831292	3.69e-25	119
NC_003070.9:13386475-13389033	NC_003074.8	93.939	66	3	1	130	195	17098098	17098162	4.80e-19	99.0
NC_003070.9:13386475-13389033	NC_003074.8	88.312	77	8	1	1288	1363	14363698	14363774	8.04e-17	91.6
NC_003070.9:13386475-13389033	NC_003074.8	88.158	76	9	0	1288	1363	17098161	17098236	8.04e-17	91.6
NC_003070.9:13386475-13389033	NC_003074.8	92.308	52	3	1	1947	1997	15048244	15048295	2.91e-11	73.1
NC_003070.9:13386475-13389033	NC_003071.7	89.110	1157	89	17	1386	2526	16021511	16020376	0.0	1404
NC_003070.9:13386475-13389033	NC_003071.7	86.528	1247	135	25	1	1242	16021594	16020376	0.0	1341
NC_003070.9:13386475-13389033	NC_003071.7	88.580	972	94	6	294	1264	4080911	4079956	0.0	1164
NC_003070.9:13386475-13389033	NC_003071.7	88.117	993	89	9	1573	2559	4080914	4079945	0.0	1153
NC_003070.9:13386475-13389033	NC_003071.7	89.962	787	70	7	479	1264	3148894	3148116	0.0	1007
NC_003070.9:13386475-13389033	NC_003071.7	88.035	794	75	9	1762	2549	3148894	3148115	0.0	922
NC_003070.9:13386475-13389033	NC_003071.7	86.957	437	34	11	308	742	4088212	4087797	8.84e-131	470
NC_003070.9:13386475-13389033	NC_003071.7	90.909	341	27	2	1269	1607	4081253	4080915	2.47e-126	455
NC_003070.9:13386475-13389033	NC_003071.7	85.780	436	36	10	1591	2020	4088212	4087797	2.49e-121	438
NC_003070.9:13386475-13389033	NC_003071.7	77.362	614	81	29	655	1242	4751484	4752065	5.67e-83	311
NC_003070.9:13386475-13389033	NC_003071.7	91.667	216	17	1	1	216	4081288	4081074	4.41e-79	298
NC_003070.9:13386475-13389033	NC_003071.7	84.561	285	39	5	520	803	4797398	4797678	5.75e-73	278
NC_003070.9:13386475-13389033	NC_003071.7	85.496	131	18	1	1	131	4794918	4795047	3.66e-30	135
NC_003070.9:13386475-13389033	NC_003071.7	94.444	72	4	0	129	200	4081230	4081159	6.17e-23	111
NC_003070.9:13386475-13389033	NC_003071.7	96.970	66	2	0	1361	1426	4081230	4081165	6.17e-23	111
NC_003070.9:13386475-13389033	NC_003075.7	88.287	1127	94	23	549	1668	2470266	2471361	0.0	1315
NC_003070.9:13386475-13389033	NC_003075.7	89.579	998	98	5	269	1264	5845013	5844020	0.0	1262
NC_003070.9:13386475-13389033	NC_003075.7	89.240	1013	89	9	1555	2559	5845009	5844009	0.0	1249
NC_003070.9:13386475-13389033	NC_003075.7	88.308	727	61	10	1831	2548	2470266	2470977	0.0	850
NC_003070.9:13386475-13389033	NC_003075.7	89.599	548	51	5	1288	1831	2467428	2467973	0.0	691
NC_003070.9:13386475-13389033	NC_003075.7	89.575	518	49	4	1266	1779	3770534	3771050	0.0	652
NC_003070.9:13386475-13389033	NC_003075.7	83.673	490	61	15	61	549	2467502	2467973	5.36e-123	444
NC_003070.9:13386475-13389033	NC_003075.7	92.580	283	20	1	217	498	3770770	3771052	2.53e-111	405
NC_003070.9:13386475-13389033	NC_003075.7	92.453	212	15	1	1	212	5846515	5846305	3.41e-80	302
NC_003070.9:13386475-13389033	NC_003075.7	82.875	327	35	14	61	385	2471054	2471361	7.44e-72	274
NC_003070.9:13386475-13389033	NC_003075.7	93.333	165	11	0	48	212	2470972	2471136	5.83e-63	244
NC_003070.9:13386475-13389033	NC_003075.7	86.792	212	25	3	1	211	3770502	3770711	1.26e-59	233
NC_003070.9:13386475-13389033	NC_003075.7	93.506	77	4	1	1288	1363	2471048	2471124	1.72e-23	113
NC_003070.9:13386475-13389033	NC_003075.7	91.781	73	4	2	129	200	3770560	3770631	1.34e-19	100
NC_003070.9:13386475-13389033	NC_003075.7	93.939	66	3	1	1361	1426	3770560	3770624	4.80e-19	99.0
NC_003070.9:13386475-13389033	NC_003075.7	90.141	71	7	0	130	200	5846456	5846386	2.23e-17	93.5
NC_003070.9:13386475-13389033	NC_003075.7	92.308	65	5	0	1362	1426	5846456	5846392	2.23e-17	93.5
NC_003070.9:13386475-13389033	NC_003076.8	85.744	961	99	12	308	1265	13383806	13384731	0.0	981
NC_003070.9:13386475-13389033	NC_003076.8	85.522	967	89	15	1591	2548	13383806	13384730	0.0	963
NC_003070.9:13386475-13389033	NC_003076.8	81.137	721	105	19	529	1225	13082065	13081352	1.10e-154	549
NC_003070.9:13386475-13389033	NC_003076.8	82.998	447	67	8	520	962	12497975	12497534	1.52e-108	396
NC_003070.9:13386475-13389033	NC_003076.8	89.055	201	21	1	320	519	13082331	13082131	4.51e-64	248
NC_003070.9:13386475-13389033	NC_003076.8	86.977	215	12	5	1362	1573	10821082	10821283	5.87e-58	228
NC_003070.9:13386475-13389033	NC_003076.8	87.692	195	23	1	1609	1802	13082325	13082131	2.11e-57	226
NC_003070.9:13386475-13389033	NC_003076.8	94.253	87	5	0	130	216	10821082	10821168	1.32e-29	134
NC_003070.9:13386475-13389033	NC_003076.8	90.816	98	9	0	1266	1363	10821055	10821152	4.74e-29	132
NC_003070.9:13386475-13389033	NC_003076.8	91.011	89	6	2	1368	1454	13078381	13078293	3.69e-25	119
NC_003070.9:13386475-13389033	NC_003076.8	86.598	97	12	1	578	674	12498405	12498310	2.87e-21	106
NC_003070.9:13386475-13389033	NC_003076.8	89.873	79	7	1	136	213	13078381	13078303	1.34e-19	100
NC_003070.9:13386475-13389033	NC_003076.8	81.553	103	18	1	1	103	13080373	13080272	1.34e-14	84.2
NC_003070.9:13386475-13389033	NC_003076.8	81.443	97	17	1	1	97	10391783	10391878	6.26e-13	78.7
NC_003070.9:13350358-13351580	NC_003070.9	100.000	1223	0	0	1	1223	13351580	13350358	0.0	2259
NC_003070.9:13350358-13351580	NC_003075.7	94.078	591	24	1	633	1223	7609618	7609039	0.0	887
NC_003070.9:13350358-13351580	NC_003075.7	84.713	314	20	9	1	312	7611264	7610977	1.25e-76	289
NC_003070.9:13350358-13351580	NC_003075.7	79.885	174	12	13	484	635	7609811	7609639	1.36e-21	106
NC_003070.9:13313486-13313922	NC_003070.9	100.000	437	0	0	1	437	13313922	13313486	0.0	808
NC_003070.9:13313486-13313922	NC_003070.9	93.596	406	25	1	1	406	12240506	12240910	3.78e-172	604
NC_003070.9:13313486-13313922	NC_003070.9	82.989	435	37	21	1	416	2473306	2472890	3.25e-98	359
NC_003070.9:13313486-13313922	NC_003070.9	92.609	230	17	0	1	230	5899754	5899525	7.08e-90	331
NC_003070.9:13313486-13313922	NC_003070.9	92.208	231	16	2	1	230	17502231	17502460	3.29e-88	326
NC_003070.9:13313486-13313922	NC_003070.9	91.739	230	19	0	1	230	27240720	27240949	1.53e-86	320
NC_003070.9:13313486-13313922	NC_003070.9	90.870	230	20	1	1	230	23125692	23125464	1.19e-82	307
NC_003070.9:13313486-13313922	NC_003070.9	90.870	230	20	1	1	230	26880722	26880950	1.19e-82	307
NC_003070.9:13313486-13313922	NC_003070.9	90.476	231	20	2	1	230	540986	540757	1.54e-81	303
NC_003070.9:13313486-13313922	NC_003070.9	90.043	231	21	2	1	230	16401002	16400773	7.18e-80	298
NC_003070.9:13313486-13313922	NC_003070.9	90.000	230	21	2	1	230	12097457	12097684	2.58e-79	296
NC_003070.9:13313486-13313922	NC_003070.9	89.655	232	22	2	1	231	10591981	10591751	9.29e-79	294
NC_003070.9:13313486-13313922	NC_003070.9	88.889	225	25	0	6	230	2986886	2986662	9.36e-74	278
NC_003070.9:13313486-13313922	NC_003070.9	88.745	231	17	6	1	230	26511225	26511003	1.21e-72	274
NC_003070.9:13313486-13313922	NC_003070.9	87.879	231	26	2	1	230	11804093	11803864	1.57e-71	270
NC_003070.9:13313486-13313922	NC_003070.9	86.957	230	30	0	1	230	19769025	19769254	3.39e-68	259
NC_003070.9:13313486-13313922	NC_003070.9	86.957	230	28	2	1	230	10853199	10852972	1.22e-67	257
NC_003070.9:13313486-13313922	NC_003070.9	86.522	230	31	0	1	230	10021961	10021732	1.58e-66	254
NC_003070.9:13313486-13313922	NC_003070.9	87.391	230	16	3	1	230	21918435	21918651	5.67e-66	252
NC_003070.9:13313486-13313922	NC_003070.9	91.758	182	13	2	226	406	23125311	23125131	5.67e-66	252
NC_003070.9:13313486-13313922	NC_003070.9	91.713	181	13	2	226	406	24645886	24646064	2.04e-65	250
NC_003070.9:13313486-13313922	NC_003070.9	93.865	163	10	0	68	230	10930991	10931153	2.64e-64	246
NC_003070.9:13313486-13313922	NC_003070.9	90.710	183	17	0	226	408	26510850	26510668	9.49e-64	244
NC_003070.9:13313486-13313922	NC_003070.9	90.164	183	16	2	226	406	13811085	13810903	1.59e-61	237
NC_003070.9:13313486-13313922	NC_003070.9	89.674	184	15	4	226	406	24718856	24719038	7.39e-60	231
NC_003070.9:13313486-13313922	NC_003070.9	89.560	182	17	2	227	406	10579960	10580141	2.66e-59	230
NC_003070.9:13313486-13313922	NC_003070.9	84.416	231	33	3	1	230	588026	587798	1.24e-57	224
NC_003070.9:13313486-13313922	NC_003070.9	86.957	207	18	7	220	420	8622946	8622743	1.24e-57	224
NC_003070.9:13313486-13313922	NC_003070.9	89.595	173	14	4	237	406	8190388	8190559	2.07e-55	217
NC_003070.9:13313486-13313922	NC_003070.9	88.462	182	17	4	227	406	21128691	21128870	2.07e-55	217
NC_003070.9:13313486-13313922	NC_003070.9	87.978	183	20	2	226	406	21739258	21739076	7.44e-55	215
NC_003070.9:13313486-13313922	NC_003070.9	92.617	149	10	1	258	406	5899353	5899206	2.68e-54	213
NC_003070.9:13313486-13313922	NC_003070.9	88.953	172	16	3	237	406	25358252	25358422	3.46e-53	209
NC_003070.9:13313486-13313922	NC_003070.9	88.439	173	16	4	237	406	2588003	2587832	4.48e-52	206
NC_003070.9:13313486-13313922	NC_003070.9	86.813	182	22	2	227	406	20559781	20559600	5.79e-51	202
NC_003070.9:13313486-13313922	NC_003070.9	86.413	184	21	4	227	407	11669538	11669356	7.49e-50	198
NC_003070.9:13313486-13313922	NC_003070.9	89.677	155	13	3	259	413	3251333	3251484	9.69e-49	195
NC_003070.9:13313486-13313922	NC_003070.9	89.262	149	10	4	259	407	29244544	29244686	7.55e-45	182
NC_003070.9:13313486-13313922	NC_003070.9	88.000	150	16	2	259	407	21336380	21336528	3.51e-43	176
NC_003070.9:13313486-13313922	NC_003070.9	87.838	148	12	4	259	406	22192411	22192552	5.88e-41	169
NC_003070.9:13313486-13313922	NC_003070.9	84.615	169	17	5	237	404	26307343	26307503	3.54e-38	159
NC_003070.9:13313486-13313922	NC_003070.9	88.350	103	11	1	1	102	6403656	6403554	4.64e-27	122
NC_003070.9:13313486-13313922	NC_003070.9	89.474	95	9	1	1	94	12137682	12137588	6.00e-26	119
NC_003070.9:13313486-13313922	NC_003070.9	89.286	84	9	0	1	84	8189962	8190045	4.67e-22	106
NC_003070.9:13313486-13313922	NC_003070.9	90.123	81	8	0	1	81	10929427	10929507	4.67e-22	106
NC_003070.9:13313486-13313922	NC_003070.9	95.385	65	3	0	1	65	18766617	18766553	1.68e-21	104
NC_003070.9:13313486-13313922	NC_003070.9	86.170	94	13	0	1	94	12183990	12183897	6.04e-21	102
NC_003070.9:13313486-13313922	NC_003070.9	88.235	85	8	2	1	84	19742137	19742054	2.17e-20	100
NC_003070.9:13313486-13313922	NC_003070.9	85.106	94	14	0	1	94	16859176	16859083	2.81e-19	97.1
NC_003070.9:13313486-13313922	NC_003070.9	90.541	74	6	1	3	75	18450393	18450320	2.81e-19	97.1
NC_003070.9:13313486-13313922	NC_003070.9	85.106	94	14	0	1	94	20509421	20509328	2.81e-19	97.1
NC_003070.9:13313486-13313922	NC_003070.9	85.106	94	14	0	1	94	26306961	26307054	2.81e-19	97.1
NC_003070.9:13313486-13313922	NC_003070.9	87.654	81	9	1	1	80	1160225	1160305	3.64e-18	93.5
NC_003070.9:13313486-13313922	NC_003070.9	85.393	89	12	1	1	88	13981807	13981719	1.31e-17	91.6
NC_003070.9:13313486-13313922	NC_003070.9	90.769	65	6	0	1	65	12525582	12525646	1.69e-16	87.9
NC_003070.9:13313486-13313922	NC_003070.9	88.889	63	6	1	1	63	21616150	21616089	3.66e-13	76.8
NC_003070.9:13313486-13313922	NC_003070.9	87.302	63	7	1	1	63	697373	697312	1.70e-11	71.3
NC_003070.9:13313486-13313922	NC_003070.9	88.333	60	6	1	1	59	13548433	13548492	1.70e-11	71.3
NC_003070.9:13313486-13313922	NC_003070.9	87.302	63	7	1	1	63	20513680	20513741	1.70e-11	71.3
NC_003070.9:13313486-13313922	NC_003076.8	93.842	406	23	2	1	406	13231670	13232073	8.12e-174	610
NC_003070.9:13313486-13313922	NC_003076.8	92.609	230	17	0	1	230	5625059	5625288	7.08e-90	331
NC_003070.9:13313486-13313922	NC_003076.8	92.174	230	18	0	1	230	14104207	14103978	3.29e-88	326
NC_003070.9:13313486-13313922	NC_003076.8	92.174	230	18	0	1	230	17726423	17726652	3.29e-88	326
NC_003070.9:13313486-13313922	NC_003076.8	92.105	228	18	0	3	230	24448815	24449042	4.26e-87	322
NC_003070.9:13313486-13313922	NC_003076.8	91.342	231	18	2	1	230	7417332	7417561	7.13e-85	315
NC_003070.9:13313486-13313922	NC_003076.8	91.304	230	20	0	1	230	13892685	13892456	7.13e-85	315
NC_003070.9:13313486-13313922	NC_003076.8	90.435	230	22	0	1	230	9558215	9557986	1.54e-81	303
NC_003070.9:13313486-13313922	NC_003076.8	90.000	230	23	0	1	230	16870924	16871153	7.18e-80	298
NC_003070.9:13313486-13313922	NC_003076.8	90.654	214	19	1	1	214	6702417	6702205	2.01e-75	283
NC_003070.9:13313486-13313922	NC_003076.8	88.362	232	26	1	1	231	15580808	15581039	9.36e-74	278
NC_003070.9:13313486-13313922	NC_003076.8	93.158	190	12	1	220	408	24449188	24449377	9.36e-74	278
NC_003070.9:13313486-13313922	NC_003076.8	93.085	188	12	1	220	406	17726798	17726985	1.21e-72	274
NC_003070.9:13313486-13313922	NC_003076.8	87.826	230	28	0	1	230	9854347	9854576	1.57e-71	270
NC_003070.9:13313486-13313922	NC_003076.8	87.826	230	28	0	1	230	26787653	26787424	1.57e-71	270
NC_003070.9:13313486-13313922	NC_003076.8	92.473	186	13	1	226	411	5625441	5625625	7.28e-70	265
NC_003070.9:13313486-13313922	NC_003076.8	89.474	209	22	0	2	210	14395843	14395635	7.28e-70	265
NC_003070.9:13313486-13313922	NC_003076.8	89.474	209	22	0	2	210	14455142	14454934	7.28e-70	265
NC_003070.9:13313486-13313922	NC_003076.8	91.623	191	13	2	221	408	22621366	22621176	9.42e-69	261
NC_003070.9:13313486-13313922	NC_003076.8	87.111	225	29	0	6	230	6420372	6420148	4.38e-67	255
NC_003070.9:13313486-13313922	NC_003076.8	86.580	231	29	2	1	230	7701180	7700951	1.58e-66	254
NC_003070.9:13313486-13313922	NC_003076.8	91.304	184	12	4	226	406	17043719	17043901	7.34e-65	248
NC_003070.9:13313486-13313922	NC_003076.8	89.848	197	15	4	226	420	26787286	26787093	7.34e-65	248
NC_003070.9:13313486-13313922	NC_003076.8	90.104	192	13	4	221	406	9068360	9068169	9.49e-64	244
NC_003070.9:13313486-13313922	NC_003076.8	85.652	230	33	0	1	230	8748926	8749155	3.41e-63	243
NC_003070.9:13313486-13313922	NC_003076.8	90.960	177	12	4	236	409	14880641	14880816	5.71e-61	235
NC_003070.9:13313486-13313922	NC_003076.8	88.462	182	19	2	226	406	17481866	17482046	5.75e-56	219
NC_003070.9:13313486-13313922	NC_003076.8	89.697	165	12	5	215	377	5648071	5647910	4.48e-52	206
NC_003070.9:13313486-13313922	NC_003076.8	90.323	155	14	1	259	413	14810678	14810831	5.79e-51	202
NC_003070.9:13313486-13313922	NC_003076.8	86.413	184	23	2	227	408	15162941	15163124	2.08e-50	200
NC_003070.9:13313486-13313922	NC_003076.8	88.485	165	14	5	245	406	15031076	15030914	9.69e-49	195
NC_003070.9:13313486-13313922	NC_003076.8	85.946	185	18	7	226	408	8749294	8749472	1.25e-47	191
NC_003070.9:13313486-13313922	NC_003076.8	84.865	185	23	5	227	407	7488273	7488090	7.55e-45	182
NC_003070.9:13313486-13313922	NC_003076.8	90.071	141	12	2	237	375	19480002	19480142	7.55e-45	182
NC_003070.9:13313486-13313922	NC_003076.8	86.207	174	13	7	237	408	10041974	10041810	9.76e-44	178
NC_003070.9:13313486-13313922	NC_003076.8	85.965	171	15	5	237	406	22464040	22464202	1.26e-42	174
NC_003070.9:13313486-13313922	NC_003076.8	87.417	151	16	3	227	375	15535308	15535159	1.63e-41	171
NC_003070.9:13313486-13313922	NC_003076.8	84.516	155	19	4	259	412	19408522	19408372	7.65e-35	148
NC_003070.9:13313486-13313922	NC_003076.8	88.298	94	11	0	1	94	14880217	14880310	2.79e-24	113
NC_003070.9:13313486-13313922	NC_003076.8	91.358	81	6	1	1	80	10873662	10873742	3.61e-23	110
NC_003070.9:13313486-13313922	NC_003076.8	87.368	95	9	3	1	94	9979172	9979080	4.67e-22	106
NC_003070.9:13313486-13313922	NC_003076.8	88.506	87	8	2	1	85	9763119	9763033	1.68e-21	104
NC_003070.9:13313486-13313922	NC_003076.8	88.506	87	8	2	226	310	9867549	9867635	1.68e-21	104
NC_003070.9:13313486-13313922	NC_003076.8	88.095	84	10	0	1	84	15659430	15659347	2.17e-20	100
NC_003070.9:13313486-13313922	NC_003076.8	85.106	94	14	0	1	94	20674821	20674728	2.81e-19	97.1
NC_003070.9:13313486-13313922	NC_003076.8	92.308	65	5	0	1	65	15779045	15779109	3.64e-18	93.5
NC_003070.9:13313486-13313922	NC_003076.8	85.714	84	12	0	1	84	21016568	21016485	4.71e-17	89.8
NC_003070.9:13313486-13313922	NC_003076.8	87.302	63	8	0	3	65	22463661	22463723	4.74e-12	73.1
NC_003070.9:13313486-13313922	NC_003076.8	90.196	51	5	0	1	51	13733031	13733081	2.20e-10	67.6
NC_003070.9:13313486-13313922	NC_003076.8	85.714	56	7	1	1	56	9770642	9770588	1.33e-07	58.4
NC_003070.9:13313486-13313922	NC_003075.7	93.074	231	14	2	1	230	1521258	1521487	1.52e-91	337
NC_003070.9:13313486-13313922	NC_003075.7	92.609	230	17	0	1	230	572758	572529	7.08e-90	331
NC_003070.9:13313486-13313922	NC_003075.7	92.208	231	16	2	1	230	12607046	12606817	3.29e-88	326
NC_003070.9:13313486-13313922	NC_003075.7	91.739	230	19	0	1	230	6115342	6115571	1.53e-86	320
NC_003070.9:13313486-13313922	NC_003075.7	91.775	231	17	2	1	230	14458283	14458054	1.53e-86	320
NC_003070.9:13313486-13313922	NC_003075.7	90.476	231	20	2	1	230	8947759	8947530	1.54e-81	303
NC_003070.9:13313486-13313922	NC_003075.7	93.478	184	11	1	226	409	1521640	1521822	4.35e-72	272
NC_003070.9:13313486-13313922	NC_003075.7	92.818	181	12	1	226	406	6115724	6115903	9.42e-69	261
NC_003070.9:13313486-13313922	NC_003075.7	87.013	231	20	5	1	230	12365605	12365384	5.67e-66	252
NC_003070.9:13313486-13313922	NC_003075.7	92.486	173	13	0	237	409	12365233	12365061	7.34e-65	248
NC_003070.9:13313486-13313922	NC_003075.7	89.730	185	14	5	235	416	6426789	6426607	7.39e-60	231
NC_003070.9:13313486-13313922	NC_003075.7	89.305	187	16	4	226	409	9111761	9111576	7.39e-60	231
NC_003070.9:13313486-13313922	NC_003075.7	90.698	172	14	2	237	407	15441820	15441650	9.56e-59	228
NC_003070.9:13313486-13313922	NC_003075.7	88.043	184	18	3	227	406	8899782	8899965	7.44e-55	215
NC_003070.9:13313486-13313922	NC_003075.7	92.105	152	10	2	258	409	9146877	9147026	2.68e-54	213
NC_003070.9:13313486-13313922	NC_003075.7	88.953	172	16	3	237	406	7906198	7906368	3.46e-53	209
NC_003070.9:13313486-13313922	NC_003075.7	91.391	151	11	2	226	375	823671	823522	4.48e-52	206
NC_003070.9:13313486-13313922	NC_003075.7	88.068	176	17	4	236	408	7155204	7155378	4.48e-52	206
NC_003070.9:13313486-13313922	NC_003075.7	90.196	153	14	1	257	409	13124017	13123866	7.49e-50	198
NC_003070.9:13313486-13313922	NC_003075.7	83.628	226	20	14	226	437	14457904	14457682	2.70e-49	196
NC_003070.9:13313486-13313922	NC_003075.7	87.500	152	18	1	259	409	1198861	1198710	1.26e-42	174
NC_003070.9:13313486-13313922	NC_003075.7	93.103	116	7	1	227	341	8819987	8819872	5.88e-41	169
NC_003070.9:13313486-13313922	NC_003075.7	83.607	183	24	5	227	406	7231424	7231603	2.11e-40	167
NC_003070.9:13313486-13313922	NC_003075.7	92.593	108	7	1	226	332	6661370	6661477	1.65e-36	154
NC_003070.9:13313486-13313922	NC_003075.7	91.667	84	7	0	1	84	7154780	7154863	2.16e-25	117
NC_003070.9:13313486-13313922	NC_003075.7	92.593	81	5	1	1	80	13537669	13537589	7.76e-25	115
NC_003070.9:13313486-13313922	NC_003075.7	90.476	84	8	0	1	84	7905772	7905855	1.00e-23	111
NC_003070.9:13313486-13313922	NC_003075.7	87.234	94	12	0	1	94	6427215	6427122	1.30e-22	108
NC_003070.9:13313486-13313922	NC_003075.7	89.286	84	8	1	1	84	6638806	6638888	1.68e-21	104
NC_003070.9:13313486-13313922	NC_003075.7	96.667	60	2	0	6	65	2987152	2987211	2.17e-20	100
NC_003070.9:13313486-13313922	NC_003075.7	88.889	81	8	1	1	80	2040108	2040188	7.82e-20	99.0
NC_003070.9:13313486-13313922	NC_003075.7	93.846	65	4	0	1	65	3897173	3897237	7.82e-20	99.0
NC_003070.9:13313486-13313922	NC_003075.7	92.063	63	5	0	1	63	5431586	5431524	4.71e-17	89.8
NC_003070.9:13313486-13313922	NC_003075.7	88.060	67	8	0	1	67	12968437	12968371	2.83e-14	80.5
NC_003070.9:13313486-13313922	NC_003074.8	93.074	231	15	1	1	230	10758579	10758349	1.52e-91	337
NC_003070.9:13313486-13313922	NC_003074.8	91.739	230	19	0	1	230	10405397	10405626	1.53e-86	320
NC_003070.9:13313486-13313922	NC_003074.8	91.739	230	18	1	1	230	19739758	19739986	5.51e-86	318
NC_003070.9:13313486-13313922	NC_003074.8	91.342	231	19	1	1	230	10718344	10718114	7.13e-85	315
NC_003070.9:13313486-13313922	NC_003074.8	91.304	230	20	0	1	230	14057125	14057354	7.13e-85	315
NC_003070.9:13313486-13313922	NC_003074.8	91.304	230	19	1	1	230	4579238	4579466	2.56e-84	313
NC_003070.9:13313486-13313922	NC_003074.8	91.304	230	19	1	1	230	7766063	7766291	2.56e-84	313
NC_003070.9:13313486-13313922	NC_003074.8	90.870	230	21	0	1	230	16405197	16405426	3.32e-83	309
NC_003070.9:13313486-13313922	NC_003074.8	90.909	231	17	4	1	230	23085532	23085759	1.19e-82	307
NC_003070.9:13313486-13313922	NC_003074.8	91.111	225	20	0	6	230	11090997	11090773	4.29e-82	305
NC_003070.9:13313486-13313922	NC_003074.8	90.789	228	21	0	3	230	19436874	19437101	4.29e-82	305
NC_003070.9:13313486-13313922	NC_003074.8	90.043	231	21	2	1	230	10708626	10708855	7.18e-80	298
NC_003070.9:13313486-13313922	NC_003074.8	90.909	220	18	2	12	230	18634492	18634274	9.29e-79	294
NC_003070.9:13313486-13313922	NC_003074.8	89.130	230	19	3	1	230	11315008	11315231	7.23e-75	281
NC_003070.9:13313486-13313922	NC_003074.8	90.741	216	12	8	197	408	23085881	23086092	7.23e-75	281
NC_003070.9:13313486-13313922	NC_003074.8	88.608	237	18	3	2	230	6729497	6729262	2.60e-74	279
NC_003070.9:13313486-13313922	NC_003074.8	91.457	199	15	2	220	416	11090627	11090429	4.35e-72	272
NC_003070.9:13313486-13313922	NC_003074.8	91.414	198	15	2	220	415	14057500	14057697	1.57e-71	270
NC_003070.9:13313486-13313922	NC_003074.8	90.452	199	15	4	220	415	19437247	19437444	3.39e-68	259
NC_003070.9:13313486-13313922	NC_003074.8	91.892	185	13	2	226	409	18634122	18633939	1.22e-67	257
NC_003070.9:13313486-13313922	NC_003074.8	91.713	181	14	1	226	406	19740161	19740340	2.04e-65	250
NC_003070.9:13313486-13313922	NC_003074.8	90.155	193	15	4	226	416	15814310	15814500	7.34e-65	248
NC_003070.9:13313486-13313922	NC_003074.8	90.761	184	16	1	226	408	6729106	6728923	9.49e-64	244
NC_003070.9:13313486-13313922	NC_003074.8	91.209	182	13	3	237	416	11132576	11132756	9.49e-64	244
NC_003070.9:13313486-13313922	NC_003074.8	89.894	188	18	1	3	190	15812965	15813151	1.23e-62	241
NC_003070.9:13313486-13313922	NC_003074.8	89.062	192	15	6	220	407	16723308	16723119	2.05e-60	233
NC_003070.9:13313486-13313922	NC_003074.8	89.071	183	18	2	226	406	20769781	20769599	3.44e-58	226
NC_003070.9:13313486-13313922	NC_003074.8	88.649	185	18	2	226	407	21552284	21552100	4.45e-57	222
NC_003070.9:13313486-13313922	NC_003074.8	88.525	183	18	3	226	406	7980264	7980083	5.75e-56	219
NC_003070.9:13313486-13313922	NC_003074.8	89.655	174	14	2	237	406	16234833	16234660	5.75e-56	219
NC_003070.9:13313486-13313922	NC_003074.8	87.113	194	18	7	227	417	11588818	11588629	2.68e-54	213
NC_003070.9:13313486-13313922	NC_003074.8	87.363	182	21	2	227	406	16678322	16678503	1.25e-52	207
NC_003070.9:13313486-13313922	NC_003074.8	91.333	150	10	3	236	384	422827	422680	5.79e-51	202
NC_003070.9:13313486-13313922	NC_003074.8	91.367	139	11	1	259	397	8329357	8329494	4.51e-47	189
NC_003070.9:13313486-13313922	NC_003074.8	89.474	152	12	4	227	375	16534589	16534439	4.51e-47	189
NC_003070.9:13313486-13313922	NC_003074.8	88.961	154	16	1	259	412	17209718	17209566	4.51e-47	189
NC_003070.9:13313486-13313922	NC_003074.8	87.273	165	18	3	226	388	18171124	18170961	5.83e-46	185
NC_003070.9:13313486-13313922	NC_003074.8	86.550	171	13	6	237	406	10681553	10681392	2.71e-44	180
NC_003070.9:13313486-13313922	NC_003074.8	82.778	180	22	5	237	415	18172436	18172265	5.92e-36	152
NC_003070.9:13313486-13313922	NC_003074.8	89.623	106	11	0	1	106	7274661	7274766	5.96e-31	135
NC_003070.9:13313486-13313922	NC_003074.8	90.476	84	8	0	1	84	15918690	15918607	1.00e-23	111
NC_003070.9:13313486-13313922	NC_003074.8	89.286	84	9	0	1	84	7659520	7659437	4.67e-22	106
NC_003070.9:13313486-13313922	NC_003074.8	93.846	65	4	0	1	65	7318503	7318567	7.82e-20	99.0
NC_003070.9:13313486-13313922	NC_003074.8	88.889	81	7	2	1	79	11287474	11287394	7.82e-20	99.0
NC_003070.9:13313486-13313922	NC_003074.8	93.846	65	4	0	1	65	16235708	16235644	7.82e-20	99.0
NC_003070.9:13313486-13313922	NC_003074.8	89.333	75	8	0	1	75	10082827	10082753	1.01e-18	95.3
NC_003070.9:13313486-13313922	NC_003074.8	84.270	89	13	1	1	88	16553357	16553445	6.09e-16	86.1
NC_003070.9:13313486-13313922	NC_003074.8	90.164	61	6	0	1	61	16062886	16062826	2.83e-14	80.5
NC_003070.9:13313486-13313922	NC_003074.8	88.525	61	7	0	1	61	16224235	16224295	1.32e-12	75.0
NC_003070.9:13313486-13313922	NC_003074.8	87.302	63	7	1	1	63	4467614	4467675	1.70e-11	71.3
NC_003070.9:13313486-13313922	NC_003074.8	86.885	61	8	0	1	61	16042282	16042222	6.13e-11	69.4
NC_003070.9:13313486-13313922	NC_003074.8	100.000	29	0	0	380	408	19536514	19536486	1.72e-06	54.7
NC_003070.9:13313486-13313922	NC_003071.7	91.775	231	16	3	1	230	9226024	9225796	5.51e-86	318
NC_003070.9:13313486-13313922	NC_003071.7	91.304	230	19	1	1	230	5037752	5037980	2.56e-84	313
NC_003070.9:13313486-13313922	NC_003071.7	90.909	231	19	2	1	230	5010651	5010422	3.32e-83	309
NC_003070.9:13313486-13313922	NC_003071.7	90.909	231	19	2	1	230	9860513	9860284	3.32e-83	309
NC_003070.9:13313486-13313922	NC_003071.7	90.435	230	19	2	1	230	7340382	7340608	2.00e-80	300
NC_003070.9:13313486-13313922	NC_003071.7	91.163	215	18	1	1	215	9433092	9433305	1.20e-77	291
NC_003070.9:13313486-13313922	NC_003071.7	89.823	226	21	2	6	230	19172662	19172438	4.32e-77	289
NC_003070.9:13313486-13313922	NC_003071.7	90.783	217	16	4	18	230	17147641	17147425	1.55e-76	287
NC_003070.9:13313486-13313922	NC_003071.7	88.261	230	27	0	1	230	12556655	12556884	3.37e-73	276
NC_003070.9:13313486-13313922	NC_003071.7	93.923	181	11	0	226	406	5038133	5038313	1.21e-72	274
NC_003070.9:13313486-13313922	NC_003071.7	87.826	230	28	0	1	230	13101811	13102040	1.57e-71	270
NC_003070.9:13313486-13313922	NC_003071.7	86.900	229	28	2	3	230	13885934	13886161	4.38e-67	255
NC_003070.9:13313486-13313922	NC_003071.7	86.580	231	29	2	1	230	9229178	9228949	1.58e-66	254
NC_003070.9:13313486-13313922	NC_003071.7	90.710	183	14	3	226	406	4306109	4306290	1.23e-62	241
NC_003070.9:13313486-13313922	NC_003071.7	88.265	196	23	0	218	413	5010275	5010080	5.71e-61	235
NC_003070.9:13313486-13313922	NC_003071.7	89.730	185	15	4	226	407	19623464	19623647	2.05e-60	233
NC_003070.9:13313486-13313922	NC_003071.7	91.228	171	13	2	237	406	1669960	1669791	7.39e-60	231
NC_003070.9:13313486-13313922	NC_003071.7	88.649	185	18	3	226	408	13102179	13102362	4.45e-57	222
NC_003070.9:13313486-13313922	NC_003071.7	87.245	196	19	6	226	419	13886300	13886491	5.75e-56	219
NC_003070.9:13313486-13313922	NC_003071.7	87.978	183	18	4	227	406	1322151	1321970	2.68e-54	213
NC_003070.9:13313486-13313922	NC_003071.7	87.912	182	19	3	227	406	3197798	3197618	9.62e-54	211
NC_003070.9:13313486-13313922	NC_003071.7	91.946	149	11	1	259	407	9433423	9433570	1.25e-52	207
NC_003070.9:13313486-13313922	NC_003071.7	88.571	175	14	5	237	406	15134599	15134772	1.25e-52	207
NC_003070.9:13313486-13313922	NC_003071.7	88.068	176	15	6	237	407	826101	826275	1.61e-51	204
NC_003070.9:13313486-13313922	NC_003071.7	85.965	171	15	5	237	406	8907834	8907996	1.26e-42	174
NC_003070.9:13313486-13313922	NC_003071.7	84.659	176	17	6	237	410	9891408	9891241	2.11e-40	167
NC_003070.9:13313486-13313922	NC_003071.7	88.983	118	11	2	259	375	9456041	9456157	9.90e-34	145
NC_003070.9:13313486-13313922	NC_003071.7	90.526	95	8	1	1	94	7439722	7439628	1.29e-27	124
NC_003070.9:13313486-13313922	NC_003071.7	92.405	79	6	0	6	84	7178425	7178503	2.79e-24	113
NC_003070.9:13313486-13313922	NC_003071.7	88.298	94	11	0	1	94	8046268	8046175	2.79e-24	113
NC_003070.9:13313486-13313922	NC_003071.7	89.286	84	9	0	1	84	1552861	1552778	4.67e-22	106
NC_003070.9:13313486-13313922	NC_003071.7	88.506	87	8	2	1	85	1303112	1303026	1.68e-21	104
NC_003070.9:13313486-13313922	NC_003071.7	93.846	65	4	0	1	65	6411150	6411214	7.82e-20	99.0
NC_003070.9:13313486-13313922	NC_003071.7	93.651	63	4	0	1	63	1955471	1955533	1.01e-18	95.3
NC_003070.9:13313486-13313922	NC_003071.7	89.189	74	8	0	1	74	2262404	2262331	3.64e-18	93.5
NC_003070.9:13313486-13313922	NC_003071.7	86.885	61	8	0	1	61	1618252	1618192	6.13e-11	69.4
NC_003070.9:13879055-13882600	NC_003070.9	100.000	3546	0	0	1	3546	13882600	13879055	0.0	6549
NC_003070.9:13879055-13882600	NC_003070.9	86.434	973	103	20	1	958	11298494	11299452	0.0	1038
NC_003070.9:13879055-13882600	NC_003070.9	87.612	896	90	15	49	934	16712157	16713041	0.0	1020
NC_003070.9:13879055-13882600	NC_003070.9	83.538	978	106	29	1	948	28312632	28311680	0.0	863
NC_003070.9:13879055-13882600	NC_003070.9	84.138	870	103	21	6	868	7834140	7833299	0.0	809
NC_003070.9:13879055-13882600	NC_003070.9	87.748	604	56	14	2946	3544	17632425	17633015	0.0	689
NC_003070.9:13879055-13882600	NC_003070.9	87.438	605	63	12	2948	3546	2588429	2587832	0.0	684
NC_003070.9:13879055-13882600	NC_003070.9	87.273	605	68	8	2947	3546	12993596	12992996	0.0	682
NC_003070.9:13879055-13882600	NC_003070.9	87.273	605	65	11	2948	3546	8189961	8190559	0.0	680
NC_003070.9:13879055-13882600	NC_003070.9	87.231	603	69	7	2948	3546	25357824	25358422	0.0	680
NC_003070.9:13879055-13882600	NC_003070.9	87.107	605	66	10	2948	3546	19742138	19741540	0.0	675
NC_003070.9:13879055-13882600	NC_003070.9	86.921	604	69	8	2947	3546	5531295	5531892	0.0	669
NC_003070.9:13879055-13882600	NC_003070.9	86.424	604	70	11	2949	3546	14013409	14012812	0.0	651
NC_003070.9:13879055-13882600	NC_003070.9	85.625	640	67	18	333	958	7132972	7132344	0.0	649
NC_003070.9:13879055-13882600	NC_003070.9	86.304	606	58	16	2947	3546	17605549	17606135	1.14e-180	636
NC_003070.9:13879055-13882600	NC_003070.9	78.312	1019	153	44	3	960	11647913	11648924	1.94e-168	595
NC_003070.9:13879055-13882600	NC_003070.9	86.282	554	52	9	3000	3546	12457718	12458254	5.44e-164	580
NC_003070.9:13879055-13882600	NC_003070.9	85.766	555	57	13	1582	2118	3894066	3893516	4.23e-160	568
NC_003070.9:13879055-13882600	NC_003070.9	84.185	607	71	15	2945	3546	21335941	21336527	1.52e-159	566
NC_003070.9:13879055-13882600	NC_003070.9	88.008	492	40	9	469	953	8577642	8577163	5.48e-159	564
NC_003070.9:13879055-13882600	NC_003070.9	87.942	481	48	9	3072	3546	3498228	3497752	2.55e-157	558
NC_003070.9:13879055-13882600	NC_003070.9	87.423	485	46	9	469	949	8169878	8170351	7.13e-153	544
NC_003070.9:13879055-13882600	NC_003070.9	84.075	584	71	9	2969	3546	19717927	19718494	7.13e-153	544
NC_003070.9:13879055-13882600	NC_003070.9	90.026	381	30	7	3170	3546	9918829	9918453	1.22e-135	486
NC_003070.9:13879055-13882600	NC_003070.9	88.235	408	42	6	2	405	1276614	1276209	1.58e-134	483
NC_003070.9:13879055-13882600	NC_003070.9	87.775	409	42	7	1	405	8578068	8577664	3.41e-131	472
NC_003070.9:13879055-13882600	NC_003070.9	88.418	354	32	7	611	961	1276127	1275780	4.51e-115	418
NC_003070.9:13879055-13882600	NC_003070.9	77.562	722	110	36	266	955	11517908	11517207	3.54e-106	388
NC_003070.9:13879055-13882600	NC_003070.9	79.335	571	80	25	1582	2117	17004390	17004957	1.66e-99	366
NC_003070.9:13879055-13882600	NC_003070.9	84.290	331	46	6	2150	2475	17004959	17005288	4.71e-85	318
NC_003070.9:13879055-13882600	NC_003070.9	91.589	107	7	2	854	959	7833280	7833175	2.35e-33	147
NC_003070.9:13879055-13882600	NC_003070.9	86.066	122	16	1	1	121	21777291	21777170	2.37e-28	130
NC_003070.9:13879055-13882600	NC_003070.9	86.066	122	16	1	1	121	21788861	21788740	2.37e-28	130
NC_003070.9:13879055-13882600	NC_003070.9	86.066	122	16	1	1	121	21813549	21813428	2.37e-28	130
NC_003070.9:13879055-13882600	NC_003070.9	86.066	122	16	1	1	121	21825119	21824998	2.37e-28	130
NC_003070.9:13879055-13882600	NC_003070.9	92.308	91	4	3	3247	3336	14013247	14013159	3.06e-27	126
NC_003070.9:13879055-13882600	NC_003070.9	92.135	89	6	1	3247	3335	12457833	12457920	1.10e-26	124
NC_003070.9:13879055-13882600	NC_003070.9	89.888	89	8	1	3247	3335	17605714	17605801	2.38e-23	113
NC_003070.9:13879055-13882600	NC_003070.9	89.888	89	8	1	3247	3335	24027347	24027434	2.38e-23	113
NC_003070.9:13879055-13882600	NC_003070.9	85.246	61	7	2	2	61	26881503	26881444	8.76e-08	62.1
NC_003070.9:13879055-13882600	NC_003076.8	86.777	968	102	22	2	961	13520835	13519886	0.0	1055
NC_003070.9:13879055-13882600	NC_003076.8	86.798	962	99	16	1	955	11276307	11275367	0.0	1048
NC_003070.9:13879055-13882600	NC_003076.8	86.195	862	85	23	1	855	3018685	3019519	0.0	902
NC_003070.9:13879055-13882600	NC_003076.8	88.852	601	58	8	2948	3544	14880216	14880811	0.0	730
NC_003070.9:13879055-13882600	NC_003076.8	87.934	605	62	9	2947	3546	15659432	15658834	0.0	702
NC_003070.9:13879055-13882600	NC_003076.8	87.624	606	64	9	2946	3546	14873454	14874053	0.0	693
NC_003070.9:13879055-13882600	NC_003076.8	87.521	601	64	9	2948	3544	9545738	9546331	0.0	684
NC_003070.9:13879055-13882600	NC_003076.8	82.893	795	98	22	132	921	12547694	12548455	0.0	680
NC_003070.9:13879055-13882600	NC_003076.8	87.129	606	67	8	2948	3546	349810	350411	0.0	676
NC_003070.9:13879055-13882600	NC_003076.8	88.021	576	59	9	2945	3516	19479574	19480143	0.0	673
NC_003070.9:13879055-13882600	NC_003076.8	85.880	602	64	6	2948	3544	9979173	9978588	3.20e-176	621
NC_003070.9:13879055-13882600	NC_003076.8	85.008	607	65	13	2948	3546	20674822	20674234	6.98e-168	593
NC_003070.9:13879055-13882600	NC_003076.8	85.663	558	61	17	2	553	10369950	10370494	1.18e-160	569
NC_003070.9:13879055-13882600	NC_003076.8	83.940	604	65	11	2948	3546	23662580	23662004	1.53e-154	549
NC_003070.9:13879055-13882600	NC_003076.8	83.119	622	68	18	2946	3546	25178775	25179380	1.54e-149	532
NC_003070.9:13879055-13882600	NC_003076.8	83.219	584	65	16	2965	3546	19115133	19114581	3.37e-141	505
NC_003070.9:13879055-13882600	NC_003076.8	81.517	422	43	11	551	948	10370999	10371409	6.09e-84	315
NC_003070.9:13879055-13882600	NC_003076.8	91.089	101	9	0	2	102	13657244	13657144	1.41e-30	137
NC_003070.9:13879055-13882600	NC_003076.8	94.382	89	4	1	3247	3335	14873619	14873706	5.09e-30	135
NC_003070.9:13879055-13882600	NC_003076.8	84.677	124	16	3	1	123	9747576	9747697	1.42e-25	121
NC_003070.9:13879055-13882600	NC_003076.8	89.888	89	8	1	3247	3335	15659268	15659181	2.38e-23	113
NC_003070.9:13879055-13882600	NC_003076.8	88.764	89	9	1	3247	3335	349976	350063	1.11e-21	108
NC_003070.9:13879055-13882600	NC_003076.8	81.022	137	15	9	1	133	7176144	7176015	6.68e-19	99.0
NC_003070.9:13879055-13882600	NC_003071.7	86.084	927	97	24	1	913	7347784	7348692	0.0	968
NC_003070.9:13879055-13882600	NC_003071.7	86.543	862	87	19	1	855	6682171	6683010	0.0	922
NC_003070.9:13879055-13882600	NC_003071.7	81.054	987	116	40	1	947	1987732	1988687	0.0	721
NC_003070.9:13879055-13882600	NC_003071.7	88.468	607	55	13	2946	3546	4758698	4758101	0.0	719
NC_003070.9:13879055-13882600	NC_003071.7	80.278	1009	139	37	2	959	1691163	1692162	0.0	706
NC_003070.9:13879055-13882600	NC_003071.7	87.769	605	62	11	2948	3546	2299067	2299665	0.0	697
NC_003070.9:13879055-13882600	NC_003071.7	87.356	609	61	13	2946	3546	7178415	7179015	0.0	684
NC_003070.9:13879055-13882600	NC_003071.7	87.788	565	62	6	2948	3508	10239495	10238934	0.0	654
NC_003070.9:13879055-13882600	NC_003071.7	85.382	602	59	16	2947	3544	8046270	8045694	5.40e-169	597
NC_003070.9:13879055-13882600	NC_003071.7	88.223	484	46	6	469	949	1963243	1962768	4.23e-160	568
NC_003070.9:13879055-13882600	NC_003071.7	87.449	494	50	8	469	960	1948067	1947584	2.55e-157	558
NC_003070.9:13879055-13882600	NC_003071.7	88.112	429	43	8	1	424	1948494	1948069	1.21e-140	503
NC_003070.9:13879055-13882600	NC_003071.7	88.235	408	43	5	1	405	5836745	5837150	1.58e-134	483
NC_003070.9:13879055-13882600	NC_003071.7	87.007	431	48	6	1	424	1963674	1963245	2.04e-133	479
NC_003070.9:13879055-13882600	NC_003071.7	90.909	341	24	4	611	950	5837232	5837566	4.45e-125	451
NC_003070.9:13879055-13882600	NC_003071.7	93.137	306	20	1	1	305	8538104	8537799	5.75e-124	448
NC_003070.9:13879055-13882600	NC_003071.7	87.611	113	12	2	1	112	2059190	2059079	2.37e-28	130
NC_003070.9:13879055-13882600	NC_003071.7	91.011	89	7	1	3247	3335	8046105	8046018	5.12e-25	119
NC_003070.9:13879055-13882600	NC_003071.7	91.011	89	5	2	3247	3335	4758533	4758448	1.84e-24	117
NC_003070.9:13879055-13882600	NC_003071.7	90.000	90	8	1	3247	3336	10239331	10239243	6.63e-24	115
NC_003070.9:13879055-13882600	NC_003071.7	75.833	240	48	9	1	234	6250342	6250107	2.38e-23	113
NC_003070.9:13879055-13882600	NC_003071.7	75.877	228	42	11	1	220	1049410	1049188	1.43e-20	104
NC_003070.9:13879055-13882600	NC_003071.7	94.340	53	3	0	1	53	8302944	8302892	6.72e-14	82.4
NC_003070.9:13879055-13882600	NC_003071.7	97.222	36	1	0	2	37	10682276	10682311	8.76e-08	62.1
NC_003070.9:13879055-13882600	NC_003075.7	84.954	977	97	34	2	948	5604459	5605415	0.0	944
NC_003070.9:13879055-13882600	NC_003075.7	84.016	976	105	26	2	948	11224159	11225112	0.0	891
NC_003070.9:13879055-13882600	NC_003075.7	83.726	977	107	27	1	948	7348638	7347685	0.0	876
NC_003070.9:13879055-13882600	NC_003075.7	89.073	604	55	9	2948	3546	7154779	7155376	0.0	739
NC_003070.9:13879055-13882600	NC_003075.7	90.827	556	27	12	363	914	2340912	2341447	0.0	723
NC_003070.9:13879055-13882600	NC_003075.7	88.651	608	38	10	319	920	12740587	12740005	0.0	712
NC_003070.9:13879055-13882600	NC_003075.7	87.765	613	64	10	2939	3546	7905762	7906368	0.0	706
NC_003070.9:13879055-13882600	NC_003075.7	87.273	605	66	10	2948	3546	6427216	6426617	0.0	680
NC_003070.9:13879055-13882600	NC_003075.7	86.121	562	61	10	1582	2128	1871833	1871274	9.03e-167	590
NC_003070.9:13879055-13882600	NC_003075.7	85.099	604	60	9	2947	3546	8725656	8725079	9.03e-167	590
NC_003070.9:13879055-13882600	NC_003075.7	84.743	603	71	13	2948	3546	13124454	13123869	4.20e-165	584
NC_003070.9:13879055-13882600	NC_003075.7	83.278	598	67	17	2947	3544	7652563	7653127	1.20e-145	520
NC_003070.9:13879055-13882600	NC_003075.7	84.861	502	59	6	2947	3446	9188716	9189202	9.43e-137	490
NC_003070.9:13879055-13882600	NC_003075.7	84.946	465	55	11	1	457	2723755	2724212	9.56e-127	457
NC_003070.9:13879055-13882600	NC_003075.7	92.557	309	20	2	2	307	2336948	2337256	9.63e-122	440
NC_003070.9:13879055-13882600	NC_003075.7	75.621	845	155	36	2	823	7554558	7555374	3.56e-101	372
NC_003070.9:13879055-13882600	NC_003075.7	73.973	365	71	14	1	358	7905244	7905591	3.06e-27	126
NC_003070.9:13879055-13882600	NC_003075.7	88.764	89	9	1	3247	3335	7154941	7155028	1.11e-21	108
NC_003070.9:13879055-13882600	NC_003075.7	88.764	89	9	1	3247	3335	9188883	9188970	1.11e-21	108
NC_003070.9:13879055-13882600	NC_003075.7	96.296	54	2	0	1	54	7896288	7896341	4.02e-16	89.8
NC_003070.9:13879055-13882600	NC_003075.7	87.179	78	9	1	2	78	6506269	6506192	1.45e-15	87.9
NC_003070.9:13879055-13882600	NC_003074.8	84.237	977	102	27	1	948	12061956	12062909	0.0	904
NC_003070.9:13879055-13882600	NC_003074.8	85.461	791	88	17	5	788	15189169	15189939	0.0	798
NC_003070.9:13879055-13882600	NC_003074.8	81.709	995	109	34	2	948	9256519	9257488	0.0	761
NC_003070.9:13879055-13882600	NC_003074.8	88.595	605	60	8	2946	3546	8644740	8645339	0.0	726
NC_003070.9:13879055-13882600	NC_003074.8	87.107	605	70	5	2946	3546	15918693	15918093	0.0	678
NC_003070.9:13879055-13882600	NC_003074.8	86.043	609	62	15	2943	3546	19520637	19521227	1.48e-179	632
NC_003070.9:13879055-13882600	NC_003074.8	86.775	552	57	8	1582	2118	10395307	10394757	4.17e-170	601
NC_003070.9:13879055-13882600	NC_003074.8	85.099	604	69	8	2948	3546	7937571	7936984	5.40e-169	597
NC_003070.9:13879055-13882600	NC_003074.8	88.641	493	43	9	472	961	10997653	10997171	3.25e-166	588
NC_003070.9:13879055-13882600	NC_003074.8	89.888	89	8	1	3247	3335	19520805	19520892	2.38e-23	113
NC_003070.9:13879055-13882600	NC_003074.8	86.486	74	8	1	1	72	15740318	15740391	2.42e-13	80.5
NC_003070.9:13879055-13882600	NC_003074.8	92.593	54	4	0	1	54	10825141	10825194	8.70e-13	78.7
NC_003070.9:13879055-13882600	NC_003074.8	92.453	53	4	0	2	54	9257585	9257637	3.13e-12	76.8
NC_003070.9:13879055-13882600	NC_003074.8	82.051	78	13	1	2	78	17101758	17101681	6.77e-09	65.8
NC_003070.9:13879055-13882600	NC_003074.8	85.484	62	7	2	1	61	7766845	7766785	2.44e-08	63.9
NC_003070.9:13879055-13882600	NC_003074.8	100.000	33	0	0	2	34	9361785	9361817	8.76e-08	62.1
NC_003070.9:12636357-12636712	NC_003070.9	100.000	356	0	0	1	356	12636357	12636712	0.0	658
NC_003070.9:12636357-12636712	NC_003070.9	83.978	362	38	9	1	356	16422340	16421993	2.05e-89	329
NC_003070.9:12636357-12636712	NC_003076.8	83.929	336	26	15	2	336	13393573	13393881	2.08e-79	296
NC_003070.9:12636357-12636712	NC_003076.8	100.000	29	0	0	308	336	11019370	11019342	1.38e-06	54.7
NC_003070.9:12636357-12636712	NC_003071.7	86.100	259	27	5	75	333	2326984	2327233	1.26e-71	270
NC_003070.9:12636357-12636712	NC_003071.7	83.206	262	27	6	75	336	3721275	3721519	9.93e-58	224
NC_003070.9:12636357-12636712	NC_003071.7	86.813	182	15	6	75	255	2919378	2919205	7.79e-49	195
NC_003070.9:12636357-12636712	NC_003071.7	82.857	105	15	2	233	337	5080946	5080845	1.05e-17	91.6
NC_003070.9:12636357-12636712	NC_003074.8	85.227	264	27	5	75	336	11112062	11112315	7.57e-69	261
NC_003070.9:12636357-12636712	NC_003074.8	88.945	199	14	5	56	253	11929888	11930079	3.55e-62	239
NC_003070.9:12636357-12636712	NC_003074.8	87.500	64	4	2	75	138	11763844	11763903	1.37e-11	71.3
NC_003070.9:12636357-12636712	NC_003074.8	100.000	28	0	0	309	336	13483691	13483718	4.96e-06	52.8
NC_003070.9:12636357-12636712	NC_003075.7	91.573	178	11	4	161	336	3775532	3775357	2.74e-63	243
NC_003070.9:12636357-12636712	NC_003075.7	89.796	49	3	2	306	352	3896883	3896931	8.24e-09	62.1
NC_003070.9:13479195-13479564	NC_003070.9	100.000	370	0	0	1	370	13479195	13479564	0.0	684
NC_003070.9:13479195-13479564	NC_003070.9	82.051	351	38	15	44	370	24027916	24027567	2.82e-73	276
NC_003070.9:13479195-13479564	NC_003070.9	79.427	384	58	15	1	370	14011673	14012049	4.75e-66	252
NC_003070.9:13479195-13479564	NC_003070.9	79.200	375	44	17	22	364	16889603	16889975	2.23e-59	230
NC_003070.9:13479195-13479564	NC_003070.9	78.272	405	49	25	1	370	17114411	17114811	1.04e-57	224
NC_003070.9:13479195-13479564	NC_003070.9	89.062	64	6	1	268	330	12635852	12635789	8.53e-14	78.7
NC_003070.9:13479195-13479564	NC_003075.7	81.013	395	47	16	1	370	11000845	11000454	3.62e-77	289
NC_003070.9:13479195-13479564	NC_003075.7	82.267	344	33	13	30	348	6504144	6504484	3.65e-72	272
NC_003070.9:13479195-13479564	NC_003075.7	82.235	349	29	22	52	370	17539	17194	1.31e-71	270
NC_003070.9:13479195-13479564	NC_003075.7	79.023	348	40	18	31	348	5111657	5111313	1.04e-52	207
NC_003070.9:13479195-13479564	NC_003075.7	87.143	140	16	2	232	370	2120971	2120833	1.06e-37	158
NC_003070.9:13479195-13479564	NC_003075.7	87.597	129	10	4	232	359	5116178	5116055	8.29e-34	145
NC_003070.9:13479195-13479564	NC_003075.7	92.188	64	4	1	268	330	5670900	5670837	3.94e-17	89.8
NC_003070.9:13479195-13479564	NC_003075.7	79.048	105	21	1	237	340	6809485	6809381	1.43e-11	71.3
NC_003070.9:13479195-13479564	NC_003075.7	85.246	61	5	4	233	292	2905879	2905822	3.09e-08	60.2
NC_003070.9:13479195-13479564	NC_003071.7	80.303	396	44	20	1	364	1367477	1367870	4.72e-71	268
NC_003070.9:13479195-13479564	NC_003071.7	80.769	364	35	22	33	366	9310529	9310887	4.75e-66	252
NC_003070.9:13479195-13479564	NC_003071.7	79.397	398	49	20	1	368	2850692	2850298	1.71e-65	250
NC_003070.9:13479195-13479564	NC_003071.7	90.226	133	10	3	233	364	2442535	2442665	1.37e-41	171
NC_003070.9:13479195-13479564	NC_003076.8	79.851	402	47	21	1	370	10537350	10536951	2.19e-69	263
NC_003070.9:13479195-13479564	NC_003076.8	79.545	396	49	17	5	370	10048062	10048455	1.32e-66	254
NC_003070.9:13479195-13479564	NC_003076.8	79.241	395	53	16	1	370	9354744	9354354	6.14e-65	248
NC_003070.9:13479195-13479564	NC_003076.8	79.434	389	48	15	8	365	13436102	13436489	2.21e-64	246
NC_003070.9:13479195-13479564	NC_003076.8	77.657	367	36	21	33	357	10679476	10679838	6.32e-45	182
NC_003070.9:13479195-13479564	NC_003076.8	77.401	354	49	14	47	370	13978057	13977705	6.32e-45	182
NC_003070.9:13479195-13479564	NC_003076.8	85.185	135	18	2	237	370	12555046	12554913	1.39e-31	137
NC_003070.9:13479195-13479564	NC_003076.8	80.357	112	15	5	237	344	9031397	9031289	8.53e-14	78.7
NC_003070.9:13479195-13479564	NC_003076.8	97.297	37	1	0	268	304	9839663	9839699	2.39e-09	63.9
NC_003070.9:13479195-13479564	NC_003074.8	81.020	353	28	20	30	350	22539461	22539116	7.95e-64	244
NC_003070.9:13479195-13479564	NC_003074.8	80.342	351	36	21	47	366	16280425	16280077	4.78e-61	235
NC_003070.9:13479195-13479564	NC_003074.8	79.830	352	41	18	31	357	15749012	15749358	2.23e-59	230
NC_003070.9:13479195-13479564	NC_003074.8	80.058	346	36	16	55	370	11169878	11170220	2.88e-58	226
NC_003070.9:13479195-13479564	NC_003074.8	77.487	382	60	19	5	370	10906315	10905944	3.75e-52	206
NC_003070.9:13479195-13479564	NC_003074.8	88.571	140	14	2	232	370	12813747	12813885	4.92e-41	169
NC_003070.9:13479195-13479564	NC_003074.8	85.714	140	18	2	232	370	14320520	14320382	2.31e-34	147
NC_003070.9:13479195-13479564	NC_003074.8	85.714	140	17	3	232	370	15021605	15021468	8.29e-34	145
NC_003070.9:13479195-13479564	NC_003074.8	88.372	86	9	1	233	317	16937745	16937830	5.06e-21	102
NC_003070.9:13479195-13479564	NC_003074.8	86.301	73	9	1	268	339	11694667	11694739	8.53e-14	78.7
NC_003070.9:13497578-13497811	NC_003070.9	100.000	234	0	0	1	234	13497811	13497578	9.57e-121	433
NC_003070.9:13497578-13497811	NC_003070.9	88.571	70	8	0	164	233	19145694	19145625	3.09e-16	86.1
NC_003070.9:13497578-13497811	NC_003074.8	79.918	244	35	11	1	234	15685412	15685651	1.07e-40	167
NC_003070.9:13497578-13497811	NC_003076.8	88.785	107	12	0	127	233	13583507	13583613	3.91e-30	132
NC_003070.9:13497578-13497811	NC_003071.7	92.857	70	4	1	2	70	2514692	2514761	1.10e-20	100
NC_003070.9:12920298-12923687	NC_003070.9	100.000	3390	0	0	1	3390	12920298	12923687	0.0	6261
NC_003070.9:12920298-12923687	NC_003070.9	95.198	479	20	3	2815	3292	12919922	12920398	0.0	754
NC_003070.9:12920298-12923687	NC_003076.8	90.250	759	50	5	2022	2778	8847100	8846364	0.0	970
NC_003070.9:12920298-12923687	NC_003076.8	92.500	200	14	1	3191	3390	8846358	8846160	4.56e-75	285
NC_003070.9:12920298-12923687	NC_003076.8	94.059	101	6	0	1	101	8846358	8846258	1.34e-35	154
NC_003070.9:12364135-12365994	NC_003070.9	100.000	1860	0	0	1	1860	12364135	12365994	0.0	3435
NC_003070.9:12364135-12365994	NC_003070.9	97.106	1866	42	10	1	1859	19466949	19465089	0.0	3136
NC_003070.9:12364135-12365994	NC_003070.9	97.151	1860	44	6	1	1858	16824518	16826370	0.0	3133
NC_003070.9:12364135-12365994	NC_003070.9	96.624	1866	49	11	1	1858	16325444	16327303	0.0	3085
NC_003070.9:12364135-12365994	NC_003070.9	96.561	1861	57	7	1	1860	12564081	12562227	0.0	3075
NC_003070.9:12364135-12365994	NC_003070.9	96.515	1865	51	11	1	1860	23213666	23215521	0.0	3072
NC_003070.9:12364135-12365994	NC_003070.9	93.936	973	43	9	875	1833	8115847	8116817	0.0	1456
NC_003070.9:12364135-12365994	NC_003070.9	93.293	999	48	6	875	1858	11700733	11701727	0.0	1456
NC_003070.9:12364135-12365994	NC_003070.9	93.287	998	45	9	875	1858	13059907	13060896	0.0	1452
NC_003070.9:12364135-12365994	NC_003070.9	93.107	1001	49	7	875	1860	4786262	4787257	0.0	1448
NC_003070.9:12364135-12365994	NC_003070.9	93.186	998	48	6	875	1859	22451016	22452006	0.0	1448
NC_003070.9:12364135-12365994	NC_003070.9	93.180	997	49	5	875	1858	15940188	15941178	0.0	1447
NC_003070.9:12364135-12365994	NC_003070.9	93.093	999	51	7	875	1860	19994672	19993679	0.0	1447
NC_003070.9:12364135-12365994	NC_003070.9	92.596	1013	54	6	864	1860	7036285	7037292	0.0	1435
NC_003070.9:12364135-12365994	NC_003070.9	92.793	999	40	13	875	1858	26170376	26169395	0.0	1417
NC_003070.9:12364135-12365994	NC_003070.9	92.570	996	56	6	878	1858	19768982	19767990	0.0	1413
NC_003070.9:12364135-12365994	NC_003070.9	92.492	999	56	6	875	1858	16904870	16905864	0.0	1411
NC_003070.9:12364135-12365994	NC_003070.9	92.685	998	41	10	875	1858	13016830	13015851	0.0	1410
NC_003070.9:12364135-12365994	NC_003070.9	96.556	842	26	3	1	839	26171480	26170639	0.0	1391
NC_003070.9:12364135-12365994	NC_003070.9	91.808	1001	62	8	875	1859	18791869	18792865	0.0	1376
NC_003070.9:12364135-12365994	NC_003070.9	91.775	997	57	9	875	1858	3413856	3414840	0.0	1363
NC_003070.9:12364135-12365994	NC_003070.9	91.583	998	57	9	875	1858	28161338	28162322	0.0	1352
NC_003070.9:12364135-12365994	NC_003070.9	95.379	844	34	5	1	841	7035191	7036032	0.0	1338
NC_003070.9:12364135-12365994	NC_003070.9	94.098	881	43	8	1	878	17899863	17900737	0.0	1330
NC_003070.9:12364135-12365994	NC_003070.9	95.405	827	36	2	14	839	30255510	30254685	0.0	1315
NC_003070.9:12364135-12365994	NC_003070.9	90.882	998	60	9	875	1859	9817296	9818275	0.0	1310
NC_003070.9:12364135-12365994	NC_003070.9	95.204	834	31	4	5	837	19329256	19328431	0.0	1310
NC_003070.9:12364135-12365994	NC_003070.9	95.125	841	22	4	1	839	30253107	30252284	0.0	1308
NC_003070.9:12364135-12365994	NC_003070.9	95.006	841	22	5	1	839	12330053	12329231	0.0	1303
NC_003070.9:12364135-12365994	NC_003070.9	94.649	841	24	8	1	839	11699698	11700519	0.0	1284
NC_003070.9:12364135-12365994	NC_003070.9	90.310	1001	62	6	875	1860	9866322	9865342	0.0	1279
NC_003070.9:12364135-12365994	NC_003070.9	90.310	1001	61	7	875	1860	17900965	17901944	0.0	1279
NC_003070.9:12364135-12365994	NC_003070.9	94.293	841	29	4	1	839	9816210	9817033	0.0	1269
NC_003070.9:12364135-12365994	NC_003070.9	94.181	842	33	6	1	839	9867414	9866586	0.0	1269
NC_003070.9:12364135-12365994	NC_003070.9	94.181	842	27	6	1	839	8114770	8115592	0.0	1264
NC_003070.9:12364135-12365994	NC_003070.9	94.181	842	27	7	1	839	22994060	22993238	0.0	1264
NC_003070.9:12364135-12365994	NC_003070.9	94.055	841	30	5	1	839	13058823	13059645	0.0	1258
NC_003070.9:12364135-12365994	NC_003070.9	93.943	842	30	6	1	839	19061965	19062788	0.0	1253
NC_003070.9:12364135-12365994	NC_003070.9	93.936	841	30	6	1	839	19995734	19994913	0.0	1251
NC_003070.9:12364135-12365994	NC_003070.9	92.694	876	36	13	1	871	11737393	11736541	0.0	1238
NC_003070.9:12364135-12365994	NC_003070.9	92.588	850	33	9	1	839	22449931	22450761	0.0	1194
NC_003070.9:12364135-12365994	NC_003070.9	94.216	778	25	7	875	1638	30254422	30253651	0.0	1170
NC_003070.9:12364135-12365994	NC_003070.9	92.280	842	31	8	1	839	501372	500562	0.0	1164
NC_003070.9:12364135-12365994	NC_003070.9	93.017	802	39	4	1071	1858	19063794	19064592	0.0	1155
NC_003070.9:12364135-12365994	NC_003070.9	92.382	827	28	13	1	825	4785461	4786254	0.0	1146
NC_003070.9:12364135-12365994	NC_003070.9	91.686	842	41	11	1	839	16903800	16904615	0.0	1140
NC_003070.9:12364135-12365994	NC_003070.9	91.093	842	51	15	1	825	16806989	16807823	0.0	1118
NC_003070.9:12364135-12365994	NC_003070.9	92.434	793	42	6	1080	1859	23876482	23877269	0.0	1116
NC_003070.9:12364135-12365994	NC_003070.9	89.953	846	56	15	1	829	16806150	16806983	0.0	1064
NC_003070.9:12364135-12365994	NC_003070.9	89.573	844	58	20	1	828	13262203	13261374	0.0	1044
NC_003070.9:12364135-12365994	NC_003070.9	91.062	772	49	8	1100	1858	19328001	19327237	0.0	1026
NC_003070.9:12364135-12365994	NC_003070.9	90.146	751	42	12	875	1598	11736329	11735584	0.0	948
NC_003070.9:12364135-12365994	NC_003070.9	95.151	598	25	3	878	1474	16998237	16997643	0.0	941
NC_003070.9:12364135-12365994	NC_003070.9	94.157	599	31	3	878	1474	12876624	12876028	0.0	909
NC_003070.9:12364135-12365994	NC_003070.9	93.894	606	32	5	236	839	17552860	17552258	0.0	909
NC_003070.9:12364135-12365994	NC_003070.9	91.463	656	45	11	236	886	2235029	2234380	0.0	891
NC_003070.9:12364135-12365994	NC_003070.9	92.904	606	39	4	236	839	14299705	14299102	0.0	878
NC_003070.9:12364135-12365994	NC_003070.9	92.751	607	39	5	236	839	1977027	1976423	0.0	872
NC_003070.9:12364135-12365994	NC_003070.9	92.574	606	39	6	236	839	29320592	29319991	0.0	865
NC_003070.9:12364135-12365994	NC_003070.9	92.941	595	37	5	247	839	19085234	19085825	0.0	861
NC_003070.9:12364135-12365994	NC_003070.9	92.079	606	43	5	236	839	6736003	6736605	0.0	848
NC_003070.9:12364135-12365994	NC_003070.9	92.269	595	39	6	247	839	19173667	19173078	0.0	837
NC_003070.9:12364135-12365994	NC_003070.9	91.736	605	43	7	247	849	8291436	8290837	0.0	833
NC_003070.9:12364135-12365994	NC_003070.9	91.584	606	45	6	236	839	17368	17969	0.0	832
NC_003070.9:12364135-12365994	NC_003070.9	91.960	597	42	6	236	829	3074585	3073992	0.0	832
NC_003070.9:12364135-12365994	NC_003070.9	93.080	578	20	5	265	839	19062922	19063482	0.0	828
NC_003070.9:12364135-12365994	NC_003070.9	91.860	602	23	9	1273	1860	499960	499371	0.0	817
NC_003070.9:12364135-12365994	NC_003070.9	90.108	647	39	10	1234	1859	14309405	14308763	0.0	817
NC_003070.9:12364135-12365994	NC_003070.9	90.756	595	42	9	247	839	12855858	12855275	0.0	782
NC_003070.9:12364135-12365994	NC_003070.9	96.170	470	15	3	1	469	22622305	22621838	0.0	765
NC_003070.9:12364135-12365994	NC_003070.9	96.529	461	15	1	1	460	15939323	15939783	0.0	761
NC_003070.9:12364135-12365994	NC_003070.9	88.836	636	37	19	236	839	18746910	18746277	0.0	750
NC_003070.9:12364135-12365994	NC_003070.9	91.560	545	25	8	1332	1860	8489951	8489412	0.0	732
NC_003070.9:12364135-12365994	NC_003070.9	91.009	545	23	11	338	878	13017571	13017049	0.0	712
NC_003070.9:12364135-12365994	NC_003070.9	90.809	544	31	7	1332	1859	25963004	25962464	0.0	710
NC_003070.9:12364135-12365994	NC_003070.9	91.522	519	30	11	1346	1858	18790338	18790848	0.0	702
NC_003070.9:12364135-12365994	NC_003070.9	96.333	409	13	2	1	408	18790927	18791334	0.0	671
NC_003070.9:12364135-12365994	NC_003070.9	93.703	397	22	3	1462	1858	23554184	23553791	1.31e-167	592
NC_003070.9:12364135-12365994	NC_003070.9	94.477	344	18	1	875	1217	500307	499964	1.04e-148	529
NC_003070.9:12364135-12365994	NC_003070.9	94.408	304	15	2	1080	1382	22992366	22992064	8.28e-130	466
NC_003070.9:12364135-12365994	NC_003070.9	94.863	292	13	2	1080	1370	22621025	22620735	1.79e-126	455
NC_003070.9:12364135-12365994	NC_003070.9	92.763	304	20	2	1080	1382	30251412	30251110	1.80e-121	438
NC_003070.9:12364135-12365994	NC_003070.9	94.097	288	16	1	1080	1367	12328360	12328074	6.49e-121	436
NC_003070.9:12364135-12365994	NC_003070.9	91.159	328	9	5	514	839	18791324	18791633	3.91e-118	427
NC_003070.9:12364135-12365994	NC_003070.9	95.703	256	10	1	1	256	25963257	25963003	3.93e-113	411
NC_003070.9:12364135-12365994	NC_003070.9	97.107	242	5	2	1	242	3910601	3910362	5.09e-112	407
NC_003070.9:12364135-12365994	NC_003070.9	95.669	254	10	1	1	254	23554439	23554187	5.09e-112	407
NC_003070.9:12364135-12365994	NC_003070.9	93.385	257	9	4	878	1132	12328965	12328715	5.16e-102	374
NC_003070.9:12364135-12365994	NC_003070.9	96.413	223	8	0	1636	1858	30253364	30253142	2.40e-100	368
NC_003070.9:12364135-12365994	NC_003070.9	92.607	257	11	4	878	1132	22621631	22621381	1.12e-98	363
NC_003070.9:12364135-12365994	NC_003070.9	92.218	257	12	4	878	1132	22992972	22992722	5.20e-97	357
NC_003070.9:12364135-12365994	NC_003070.9	91.538	260	17	5	1	257	2235167	2234910	6.72e-96	353
NC_003070.9:12364135-12365994	NC_003070.9	91.538	260	17	5	1	257	17552998	17552741	6.72e-96	353
NC_003070.9:12364135-12365994	NC_003070.9	92.188	256	9	2	1	256	8490194	8489950	2.42e-95	351
NC_003070.9:12364135-12365994	NC_003070.9	91.829	257	13	4	878	1132	30252018	30251768	2.42e-95	351
NC_003070.9:12364135-12365994	NC_003070.9	91.051	257	18	5	4	257	18747045	18746791	1.46e-92	342
NC_003070.9:12364135-12365994	NC_003070.9	91.566	249	16	5	1	247	14299842	14299597	1.88e-91	339
NC_003070.9:12364135-12365994	NC_003070.9	91.165	249	19	3	1	247	17009	17256	2.44e-90	335
NC_003070.9:12364135-12365994	NC_003070.9	89.960	249	22	3	1	247	3074944	3074697	2.45e-85	318
NC_003070.9:12364135-12365994	NC_003070.9	89.316	234	20	5	28	257	17255	17487	1.92e-76	289
NC_003070.9:12364135-12365994	NC_003070.9	86.538	260	16	6	1	257	19085099	19085342	2.51e-70	268
NC_003070.9:12364135-12365994	NC_003070.9	96.732	153	5	0	687	839	15939781	15939933	1.95e-66	255
NC_003070.9:12364135-12365994	NC_003070.9	85.769	260	16	10	1	257	19173802	19173561	1.95e-66	255
NC_003070.9:12364135-12365994	NC_003070.9	85.944	249	17	12	1	247	12855993	12855761	9.07e-65	250
NC_003070.9:12364135-12365994	NC_003070.9	92.814	167	12	0	875	1041	19328166	19328000	1.52e-62	243
NC_003070.9:12364135-12365994	NC_003070.9	84.615	260	21	13	1	257	8291571	8291328	5.46e-62	241
NC_003070.9:12364135-12365994	NC_003070.9	91.358	81	6	1	2	81	30251767	30251687	1.61e-22	110
NC_003070.9:12364135-12365994	NC_003070.9	90.361	83	5	3	1	81	12876928	12876847	2.08e-21	106
NC_003070.9:12364135-12365994	NC_003070.9	90.244	82	7	1	1	81	16998955	16998874	2.08e-21	106
NC_003070.9:12364135-12365994	NC_003070.9	90.244	82	7	1	1	81	18790103	18790184	2.08e-21	106
NC_003070.9:12364135-12365994	NC_003070.9	91.026	78	7	0	4	81	22621378	22621301	2.08e-21	106
NC_003070.9:12364135-12365994	NC_003070.9	90.123	81	6	2	2	81	12328714	12328635	7.48e-21	104
NC_003070.9:12364135-12365994	NC_003070.9	91.892	74	6	0	4	77	19769830	19769757	7.48e-21	104
NC_003070.9:12364135-12365994	NC_003070.9	89.157	83	6	3	1	81	3413553	3413634	9.67e-20	100
NC_003070.9:12364135-12365994	NC_003070.9	88.235	85	6	3	1	82	19724755	19724838	3.48e-19	99.0
NC_003070.9:12364135-12365994	NC_003071.7	96.783	1865	48	10	1	1859	542308	544166	0.0	3101
NC_003070.9:12364135-12365994	NC_003071.7	97.109	1833	49	4	1	1832	14333785	14335614	0.0	3088
NC_003070.9:12364135-12365994	NC_003071.7	93.594	999	47	5	875	1858	501064	502060	0.0	1474
NC_003070.9:12364135-12365994	NC_003071.7	93.675	996	45	6	875	1858	13268016	13269005	0.0	1474
NC_003070.9:12364135-12365994	NC_003071.7	93.065	995	53	5	875	1856	13907660	13906669	0.0	1441
NC_003070.9:12364135-12365994	NC_003071.7	92.907	1001	50	9	875	1860	395577	394583	0.0	1435
NC_003070.9:12364135-12365994	NC_003071.7	93.086	998	40	11	875	1858	6924273	6923291	0.0	1434
NC_003070.9:12364135-12365994	NC_003071.7	92.607	1001	54	12	875	1860	6663128	6664123	0.0	1421
NC_003070.9:12364135-12365994	NC_003071.7	92.585	998	57	4	875	1858	12802100	12803094	0.0	1417
NC_003070.9:12364135-12365994	NC_003071.7	92.153	994	61	4	878	1858	17254147	17253158	0.0	1387
NC_003070.9:12364135-12365994	NC_003071.7	96.318	842	28	3	1	839	6925377	6924536	0.0	1380
NC_003070.9:12364135-12365994	NC_003071.7	91.792	999	62	8	875	1858	7814395	7813402	0.0	1373
NC_003070.9:12364135-12365994	NC_003071.7	95.957	841	30	3	1	839	13266915	13267753	0.0	1362
NC_003070.9:12364135-12365994	NC_003071.7	91.483	998	66	12	875	1858	7169222	7168230	0.0	1354
NC_003070.9:12364135-12365994	NC_003071.7	92.108	963	59	5	875	1824	12093360	12092402	0.0	1341
NC_003070.9:12364135-12365994	NC_003071.7	95.249	842	35	5	1	839	12800994	12801833	0.0	1328
NC_003070.9:12364135-12365994	NC_003071.7	91.701	964	59	9	896	1845	6803425	6804381	0.0	1317
NC_003070.9:12364135-12365994	NC_003071.7	94.187	843	27	6	1	839	499985	500809	0.0	1266
NC_003070.9:12364135-12365994	NC_003071.7	92.963	881	43	6	992	1858	13336699	13335824	0.0	1266
NC_003070.9:12364135-12365994	NC_003071.7	94.055	841	31	4	1	839	7154736	7153913	0.0	1258
NC_003070.9:12364135-12365994	NC_003071.7	93.853	846	28	7	1	839	17255233	17254405	0.0	1253
NC_003070.9:12364135-12365994	NC_003071.7	93.936	841	30	6	1	839	13908721	13907900	0.0	1251
NC_003070.9:12364135-12365994	NC_003071.7	93.832	843	31	6	1	839	12094425	12093600	0.0	1249
NC_003070.9:12364135-12365994	NC_003071.7	93.587	842	32	7	1	839	13338077	13337255	0.0	1236
NC_003070.9:12364135-12365994	NC_003071.7	92.755	842	37	8	1	837	707442	708264	0.0	1195
NC_003070.9:12364135-12365994	NC_003071.7	93.142	802	37	5	875	1662	11286059	11285262	0.0	1160
NC_003070.9:12364135-12365994	NC_003071.7	91.160	871	49	10	1010	1859	7960700	7961563	0.0	1157
NC_003070.9:12364135-12365994	NC_003071.7	91.224	866	31	12	1	839	11287161	11286314	0.0	1136
NC_003070.9:12364135-12365994	NC_003071.7	92.803	792	41	4	1080	1858	6101020	6100232	0.0	1133
NC_003070.9:12364135-12365994	NC_003071.7	92.191	794	46	4	1080	1860	7112140	7112930	0.0	1109
NC_003070.9:12364135-12365994	NC_003071.7	92.558	739	33	7	104	839	396551	395832	0.0	1040
NC_003070.9:12364135-12365994	NC_003071.7	90.261	729	49	9	1145	1858	3213046	3212325	0.0	933
NC_003070.9:12364135-12365994	NC_003071.7	91.654	671	44	12	236	900	12556068	12555404	0.0	918
NC_003070.9:12364135-12365994	NC_003071.7	91.445	678	36	9	1195	1856	709400	710071	0.0	911
NC_003070.9:12364135-12365994	NC_003071.7	93.677	601	32	6	242	839	10468943	10468346	0.0	894
NC_003070.9:12364135-12365994	NC_003071.7	91.525	649	45	10	236	880	19196619	19195977	0.0	885
NC_003070.9:12364135-12365994	NC_003071.7	92.586	607	39	6	236	839	1460787	1460184	0.0	867
NC_003070.9:12364135-12365994	NC_003071.7	93.109	595	36	5	247	839	5466870	5466279	0.0	867
NC_003070.9:12364135-12365994	NC_003071.7	93.357	572	31	7	236	805	6099666	6100232	0.0	839
NC_003070.9:12364135-12365994	NC_003071.7	88.998	609	34	19	232	839	11399241	11398665	0.0	723
NC_003070.9:12364135-12365994	NC_003071.7	91.126	462	20	8	1270	1715	3564666	3565122	4.67e-172	606
NC_003070.9:12364135-12365994	NC_003071.7	94.578	332	16	2	875	1204	708509	708840	1.05e-143	512
NC_003070.9:12364135-12365994	NC_003071.7	95.833	288	11	1	1080	1367	4024558	4024844	2.98e-129	464
NC_003070.9:12364135-12365994	NC_003071.7	93.421	304	18	2	1080	1382	980261	979959	8.34e-125	449
NC_003070.9:12364135-12365994	NC_003071.7	93.919	296	15	3	875	1169	13337000	13336707	3.88e-123	444
NC_003070.9:12364135-12365994	NC_003071.7	94.902	255	13	0	1574	1828	3565124	3565378	8.51e-110	399
NC_003070.9:12364135-12365994	NC_003071.7	92.620	271	20	0	1588	1858	2962564	2962294	5.12e-107	390
NC_003070.9:12364135-12365994	NC_003071.7	93.976	249	11	2	236	482	5843836	5843590	5.16e-102	374
NC_003070.9:12364135-12365994	NC_003071.7	91.506	259	19	3	1	257	11399377	11399120	6.72e-96	353
NC_003070.9:12364135-12365994	NC_003071.7	91.538	260	17	5	1	257	19196757	19196500	6.72e-96	353
NC_003070.9:12364135-12365994	NC_003071.7	91.538	260	15	6	1	257	6099530	6099785	2.42e-95	351
NC_003070.9:12364135-12365994	NC_003071.7	91.120	259	18	5	1	256	1460925	1460669	1.13e-93	346
NC_003070.9:12364135-12365994	NC_003071.7	90.726	248	16	6	13	257	5843961	5843718	5.27e-87	324
NC_003070.9:12364135-12365994	NC_003071.7	89.575	259	18	6	1	256	6384054	6383802	6.82e-86	320
NC_003070.9:12364135-12365994	NC_003071.7	86.154	260	16	7	1	257	5467004	5466762	1.17e-68	263
NC_003070.9:12364135-12365994	NC_003071.7	94.690	113	5	1	2	114	6101375	6101264	5.62e-42	174
NC_003070.9:12364135-12365994	NC_003071.7	93.878	98	5	1	875	972	7960094	7960190	1.22e-33	147
NC_003070.9:12364135-12365994	NC_003071.7	92.683	82	4	2	1	81	2962805	2962725	9.60e-25	117
NC_003070.9:12364135-12365994	NC_003071.7	91.765	85	6	1	1	85	7814691	7814608	9.60e-25	117
NC_003070.9:12364135-12365994	NC_003071.7	91.566	83	5	2	1	82	7111784	7111865	1.24e-23	113
NC_003070.9:12364135-12365994	NC_003071.7	91.463	82	6	1	1	81	980617	980536	4.47e-23	111
NC_003070.9:12364135-12365994	NC_003071.7	91.463	82	6	1	1	81	3213354	3213273	4.47e-23	111
NC_003070.9:12364135-12365994	NC_003071.7	92.308	78	4	2	1	77	7169524	7169448	1.61e-22	110
NC_003070.9:12364135-12365994	NC_003071.7	96.875	64	2	0	1	64	4024201	4024264	5.78e-22	108
NC_003070.9:12364135-12365994	NC_003071.7	89.412	85	7	2	1	85	3564382	3564464	2.08e-21	106
NC_003070.9:12364135-12365994	NC_003071.7	92.647	68	5	0	26	93	12555280	12555213	3.48e-19	99.0
NC_003070.9:12364135-12365994	NC_003071.7	90.909	66	5	1	17	81	7959807	7959872	7.53e-16	87.9
NC_003070.9:12364135-12365994	NC_003074.8	96.503	1859	49	5	1	1858	17063229	17061386	0.0	3059
NC_003070.9:12364135-12365994	NC_003074.8	95.897	1316	39	3	545	1858	7996131	7994829	0.0	2117
NC_003070.9:12364135-12365994	NC_003074.8	93.694	999	47	4	875	1860	17276736	17275741	0.0	1482
NC_003070.9:12364135-12365994	NC_003074.8	92.285	998	62	11	875	1860	17777073	17778067	0.0	1402
NC_003070.9:12364135-12365994	NC_003074.8	92.308	1001	52	9	875	1860	22119669	22120659	0.0	1399
NC_003070.9:12364135-12365994	NC_003074.8	92.377	997	46	6	875	1858	16451601	16452580	0.0	1393
NC_003070.9:12364135-12365994	NC_003074.8	92.346	993	55	5	878	1856	17730245	17731230	0.0	1393
NC_003070.9:12364135-12365994	NC_003074.8	92.169	996	58	5	875	1858	20787460	20788447	0.0	1389
NC_003070.9:12364135-12365994	NC_003074.8	92.638	978	50	11	875	1833	10820341	10819367	0.0	1387
NC_003070.9:12364135-12365994	NC_003074.8	91.988	1011	48	12	875	1858	17143451	17142447	0.0	1387
NC_003070.9:12364135-12365994	NC_003074.8	92.999	957	52	3	875	1818	15938371	15939325	0.0	1382
NC_003070.9:12364135-12365994	NC_003074.8	95.379	844	33	6	1	839	10821446	10820604	0.0	1338
NC_003070.9:12364135-12365994	NC_003074.8	91.174	997	52	11	875	1858	9767330	9766357	0.0	1321
NC_003070.9:12364135-12365994	NC_003074.8	90.855	1017	48	17	875	1856	16419446	16420452	0.0	1321
NC_003070.9:12364135-12365994	NC_003074.8	91.159	984	55	8	875	1831	11536895	11537873	0.0	1306
NC_003070.9:12364135-12365994	NC_003074.8	94.524	840	28	7	1	839	15937286	15938108	0.0	1280
NC_003070.9:12364135-12365994	NC_003074.8	94.530	841	26	8	1	839	17301278	17300456	0.0	1280
NC_003070.9:12364135-12365994	NC_003074.8	90.390	999	52	16	875	1860	15452420	15451453	0.0	1273
NC_003070.9:12364135-12365994	NC_003074.8	94.055	841	29	6	1	839	20786399	20787220	0.0	1256
NC_003070.9:12364135-12365994	NC_003074.8	89.910	1001	59	17	875	1859	16562614	16563588	0.0	1251
NC_003070.9:12364135-12365994	NC_003074.8	93.230	842	35	7	1	839	5745923	5745101	0.0	1219
NC_003070.9:12364135-12365994	NC_003074.8	93.230	842	36	6	1	839	17277814	17276991	0.0	1219
NC_003070.9:12364135-12365994	NC_003074.8	93.222	841	26	7	1	839	11535844	11536655	0.0	1208
NC_003070.9:12364135-12365994	NC_003074.8	93.552	822	31	7	4	822	9386343	9385541	0.0	1205
NC_003070.9:12364135-12365994	NC_003074.8	93.349	827	34	6	1	825	16450786	16451593	0.0	1203
NC_003070.9:12364135-12365994	NC_003074.8	94.073	793	31	4	1080	1858	18412509	18413299	0.0	1190
NC_003070.9:12364135-12365994	NC_003074.8	92.152	841	31	10	1	839	17144490	17143683	0.0	1155
NC_003070.9:12364135-12365994	NC_003074.8	93.064	793	40	3	1080	1858	18019136	18019927	0.0	1146
NC_003070.9:12364135-12365994	NC_003074.8	92.453	795	41	6	1080	1858	13327791	13328582	0.0	1118
NC_003070.9:12364135-12365994	NC_003074.8	90.725	841	37	15	1	839	22118613	22119414	0.0	1083
NC_003070.9:12364135-12365994	NC_003074.8	90.932	794	55	5	1080	1859	3965358	3966148	0.0	1051
NC_003070.9:12364135-12365994	NC_003074.8	92.081	745	42	5	1128	1859	10556871	10556131	0.0	1033
NC_003070.9:12364135-12365994	NC_003074.8	91.146	768	38	11	875	1628	11503458	11502707	0.0	1014
NC_003070.9:12364135-12365994	NC_003074.8	92.157	714	39	8	141	839	9890146	9890857	0.0	992
NC_003070.9:12364135-12365994	NC_003074.8	90.544	772	40	9	1101	1859	15485279	15484528	0.0	990
NC_003070.9:12364135-12365994	NC_003074.8	93.333	675	36	9	169	839	18746356	18747025	0.0	989
NC_003070.9:12364135-12365994	NC_003074.8	91.019	746	41	10	1128	1859	10575083	10574350	0.0	983
NC_003070.9:12364135-12365994	NC_003074.8	94.842	601	28	3	875	1474	10320691	10321289	0.0	935
NC_003070.9:12364135-12365994	NC_003074.8	92.473	651	32	8	1222	1860	5744486	5743841	0.0	915
NC_003070.9:12364135-12365994	NC_003074.8	93.740	607	33	5	236	839	16879943	16880547	0.0	905
NC_003070.9:12364135-12365994	NC_003074.8	97.856	513	10	1	1	512	7996636	7996124	0.0	885
NC_003070.9:12364135-12365994	NC_003074.8	93.069	606	37	5	236	839	9559544	9558942	0.0	881
NC_003070.9:12364135-12365994	NC_003074.8	92.562	605	37	7	236	839	5622169	5622766	0.0	861
NC_003070.9:12364135-12365994	NC_003074.8	92.258	620	27	7	1254	1859	9384377	9383765	0.0	859
NC_003070.9:12364135-12365994	NC_003074.8	92.092	607	39	9	236	839	20485002	20484402	0.0	846
NC_003070.9:12364135-12365994	NC_003074.8	91.928	607	43	5	236	839	1371038	1370435	0.0	845
NC_003070.9:12364135-12365994	NC_003074.8	91.914	606	43	6	236	839	2629888	2629287	0.0	843
NC_003070.9:12364135-12365994	NC_003074.8	90.514	622	36	7	227	839	16173067	16172460	0.0	800
NC_003070.9:12364135-12365994	NC_003074.8	90.276	617	44	10	236	839	3716481	3717094	0.0	793
NC_003070.9:12364135-12365994	NC_003074.8	95.599	409	15	3	1	408	16561654	16562060	0.0	652
NC_003070.9:12364135-12365994	NC_003074.8	94.459	379	19	1	875	1253	11967956	11968332	7.88e-165	582
NC_003070.9:12364135-12365994	NC_003074.8	93.899	377	21	1	875	1251	5744861	5744487	2.21e-160	568
NC_003070.9:12364135-12365994	NC_003074.8	94.595	333	17	1	875	1206	9384714	9384382	2.91e-144	514
NC_003070.9:12364135-12365994	NC_003074.8	92.966	327	17	2	1	321	11200624	11200950	1.78e-131	472
NC_003070.9:12364135-12365994	NC_003074.8	94.059	303	17	1	1080	1382	17299583	17299282	1.39e-127	459
NC_003070.9:12364135-12365994	NC_003074.8	94.828	290	12	3	236	524	10862540	10862827	8.34e-125	449
NC_003070.9:12364135-12365994	NC_003074.8	90.881	329	10	5	513	839	16562049	16562359	5.05e-117	424
NC_003070.9:12364135-12365994	NC_003074.8	92.708	288	21	0	1572	1859	11968331	11968618	8.45e-115	416
NC_003070.9:12364135-12365994	NC_003074.8	92.632	285	14	6	242	525	20487006	20486728	6.58e-111	403
NC_003070.9:12364135-12365994	NC_003074.8	93.103	261	13	5	1	257	3716342	3716601	3.99e-103	377
NC_003070.9:12364135-12365994	NC_003074.8	91.506	259	19	3	1	257	17397300	17397043	6.72e-96	353
NC_003070.9:12364135-12365994	NC_003074.8	91.829	257	13	4	878	1132	17300190	17299940	2.42e-95	351
NC_003070.9:12364135-12365994	NC_003074.8	90.661	257	20	4	4	257	9559680	9559425	1.88e-91	339
NC_003070.9:12364135-12365994	NC_003074.8	93.074	231	16	0	1592	1822	11200950	11201180	1.88e-91	339
NC_003070.9:12364135-12365994	NC_003074.8	91.566	249	16	5	1	247	20485140	20484895	1.88e-91	339
NC_003070.9:12364135-12365994	NC_003074.8	91.270	252	12	4	1617	1858	8757570	8757821	2.44e-90	335
NC_003070.9:12364135-12365994	NC_003074.8	90.000	260	22	4	1	257	10862401	10862659	8.76e-90	333
NC_003070.9:12364135-12365994	NC_003074.8	85.764	288	11	5	1080	1367	1571723	1571980	4.16e-73	278
NC_003070.9:12364135-12365994	NC_003074.8	88.789	223	21	4	28	247	2630001	2629780	6.97e-71	270
NC_003070.9:12364135-12365994	NC_003074.8	95.210	167	6	2	875	1039	15485446	15485280	1.17e-68	263
NC_003070.9:12364135-12365994	NC_003074.8	85.385	260	22	5	1	257	20487142	20486896	1.95e-66	255
NC_003070.9:12364135-12365994	NC_003074.8	91.813	171	12	2	875	1044	10575255	10575086	7.06e-61	237
NC_003070.9:12364135-12365994	NC_003074.8	97.059	136	4	0	704	839	15452795	15452660	1.18e-58	230
NC_003070.9:12364135-12365994	NC_003074.8	94.074	135	8	0	705	839	9385008	9385142	1.99e-51	206
NC_003070.9:12364135-12365994	NC_003074.8	95.283	106	4	1	1	106	16879751	16879855	9.40e-40	167
NC_003070.9:12364135-12365994	NC_003074.8	90.909	110	7	3	1	108	9890049	9890157	4.40e-33	145
NC_003070.9:12364135-12365994	NC_003074.8	92.771	83	3	3	1	81	18018781	18018862	9.60e-25	117
NC_003070.9:12364135-12365994	NC_003074.8	92.683	82	3	3	2	81	17299939	17299859	3.45e-24	115
NC_003070.9:12364135-12365994	NC_003074.8	91.463	82	6	1	1	81	13327434	13327515	4.47e-23	111
NC_003070.9:12364135-12365994	NC_003074.8	91.463	82	6	1	1	81	18412154	18412235	4.47e-23	111
NC_003070.9:12364135-12365994	NC_003074.8	96.875	64	2	0	1	64	10557346	10557283	5.78e-22	108
NC_003070.9:12364135-12365994	NC_003074.8	89.412	85	8	1	1	85	16419144	16419227	2.08e-21	106
NC_003070.9:12364135-12365994	NC_003076.8	95.003	1861	49	20	1	1858	21530089	21531908	0.0	2881
NC_003070.9:12364135-12365994	NC_003076.8	94.389	998	39	4	875	1859	20681308	20680315	0.0	1517
NC_003070.9:12364135-12365994	NC_003076.8	94.283	997	42	3	875	1858	19741509	19740515	0.0	1511
NC_003070.9:12364135-12365994	NC_003076.8	94.188	998	39	6	875	1858	8766811	8767803	0.0	1504
NC_003070.9:12364135-12365994	NC_003076.8	93.888	998	43	6	875	1858	5428949	5427956	0.0	1489
NC_003070.9:12364135-12365994	NC_003076.8	93.694	999	43	7	875	1860	24186814	24185823	0.0	1478
NC_003070.9:12364135-12365994	NC_003076.8	93.493	999	47	7	875	1859	9963940	9962946	0.0	1469
NC_003070.9:12364135-12365994	NC_003076.8	93.387	998	49	5	875	1858	1897570	1896576	0.0	1461
NC_003070.9:12364135-12365994	NC_003076.8	93.380	997	47	7	875	1858	8745615	8744625	0.0	1458
NC_003070.9:12364135-12365994	NC_003076.8	93.293	999	49	9	875	1860	15043125	15042132	0.0	1458
NC_003070.9:12364135-12365994	NC_003076.8	92.814	1002	52	14	875	1859	24476288	24475290	0.0	1434
NC_003070.9:12364135-12365994	NC_003076.8	92.886	998	52	7	875	1858	16357552	16358544	0.0	1432
NC_003070.9:12364135-12365994	NC_003076.8	93.492	968	47	3	875	1829	18854925	18855889	0.0	1424
NC_003070.9:12364135-12365994	NC_003076.8	92.300	1013	50	9	875	1860	22231961	22230950	0.0	1413
NC_003070.9:12364135-12365994	NC_003076.8	92.216	1002	58	8	875	1860	17776807	17777804	0.0	1400
NC_003070.9:12364135-12365994	NC_003076.8	92.192	999	61	5	875	1859	17366129	17367124	0.0	1397
NC_003070.9:12364135-12365994	NC_003076.8	92.100	1000	60	7	872	1858	4313873	4314866	0.0	1391
NC_003070.9:12364135-12365994	NC_003076.8	96.552	841	26	3	1	839	8765709	8766548	0.0	1389
NC_003070.9:12364135-12365994	NC_003076.8	92.008	1001	60	8	875	1858	14081760	14080763	0.0	1387
NC_003070.9:12364135-12365994	NC_003076.8	92.865	967	49	6	875	1823	5977750	5976786	0.0	1386
NC_003070.9:12364135-12365994	NC_003076.8	95.843	842	31	4	1	839	17365025	17365865	0.0	1358
NC_003070.9:12364135-12365994	NC_003076.8	95.535	851	24	5	2	839	5430061	5429212	0.0	1349
NC_003070.9:12364135-12365994	NC_003076.8	93.118	930	46	9	944	1860	11026974	11027898	0.0	1347
NC_003070.9:12364135-12365994	NC_003076.8	95.600	841	30	6	1	839	20682406	20681571	0.0	1341
NC_003070.9:12364135-12365994	NC_003076.8	95.390	846	32	3	1	839	19742617	19741772	0.0	1339
NC_003070.9:12364135-12365994	NC_003076.8	95.482	841	29	3	1	839	14151294	14150461	0.0	1334
NC_003070.9:12364135-12365994	NC_003076.8	90.891	1010	63	14	875	1858	8354207	8353201	0.0	1328
NC_003070.9:12364135-12365994	NC_003076.8	94.098	881	27	10	1	878	9965017	9964159	0.0	1315
NC_003070.9:12364135-12365994	NC_003076.8	94.124	868	37	11	16	878	24187899	24187041	0.0	1308
NC_003070.9:12364135-12365994	NC_003076.8	94.762	840	24	6	1	839	14082835	14082015	0.0	1290
NC_003070.9:12364135-12365994	NC_003076.8	94.768	841	23	6	1	839	20281984	20281163	0.0	1290
NC_003070.9:12364135-12365994	NC_003076.8	94.530	841	26	5	1	839	9590410	9591232	0.0	1280
NC_003070.9:12364135-12365994	NC_003076.8	94.537	842	25	6	1	839	15606601	15605778	0.0	1280
NC_003070.9:12364135-12365994	NC_003076.8	94.431	844	23	9	1	839	8746701	8745877	0.0	1277
NC_003070.9:12364135-12365994	NC_003076.8	92.905	888	47	4	875	1749	14150198	14149314	0.0	1277
NC_003070.9:12364135-12365994	NC_003076.8	93.929	840	31	11	1	839	4782228	4781408	0.0	1251
NC_003070.9:12364135-12365994	NC_003076.8	95.443	790	17	4	52	839	17618634	17617862	0.0	1242
NC_003070.9:12364135-12365994	NC_003076.8	93.602	844	33	6	1	839	11025336	11026163	0.0	1240
NC_003070.9:12364135-12365994	NC_003076.8	93.818	825	30	6	18	839	17775746	17776552	0.0	1221
NC_003070.9:12364135-12365994	NC_003076.8	93.007	858	23	14	1	839	18853952	18854791	0.0	1218
NC_003070.9:12364135-12365994	NC_003076.8	92.883	843	37	8	1	839	16356475	16357298	0.0	1203
NC_003070.9:12364135-12365994	NC_003076.8	92.764	843	36	8	1	839	1898645	1897824	0.0	1195
NC_003070.9:12364135-12365994	NC_003076.8	91.832	857	34	15	1	839	9559507	9558669	0.0	1162
NC_003070.9:12364135-12365994	NC_003076.8	92.643	802	41	5	1071	1858	15605466	15604669	0.0	1138
NC_003070.9:12364135-12365994	NC_003076.8	90.296	845	53	19	1	829	9612591	9613422	0.0	1079
NC_003070.9:12364135-12365994	NC_003076.8	91.710	772	49	7	1101	1858	4780980	4780210	0.0	1057
NC_003070.9:12364135-12365994	NC_003076.8	93.892	704	21	7	140	839	4312671	4313356	0.0	1042
NC_003070.9:12364135-12365994	NC_003076.8	95.497	644	25	3	1	641	7154439	7153797	0.0	1026
NC_003070.9:12364135-12365994	NC_003076.8	89.536	755	35	19	877	1616	10714727	10715452	0.0	917
NC_003070.9:12364135-12365994	NC_003076.8	94.463	596	28	4	236	829	8683118	8683710	0.0	913
NC_003070.9:12364135-12365994	NC_003076.8	91.641	646	45	9	236	878	7711270	7711909	0.0	885
NC_003070.9:12364135-12365994	NC_003076.8	91.525	649	44	11	236	880	5129697	5129056	0.0	883
NC_003070.9:12364135-12365994	NC_003076.8	91.217	649	47	10	236	880	19931420	19930778	0.0	874
NC_003070.9:12364135-12365994	NC_003076.8	92.574	606	40	5	236	839	14761045	14760443	0.0	865
NC_003070.9:12364135-12365994	NC_003076.8	93.139	583	36	4	259	839	15342538	15341958	0.0	852
NC_003070.9:12364135-12365994	NC_003076.8	92.593	594	28	4	1279	1858	7153775	7153184	0.0	839
NC_003070.9:12364135-12365994	NC_003076.8	90.894	604	39	4	1270	1860	25905017	25905617	0.0	797
NC_003070.9:12364135-12365994	NC_003076.8	89.983	599	43	10	247	839	354275	354862	0.0	758
NC_003070.9:12364135-12365994	NC_003076.8	92.500	520	32	6	323	839	19670974	19671489	0.0	737
NC_003070.9:12364135-12365994	NC_003076.8	94.103	407	23	1	875	1281	15577122	15576717	2.16e-175	617
NC_003070.9:12364135-12365994	NC_003076.8	89.634	492	34	4	1380	1858	15576667	15576180	3.61e-173	610
NC_003070.9:12364135-12365994	NC_003076.8	89.249	493	33	7	1380	1858	21776273	21775787	7.82e-170	599
NC_003070.9:12364135-12365994	NC_003076.8	93.120	407	28	0	875	1281	21776729	21776323	2.81e-169	597
NC_003070.9:12364135-12365994	NC_003076.8	93.484	399	21	4	1462	1859	17796531	17796137	1.69e-166	588
NC_003070.9:12364135-12365994	NC_003076.8	92.191	397	22	5	1462	1858	9134337	9134724	6.18e-156	553
NC_003070.9:12364135-12365994	NC_003076.8	91.457	398	32	2	1462	1859	21584570	21584175	1.03e-153	545
NC_003070.9:12364135-12365994	NC_003076.8	93.277	357	20	4	1	356	4312436	4312789	4.84e-147	523
NC_003070.9:12364135-12365994	NC_003076.8	90.716	377	25	8	1491	1860	25264966	25265339	3.80e-138	494
NC_003070.9:12364135-12365994	NC_003076.8	92.082	341	21	6	236	573	25264649	25264986	1.38e-132	475
NC_003070.9:12364135-12365994	NC_003076.8	94.408	304	15	2	1080	1382	9592102	9592404	8.28e-130	466
NC_003070.9:12364135-12365994	NC_003076.8	93.069	303	20	1	1080	1382	17617546	17617245	1.39e-122	442
NC_003070.9:12364135-12365994	NC_003076.8	94.444	288	15	1	1080	1367	20280291	20280005	1.39e-122	442
NC_003070.9:12364135-12365994	NC_003076.8	96.457	254	7	2	1	254	17796785	17796534	2.35e-115	418
NC_003070.9:12364135-12365994	NC_003076.8	92.996	257	10	4	878	1132	20280897	20280647	2.40e-100	368
NC_003070.9:12364135-12365994	NC_003076.8	95.154	227	9	2	236	461	3020057	3019832	5.20e-97	357
NC_003070.9:12364135-12365994	NC_003076.8	91.154	260	19	4	1	257	3020196	3019938	8.70e-95	350
NC_003070.9:12364135-12365994	NC_003076.8	91.506	259	15	3	875	1132	9591495	9591747	8.70e-95	350
NC_003070.9:12364135-12365994	NC_003076.8	90.385	260	21	4	1	257	25264511	25264769	1.88e-91	339
NC_003070.9:12364135-12365994	NC_003076.8	90.385	260	20	5	1	257	14761183	14760926	6.77e-91	337
NC_003070.9:12364135-12365994	NC_003076.8	90.385	260	20	5	1	257	17955555	17955812	6.77e-91	337
NC_003070.9:12364135-12365994	NC_003076.8	92.340	235	16	1	875	1109	4313618	4313850	8.76e-90	333
NC_003070.9:12364135-12365994	NC_003076.8	90.000	260	21	5	1	257	19931558	19931301	3.15e-89	331
NC_003070.9:12364135-12365994	NC_003076.8	92.373	236	9	6	875	1107	9558414	9558185	4.08e-88	327
NC_003070.9:12364135-12365994	NC_003076.8	89.655	261	18	6	1	257	15342696	15342441	5.27e-87	324
NC_003070.9:12364135-12365994	NC_003076.8	88.462	260	19	7	1	257	13918790	13918539	6.87e-81	303
NC_003070.9:12364135-12365994	NC_003076.8	91.534	189	11	4	2	188	19670802	19670987	1.95e-66	255
NC_003070.9:12364135-12365994	NC_003076.8	94.545	165	8	1	875	1039	4781145	4780982	7.01e-66	254
NC_003070.9:12364135-12365994	NC_003076.8	88.406	207	19	5	673	878	20398316	20398518	4.22e-63	244
NC_003070.9:12364135-12365994	NC_003076.8	85.542	249	17	12	1	247	354140	354371	1.52e-62	243
NC_003070.9:12364135-12365994	NC_003076.8	94.000	100	5	1	1	100	20398218	20398316	9.47e-35	150
NC_003070.9:12364135-12365994	NC_003076.8	92.593	81	6	0	1	81	15043428	15043348	9.60e-25	117
NC_003070.9:12364135-12365994	NC_003076.8	91.463	82	6	1	1	81	5978053	5977972	4.47e-23	111
NC_003070.9:12364135-12365994	NC_003076.8	91.358	81	6	1	2	81	20280646	20280566	1.61e-22	110
NC_003070.9:12364135-12365994	NC_003076.8	90.361	83	5	3	1	81	9133953	9134034	2.08e-21	106
NC_003070.9:12364135-12365994	NC_003076.8	90.244	82	7	1	1	81	13982135	13982216	2.08e-21	106
NC_003070.9:12364135-12365994	NC_003076.8	90.123	81	7	1	2	81	9591748	9591828	7.48e-21	104
NC_003070.9:12364135-12365994	NC_003075.7	93.900	1000	46	3	875	1860	8064708	8065706	0.0	1495
NC_003070.9:12364135-12365994	NC_003075.7	93.393	999	48	5	875	1859	1350663	1351657	0.0	1463
NC_003070.9:12364135-12365994	NC_003075.7	93.287	998	50	9	875	1859	11193267	11192274	0.0	1456
NC_003070.9:12364135-12365994	NC_003075.7	93.193	999	52	3	875	1860	16864256	16863261	0.0	1454
NC_003070.9:12364135-12365994	NC_003075.7	93.193	999	49	6	875	1858	5540311	5539317	0.0	1450
NC_003070.9:12364135-12365994	NC_003075.7	93.107	1001	50	6	875	1859	11361949	11362946	0.0	1448
NC_003070.9:12364135-12365994	NC_003075.7	93.072	996	52	10	875	1858	8729391	8728401	0.0	1441
NC_003070.9:12364135-12365994	NC_003075.7	92.663	995	51	12	875	1856	1000907	999922	0.0	1413
NC_003070.9:12364135-12365994	NC_003075.7	96.195	841	30	2	1	839	1002007	1001167	0.0	1375
NC_003070.9:12364135-12365994	NC_003075.7	91.700	1000	65	5	875	1859	371783	370787	0.0	1371
NC_003070.9:12364135-12365994	NC_003075.7	91.800	1000	53	10	875	1858	4147196	4148182	0.0	1365
NC_003070.9:12364135-12365994	NC_003075.7	91.491	999	67	9	875	1858	6166161	6165166	0.0	1358
NC_003070.9:12364135-12365994	NC_003075.7	94.893	842	37	6	1	839	10397385	10396547	0.0	1312
NC_003070.9:12364135-12365994	NC_003075.7	94.299	842	27	5	1	839	1349585	1350408	0.0	1269
NC_003070.9:12364135-12365994	NC_003075.7	93.478	874	20	18	1	839	8063577	8064448	0.0	1264
NC_003070.9:12364135-12365994	NC_003075.7	94.174	841	28	6	1	839	4146126	4146947	0.0	1262
NC_003070.9:12364135-12365994	NC_003075.7	94.069	843	28	7	1	839	11360870	11361694	0.0	1260
NC_003070.9:12364135-12365994	NC_003075.7	94.055	841	29	11	1	839	8730453	8729632	0.0	1256
NC_003070.9:12364135-12365994	NC_003075.7	93.698	841	34	4	1	839	5541389	5540566	0.0	1242
NC_003070.9:12364135-12365994	NC_003075.7	95.178	788	30	7	1	785	9842608	9841826	0.0	1238
NC_003070.9:12364135-12365994	NC_003075.7	95.044	787	33	5	1	785	9763814	9763032	0.0	1232
NC_003070.9:12364135-12365994	NC_003075.7	93.833	827	29	7	1	825	16865070	16864264	0.0	1225
NC_003070.9:12364135-12365994	NC_003075.7	90.866	843	62	13	1	839	2622006	2621175	0.0	1116
NC_003070.9:12364135-12365994	NC_003075.7	92.308	793	45	4	1080	1859	683570	684359	0.0	1112
NC_003070.9:12364135-12365994	NC_003075.7	92.358	772	44	7	1101	1858	10396119	10395349	0.0	1085
NC_003070.9:12364135-12365994	NC_003075.7	92.273	660	33	10	1023	1668	965061	964406	0.0	920
NC_003070.9:12364135-12365994	NC_003075.7	93.719	605	34	4	236	839	314144	313543	0.0	904
NC_003070.9:12364135-12365994	NC_003075.7	92.270	608	37	8	236	839	7060559	7059958	0.0	854
NC_003070.9:12364135-12365994	NC_003075.7	92.295	597	39	7	247	839	9438920	9439513	0.0	841
NC_003070.9:12364135-12365994	NC_003075.7	92.340	483	27	10	232	708	6279131	6279609	0.0	678
NC_003070.9:12364135-12365994	NC_003075.7	88.951	534	34	9	1342	1860	14390783	14390260	0.0	636
NC_003070.9:12364135-12365994	NC_003075.7	90.811	370	20	7	1462	1830	7853278	7852922	8.22e-135	483
NC_003070.9:12364135-12365994	NC_003075.7	96.457	254	8	1	1	254	7853533	7853281	2.35e-115	418
NC_003070.9:12364135-12365994	NC_003075.7	90.769	260	18	6	1	257	6178448	6178704	1.46e-92	342
NC_003070.9:12364135-12365994	NC_003075.7	90.361	249	19	4	1	247	5354114	5354359	1.90e-86	322
NC_003070.9:12364135-12365994	NC_003075.7	89.600	250	19	6	1	247	7060698	7060453	4.10e-83	311
NC_003070.9:12364135-12365994	NC_003075.7	75.460	652	122	34	1187	1829	7572217	7572839	8.95e-75	283
NC_003070.9:12364135-12365994	NC_003075.7	88.646	229	23	3	1633	1859	8802511	8802738	1.50e-72	276
NC_003070.9:12364135-12365994	NC_003075.7	86.486	259	18	5	1	257	314269	314026	2.51e-70	268
NC_003070.9:12364135-12365994	NC_003075.7	95.122	164	8	0	875	1038	965497	965334	1.51e-67	259
NC_003070.9:12364135-12365994	NC_003075.7	94.545	165	9	0	875	1039	10396284	10396120	1.95e-66	255
NC_003070.9:12364135-12365994	NC_003075.7	88.293	205	24	0	635	839	3894020	3893816	1.17e-63	246
NC_003070.9:12364135-12365994	NC_003075.7	89.947	189	18	1	1670	1858	963861	963674	1.52e-62	243
NC_003070.9:12364135-12365994	NC_003075.7	83.451	284	21	11	373	644	3897173	3896904	5.46e-62	241
NC_003070.9:12364135-12365994	NC_003075.7	84.942	259	13	11	1	257	6279022	6279256	1.96e-61	239
NC_003070.9:12364135-12365994	NC_003075.7	78.195	399	64	18	1286	1668	7593705	7593314	9.14e-60	233
NC_003070.9:12364135-12365994	NC_003075.7	78.467	274	44	15	1592	1858	12335565	12335830	3.38e-39	165
NC_003070.9:12364135-12365994	NC_003075.7	73.970	461	88	21	1378	1825	2262877	2262436	5.66e-37	158
NC_003070.9:12364135-12365994	NC_003075.7	92.553	94	7	0	707	800	6280372	6280465	2.65e-30	135
NC_003070.9:12364135-12365994	NC_003075.7	92.632	95	5	1	1270	1362	8802411	8802505	2.65e-30	135
NC_003070.9:12364135-12365994	NC_003075.7	91.566	83	4	3	1	81	2520884	2520965	4.47e-23	111
NC_003070.9:12364135-12365994	NC_003075.7	90.361	83	5	3	1	81	14390988	14390907	2.08e-21	106
NC_003070.9:12364135-12365994	NC_003075.7	95.312	64	3	0	1	64	372086	372023	2.69e-20	102
